###############################################################################
#
# IAR ELF Linker V9.10.2.313/W64 for ARM                  24/Jul/2024  15:05:26
# Copyright 2007-2021 IAR Systems AB.
#
#    Output file  =
#        C:\Users\jaesung\MRAS\Project\Exoskeleton\2023\03.
#        Software\STM32G431KB\STM32G431KB_CAN\EWARM\STM32G431KB_CAN\Exe\STM32G431KB_CAN.out
#    Map file     =
#        C:\Users\jaesung\MRAS\Project\Exoskeleton\2023\03.
#        Software\STM32G431KB\STM32G431KB_CAN\EWARM\STM32G431KB_CAN\List\STM32G431KB_CAN.map
#    Command line =
#        -f "C:\Users\jaesung\MRAS\Project\Exoskeleton\2023\03.
#        Software\STM32G431KB\STM32G431KB_CAN\EWARM\STM32G431KB_CAN\Exe\STM32G431KB_CAN.out.rsp"
#        ("C:\Users\jaesung\MRAS\Project\Exoskeleton\2023\03.
#        Software\STM32G431KB\STM32G431KB_CAN\EWARM\STM32G431KB_CAN\Obj\Application\EWARM\dlib_lock_glue.o"
#        "C:\Users\jaesung\MRAS\Project\Exoskeleton\2023\03.
#        Software\STM32G431KB\STM32G431KB_CAN\EWARM\STM32G431KB_CAN\Obj\Application\User\Core\dma.o"
#        "C:\Users\jaesung\MRAS\Project\Exoskeleton\2023\03.
#        Software\STM32G431KB\STM32G431KB_CAN\EWARM\STM32G431KB_CAN\Obj\Application\User\Core\fdcan.o"
#        "C:\Users\jaesung\MRAS\Project\Exoskeleton\2023\03.
#        Software\STM32G431KB\STM32G431KB_CAN\EWARM\STM32G431KB_CAN\Obj\Application\User\Core\gpio.o"
#        "C:\Users\jaesung\MRAS\Project\Exoskeleton\2023\03.
#        Software\STM32G431KB\STM32G431KB_CAN\EWARM\STM32G431KB_CAN\Obj\Application\User\Core\main.o"
#        "C:\Users\jaesung\MRAS\Project\Exoskeleton\2023\03.
#        Software\STM32G431KB\STM32G431KB_CAN\EWARM\STM32G431KB_CAN\Obj\Application\User\Core\serial.o"
#        "C:\Users\jaesung\MRAS\Project\Exoskeleton\2023\03.
#        Software\STM32G431KB\STM32G431KB_CAN\EWARM\STM32G431KB_CAN\Obj\Application\EWARM\startup_stm32g431xx.o"
#        "C:\Users\jaesung\MRAS\Project\Exoskeleton\2023\03.
#        Software\STM32G431KB\STM32G431KB_CAN\EWARM\STM32G431KB_CAN\Obj\Drivers\STM32G4xx_HAL_Driver\stm32g4xx_hal.o"
#        "C:\Users\jaesung\MRAS\Project\Exoskeleton\2023\03.
#        Software\STM32G431KB\STM32G431KB_CAN\EWARM\STM32G431KB_CAN\Obj\Drivers\STM32G4xx_HAL_Driver\stm32g4xx_hal_cortex.o"
#        "C:\Users\jaesung\MRAS\Project\Exoskeleton\2023\03.
#        Software\STM32G431KB\STM32G431KB_CAN\EWARM\STM32G431KB_CAN\Obj\Drivers\STM32G4xx_HAL_Driver\stm32g4xx_hal_dma.o"
#        "C:\Users\jaesung\MRAS\Project\Exoskeleton\2023\03.
#        Software\STM32G431KB\STM32G431KB_CAN\EWARM\STM32G431KB_CAN\Obj\Drivers\STM32G4xx_HAL_Driver\stm32g4xx_hal_dma_ex.o"
#        "C:\Users\jaesung\MRAS\Project\Exoskeleton\2023\03.
#        Software\STM32G431KB\STM32G431KB_CAN\EWARM\STM32G431KB_CAN\Obj\Drivers\STM32G4xx_HAL_Driver\stm32g4xx_hal_exti.o"
#        "C:\Users\jaesung\MRAS\Project\Exoskeleton\2023\03.
#        Software\STM32G431KB\STM32G431KB_CAN\EWARM\STM32G431KB_CAN\Obj\Drivers\STM32G4xx_HAL_Driver\stm32g4xx_hal_fdcan.o"
#        "C:\Users\jaesung\MRAS\Project\Exoskeleton\2023\03.
#        Software\STM32G431KB\STM32G431KB_CAN\EWARM\STM32G431KB_CAN\Obj\Drivers\STM32G4xx_HAL_Driver\stm32g4xx_hal_flash.o"
#        "C:\Users\jaesung\MRAS\Project\Exoskeleton\2023\03.
#        Software\STM32G431KB\STM32G431KB_CAN\EWARM\STM32G431KB_CAN\Obj\Drivers\STM32G4xx_HAL_Driver\stm32g4xx_hal_flash_ex.o"
#        "C:\Users\jaesung\MRAS\Project\Exoskeleton\2023\03.
#        Software\STM32G431KB\STM32G431KB_CAN\EWARM\STM32G431KB_CAN\Obj\Drivers\STM32G4xx_HAL_Driver\stm32g4xx_hal_flash_ramfunc.o"
#        "C:\Users\jaesung\MRAS\Project\Exoskeleton\2023\03.
#        Software\STM32G431KB\STM32G431KB_CAN\EWARM\STM32G431KB_CAN\Obj\Drivers\STM32G4xx_HAL_Driver\stm32g4xx_hal_gpio.o"
#        "C:\Users\jaesung\MRAS\Project\Exoskeleton\2023\03.
#        Software\STM32G431KB\STM32G431KB_CAN\EWARM\STM32G431KB_CAN\Obj\Application\User\Core\stm32g4xx_hal_msp.o"
#        "C:\Users\jaesung\MRAS\Project\Exoskeleton\2023\03.
#        Software\STM32G431KB\STM32G431KB_CAN\EWARM\STM32G431KB_CAN\Obj\Drivers\STM32G4xx_HAL_Driver\stm32g4xx_hal_pwr.o"
#        "C:\Users\jaesung\MRAS\Project\Exoskeleton\2023\03.
#        Software\STM32G431KB\STM32G431KB_CAN\EWARM\STM32G431KB_CAN\Obj\Drivers\STM32G4xx_HAL_Driver\stm32g4xx_hal_pwr_ex.o"
#        "C:\Users\jaesung\MRAS\Project\Exoskeleton\2023\03.
#        Software\STM32G431KB\STM32G431KB_CAN\EWARM\STM32G431KB_CAN\Obj\Drivers\STM32G4xx_HAL_Driver\stm32g4xx_hal_rcc.o"
#        "C:\Users\jaesung\MRAS\Project\Exoskeleton\2023\03.
#        Software\STM32G431KB\STM32G431KB_CAN\EWARM\STM32G431KB_CAN\Obj\Drivers\STM32G4xx_HAL_Driver\stm32g4xx_hal_rcc_ex.o"
#        "C:\Users\jaesung\MRAS\Project\Exoskeleton\2023\03.
#        Software\STM32G431KB\STM32G431KB_CAN\EWARM\STM32G431KB_CAN\Obj\Drivers\STM32G4xx_HAL_Driver\stm32g4xx_hal_tim.o"
#        "C:\Users\jaesung\MRAS\Project\Exoskeleton\2023\03.
#        Software\STM32G431KB\STM32G431KB_CAN\EWARM\STM32G431KB_CAN\Obj\Drivers\STM32G4xx_HAL_Driver\stm32g4xx_hal_tim_ex.o"
#        "C:\Users\jaesung\MRAS\Project\Exoskeleton\2023\03.
#        Software\STM32G431KB\STM32G431KB_CAN\EWARM\STM32G431KB_CAN\Obj\Drivers\STM32G4xx_HAL_Driver\stm32g4xx_hal_uart.o"
#        "C:\Users\jaesung\MRAS\Project\Exoskeleton\2023\03.
#        Software\STM32G431KB\STM32G431KB_CAN\EWARM\STM32G431KB_CAN\Obj\Drivers\STM32G4xx_HAL_Driver\stm32g4xx_hal_uart_ex.o"
#        "C:\Users\jaesung\MRAS\Project\Exoskeleton\2023\03.
#        Software\STM32G431KB\STM32G431KB_CAN\EWARM\STM32G431KB_CAN\Obj\Application\User\Core\stm32g4xx_it.o"
#        "C:\Users\jaesung\MRAS\Project\Exoskeleton\2023\03.
#        Software\STM32G431KB\STM32G431KB_CAN\EWARM\STM32G431KB_CAN\Obj\Drivers\CMSIS\system_stm32g4xx.o"
#        "C:\Users\jaesung\MRAS\Project\Exoskeleton\2023\03.
#        Software\STM32G431KB\STM32G431KB_CAN\EWARM\STM32G431KB_CAN\Obj\Application\User\Core\torque_lut.o"
#        "C:\Users\jaesung\MRAS\Project\Exoskeleton\2023\03.
#        Software\STM32G431KB\STM32G431KB_CAN\EWARM\STM32G431KB_CAN\Obj\Application\User\Core\usart.o"
#        "C:\Users\jaesung\MRAS\Project\Exoskeleton\2023\03.
#        Software\STM32G431KB\STM32G431KB_CAN\EWARM\STM32G431KB_CAN\Obj\Application\User\Core\utility.o"
#        --no_out_extension -o
#        "C:\Users\jaesung\MRAS\Project\Exoskeleton\2023\03.
#        Software\STM32G431KB\STM32G431KB_CAN\EWARM\STM32G431KB_CAN\Exe\STM32G431KB_CAN.out"
#        --redirect _Printf=_PrintfFullNoMb --redirect _Scanf=_ScanfFullNoMb
#        --map "C:\Users\jaesung\MRAS\Project\Exoskeleton\2023\03.
#        Software\STM32G431KB\STM32G431KB_CAN\EWARM\STM32G431KB_CAN\List\STM32G431KB_CAN.map"
#        --config "C:\Users\jaesung\MRAS\Project\Exoskeleton\2023\03.
#        Software\STM32G431KB\STM32G431KB_CAN\EWARM/stm32g431xx_flash.icf"
#        --semihosting --entry __iar_program_start "C:\Program Files\IAR
#        Systems\Embedded Workbench
#        9.0\arm\CMSIS\Lib\IAR\iar_cortexM4lf_math.a" --vfe --threaded_lib
#        --text_out locale)
#
###############################################################################

*******************************************************************************
*** RUNTIME MODEL ATTRIBUTES
***

CppFlavor                     = *
__Heap_Handler                = DLMalloc
__SystemLibrary               = DLib
__dlib_dynamic_initialization = normal
__dlib_version                = 6


*******************************************************************************
*** HEAP SELECTION
***

The advanced heap was selected because the application calls memory
allocation functions outside of system library functions, and there
are calls to deallocation functions in the application.


*******************************************************************************
*** PLACEMENT SUMMARY
***

"A0":  place at address 0x800'0000 { ro section .intvec };
"P1":  place in [from 0x800'0000 to 0x801'ffff] { ro };
define block CSTACK with size = 2'304, alignment = 8 { };
define block HEAP with size = 1'536, alignment = 8 { };
"P2":  place in [from 0x2000'0000 to 0x2000'7fff] {
          rw, block CSTACK, block HEAP };
initialize by copy { rw };

  Section                Kind         Address    Size  Object
  -------                ----         -------    ----  ------
"A0":                                           0x1d8
  .intvec                ro code   0x800'0000   0x1d8  startup_stm32g431xx.o [1]
                                 - 0x800'01d8   0x1d8

"P1":                                          0xc647
  .text                  ro code   0x800'01d8   0xf2e  xprintffull_nomb.o [5]
  .text                  ro code   0x800'1106     0xa  xsprout.o [5]
  .text                  ro code   0x800'1110    0x16  strchr.o [8]
  .rodata                const     0x800'1126     0x2  xlocale_c.o [5]
  .text                  ro code   0x800'1128    0x40  xfail_s.o [5]
  .text                  ro code   0x800'1168    0x36  strlen.o [8]
  .rodata                const     0x800'119e     0x2  xlocale_c.o [5]
  .text                  ro code   0x800'11a0    0x58  memchr.o [8]
  .text                  ro code   0x800'11f8    0xa6  ABImemcpy.o [8]
  .rodata                const     0x800'129e     0x1  xlocale_c.o [5]
  .text                  ro code   0x800'12a0    0x70  frexp.o [7]
  .text                  ro code   0x800'1310    0x34  DblCmpLe.o [7]
  .text                  ro code   0x800'1344    0x34  DblCmpGe.o [7]
  .text                  ro code   0x800'1378   0x13a  ldexp.o [7]
  .text                  ro code   0x800'14b4    0x36  DblToS32.o [7]
  .text                  ro code   0x800'14ec    0x22  S32ToDbl.o [7]
  .text                  ro code   0x800'1510   0x25e  DblAddSub.o [7]
  .text                  ro code   0x800'1770   0x246  DblDiv.o [7]
  .text                  ro code   0x800'19b8    0x22  DblToU32.o [7]
  .text                  ro code   0x800'19dc    0x1c  U32ToDbl.o [7]
  .text                  ro code   0x800'19f8   0x1aa  DblMul.o [7]
  .text                  ro code   0x800'1ba4    0x4c  xlocale_c.o [5]
  .text                  ro code   0x800'1bf0   0x230  I64DivMod.o [8]
  .text                  ro code   0x800'1e20     0x6  abort.o [5]
  .text                  ro code   0x800'1e28     0x2  I64DivZer.o [8]
  .text                  ro code   0x800'1e2c    0x14  exit.o [9]
  .text                  ro code   0x800'1e40   0xdc4  fdcan.o [2]
  .text                  ro code   0x800'2c04   0x714  stm32g4xx_hal_fdcan.o [4]
  .text                  ro code   0x800'3318   0x86c  main.o [2]
  .text                  ro code   0x800'3b84    0x3a  ABImemset48.o [8]
  .text                  ro code   0x800'3bc0   0x268  stm32g4xx_hal_rcc_ex.o [4]
  .text                  ro code   0x800'3e28   0x1dc  stm32g4xx_hal_gpio.o [4]
  .text                  ro code   0x800'4004    0xf8  stm32g4xx_hal_cortex.o [4]
  .text                  ro code   0x800'40fc    0x80  arm_max_no_idx_f32.o [6]
  .text                  ro code   0x800'417c     0xc  stm32g4xx_hal.o [4]
  .text                  ro code   0x800'4188    0x68  DblToFlt.o [7]
  .text                  ro code   0x800'41f0   0x20c  torque_lut.o [2]
  .text                  ro code   0x800'43fc    0x48  FltToDbl.o [7]
  .text                  ro code   0x800'4444    0x28  stm32g4xx_hal.o [4]
  .text                  ro code   0x800'446c     0x2  stm32g4xx_hal_fdcan.o [4]
  .text                  ro code   0x800'446e     0x2  stm32g4xx_hal_fdcan.o [4]
  .text                  ro code   0x800'4470     0x2  stm32g4xx_hal_fdcan.o [4]
  .text                  ro code   0x800'4472     0x2  stm32g4xx_hal_fdcan.o [4]
  .text                  ro code   0x800'4474     0x2  stm32g4xx_hal_fdcan.o [4]
  .text                  ro code   0x800'4476     0x2  stm32g4xx_hal_fdcan.o [4]
  .text                  ro code   0x800'4478     0x2  stm32g4xx_hal_fdcan.o [4]
  .text                  ro code   0x800'447a     0x2  stm32g4xx_hal_fdcan.o [4]
  .text                  ro code   0x800'447c     0x2  stm32g4xx_hal_fdcan.o [4]
  .text                  ro code   0x800'4480    0x38  stm32g4xx_hal.o [4]
  .text                  ro code   0x800'44b8    0x8c  gpio.o [2]
  .text                  ro code   0x800'4544    0x50  dma.o [2]
  .text                  ro code   0x800'4594   0x19c  usart.o [2]
  .text                  ro code   0x800'4730   0x140  serial.o [2]
  .text                  ro code   0x800'4870    0xf0  stm32g4xx_hal_pwr_ex.o [4]
  .text                  ro code   0x800'4960   0x6bc  stm32g4xx_hal_rcc.o [4]
  .text                  ro code   0x800'501c   0xca8  stm32g4xx_hal_uart.o [4]
  .text                  ro code   0x800'5cc4   0x274  strto32.o [7]
  .text                  ro code   0x800'5f38   0x14c  iar_Stoulx.o [5]
  .text                  ro code   0x800'6084    0x20  DblCmpEq.o [7]
  .text                  ro code   0x800'60a4    0x90  arm_cos_f32.o [6]
  .text                  ro code   0x800'6134    0x40  sprintf.o [5]
  .text                  ro code   0x800'6174    0x42  fmin.o [7]
  .text                  ro code   0x800'61b8    0x42  fmax.o [7]
  .text                  ro code   0x800'61fc    0x50  stm32g4xx_hal.o [4]
  .text                  ro code   0x800'624c    0x64  stm32g4xx_hal_msp.o [2]
  .text                  ro code   0x800'62b0   0x124  stm32g4xx_hal_uart_ex.o [4]
  .text                  ro code   0x800'63d4   0x3b0  stm32g4xx_hal_dma.o [4]
  .text                  ro code   0x800'6784    0x18  strcpy.o [8]
  .text                  ro code   0x800'679c    0x4c  strtok.o [5]
  .text                  ro code   0x800'67e8    0x66  ABImemset.o [8]
  .text                  ro code   0x800'684e     0x2  stm32g4xx_hal_rcc.o [4]
  .text                  ro code   0x800'6850     0x2  stm32g4xx_hal_uart.o [4]
  .text                  ro code   0x800'6852     0x2  stm32g4xx_hal_uart_ex.o [4]
  .text                  ro code   0x800'6854     0x2  stm32g4xx_hal_uart_ex.o [4]
  .text                  ro code   0x800'6856     0x2  stm32g4xx_hal_uart_ex.o [4]
  .text                  ro code   0x800'6858     0x2  stm32g4xx_hal_uart.o [4]
  .text                  ro code   0x800'685a     0x2  stm32g4xx_hal_uart.o [4]
  .text                  ro code   0x800'685c     0x2  stm32g4xx_hal_uart.o [4]
  .text                  ro code   0x800'685e     0x2  stm32g4xx_hal_uart.o [4]
  .text                  ro code   0x800'6860    0x48  frexpf.o [7]
  .text                  ro code   0x800'68a8    0xc4  ldexpf.o [7]
  .text                  ro code   0x800'696c   0x122  iar_Stopfx.o [5]
  .text                  ro code   0x800'6a90   0x1b8  iar_Stoflt.o [5]
  .text                  ro code   0x800'6c48   0x208  iar_Stoxflt.o [5]
  .text                  ro code   0x800'6e50    0x14  isspace.o [5]
  .text                  ro code   0x800'6e64    0x14  tolower.o [5]
  .text                  ro code   0x800'6e78    0x22  strspn.o [5]
  .text                  ro code   0x800'6e9a    0x22  strcspn.o [5]
  .text                  ro code   0x800'6ebc    0x14  isalpha.o [5]
  .rodata                const     0x800'6ed0   0x804  arm_common_tables.o [6]
  .text                  ro code   0x800'76d4   0x1d4  dlib_lock_glue.o [1]
  .text                  ro code   0x800'78a8    0x84  xsyslock_mtx.o [10]
  .text                  ro code   0x800'792c     0x4  xfiles.o [5]
  .text                  ro code   0x800'7930    0x14  xlockref.o [5]
  .text                  ro code   0x800'7944    0xec  stm32g4xx_hal_flash.o [4]
  .text                  ro code   0x800'7a30    0x8c  stm32g4xx_hal_flash_ex.o [4]
  .text                  ro code   0x800'7abc     0x2  stm32g4xx_hal_flash.o [4]
  .text                  ro code   0x800'7abe     0x2  stm32g4xx_hal_flash.o [4]
  .text                  ro code   0x800'7ac0    0x78  lz77_init_single.o [8]
  .text                  ro code   0x800'7b38    0x6a  stm32g4xx_it.o [2]
  .text                  ro code   0x800'7ba4    0x10  stm32g4xx_hal.o [4]
  .rodata                const     0x800'7bb4    0x50  iar_Stoulx.o [5]
  .text                  ro code   0x800'7c04    0x38  zero_init3.o [8]
  .text                  ro code   0x800'7c3c    0x28  data_init.o [8]
  .text                  ro code   0x800'7c64    0x22  fpinit_M.o [7]
  .iar.init_table        const     0x800'7c88    0x24  - Linker created -
  .text                  ro code   0x800'7cac    0x20  system_stm32g4xx.o [3]
  .text                  ro code   0x800'7ccc    0x20  cmain_call_ctors.o [8]
  .text                  ro code   0x800'7cec    0x18  cppinit.o [5]
  .text                  ro code   0x800'7d04    0x1e  cmain.o [8]
  .text                  ro code   0x800'7d22     0x4  low_level_init.o [5]
  .text                  ro code   0x800'7d26     0x4  exit.o [5]
  .text                  ro code   0x800'7d2c     0xe  cexit.o [8]
  .text                  ro code   0x800'7d3c    0x1c  cstartup_M.o [8]
  .text                  ro code   0x800'7d58    0x10  startup_stm32g431xx.o [1]
  .rodata                const     0x800'7d68     0x8  system_stm32g4xx.o [3]
  .rodata                const     0x800'7d70     0x4  serial.o [2]
  .text                  ro code   0x800'7d74     0x4  startup_stm32g431xx.o [1]
  .text                  ro code   0x800'7d78     0x4  startup_stm32g431xx.o [1]
  .text                  ro code   0x800'7d7c     0x4  startup_stm32g431xx.o [1]
  .text                  ro code   0x800'7d80     0x4  startup_stm32g431xx.o [1]
  .text                  ro code   0x800'7d84     0x4  startup_stm32g431xx.o [1]
  .text                  ro code   0x800'7d88     0x4  startup_stm32g431xx.o [1]
  .text                  ro code   0x800'7d8c     0x4  startup_stm32g431xx.o [1]
  .text                  ro code   0x800'7d90     0x4  startup_stm32g431xx.o [1]
  .text                  ro code   0x800'7d94     0x4  startup_stm32g431xx.o [1]
  .text                  ro code   0x800'7d98     0x4  startup_stm32g431xx.o [1]
  .text                  ro code   0x800'7d9c     0x4  startup_stm32g431xx.o [1]
  .text                  ro code   0x800'7da0     0x4  startup_stm32g431xx.o [1]
  .text                  ro code   0x800'7da4     0x4  startup_stm32g431xx.o [1]
  .text                  ro code   0x800'7da8     0x4  startup_stm32g431xx.o [1]
  .text                  ro code   0x800'7dac     0x4  startup_stm32g431xx.o [1]
  .text                  ro code   0x800'7db0     0x4  startup_stm32g431xx.o [1]
  .text                  ro code   0x800'7db4     0x4  startup_stm32g431xx.o [1]
  .text                  ro code   0x800'7db8     0x4  startup_stm32g431xx.o [1]
  .text                  ro code   0x800'7dbc     0x4  startup_stm32g431xx.o [1]
  .text                  ro code   0x800'7dc0     0x4  startup_stm32g431xx.o [1]
  .text                  ro code   0x800'7dc4     0x4  startup_stm32g431xx.o [1]
  .text                  ro code   0x800'7dc8     0x4  startup_stm32g431xx.o [1]
  .text                  ro code   0x800'7dcc     0x4  startup_stm32g431xx.o [1]
  .text                  ro code   0x800'7dd0     0x4  startup_stm32g431xx.o [1]
  .text                  ro code   0x800'7dd4     0x4  startup_stm32g431xx.o [1]
  .text                  ro code   0x800'7dd8     0x4  startup_stm32g431xx.o [1]
  .text                  ro code   0x800'7ddc     0x4  startup_stm32g431xx.o [1]
  .text                  ro code   0x800'7de0     0x4  startup_stm32g431xx.o [1]
  .text                  ro code   0x800'7de4     0x4  startup_stm32g431xx.o [1]
  .text                  ro code   0x800'7de8     0x4  startup_stm32g431xx.o [1]
  .text                  ro code   0x800'7dec     0x4  startup_stm32g431xx.o [1]
  .text                  ro code   0x800'7df0     0x4  startup_stm32g431xx.o [1]
  .text                  ro code   0x800'7df4     0x4  startup_stm32g431xx.o [1]
  .text                  ro code   0x800'7df8     0x4  startup_stm32g431xx.o [1]
  .text                  ro code   0x800'7dfc     0x4  startup_stm32g431xx.o [1]
  .text                  ro code   0x800'7e00     0x4  startup_stm32g431xx.o [1]
  .text                  ro code   0x800'7e04     0x4  startup_stm32g431xx.o [1]
  .text                  ro code   0x800'7e08     0x4  startup_stm32g431xx.o [1]
  .text                  ro code   0x800'7e0c     0x4  startup_stm32g431xx.o [1]
  .text                  ro code   0x800'7e10     0x4  startup_stm32g431xx.o [1]
  .text                  ro code   0x800'7e14     0x4  startup_stm32g431xx.o [1]
  .text                  ro code   0x800'7e18     0x4  startup_stm32g431xx.o [1]
  .text                  ro code   0x800'7e1c     0x4  startup_stm32g431xx.o [1]
  .text                  ro code   0x800'7e20     0x4  startup_stm32g431xx.o [1]
  .text                  ro code   0x800'7e24     0x4  startup_stm32g431xx.o [1]
  .text                  ro code   0x800'7e28     0x4  startup_stm32g431xx.o [1]
  .text                  ro code   0x800'7e2c     0x4  startup_stm32g431xx.o [1]
  .text                  ro code   0x800'7e30     0x4  startup_stm32g431xx.o [1]
  .text                  ro code   0x800'7e34     0x4  startup_stm32g431xx.o [1]
  .text                  ro code   0x800'7e38     0x4  startup_stm32g431xx.o [1]
  .text                  ro code   0x800'7e3c     0x4  startup_stm32g431xx.o [1]
  .text                  ro code   0x800'7e40     0x4  startup_stm32g431xx.o [1]
  .text                  ro code   0x800'7e44     0x4  startup_stm32g431xx.o [1]
  .text                  ro code   0x800'7e48     0x4  startup_stm32g431xx.o [1]
  .text                  ro code   0x800'7e4c     0x4  startup_stm32g431xx.o [1]
  .text                  ro code   0x800'7e50     0x4  startup_stm32g431xx.o [1]
  .text                  ro code   0x800'7e54     0x4  startup_stm32g431xx.o [1]
  .text                  ro code   0x800'7e58     0x4  startup_stm32g431xx.o [1]
  .text                  ro code   0x800'7e5c     0x4  startup_stm32g431xx.o [1]
  .text                  ro code   0x800'7e60     0x4  startup_stm32g431xx.o [1]
  SHT$$PREINIT_ARRAY               0x800'7e64     0x0  <Block>
  SHT$$INIT_ARRAY                  0x800'7e64     0x4  <Block>
    .init_array          const     0x800'7e64     0x4  dlib_lock_glue.o [1]
  __iar_tls$$INIT_ARRAY            0x800'7e68     0x0  <Block>
  .text                  ro code   0x800'7e68     0x0  cstart_clearlocks.o [8]
  .rodata                const     0x800'7e68     0x0  zero_init3.o [8]
  .rodata                const     0x800'7e68     0x0  lz77_init_single.o [8]
  Initializer bytes      const     0x800'7e68  0x49b7  <for P2-1>
                                 - 0x800'c81f  0xc647

"P2", part 1 of 3:                             0x5370
  P2-1                            0x2000'0000  0x5370  <Init block>
    .data                inited   0x2000'0000   0x16c  fdcan.o [2]
    .data                inited   0x2000'0170    0x80  fdcan.o [2]
    .data                inited   0x2000'01f0    0x68  fdcan.o [2]
    .data                inited   0x2000'0258    0x68  fdcan.o [2]
    .data                inited   0x2000'02c0    0x74  main.o [2]
    .data                inited   0x2000'0338    0x20  main.o [2]
    .data                inited   0x2000'0358    0x20  main.o [2]
    .data                inited   0x2000'0378    0x58  main.o [2]
    .data                inited   0x2000'03d0    0x10  fdcan.o [2]
    .data                inited   0x2000'03e0    0xb0  serial.o [2]
    .data                inited   0x2000'0490     0xc  stm32g4xx_hal.o [4]
    .data                inited   0x2000'049c    0x20  stm32g4xx_hal_flash.o [4]
    .data                inited   0x2000'04bc     0x4  system_stm32g4xx.o [3]
    .data                inited   0x2000'04c0  0x2710  torque_lut.o [2]
    .data                inited   0x2000'2bd0  0x2710  torque_lut.o [2]
    .data                inited   0x2000'52e0    0x10  torque_lut.o [2]
    .data                inited   0x2000'52f0    0x38  xlocale_c.o [5]
    .data                inited   0x2000'5328    0x48  xlocale_c.o [5]
                                - 0x2000'5370  0x5370

"P2", part 2 of 3:                              0x374
  .bss                   zero     0x2000'5370   0x100  usart.o [2]
  .bss                   zero     0x2000'5470    0xc0  usart.o [2]
  .bss                   zero     0x2000'5530    0x90  usart.o [2]
  .bss                   zero     0x2000'55c0    0x80  usart.o [2]
  .bss                   zero     0x2000'5640    0x64  fdcan.o [2]
  .bss                   zero     0x2000'56a4    0x20  xfiles.o [5]
  .bss                   zero     0x2000'56c4    0x10  xsyslock_mtx.o [10]
  .bss                   zero     0x2000'56d4     0x4  dlib_lock_glue.o [1]
  .bss                   zero     0x2000'56d8     0x4  strtok.o [5]
  .bss                   zero     0x2000'56dc     0x4  xfail_s.o [5]
  .bss                   zero     0x2000'56e0     0x1  main.o [2]
                                - 0x2000'56e1   0x371

"P2", part 3 of 3:                              0x924
  .noinit                uninit   0x2000'56e4    0x18  dlib_lock_glue.o [1]
  .noinit                uninit   0x2000'56fc     0xc  dlib_lock_glue.o [1]
  CSTACK                          0x2000'5708   0x900  <Block>
    CSTACK               uninit   0x2000'5708   0x900  <Block tail>
                                - 0x2000'6008   0x924

Unused ranges:

         From           To      Size
         ----           --      ----
   0x800'c81f   0x801'ffff  0x1'37e1
  0x2000'6008  0x2000'7fff    0x1ff8


*******************************************************************************
*** INIT TABLE
***

          Address      Size
          -------      ----
Zero (__iar_zero_init3)
    1 destination range, total size 0x371:
          0x2000'5370   0x371

Copy/lz77 (__iar_lz77_init_single3)
    1 source range, total size 0x49b7 (88% of destination):
           0x800'7e68  0x49b7
    1 destination range, total size 0x5370:
          0x2000'0000  0x5370

Extra (__iar_cstart_call_ctors)



*******************************************************************************
*** MODULE SUMMARY
***

    Module                    ro code  ro data  rw data
    ------                    -------  -------  -------
command line/config:
    ---------------------------------------------------
    Total:

C:\Users\jaesung\MRAS\Project\Exoskeleton\2023\03. Software\STM32G431KB\STM32G431KB_CAN\EWARM\STM32G431KB_CAN\Obj\Application\EWARM: [1]
    dlib_lock_glue.o              468        4       40
    startup_stm32g431xx.o         728
    ---------------------------------------------------
    Total:                      1'196        4       40

C:\Users\jaesung\MRAS\Project\Exoskeleton\2023\03. Software\STM32G431KB\STM32G431KB_CAN\EWARM\STM32G431KB_CAN\Obj\Application\User\Core: [2]
    dma.o                          80
    fdcan.o                     3'524      635      816
    gpio.o                        140
    main.o                      2'156      241      269
    serial.o                      320      159      176
    stm32g4xx_hal_msp.o           100
    stm32g4xx_it.o                106
    torque_lut.o                  524   17'683   20'016
    usart.o                       412               720
    ---------------------------------------------------
    Total:                      7'362   18'718   21'997

C:\Users\jaesung\MRAS\Project\Exoskeleton\2023\03. Software\STM32G431KB\STM32G431KB_CAN\EWARM\STM32G431KB_CAN\Obj\Drivers\CMSIS: [3]
    system_stm32g4xx.o             32       12        4
    ---------------------------------------------------
    Total:                         32       12        4

C:\Users\jaesung\MRAS\Project\Exoskeleton\2023\03. Software\STM32G431KB\STM32G431KB_CAN\EWARM\STM32G431KB_CAN\Obj\Drivers\STM32G4xx_HAL_Driver: [4]
    stm32g4xx_hal.o               204       11       12
    stm32g4xx_hal_cortex.o        248
    stm32g4xx_hal_dma.o           944
    stm32g4xx_hal_fdcan.o       1'830
    stm32g4xx_hal_flash.o         240       28       32
    stm32g4xx_hal_flash_ex.o      140
    stm32g4xx_hal_gpio.o          476
    stm32g4xx_hal_pwr_ex.o        240
    stm32g4xx_hal_rcc.o         1'726
    stm32g4xx_hal_rcc_ex.o        616
    stm32g4xx_hal_uart.o        3'250
    stm32g4xx_hal_uart_ex.o       298
    ---------------------------------------------------
    Total:                     10'212       39       44

dl7M_tlf.a: [5]
    abort.o                         6
    cppinit.o                      24
    exit.o                          4
    iar_Stoflt.o                  440
    iar_Stopfx.o                  290
    iar_Stoulx.o                  332       80
    iar_Stoxflt.o                 520
    isalpha.o                      20
    isspace.o                      20
    low_level_init.o                4
    sprintf.o                      64
    strcspn.o                      34
    strspn.o                       34
    strtok.o                       76                 4
    tolower.o                      20
    xfail_s.o                      64                 4
    xfiles.o                        4                32
    xlocale_c.o                    76      119      128
    xlockref.o                     20
    xprintffull_nomb.o          3'886
    xsprout.o                      10
    ---------------------------------------------------
    Total:                      5'948      199      168

iar_cortexM4lf_math.a: [6]
    arm_common_tables.o                  2'052
    arm_cos_f32.o                 144
    arm_max_no_idx_f32.o          128
    ---------------------------------------------------
    Total:                        272    2'052

m7M_tls.a: [7]
    DblAddSub.o                   606
    DblCmpEq.o                     32
    DblCmpGe.o                     52
    DblCmpLe.o                     52
    DblDiv.o                      582
    DblMul.o                      426
    DblToFlt.o                    104
    DblToS32.o                     54
    DblToU32.o                     34
    FltToDbl.o                     72
    S32ToDbl.o                     34
    U32ToDbl.o                     28
    fmax.o                         66
    fmin.o                         66
    fpinit_M.o                     34
    frexp.o                       112
    frexpf.o                       72
    ldexp.o                       314
    ldexpf.o                      196
    strto32.o                     628
    ---------------------------------------------------
    Total:                      3'564

rt7M_tl.a: [8]
    ABImemcpy.o                   166
    ABImemset.o                   102
    ABImemset48.o                  58
    I64DivMod.o                   560
    I64DivZer.o                     2
    cexit.o                        14
    cmain.o                        30
    cmain_call_ctors.o             32
    cstart_clearlocks.o
    cstartup_M.o                   28
    data_init.o                    40
    lz77_init_single.o            120
    memchr.o                       88
    strchr.o                       22
    strcpy.o                       24
    strlen.o                       54
    zero_init3.o                   56
    ---------------------------------------------------
    Total:                      1'396

shb_l.a: [9]
    exit.o                         20
    ---------------------------------------------------
    Total:                         20

th7M_tlf.a: [10]
    xsyslock_mtx.o                132                16
    ---------------------------------------------------
    Total:                        132                16

    Gaps                           35        2        8
    Linker created                          36    2'304
-------------------------------------------------------
    Grand Total:               30'169   21'062   24'581


*******************************************************************************
*** ENTRY LIST
***

Entry                       Address    Size  Type      Object
-----                       -------    ----  ----      ------
.iar.init_table$$Base    0x800'7c88           --   Gb  - Linker created -
.iar.init_table$$Limit   0x800'7cac           --   Gb  - Linker created -
?main                    0x800'7d05          Code  Gb  cmain.o [8]
AHBPrescTable            0x800'7cbc    0x10  Data  Gb  system_stm32g4xx.o [3]
ANGLE_FLAG              0x2000'02c7     0x1  Data  Gb  main.o [2]
APBPrescTable            0x800'7d68     0x8  Data  Gb  system_stm32g4xx.o [3]
BusFault_Handler         0x800'7b45     0x2  Code  Gb  stm32g4xx_it.o [2]
CAN_cnt                 0x2000'032c     0x4  Data  Gb  main.o [2]
CLEAR_ERROR_FLAG        0x2000'02c8     0x1  Data  Gb  main.o [2]
CSTACK$$Base            0x2000'5708           --   Gb  - Linker created -
CSTACK$$Limit           0x2000'6008           --   Gb  - Linker created -
CST_mode                0x2000'01f4     0x4  Data  Gb  fdcan.o [2]
Check_status             0x800'2b29    0x8a  Code  Gb  fdcan.o [2]
Clear_Device_Errors      0x800'24bf    0x1a  Code  Gb  fdcan.o [2]
DLCtoBytes               0x800'3308    0x10  Data  Lc  stm32g4xx_hal_fdcan.o [4]
DMA1_Channel1_IRQHandler
                         0x800'7b63     0x6  Code  Gb  stm32g4xx_it.o [2]
DMA1_Channel2_IRQHandler
                         0x800'7b69     0x6  Code  Gb  stm32g4xx_it.o [2]
DMA_CalcDMAMUXChannelBaseAndMask
                         0x800'670f    0x34  Code  Lc  stm32g4xx_hal_dma.o [4]
DMA_CalcDMAMUXRequestGenBaseAndMask
                         0x800'6743    0x1c  Code  Lc  stm32g4xx_hal_dma.o [4]
DMA_SetConfig            0x800'66cd    0x42  Code  Lc  stm32g4xx_hal_dma.o [4]
DS_FLAG                 0x2000'02c4     0x1  Data  Gb  main.o [2]
DS_TRANS                 0x800'204d    0x74  Code  Gb  fdcan.o [2]
DS_state                0x2000'02d2     0x1  Data  Gb  main.o [2]
DebugMon_Handler         0x800'7b4b     0x2  Code  Gb  stm32g4xx_it.o [2]
Dtentox                  0x800'5cc5   0x14a  Code  Lc  strto32.o [7]
EPOS4_CTRL_PERIOD       0x2000'02d6     0x1  Data  Gb  main.o [2]
ERROR_FLAG              0x2000'02cc     0x1  Data  Gb  main.o [2]
EXTI15_10_IRQHandler     0x800'7b99     0x8  Code  Gb  stm32g4xx_it.o [2]
EXTI9_5_IRQHandler       0x800'7b7b     0x8  Code  Gb  stm32g4xx_it.o [2]
Error_Handler            0x800'3b17    0x28  Code  Gb  main.o [2]
FA_limit_angle          0x2000'0198    0x10  Data  Gb  fdcan.o [2]
FDCAN1_IT0_IRQHandler    0x800'7b6f     0x6  Code  Gb  stm32g4xx_it.o [2]
FDCAN1_IT1_IRQHandler    0x800'7b75     0x6  Code  Gb  stm32g4xx_it.o [2]
FDCAN_CalcultateRamBlockAddresses
                         0x800'3225    0x54  Code  Lc  stm32g4xx_hal_fdcan.o [4]
FDCAN_CopyMessageToRAM   0x800'3299    0x70  Code  Lc  stm32g4xx_hal_fdcan.o [4]
FLASH_FlushCaches        0x800'7a57    0x58  Code  Gb  stm32g4xx_hal_flash_ex.o [4]
FLASH_IRQHandler         0x800'7b5d     0x4  Code  Gb  stm32g4xx_it.o [2]
FLASH_PageErase          0x800'7a31    0x26  Code  Gb  stm32g4xx_hal_flash_ex.o [4]
FPU_IRQHandler           0x800'7ba1     0x2  Code  Gb  stm32g4xx_it.o [2]
GET_Angle                0x800'244f    0x70  Code  Gb  fdcan.o [2]
GET_SDO                  0x800'230f    0x24  Code  Gb  fdcan.o [2]
GET_SDO_FLAG            0x2000'02c9     0x1  Data  Gb  main.o [2]
HAL_DMA_Abort            0x800'6523    0x6c  Code  Gb  stm32g4xx_hal_dma.o [4]
HAL_DMA_Abort_IT         0x800'658f    0x7a  Code  Gb  stm32g4xx_hal_dma.o [4]
HAL_DMA_IRQHandler       0x800'6609    0xc4  Code  Gb  stm32g4xx_hal_dma.o [4]
HAL_DMA_Init             0x800'63d5    0xc2  Code  Gb  stm32g4xx_hal_dma.o [4]
HAL_DMA_Start_IT         0x800'6497    0x8c  Code  Gb  stm32g4xx_hal_dma.o [4]
HAL_Delay                0x800'4445    0x28  Code  Gb  stm32g4xx_hal.o [4]
HAL_FDCAN_ActivateNotification
                         0x800'2fab    0xec  Code  Gb  stm32g4xx_hal_fdcan.o [4]
HAL_FDCAN_AddMessageToTxFifoQ
                         0x800'2e3f    0x52  Code  Gb  stm32g4xx_hal_fdcan.o [4]
HAL_FDCAN_ConfigFilter   0x800'2dbd    0x58  Code  Gb  stm32g4xx_hal_fdcan.o [4]
HAL_FDCAN_ErrorCallback
                         0x800'447d     0x2  Code  Gb  stm32g4xx_hal_fdcan.o [4]
HAL_FDCAN_ErrorStatusCallback
                         0x800'447b     0x2  Code  Gb  stm32g4xx_hal_fdcan.o [4]
HAL_FDCAN_GetRxFifoFillLevel
                         0x800'2f87    0x18  Code  Gb  stm32g4xx_hal_fdcan.o [4]
HAL_FDCAN_GetRxMessage   0x800'2e91    0xf6  Code  Gb  stm32g4xx_hal_fdcan.o [4]
HAL_FDCAN_GetTxFifoFreeLevel
                         0x800'2f9f     0xc  Code  Gb  stm32g4xx_hal_fdcan.o [4]
HAL_FDCAN_HighPriorityMessageCallback
                         0x800'446d     0x2  Code  Gb  stm32g4xx_hal_fdcan.o [4]
HAL_FDCAN_IRQHandler     0x800'3097   0x18e  Code  Gb  stm32g4xx_hal_fdcan.o [4]
HAL_FDCAN_Init           0x800'2c05   0x1b0  Code  Gb  stm32g4xx_hal_fdcan.o [4]
HAL_FDCAN_MspInit        0x800'1ebd    0xaa  Code  Gb  fdcan.o [2]
HAL_FDCAN_RxFifo0Callback
                         0x800'3983    0xc4  Code  Gb  main.o [2]
HAL_FDCAN_RxFifo1Callback
                         0x800'4473     0x2  Code  Gb  stm32g4xx_hal_fdcan.o [4]
HAL_FDCAN_Start          0x800'2e15    0x2a  Code  Gb  stm32g4xx_hal_fdcan.o [4]
HAL_FDCAN_TimeoutOccurredCallback
                         0x800'4479     0x2  Code  Gb  stm32g4xx_hal_fdcan.o [4]
HAL_FDCAN_TimestampWraparoundCallback
                         0x800'4477     0x2  Code  Gb  stm32g4xx_hal_fdcan.o [4]
HAL_FDCAN_TxBufferAbortCallback
                         0x800'446f     0x2  Code  Gb  stm32g4xx_hal_fdcan.o [4]
HAL_FDCAN_TxBufferCompleteCallback
                         0x800'4475     0x2  Code  Gb  stm32g4xx_hal_fdcan.o [4]
HAL_FDCAN_TxEventFifoCallback
                         0x800'4471     0x2  Code  Gb  stm32g4xx_hal_fdcan.o [4]
HAL_FDCAN_TxFifoEmptyCallback
                         0x800'3979     0xa  Code  Gb  main.o [2]
HAL_FLASH_EndOfOperationCallback
                         0x800'7abf     0x2  Code  Gb  stm32g4xx_hal_flash.o [4]
HAL_FLASH_IRQHandler     0x800'7945    0xe2  Code  Gb  stm32g4xx_hal_flash.o [4]
HAL_FLASH_OperationErrorCallback
                         0x800'7abd     0x2  Code  Gb  stm32g4xx_hal_flash.o [4]
HAL_GPIO_EXTI_Callback   0x800'3a49    0xa8  Code  Gb  main.o [2]
HAL_GPIO_EXTI_IRQHandler
                         0x800'3fcd    0x12  Code  Gb  stm32g4xx_hal_gpio.o [4]
HAL_GPIO_Init            0x800'3e29   0x194  Code  Gb  stm32g4xx_hal_gpio.o [4]
HAL_GPIO_ReadPin         0x800'3fbd    0x10  Code  Gb  stm32g4xx_hal_gpio.o [4]
HAL_GetTick              0x800'417d     0xc  Code  Gb  stm32g4xx_hal.o [4]
HAL_IncTick              0x800'7ba5    0x10  Code  Gb  stm32g4xx_hal.o [4]
HAL_Init                 0x800'4481    0x32  Code  Gb  stm32g4xx_hal.o [4]
HAL_InitTick             0x800'61fd    0x50  Code  Gb  stm32g4xx_hal.o [4]
HAL_MspInit              0x800'624d    0x64  Code  Gb  stm32g4xx_hal_msp.o [2]
HAL_NVIC_EnableIRQ       0x800'40dd     0x2  Code  Gb  stm32g4xx_hal_cortex.o [4]
HAL_NVIC_SetPriority     0x800'40bf    0x1e  Code  Gb  stm32g4xx_hal_cortex.o [4]
HAL_NVIC_SetPriorityGrouping
                         0x800'40bd     0x2  Code  Gb  stm32g4xx_hal_cortex.o [4]
HAL_PWREx_ControlVoltageScaling
                         0x800'4871    0xd0  Code  Gb  stm32g4xx_hal_pwr_ex.o [4]
HAL_PWREx_DisableUCPDDeadBattery
                         0x800'4941     0xc  Code  Gb  stm32g4xx_hal_pwr_ex.o [4]
HAL_RCCEx_PeriphCLKConfig
                         0x800'3bc1   0x25c  Code  Gb  stm32g4xx_hal_rcc_ex.o [4]
HAL_RCC_CSSCallback      0x800'684f     0x2  Code  Gb  stm32g4xx_hal_rcc.o [4]
HAL_RCC_ClockConfig      0x800'4d39   0x196  Code  Gb  stm32g4xx_hal_rcc.o [4]
HAL_RCC_EnableCSS        0x800'4f75     0xc  Code  Gb  stm32g4xx_hal_rcc.o [4]
HAL_RCC_GetHCLKFreq      0x800'4f3b     0x6  Code  Gb  stm32g4xx_hal_rcc.o [4]
HAL_RCC_GetPCLK1Freq     0x800'4f41    0x1a  Code  Gb  stm32g4xx_hal_rcc.o [4]
HAL_RCC_GetPCLK2Freq     0x800'4f5b    0x1a  Code  Gb  stm32g4xx_hal_rcc.o [4]
HAL_RCC_GetSysClockFreq
                         0x800'4ecf    0x6c  Code  Gb  stm32g4xx_hal_rcc.o [4]
HAL_RCC_NMI_IRQHandler   0x800'4f81    0x16  Code  Gb  stm32g4xx_hal_rcc.o [4]
HAL_RCC_OscConfig        0x800'4961   0x3d8  Code  Gb  stm32g4xx_hal_rcc.o [4]
HAL_SYSTICK_Callback     0x800'3a47     0x2  Code  Gb  main.o [2]
HAL_SYSTICK_Config       0x800'40df     0x2  Code  Gb  stm32g4xx_hal_cortex.o [4]
HAL_SYSTICK_IRQHandler   0x800'40e1     0x4  Code  Gb  stm32g4xx_hal_cortex.o [4]
HAL_UARTEx_EnableFifoMode
                         0x800'62b1    0x40  Code  Gb  stm32g4xx_hal_uart_ex.o [4]
HAL_UARTEx_RxEventCallback
                         0x800'6851     0x2  Code  Gb  stm32g4xx_hal_uart.o [4]
HAL_UARTEx_RxFifoFullCallback
                         0x800'6857     0x2  Code  Gb  stm32g4xx_hal_uart_ex.o [4]
HAL_UARTEx_SetRxFifoThreshold
                         0x800'6337    0x46  Code  Gb  stm32g4xx_hal_uart_ex.o [4]
HAL_UARTEx_SetTxFifoThreshold
                         0x800'62f1    0x46  Code  Gb  stm32g4xx_hal_uart_ex.o [4]
HAL_UARTEx_TxFifoEmptyCallback
                         0x800'6855     0x2  Code  Gb  stm32g4xx_hal_uart_ex.o [4]
HAL_UARTEx_WakeupCallback
                         0x800'6853     0x2  Code  Gb  stm32g4xx_hal_uart_ex.o [4]
HAL_UART_DMAResume       0x800'5189    0x98  Code  Gb  stm32g4xx_hal_uart.o [4]
HAL_UART_ErrorCallback   0x800'3af1    0x26  Code  Gb  main.o [2]
HAL_UART_IRQHandler      0x800'5221   0x2e8  Code  Gb  stm32g4xx_hal_uart.o [4]
HAL_UART_Init            0x800'501d    0x6a  Code  Gb  stm32g4xx_hal_uart.o [4]
HAL_UART_MspInit         0x800'45ff   0x11e  Code  Gb  usart.o [2]
HAL_UART_Receive_DMA     0x800'512f    0x5a  Code  Gb  stm32g4xx_hal_uart.o [4]
HAL_UART_RxCpltCallback
                         0x800'685d     0x2  Code  Gb  stm32g4xx_hal_uart.o [4]
HAL_UART_RxHalfCpltCallback
                         0x800'685f     0x2  Code  Gb  stm32g4xx_hal_uart.o [4]
HAL_UART_Transmit_DMA    0x800'5087    0xa8  Code  Gb  stm32g4xx_hal_uart.o [4]
HAL_UART_TxCpltCallback
                         0x800'6859     0x2  Code  Gb  stm32g4xx_hal_uart.o [4]
HAL_UART_TxHalfCpltCallback
                         0x800'685b     0x2  Code  Gb  stm32g4xx_hal_uart.o [4]
HardFault_Handler        0x800'7b41     0x2  Code  Gb  stm32g4xx_it.o [2]
I2C_TRQ_FLAG            0x2000'02cb     0x1  Data  Gb  main.o [2]
INIT_CAN                 0x800'28d5   0x246  Code  Gb  fdcan.o [2]
MX_DMA_Init              0x800'4545    0x50  Code  Gb  dma.o [2]
MX_FDCAN1_Init           0x800'1e41    0x7c  Code  Gb  fdcan.o [2]
MX_GPIO_Init             0x800'44b9    0x8c  Code  Gb  gpio.o [2]
MX_USART2_UART_Init      0x800'4595    0x6a  Code  Gb  usart.o [2]
MemManage_Handler        0x800'7b43     0x2  Code  Gb  stm32g4xx_it.o [2]
NMI_Handler              0x800'7b39     0x8  Code  Gb  stm32g4xx_it.o [2]
NMT_FLAG                0x2000'02c3     0x1  Data  Gb  main.o [2]
NMT_TRANS                0x800'2023    0x2a  Code  Gb  fdcan.o [2]
NMT_state               0x2000'02d1     0x1  Data  Gb  main.o [2]
NVIC_EncodePriority      0x800'4059    0x36  Code  Lc  stm32g4xx_hal_cortex.o [4]
POS_Calc_2::cnt         0x2000'0174     0x2  Data  Lc  fdcan.o [2]
POS_Calc_2::cnt_new     0x2000'0176     0x2  Data  Lc  fdcan.o [2]
POS_Calc_2::theta       0x2000'01b8     0x8  Data  Lc  fdcan.o [2]
POS_Calc_2::tp_goal     0x2000'01c8     0x8  Data  Lc  fdcan.o [2]
POS_Calc_2::tp_old      0x2000'01d0     0x8  Data  Lc  fdcan.o [2]
POS_Calc_2::tq          0x2000'01c0     0x8  Data  Lc  fdcan.o [2]
Parsing_PDO              0x800'21ab    0x76  Code  Gb  fdcan.o [2]
Parsing_SDO              0x800'20c1    0xea  Code  Gb  fdcan.o [2]
PendSV_Handler           0x800'7b4d     0x2  Code  Gb  stm32g4xx_it.o [2]
QS_flag                 0x2000'02c2     0x1  Data  Gb  main.o [2]
RCC_GetSysClockFreqFromPLLSource
                         0x800'4f97    0x42  Code  Lc  stm32g4xx_hal_rcc.o [4]
RCC_IRQHandler           0x800'7b61     0x2  Code  Gb  stm32g4xx_it.o [2]
READ_STATUS              0x800'2333   0x11c  Code  Gb  fdcan.o [2]
RECV_FLAG               0x2000'03d0     0x1  Data  Gb  fdcan.o [2]
Region$$Table$$Base      0x800'7c88           --   Gb  - Linker created -
Region$$Table$$Limit     0x800'7cac           --   Gb  - Linker created -
SEND_FRAME               0x800'223f    0xd0  Code  Gb  fdcan.o [2]
SET_ANGLE_ZERO_FLAG     0x2000'02c6     0x1  Data  Gb  main.o [2]
SET_PDO                  0x800'1fd7    0x4c  Code  Gb  fdcan.o [2]
SET_SDO                  0x800'1f67    0x70  Code  Gb  fdcan.o [2]
SET_SDO_FLAG            0x2000'02ca     0x1  Data  Gb  main.o [2]
SET_ZERO_BTN            0x2000'02d7     0x1  Data  Gb  main.o [2]
SHT$$INIT_ARRAY$$Base    0x800'7e64           --   Gb  - Linker created -
SHT$$INIT_ARRAY$$Limit   0x800'7e68           --   Gb  - Linker created -
SHT$$PREINIT_ARRAY$$Base
                         0x800'7e64           --   Gb  - Linker created -
SHT$$PREINIT_ARRAY$$Limit
                         0x800'7e64           --   Gb  - Linker created -
STATUS_FLAG             0x2000'02c5     0x1  Data  Gb  main.o [2]
SVC_Handler              0x800'7b49     0x2  Code  Gb  stm32g4xx_it.o [2]
SYNC_FRAME               0x800'2221    0x1e  Code  Gb  fdcan.o [2]
S_trq1                  0x2000'52e0     0x8  Data  Gb  torque_lut.o [2]
S_trq2                  0x2000'52e8     0x8  Data  Gb  torque_lut.o [2]
Sensor_FLAG             0x2000'025b     0x1  Data  Gb  fdcan.o [2]
SysTick_Config           0x800'408f    0x2e  Code  Lc  stm32g4xx_hal_cortex.o [4]
SysTick_Handler          0x800'7b4f     0xe  Code  Gb  stm32g4xx_it.o [2]
SystemClock_Config       0x800'3347    0x76  Code  Gb  main.o [2]
SystemCoreClock         0x2000'04bc     0x4  Data  Gb  system_stm32g4xx.o [3]
SystemInit               0x800'7cad     0xc  Code  Gb  system_stm32g4xx.o [3]
TRQ_Calc                 0x800'2519   0x39a  Code  Gb  fdcan.o [2]
TRQ_Calc::theta         0x2000'0290     0x8  Data  Lc  fdcan.o [2]
TRQ_Calc::tq            0x2000'0298     0x8  Data  Lc  fdcan.o [2]
TRQ_Calc::trq_cnt_new_r
                        0x2000'025e     0x2  Data  Lc  fdcan.o [2]
TRQ_Calc::trq_cnt_old_r
                        0x2000'025c     0x2  Data  Lc  fdcan.o [2]
TRQ_Calc_2::trq_cnt_new
                        0x2000'01fa     0x2  Data  Lc  fdcan.o [2]
TRQ_Calc_2::trq_cnt_old
                        0x2000'01f8     0x2  Data  Lc  fdcan.o [2]
TRQ_OFF_FLAG            0x2000'01f1     0x1  Data  Gb  fdcan.o [2]
TRQ_OFF_FLAG_R          0x2000'0259     0x1  Data  Gb  fdcan.o [2]
TRQ_ON_FLAG             0x2000'01f0     0x1  Data  Gb  fdcan.o [2]
TRQ_ON_FLAG_R           0x2000'0258     0x1  Data  Gb  fdcan.o [2]
UARTEx_SetNbDataToProcess
                         0x800'637d    0x46  Code  Lc  stm32g4xx_hal_uart_ex.o [4]
UARTEx_SetNbDataToProcess::denominator
                         0x800'63cc     0x8  Data  Lc  stm32g4xx_hal_uart_ex.o [4]
UARTEx_SetNbDataToProcess::numerator
                         0x800'63c4     0x8  Data  Lc  stm32g4xx_hal_uart_ex.o [4]
UARTPrescTable           0x800'57b4    0x18  Data  Gb  stm32g4xx_hal_uart.o [4]
UART_AdvFeatureConfig    0x800'57cd    0xc8  Code  Gb  stm32g4xx_hal_uart.o [4]
UART_CheckIdleState      0x800'5895    0x64  Code  Gb  stm32g4xx_hal_uart.o [4]
UART_DMAAbortOnError     0x800'5c89    0x10  Code  Lc  stm32g4xx_hal_uart.o [4]
UART_DMAError            0x800'5c39    0x50  Code  Lc  stm32g4xx_hal_uart.o [4]
UART_DMAReceiveCplt      0x800'5b8d    0x92  Code  Lc  stm32g4xx_hal_uart.o [4]
UART_DMARxHalfCplt       0x800'5c21    0x18  Code  Lc  stm32g4xx_hal_uart.o [4]
UART_DMATransmitCplt     0x800'5b41    0x46  Code  Lc  stm32g4xx_hal_uart.o [4]
UART_DMATxHalfCplt       0x800'5b87     0x6  Code  Lc  stm32g4xx_hal_uart.o [4]
UART_EndRxTransfer       0x800'5ab9    0x58  Code  Lc  stm32g4xx_hal_uart.o [4]
UART_EndTransmit_IT      0x800'5c99    0x22  Code  Lc  stm32g4xx_hal_uart.o [4]
UART_EndTxTransfer       0x800'5a83    0x36  Code  Lc  stm32g4xx_hal_uart.o [4]
UART_FLAG               0x2000'02c1     0x1  Data  Gb  main.o [2]
UART_SetConfig           0x800'5519   0x296  Code  Gb  stm32g4xx_hal_uart.o [4]
UART_Start_Receive_DMA   0x800'59cf    0xb4  Code  Gb  stm32g4xx_hal_uart.o [4]
UART_WaitOnFlagUntilTimeout
                         0x800'58f9    0xd6  Code  Gb  stm32g4xx_hal_uart.o [4]
UART_cnt                0x2000'0330     0x4  Data  Gb  main.o [2]
UA_limit_angle          0x2000'01a8    0x10  Data  Gb  fdcan.o [2]
USART2_IRQHandler        0x800'7b83     0x6  Code  Gb  stm32g4xx_it.o [2]
UsageFault_Handler       0x800'7b47     0x2  Code  Gb  stm32g4xx_it.o [2]
_LitobFullNoMb           0x800'0f0d   0x10c  Code  Lc  xprintffull_nomb.o [5]
_LocaleC_isalpha         0x800'1bab     0xc  Code  Gb  xlocale_c.o [5]
_LocaleC_islower         0x800'1ba5     0x4  Code  Gb  xlocale_c.o [5]
_LocaleC_isspace         0x800'1bc1    0x14  Code  Gb  xlocale_c.o [5]
_LocaleC_isupper         0x800'1ba9     0x2  Code  Gb  xlocale_c.o [5]
_LocaleC_tolower         0x800'1bd5     0xc  Code  Gb  xlocale_c.o [5]
_Locale_lconv           0x2000'52f0    0x38  Data  Lc  xlocale_c.o [5]
_PrintfFullNoMb          0x800'01d9   0xd06  Code  Gb  xprintffull_nomb.o [5]
_PutcharFullNoMb         0x800'1071    0x20  Code  Lc  xprintffull_nomb.o [5]
_PutcharsFullNoMb        0x800'1091    0x2e  Code  Lc  xprintffull_nomb.o [5]
_SProut                  0x800'1107     0xa  Code  Gb  xsprout.o [5]
_Strtok_ssave           0x2000'56d8     0x4  Data  Lc  strtok.o [5]
__NVIC_EnableIRQ         0x800'4029    0x16  Code  Lc  stm32g4xx_hal_cortex.o [4]
__NVIC_GetPriorityGrouping
                         0x800'401f     0xa  Code  Lc  stm32g4xx_hal_cortex.o [4]
__NVIC_SetPriority       0x800'403f    0x1a  Code  Lc  stm32g4xx_hal_cortex.o [4]
__NVIC_SetPriorityGrouping
                         0x800'4005    0x1a  Code  Lc  stm32g4xx_hal_cortex.o [4]
__aeabi_cdcmpeq          0x800'6085          Code  Gb  DblCmpEq.o [7]
__aeabi_cdcmple          0x800'1311          Code  Gb  DblCmpLe.o [7]
__aeabi_cdrcmple         0x800'1345          Code  Gb  DblCmpGe.o [7]
__aeabi_d2f              0x800'4189          Code  Gb  DblToFlt.o [7]
__aeabi_d2iz             0x800'14b5          Code  Gb  DblToS32.o [7]
__aeabi_d2uiz            0x800'19b9          Code  Gb  DblToU32.o [7]
__aeabi_dadd             0x800'1511          Code  Gb  DblAddSub.o [7]
__aeabi_ddiv             0x800'1771          Code  Gb  DblDiv.o [7]
__aeabi_dmul             0x800'19f9          Code  Gb  DblMul.o [7]
__aeabi_dsub             0x800'168d          Code  Gb  DblAddSub.o [7]
__aeabi_f2d              0x800'43fd          Code  Gb  FltToDbl.o [7]
__aeabi_i2d              0x800'14ed          Code  Gb  S32ToDbl.o [7]
__aeabi_ldiv0            0x800'1e29          Code  Gb  I64DivZer.o [8]
__aeabi_memcpy           0x800'11f9          Code  Gb  ABImemcpy.o [8]
__aeabi_memcpy4          0x800'1219          Code  Gb  ABImemcpy.o [8]
__aeabi_memcpy8          0x800'1219          Code  Gb  ABImemcpy.o [8]
__aeabi_memset           0x800'67e9          Code  Gb  ABImemset.o [8]
__aeabi_memset4          0x800'3b85          Code  Gb  ABImemset48.o [8]
__aeabi_memset8          0x800'3b85          Code  Gb  ABImemset48.o [8]
__aeabi_ui2d             0x800'19dd          Code  Gb  U32ToDbl.o [7]
__aeabi_uldivmod         0x800'1bf1          Code  Gb  I64DivMod.o [8]
__call_ctors             0x800'7ced    0x18  Code  Gb  cppinit.o [5]
__cexit_clearlocks       0x800'7d2f          Code  Gb  cexit.o [8]
__cmain                  0x800'7d05          Code  Gb  cmain.o [8]
__cstart_clearlocks      0x800'7e68          Data  Gb  cstart_clearlocks.o [8]
__dlib_thread_safety_init
                         0x800'7755    0x4c  Code  Gb  dlib_lock_glue.o [1]
__exit                   0x800'1e2d    0x14  Code  Gb  exit.o [9]
__iar_Fail_s             0x800'1129    0x1c  Code  Gb  xfail_s.o [5]
__iar_Initlocks          0x800'78f1    0x36  Code  Gb  xsyslock_mtx.o [10]
__iar_Memchr             0x800'11a1          Code  Gb  memchr.o [8]
__iar_Memset             0x800'67e9          Code  Gb  ABImemset.o [8]
__iar_Memset4_word       0x800'3b8d          Code  Gb  ABImemset48.o [8]
__iar_Memset8_word       0x800'3b8d          Code  Gb  ABImemset48.o [8]
__iar_Memset_word        0x800'67f1          Code  Gb  ABImemset.o [8]
__iar_Sto32              0x800'5e11    0xec  Code  Gb  strto32.o [7]
__iar_Stoflt             0x800'6a91   0x1b8  Code  Gb  iar_Stoflt.o [5]
__iar_Stopfx             0x800'696d   0x122  Code  Gb  iar_Stopfx.o [5]
__iar_Stoulx             0x800'5f39   0x13a  Code  Gb  iar_Stoulx.o [5]
__iar_Stoxflt            0x800'6c49   0x1d2  Code  Gb  iar_Stoxflt.o [5]
__iar_Stoxflt::digits    0x800'6e20    0x18  Data  Lc  iar_Stoxflt.o [5]
__iar_Stoxflt::vals      0x800'6e38    0x18  Data  Lc  iar_Stoxflt.o [5]
__iar_Strchr             0x800'1111          Code  Gb  strchr.o [8]
__iar_clearlocks         0x800'78a9    0x48  Code  Gb  xsyslock_mtx.o [10]
__iar_cstart_call_ctors
                         0x800'7ccd    0x20  Code  Gb  cmain_call_ctors.o [8]
__iar_data_init3         0x800'7c3d    0x28  Code  Gb  data_init.o [8]
__iar_file_FOPEN_MAX     0x800'792d     0x4  Code  Gb  xfiles.o [5]
__iar_file_LockRef       0x800'7931    0x14  Code  Gb  xlockref.o [5]
__iar_file_Mtxdst        0x800'786b    0x32  Code  Gb  dlib_lock_glue.o [1]
__iar_file_Mtxinit       0x800'781f    0x4c  Code  Gb  dlib_lock_glue.o [1]
__iar_file_mtx          0x2000'56a4    0x20  Data  Gb  xfiles.o [5]
__iar_fmax64             0x800'61cd          Code  Gb  fmax.o [7]
__iar_fmin64             0x800'6189          Code  Gb  fmin.o [7]
__iar_frexp              0x800'12ad          Code  Gb  frexp.o [7]
__iar_frexp32            0x800'6861          Code  Gb  frexpf.o [7]
__iar_frexpf             0x800'6875          Code  Gb  frexpf.o [7]
__iar_frexpl             0x800'12ad          Code  Gb  frexp.o [7]
__iar_globLocale        0x2000'5328    0x48  Data  Lc  xlocale_c.o [5]
__iar_global_Locale      0x800'1be1     0x4  Code  Gb  xlocale_c.o [5]
__iar_init_vfp           0x800'7c65          Code  Gb  fpinit_M.o [7]
__iar_ldexp32            0x800'68a9          Code  Gb  ldexpf.o [7]
__iar_ldexp64            0x800'1379          Code  Gb  ldexp.o [7]
__iar_lz77_init_single3
                         0x800'7ac1    0x78  Code  Gb  lz77_init_single.o [8]
__iar_program_start      0x800'7d3d          Code  Gb  cstartup_M.o [8]
__iar_scalbln32          0x800'68a9          Code  Gb  ldexpf.o [7]
__iar_scalbln64          0x800'1379          Code  Gb  ldexp.o [7]
__iar_scalbn32           0x800'68a9          Code  Gb  ldexpf.o [7]
__iar_scalbn64           0x800'1379          Code  Gb  ldexp.o [7]
__iar_softfp___iar_frexp64
                         0x800'12a1          Code  Gb  frexp.o [7]
__iar_softfp_frexp       0x800'12a1          Code  Gb  frexp.o [7]
__iar_softfp_frexpl      0x800'12a1          Code  Gb  frexp.o [7]
__iar_system_Mtxdst      0x800'77ed    0x32  Code  Gb  dlib_lock_glue.o [1]
__iar_system_Mtxinit     0x800'77a1    0x4c  Code  Gb  dlib_lock_glue.o [1]
__iar_tls$$INIT_ARRAY$$Base
                         0x800'7e68           --   Gb  - Linker created -
__iar_tls$$INIT_ARRAY$$Limit
                         0x800'7e68           --   Gb  - Linker created -
__iar_vfp___iar_fmax64   0x800'61b9          Code  Gb  fmax.o [7]
__iar_vfp___iar_fmin64   0x800'6175          Code  Gb  fmin.o [7]
__iar_vfp_fmax           0x800'61b9          Code  Gb  fmax.o [7]
__iar_vfp_fmaxl          0x800'61b9          Code  Gb  fmax.o [7]
__iar_vfp_fmin           0x800'6175          Code  Gb  fmin.o [7]
__iar_vfp_fminl          0x800'6175          Code  Gb  fmin.o [7]
__iar_zero_init3         0x800'7c05    0x38  Code  Gb  zero_init3.o [8]
__low_level_init         0x800'7d23     0x4  Code  Gb  low_level_init.o [5]
__vector_table           0x800'0000          Data  Gb  startup_stm32g431xx.o [1]
_call_main               0x800'7d11          Code  Gb  cmain.o [8]
_exit                    0x800'7d2d          Code  Gb  cexit.o [8]
abort                    0x800'1e21     0x6  Code  Gb  abort.o [5]
ahrsDeg                 0x2000'03a8    0x20  Data  Gb  main.o [2]
ahrsRad                 0x2000'0380    0x28  Data  Gb  main.o [2]
ang2cnt                 0x2000'01e8     0x8  Data  Gb  fdcan.o [2]
arm_cos_f32              0x800'60a5    0x90  Code  Gb  arm_cos_f32.o [6]
arm_max_no_idx_f32       0x800'40fd    0x80  Code  Gb  arm_max_no_idx_f32.o [6]
assist_force            0x2000'0250     0x8  Data  Gb  fdcan.o [2]
atoi                     0x800'6079     0x2  Code  Gb  iar_Stoulx.o [5]
cnt_max                 0x2000'0172     0x2  Data  Gb  fdcan.o [2]
data_temp               0x2000'0320     0x4  Data  Gb  main.o [2]
deg2rad_1               0x2000'01d8     0x8  Data  Gb  fdcan.o [2]
digits                   0x800'7bdc    0x28  Data  Lc  iar_Stoulx.o [5]
error_res               0x2000'0324     0x8  Data  Gb  main.o [2]
exit                     0x800'7d27     0x4  Code  Gb  exit.o [5]
f1                      0x2000'0230    0x10  Data  Gb  fdcan.o [2]
f2                      0x2000'0240    0x10  Data  Gb  fdcan.o [2]
fmax                     0x800'61cd          Code  Gb  fmax.o [7]
fmaxl                    0x800'61cd          Code  Gb  fmax.o [7]
fmin                     0x800'6189          Code  Gb  fmin.o [7]
fminl                    0x800'6189          Code  Gb  fmin.o [7]
frexpf                   0x800'6861          Code  Gb  frexpf.o [7]
gear_efficiency         0x2000'0358    0x20  Data  Gb  main.o [2]
gear_ratio              0x2000'0338    0x20  Data  Gb  main.o [2]
getJointTorque           0x800'41f1   0x20c  Code  Gb  torque_lut.o [2]
hcan                    0x2000'0100    0x6c  Data  Gb  fdcan.o [2]
hdma_usart2_rx          0x2000'5470    0x60  Data  Gb  usart.o [2]
hdma_usart2_tx          0x2000'54d0    0x60  Data  Gb  usart.o [2]
hfdcan1                 0x2000'5640    0x64  Data  Gb  fdcan.o [2]
huart2                  0x2000'5530    0x90  Data  Gb  usart.o [2]
id_cnt                  0x2000'02d4     0x1  Data  Gb  main.o [2]
id_sum                  0x2000'02d3     0x1  Data  Gb  main.o [2]
id_temp                 0x2000'02cf     0x1  Data  Gb  main.o [2]
init_vcp                 0x800'47ab    0x16  Code  Gb  serial.o [2]
isalpha                  0x800'6ebd    0x14  Code  Gb  isalpha.o [5]
isspace                  0x800'6e51    0x14  Code  Gb  isspace.o [5]
ldexp                    0x800'1379          Code  Gb  ldexp.o [7]
ldexpf                   0x800'68a9          Code  Gb  ldexpf.o [7]
ldexpl                   0x800'1379          Code  Gb  ldexp.o [7]
length_temp             0x2000'02d0     0x1  Data  Gb  main.o [2]
link                    0x2000'0200    0x30  Data  Gb  fdcan.o [2]
localeconv               0x800'1be5     0x4  Code  Gb  xlocale_c.o [5]
loop_async               0x800'3779   0x200  Code  Gb  main.o [2]
loop_sync                0x800'3541   0x22e  Code  Gb  main.o [2]
loop_sync::angles_old   0x2000'0300    0x10  Data  Lc  main.o [2]
main                     0x800'3319    0x2e  Code  Gb  main.o [2]
max_timeout_cnt         0x2000'03dc     0x4  Data  Gb  fdcan.o [2]
memchr                   0x800'11a1          Code  Gb  memchr.o [8]
motor                   0x2000'0000   0x100  Data  Gb  fdcan.o [2]
mtx                     0x2000'56c4    0x10  Data  Lc  xsyslock_mtx.o [10]
ndigs                    0x800'7bb4    0x28  Data  Lc  iar_Stoulx.o [5]
node_id                 0x2000'02c0     0x1  Data  Gb  main.o [2]
object                  0x2000'0310     0x2  Data  Gb  main.o [2]
object_sub              0x2000'02da     0x2  Data  Gb  main.o [2]
pFlash                  0x2000'049c    0x20  Data  Gb  stm32g4xx_hal_flash.o [4]
parse_vcp                0x800'3493    0xaa  Code  Gb  main.o [2]
parse_vcp::deg2rad      0x2000'03c8     0x8  Data  Lc  main.o [2]
pin_state               0x2000'02cd     0x1  Data  Gb  main.o [2]
pin_state_old           0x2000'0170     0x1  Data  Gb  fdcan.o [2]
pows                     0x800'5f20    0x18  Data  Lc  strto32.o [7]
prot_info               0x2000'02d8     0x2  Data  Gb  main.o [2]
rad2cnt                 0x2000'01e0     0x8  Data  Gb  fdcan.o [2]
run_vcp                  0x800'47d5    0x9c  Code  Gb  serial.o [2]
scalbln                  0x800'1379          Code  Gb  ldexp.o [7]
scalblnf                 0x800'68a9          Code  Gb  ldexpf.o [7]
scalblnl                 0x800'1379          Code  Gb  ldexp.o [7]
scalbn                   0x800'1379          Code  Gb  ldexp.o [7]
scalbnf                  0x800'68a9          Code  Gb  ldexpf.o [7]
scalbnl                  0x800'1379          Code  Gb  ldexp.o [7]
scale                    0x800'1019    0x46  Code  Lc  xprintffull_nomb.o [5]
sec_hand                0x2000'56dc     0x4  Data  Lc  xfail_s.o [5]
serial_available         0x800'476f    0x18  Code  Gb  serial.o [2]
serial_flush             0x800'47a5     0x6  Code  Gb  serial.o [2]
serial_print             0x800'4787    0x1e  Code  Gb  serial.o [2]
serial_read              0x800'4745    0x2a  Code  Gb  serial.o [2]
serial_write             0x800'4731    0x14  Code  Gb  serial.o [2]
setup                    0x800'33bd    0xd6  Code  Gb  main.o [2]
sinTable_f32             0x800'6ed0   0x804  Data  Gb  arm_common_tables.o [6]
sprintf                  0x800'6135    0x40  Code  Gb  sprintf.o [5]
static_file_list_lock   0x2000'56d6     0x2  Data  Lc  dlib_lock_glue.o [1]
static_file_lock        0x2000'56e4    0x18  Data  Lc  dlib_lock_glue.o [1]
static_system_list_lock
                        0x2000'56d4     0x2  Data  Lc  dlib_lock_glue.o [1]
static_system_lock      0x2000'56fc     0xc  Data  Lc  dlib_lock_glue.o [1]
status                  0x2000'02d5     0x1  Data  Gb  main.o [2]
stm32_lock_acquire       0x800'76eb    0x3a  Code  Lc  dlib_lock_glue.o [1]
stm32_lock_init          0x800'76d5    0x16  Code  Lc  dlib_lock_glue.o [1]
stm32_lock_release       0x800'7725    0x30  Code  Lc  dlib_lock_glue.o [1]
strchr                   0x800'1111          Code  Gb  strchr.o [8]
strcpy                   0x800'6785          Code  Gb  strcpy.o [8]
strcspn                  0x800'6e9b    0x22  Code  Gb  strcspn.o [5]
stretch_btn_l           0x2000'0378     0x1  Data  Gb  main.o [2]
stretch_btn_r           0x2000'0379     0x1  Data  Gb  main.o [2]
strlen                   0x800'1169          Code  Gb  strlen.o [8]
strspn                   0x800'6e79    0x22  Code  Gb  strspn.o [5]
strtof                   0x800'5f19     0x6  Code  Gb  strto32.o [7]
strtok                   0x800'679d    0x4c  Code  Gb  strtok.o [5]
tick                    0x2000'031c     0x4  Data  Gb  main.o [2]
timeout                 0x2000'03d4     0x8  Data  Gb  fdcan.o [2]
timer                   0x2000'02ce     0x1  Data  Gb  main.o [2]
tolower                  0x800'6e65    0x14  Code  Gb  tolower.o [5]
torque                  0x2000'0178    0x20  Data  Gb  fdcan.o [2]
torque_flex             0x2000'0260    0x20  Data  Gb  fdcan.o [2]
torque_rigid            0x2000'02a0    0x20  Data  Gb  fdcan.o [2]
torque_selector         0x2000'025a     0x1  Data  Gb  fdcan.o [2]
tp                      0x2000'0314     0x8  Data  Gb  main.o [2]
trq1_lut                0x2000'04c0  0x2710  Data  Gb  torque_lut.o [2]
trq2_lut                0x2000'2bd0  0x2710  Data  Gb  torque_lut.o [2]
trq_offset              0x2000'02e0    0x20  Data  Gb  main.o [2]
trq_scale               0x2000'0280    0x10  Data  Gb  fdcan.o [2]
txfifoemptycheck        0x2000'56e0     0x1  Data  Gb  main.o [2]
uart2_rx_buffer         0x2000'5370   0x100  Data  Gb  usart.o [2]
uart2_tx_buffer         0x2000'55c0    0x80  Data  Gb  usart.o [2]
uwTick                  0x2000'0490     0x4  Data  Gb  stm32g4xx_hal.o [4]
uwTickFreq              0x2000'0498     0x4  Data  Gb  stm32g4xx_hal.o [4]
uwTickPrio              0x2000'0494     0x4  Data  Gb  stm32g4xx_hal.o [4]
vcp                     0x2000'03e0    0xb0  Data  Gb  serial.o [2]


[1] = C:\Users\jaesung\MRAS\Project\Exoskeleton\2023\03. Software\STM32G431KB\STM32G431KB_CAN\EWARM\STM32G431KB_CAN\Obj\Application\EWARM
[2] = C:\Users\jaesung\MRAS\Project\Exoskeleton\2023\03. Software\STM32G431KB\STM32G431KB_CAN\EWARM\STM32G431KB_CAN\Obj\Application\User\Core
[3] = C:\Users\jaesung\MRAS\Project\Exoskeleton\2023\03. Software\STM32G431KB\STM32G431KB_CAN\EWARM\STM32G431KB_CAN\Obj\Drivers\CMSIS
[4] = C:\Users\jaesung\MRAS\Project\Exoskeleton\2023\03. Software\STM32G431KB\STM32G431KB_CAN\EWARM\STM32G431KB_CAN\Obj\Drivers\STM32G4xx_HAL_Driver
[5] = dl7M_tlf.a
[6] = iar_cortexM4lf_math.a
[7] = m7M_tls.a
[8] = rt7M_tl.a
[9] = shb_l.a
[10] = th7M_tlf.a

  30'169 bytes of readonly  code memory
  21'062 bytes of readonly  data memory
  24'581 bytes of readwrite data memory

Errors: none
Warnings: none
