###############################################################################
#
# IAR ELF Linker V9.10.2.313/W64 for ARM                  14/Mar/2023  20:55:48
# Copyright 2007-2021 IAR Systems AB.
#
#    Output file  =
#        D:\STM32CubeMX_ws\STM32G431KB_TEST\EWARM\STM32G431KB_TEST\Exe\STM32G431KB_TEST.out
#    Map file     =
#        D:\STM32CubeMX_ws\STM32G431KB_TEST\EWARM\STM32G431KB_TEST\List\STM32G431KB_TEST.map
#    Command line =
#        -f
#        D:\STM32CubeMX_ws\STM32G431KB_TEST\EWARM\STM32G431KB_TEST\Exe\STM32G431KB_TEST.out.rsp
#        (D:\STM32CubeMX_ws\STM32G431KB_TEST\EWARM\STM32G431KB_TEST\Obj\Application\User\Core\dma.o
#        D:\STM32CubeMX_ws\STM32G431KB_TEST\EWARM\STM32G431KB_TEST\Obj\Application\User\Core\fdcan.o
#        D:\STM32CubeMX_ws\STM32G431KB_TEST\EWARM\STM32G431KB_TEST\Obj\Application\User\Core\gpio.o
#        D:\STM32CubeMX_ws\STM32G431KB_TEST\EWARM\STM32G431KB_TEST\Obj\Application\User\Core\main.o
#        D:\STM32CubeMX_ws\STM32G431KB_TEST\EWARM\STM32G431KB_TEST\Obj\Application\User\Core\serial.o
#        D:\STM32CubeMX_ws\STM32G431KB_TEST\EWARM\STM32G431KB_TEST\Obj\Application\EWARM\startup_stm32g431xx.o
#        D:\STM32CubeMX_ws\STM32G431KB_TEST\EWARM\STM32G431KB_TEST\Obj\Drivers\STM32G4xx_HAL_Driver\stm32g4xx_hal.o
#        D:\STM32CubeMX_ws\STM32G431KB_TEST\EWARM\STM32G431KB_TEST\Obj\Drivers\STM32G4xx_HAL_Driver\stm32g4xx_hal_cortex.o
#        D:\STM32CubeMX_ws\STM32G431KB_TEST\EWARM\STM32G431KB_TEST\Obj\Drivers\STM32G4xx_HAL_Driver\stm32g4xx_hal_dma.o
#        D:\STM32CubeMX_ws\STM32G431KB_TEST\EWARM\STM32G431KB_TEST\Obj\Drivers\STM32G4xx_HAL_Driver\stm32g4xx_hal_dma_ex.o
#        D:\STM32CubeMX_ws\STM32G431KB_TEST\EWARM\STM32G431KB_TEST\Obj\Drivers\STM32G4xx_HAL_Driver\stm32g4xx_hal_exti.o
#        D:\STM32CubeMX_ws\STM32G431KB_TEST\EWARM\STM32G431KB_TEST\Obj\Drivers\STM32G4xx_HAL_Driver\stm32g4xx_hal_fdcan.o
#        D:\STM32CubeMX_ws\STM32G431KB_TEST\EWARM\STM32G431KB_TEST\Obj\Drivers\STM32G4xx_HAL_Driver\stm32g4xx_hal_flash.o
#        D:\STM32CubeMX_ws\STM32G431KB_TEST\EWARM\STM32G431KB_TEST\Obj\Drivers\STM32G4xx_HAL_Driver\stm32g4xx_hal_flash_ex.o
#        D:\STM32CubeMX_ws\STM32G431KB_TEST\EWARM\STM32G431KB_TEST\Obj\Drivers\STM32G4xx_HAL_Driver\stm32g4xx_hal_flash_ramfunc.o
#        D:\STM32CubeMX_ws\STM32G431KB_TEST\EWARM\STM32G431KB_TEST\Obj\Drivers\STM32G4xx_HAL_Driver\stm32g4xx_hal_gpio.o
#        D:\STM32CubeMX_ws\STM32G431KB_TEST\EWARM\STM32G431KB_TEST\Obj\Application\User\Core\stm32g4xx_hal_msp.o
#        D:\STM32CubeMX_ws\STM32G431KB_TEST\EWARM\STM32G431KB_TEST\Obj\Drivers\STM32G4xx_HAL_Driver\stm32g4xx_hal_pwr.o
#        D:\STM32CubeMX_ws\STM32G431KB_TEST\EWARM\STM32G431KB_TEST\Obj\Drivers\STM32G4xx_HAL_Driver\stm32g4xx_hal_pwr_ex.o
#        D:\STM32CubeMX_ws\STM32G431KB_TEST\EWARM\STM32G431KB_TEST\Obj\Drivers\STM32G4xx_HAL_Driver\stm32g4xx_hal_rcc.o
#        D:\STM32CubeMX_ws\STM32G431KB_TEST\EWARM\STM32G431KB_TEST\Obj\Drivers\STM32G4xx_HAL_Driver\stm32g4xx_hal_rcc_ex.o
#        D:\STM32CubeMX_ws\STM32G431KB_TEST\EWARM\STM32G431KB_TEST\Obj\Drivers\STM32G4xx_HAL_Driver\stm32g4xx_hal_tim.o
#        D:\STM32CubeMX_ws\STM32G431KB_TEST\EWARM\STM32G431KB_TEST\Obj\Drivers\STM32G4xx_HAL_Driver\stm32g4xx_hal_tim_ex.o
#        D:\STM32CubeMX_ws\STM32G431KB_TEST\EWARM\STM32G431KB_TEST\Obj\Drivers\STM32G4xx_HAL_Driver\stm32g4xx_hal_uart.o
#        D:\STM32CubeMX_ws\STM32G431KB_TEST\EWARM\STM32G431KB_TEST\Obj\Drivers\STM32G4xx_HAL_Driver\stm32g4xx_hal_uart_ex.o
#        D:\STM32CubeMX_ws\STM32G431KB_TEST\EWARM\STM32G431KB_TEST\Obj\Application\User\Core\stm32g4xx_it.o
#        D:\STM32CubeMX_ws\STM32G431KB_TEST\EWARM\STM32G431KB_TEST\Obj\Drivers\CMSIS\system_stm32g4xx.o
#        D:\STM32CubeMX_ws\STM32G431KB_TEST\EWARM\STM32G431KB_TEST\Obj\Application\User\Core\usart.o
#        D:\STM32CubeMX_ws\STM32G431KB_TEST\EWARM\STM32G431KB_TEST\Obj\Application\User\Core\utility.o
#        --no_out_extension -o
#        D:\STM32CubeMX_ws\STM32G431KB_TEST\EWARM\STM32G431KB_TEST\Exe\STM32G431KB_TEST.out
#        --redirect _Printf=_PrintfFullNoMb --redirect _Scanf=_ScanfFullNoMb
#        --map
#        D:\STM32CubeMX_ws\STM32G431KB_TEST\EWARM\STM32G431KB_TEST\List\STM32G431KB_TEST.map
#        --config
#        D:\STM32CubeMX_ws\STM32G431KB_TEST\EWARM/stm32g431xx_flash.icf
#        --semihosting --entry __iar_program_start "C:\Program Files\IAR
#        Systems\Embedded Workbench
#        9.0\arm\CMSIS\Lib\IAR\iar_cortexM4lf_math.a" --vfe --text_out locale)
#
###############################################################################

*******************************************************************************
*** RUNTIME MODEL ATTRIBUTES
***

CppFlavor       = *
__SystemLibrary = DLib
__dlib_version  = 6


*******************************************************************************
*** HEAP SELECTION
***

The basic heap was selected because no calls to memory allocation
functions were found in the application outside of system library
functions, and there are calls to deallocation functions in the
application.


*******************************************************************************
*** PLACEMENT SUMMARY
***

"A0":  place at address 0x800'0000 { ro section .intvec };
"P1":  place in [from 0x800'0000 to 0x801'ffff] { ro };
define block CSTACK with size = 1K, alignment = 8 { };
define block HEAP with size = 512, alignment = 8 { };
"P2":  place in [from 0x2000'0000 to 0x2000'7fff] {
          rw, block CSTACK, block HEAP };
initialize by copy { rw };

  Section            Kind         Address    Size  Object
  -------            ----         -------    ----  ------
"A0":                                       0x1d8
  .intvec            ro code   0x800'0000   0x1d8  startup_stm32g431xx.o [1]
                             - 0x800'01d8   0x1d8

"P1":                                      0x3b4a
  .text              ro code   0x800'01d8   0xcc4  stm32g4xx_hal_uart.o [4]
  .text              ro code   0x800'0e9c   0x1d8  usart.o [2]
  .text              ro code   0x800'1074   0x460  stm32g4xx_hal_dma.o [4]
  .text              ro code   0x800'14d4     0x2  stm32g4xx_hal_uart.o [4]
  .text              ro code   0x800'14d6     0x2  stm32g4xx_hal_uart.o [4]
  .text              ro code   0x800'14d8     0x2  stm32g4xx_hal_uart_ex.o [4]
  .text              ro code   0x800'14da     0x2  stm32g4xx_hal_uart_ex.o [4]
  .text              ro code   0x800'14dc     0x2  stm32g4xx_hal_uart_ex.o [4]
  .text              ro code   0x800'14de    0x3a  packbits_init_single.o [7]
  .text              ro code   0x800'1518   0x910  stm32g4xx_hal_rcc.o [4]
  .text              ro code   0x800'1e28   0x230  I64DivMod.o [7]
  .text              ro code   0x800'2058     0xc  stm32g4xx_hal.o [4]
  .text              ro code   0x800'2064     0x2  stm32g4xx_hal_uart.o [4]
  .text              ro code   0x800'2066     0x2  stm32g4xx_hal_uart.o [4]
  .text              ro code   0x800'2068     0x2  stm32g4xx_hal_uart.o [4]
  .text              ro code   0x800'206a     0x2  stm32g4xx_hal_uart.o [4]
  .text              ro code   0x800'206c   0x220  main.o [2]
  .text              ro code   0x800'228c   0x16c  stm32g4xx_hal_uart_ex.o [4]
  .text              ro code   0x800'23f8    0x66  ABImemset.o [7]
  .text              ro code   0x800'2460   0x208  stm32g4xx_hal_gpio.o [4]
  .text              ro code   0x800'2668   0x160  stm32g4xx_hal_cortex.o [4]
  .text              ro code   0x800'27c8    0x64  stm32g4xx_hal.o [4]
  .text              ro code   0x800'282c     0x2  stm32g4xx_hal_rcc.o [4]
  .text              ro code   0x800'2830     0x2  I64DivZer.o [7]
  .text              ro code   0x800'2834    0x24  stm32g4xx_hal.o [4]
  .text              ro code   0x800'2858    0x58  dma.o [2]
  .text              ro code   0x800'28b0    0x8c  gpio.o [2]
  .text              ro code   0x800'293c   0x13c  fdcan.o [2]
  .text              ro code   0x800'2a78   0x144  stm32g4xx_hal_pwr_ex.o [4]
  .text              ro code   0x800'2bbc   0x358  stm32g4xx_hal_rcc_ex.o [4]
  .text              ro code   0x800'2f14   0x83c  stm32g4xx_hal_fdcan.o [4]
  .text              ro code   0x800'3750   0x162  serial.o [2]
  .text              ro code   0x800'38b4    0x40  stm32g4xx_hal_msp.o [2]
  .text              ro code   0x800'38f4     0x2  stm32g4xx_hal_fdcan.o [4]
  .text              ro code   0x800'38f6     0x2  stm32g4xx_hal_fdcan.o [4]
  .text              ro code   0x800'38f8     0x2  stm32g4xx_hal_fdcan.o [4]
  .text              ro code   0x800'38fa     0x2  stm32g4xx_hal_fdcan.o [4]
  .text              ro code   0x800'38fc     0x2  stm32g4xx_hal_fdcan.o [4]
  .text              ro code   0x800'38fe     0x2  stm32g4xx_hal_fdcan.o [4]
  .text              ro code   0x800'3900     0x2  stm32g4xx_hal_fdcan.o [4]
  .text              ro code   0x800'3902     0x2  stm32g4xx_hal_fdcan.o [4]
  .text              ro code   0x800'3904     0x2  stm32g4xx_hal_fdcan.o [4]
  .text              ro code   0x800'3906     0x2  stm32g4xx_hal_fdcan.o [4]
  .text              ro code   0x800'3908    0x18  strcpy.o [7]
  .text              ro code   0x800'3920    0x36  strlen.o [7]
  .text              ro code   0x800'3958    0x4c  strtok.o [5]
  .text              ro code   0x800'39a4    0x22  strspn.o [5]
  .text              ro code   0x800'39c6    0x22  strcspn.o [5]
  .text              ro code   0x800'39e8    0x5c  stm32g4xx_it.o [2]
  .text              ro code   0x800'3a44    0x18  stm32g4xx_hal.o [4]
  .text              ro code   0x800'3a5c    0x38  zero_init3.o [7]
  .text              ro code   0x800'3a94    0x28  data_init.o [7]
  .text              ro code   0x800'3abc    0x22  fpinit_M.o [6]
  .iar.init_table    const     0x800'3ae0    0x20  - Linker created -
  .text              ro code   0x800'3b00    0x1e  cmain.o [7]
  .text              ro code   0x800'3b1e     0x4  low_level_init.o [5]
  .text              ro code   0x800'3b22     0x4  exit.o [5]
  .text              ro code   0x800'3b28     0xa  cexit.o [7]
  .text              ro code   0x800'3b34    0x14  exit.o [8]
  .text              ro code   0x800'3b48    0x1c  cstartup_M.o [7]
  .rodata            const     0x800'3b64    0x18  stm32g4xx_hal_uart.o [4]
  .text              ro code   0x800'3b7c    0x14  system_stm32g4xx.o [3]
  .rodata            const     0x800'3b90    0x10  main.o [2]
  .rodata            const     0x800'3ba0    0x10  stm32g4xx_hal_fdcan.o [4]
  .rodata            const     0x800'3bb0    0x10  system_stm32g4xx.o [3]
  .text              ro code   0x800'3bc0    0x10  startup_stm32g431xx.o [1]
  .rodata            const     0x800'3bd0     0x8  stm32g4xx_hal_uart_ex.o [4]
  .rodata            const     0x800'3bd8     0x8  stm32g4xx_hal_uart_ex.o [4]
  .rodata            const     0x800'3be0     0x8  system_stm32g4xx.o [3]
  .rodata            const     0x800'3be8     0x4  serial.o [2]
  .text              ro code   0x800'3bec     0x4  startup_stm32g431xx.o [1]
  .text              ro code   0x800'3bf0     0x4  startup_stm32g431xx.o [1]
  .text              ro code   0x800'3bf4     0x4  startup_stm32g431xx.o [1]
  .text              ro code   0x800'3bf8     0x4  startup_stm32g431xx.o [1]
  .text              ro code   0x800'3bfc     0x4  startup_stm32g431xx.o [1]
  .text              ro code   0x800'3c00     0x4  startup_stm32g431xx.o [1]
  .text              ro code   0x800'3c04     0x4  startup_stm32g431xx.o [1]
  .text              ro code   0x800'3c08     0x4  startup_stm32g431xx.o [1]
  .text              ro code   0x800'3c0c     0x4  startup_stm32g431xx.o [1]
  .text              ro code   0x800'3c10     0x4  startup_stm32g431xx.o [1]
  .text              ro code   0x800'3c14     0x4  startup_stm32g431xx.o [1]
  .text              ro code   0x800'3c18     0x4  startup_stm32g431xx.o [1]
  .text              ro code   0x800'3c1c     0x4  startup_stm32g431xx.o [1]
  .text              ro code   0x800'3c20     0x4  startup_stm32g431xx.o [1]
  .text              ro code   0x800'3c24     0x4  startup_stm32g431xx.o [1]
  .text              ro code   0x800'3c28     0x4  startup_stm32g431xx.o [1]
  .text              ro code   0x800'3c2c     0x4  startup_stm32g431xx.o [1]
  .text              ro code   0x800'3c30     0x4  startup_stm32g431xx.o [1]
  .text              ro code   0x800'3c34     0x4  startup_stm32g431xx.o [1]
  .text              ro code   0x800'3c38     0x4  startup_stm32g431xx.o [1]
  .text              ro code   0x800'3c3c     0x4  startup_stm32g431xx.o [1]
  .text              ro code   0x800'3c40     0x4  startup_stm32g431xx.o [1]
  .text              ro code   0x800'3c44     0x4  startup_stm32g431xx.o [1]
  .text              ro code   0x800'3c48     0x4  startup_stm32g431xx.o [1]
  .text              ro code   0x800'3c4c     0x4  startup_stm32g431xx.o [1]
  .text              ro code   0x800'3c50     0x4  startup_stm32g431xx.o [1]
  .text              ro code   0x800'3c54     0x4  startup_stm32g431xx.o [1]
  .text              ro code   0x800'3c58     0x4  startup_stm32g431xx.o [1]
  .text              ro code   0x800'3c5c     0x4  startup_stm32g431xx.o [1]
  .text              ro code   0x800'3c60     0x4  startup_stm32g431xx.o [1]
  .text              ro code   0x800'3c64     0x4  startup_stm32g431xx.o [1]
  .text              ro code   0x800'3c68     0x4  startup_stm32g431xx.o [1]
  .text              ro code   0x800'3c6c     0x4  startup_stm32g431xx.o [1]
  .text              ro code   0x800'3c70     0x4  startup_stm32g431xx.o [1]
  .text              ro code   0x800'3c74     0x4  startup_stm32g431xx.o [1]
  .text              ro code   0x800'3c78     0x4  startup_stm32g431xx.o [1]
  .text              ro code   0x800'3c7c     0x4  startup_stm32g431xx.o [1]
  .text              ro code   0x800'3c80     0x4  startup_stm32g431xx.o [1]
  .text              ro code   0x800'3c84     0x4  startup_stm32g431xx.o [1]
  .text              ro code   0x800'3c88     0x4  startup_stm32g431xx.o [1]
  .text              ro code   0x800'3c8c     0x4  startup_stm32g431xx.o [1]
  .text              ro code   0x800'3c90     0x4  startup_stm32g431xx.o [1]
  .text              ro code   0x800'3c94     0x4  startup_stm32g431xx.o [1]
  .text              ro code   0x800'3c98     0x4  startup_stm32g431xx.o [1]
  .text              ro code   0x800'3c9c     0x4  startup_stm32g431xx.o [1]
  .text              ro code   0x800'3ca0     0x4  startup_stm32g431xx.o [1]
  .text              ro code   0x800'3ca4     0x4  startup_stm32g431xx.o [1]
  .text              ro code   0x800'3ca8     0x4  startup_stm32g431xx.o [1]
  .text              ro code   0x800'3cac     0x4  startup_stm32g431xx.o [1]
  .text              ro code   0x800'3cb0     0x4  startup_stm32g431xx.o [1]
  .text              ro code   0x800'3cb4     0x4  startup_stm32g431xx.o [1]
  .text              ro code   0x800'3cb8     0x4  startup_stm32g431xx.o [1]
  .text              ro code   0x800'3cbc     0x4  startup_stm32g431xx.o [1]
  .text              ro code   0x800'3cc0     0x4  startup_stm32g431xx.o [1]
  .text              ro code   0x800'3cc4     0x4  startup_stm32g431xx.o [1]
  .text              ro code   0x800'3cc8     0x4  startup_stm32g431xx.o [1]
  .text              ro code   0x800'3ccc     0x4  startup_stm32g431xx.o [1]
  .text              ro code   0x800'3cd0     0x4  startup_stm32g431xx.o [1]
  .text              ro code   0x800'3cd4     0x4  startup_stm32g431xx.o [1]
  .text              ro code   0x800'3cd8     0x4  startup_stm32g431xx.o [1]
  .text              ro code   0x800'3cdc     0x4  startup_stm32g431xx.o [1]
  .text              ro code   0x800'3ce0     0x4  startup_stm32g431xx.o [1]
  .text              ro code   0x800'3ce4     0x4  startup_stm32g431xx.o [1]
  .text              ro code   0x800'3ce8     0x4  startup_stm32g431xx.o [1]
  .text              ro code   0x800'3cec     0x4  startup_stm32g431xx.o [1]
  .text              ro code   0x800'3cf0     0x4  startup_stm32g431xx.o [1]
  .rodata            const     0x800'3cf4     0x0  zero_init3.o [7]
  .rodata            const     0x800'3cf4     0x0  packbits_init_single.o [7]
  Initializer bytes  const     0x800'3cf4    0x2e  <for P2-1>
                             - 0x800'3d22  0x3b4a

"P2", part 1 of 3:                          0x128
  P2-1                        0x2000'0000   0x128  <Init block>
    .data            inited   0x2000'0000    0x6c  fdcan.o [2]
    .data            inited   0x2000'006c    0xb0  serial.o [2]
    .data            inited   0x2000'011c     0x4  stm32g4xx_hal.o [4]
    .data            inited   0x2000'0120     0x4  stm32g4xx_hal.o [4]
    .data            inited   0x2000'0124     0x4  system_stm32g4xx.o [3]
                            - 0x2000'0128   0x128

"P2", part 2 of 3:                          0x344
  .bss               zero     0x2000'0128   0x100  usart.o [2]
  .bss               zero     0x2000'0228    0x90  usart.o [2]
  .bss               zero     0x2000'02b8    0x80  usart.o [2]
  .bss               zero     0x2000'0338    0x64  fdcan.o [2]
  .bss               zero     0x2000'039c    0x60  usart.o [2]
  .bss               zero     0x2000'03fc    0x60  usart.o [2]
  .bss               zero     0x2000'045c     0x4  main.o [2]
  .bss               zero     0x2000'0460     0x4  main.o [2]
  .bss               zero     0x2000'0464     0x4  stm32g4xx_hal.o [4]
  .bss               zero     0x2000'0468     0x4  strtok.o [5]
                            - 0x2000'046c   0x344

"P2", part 3 of 3:                          0x400
  CSTACK                      0x2000'0470   0x400  <Block>
    CSTACK           uninit   0x2000'0470   0x400  <Block tail>
                            - 0x2000'0870   0x400

Unused ranges:

         From           To      Size
         ----           --      ----
   0x800'3d22   0x801'ffff  0x1'c2de
  0x2000'046c  0x2000'046f       0x4
  0x2000'0870  0x2000'7fff    0x7790


*******************************************************************************
*** INIT TABLE
***

          Address      Size
          -------      ----
Zero (__iar_zero_init3)
    1 destination range, total size 0x344:
          0x2000'0128  0x344

Copy/packbits (__iar_packbits_init_single3)
    1 source range, total size 0x2e (15% of destination):
           0x800'3cf4   0x2e
    1 destination range, total size 0x128:
          0x2000'0000  0x128



*******************************************************************************
*** MODULE SUMMARY
***

    Module                   ro code  ro data  rw data
    ------                   -------  -------  -------
command line/config:
    --------------------------------------------------
    Total:

D:\STM32CubeMX_ws\STM32G431KB_TEST\EWARM\STM32G431KB_TEST\Obj\Application\EWARM: [1]
    startup_stm32g431xx.o        752
    --------------------------------------------------
    Total:                       752

D:\STM32CubeMX_ws\STM32G431KB_TEST\EWARM\STM32G431KB_TEST\Obj\Application\User\Core: [2]
    dma.o                         88
    fdcan.o                      316       16      208
    gpio.o                       140
    main.o                       544       16        8
    serial.o                     354       32      176
    stm32g4xx_hal_msp.o           64
    stm32g4xx_it.o                92
    usart.o                      472               720
    --------------------------------------------------
    Total:                     2'070       64    1'112

D:\STM32CubeMX_ws\STM32G431KB_TEST\EWARM\STM32G431KB_TEST\Obj\Drivers\CMSIS: [3]
    system_stm32g4xx.o            20       25        4
    --------------------------------------------------
    Total:                        20       25        4

D:\STM32CubeMX_ws\STM32G431KB_TEST\EWARM\STM32G431KB_TEST\Obj\Drivers\STM32G4xx_HAL_Driver: [4]
    stm32g4xx_hal.o              172        1       12
    stm32g4xx_hal_cortex.o       352
    stm32g4xx_hal_dma.o        1'120
    stm32g4xx_hal_fdcan.o      2'128       16
    stm32g4xx_hal_gpio.o         520
    stm32g4xx_hal_pwr_ex.o       324
    stm32g4xx_hal_rcc.o        2'322
    stm32g4xx_hal_rcc_ex.o       856
    stm32g4xx_hal_uart.o       3'280       24
    stm32g4xx_hal_uart_ex.o      370       16
    --------------------------------------------------
    Total:                    11'444       57       12

dl7M_tlf.a: [5]
    exit.o                         4
    low_level_init.o               4
    strcspn.o                     34
    strspn.o                      34
    strtok.o                      76                 4
    --------------------------------------------------
    Total:                       152                 4

m7M_tls.a: [6]
    fpinit_M.o                    34
    --------------------------------------------------
    Total:                        34

rt7M_tl.a: [7]
    ABImemset.o                  102
    I64DivMod.o                  560
    I64DivZer.o                    2
    cexit.o                       10
    cmain.o                       30
    cstartup_M.o                  28
    data_init.o                   40
    packbits_init_single.o        58
    strcpy.o                      24
    strlen.o                      54
    zero_init3.o                  56
    --------------------------------------------------
    Total:                       964

shb_l.a: [8]
    exit.o                        20
    --------------------------------------------------
    Total:                        20

    Gaps                          14        2
    Linker created                         32    1'024
------------------------------------------------------
    Grand Total:              15'470      180    2'156


*******************************************************************************
*** ENTRY LIST
***

Entry                       Address   Size  Type      Object
-----                       -------   ----  ----      ------
.iar.init_table$$Base    0x800'3ae0          --   Gb  - Linker created -
.iar.init_table$$Limit   0x800'3b00          --   Gb  - Linker created -
?main                    0x800'3b01         Code  Gb  cmain.o [7]
AHBPrescTable            0x800'3bb0   0x10  Data  Gb  system_stm32g4xx.o [3]
APBPrescTable            0x800'3be0    0x8  Data  Gb  system_stm32g4xx.o [3]
BusFault_Handler         0x800'39f5    0x2  Code  Gb  stm32g4xx_it.o [2]
CSTACK$$Base            0x2000'0470          --   Gb  - Linker created -
CSTACK$$Limit           0x2000'0870          --   Gb  - Linker created -
DLCtoBytes               0x800'3ba0   0x10  Data  Lc  stm32g4xx_hal_fdcan.o [4]
DMA1_Channel1_IRQHandler
                         0x800'3a0b    0xa  Code  Gb  stm32g4xx_it.o [2]
DMA1_Channel2_IRQHandler
                         0x800'3a15    0xa  Code  Gb  stm32g4xx_it.o [2]
DMA_CalcDMAMUXChannelBaseAndMask
                         0x800'144d   0x3c  Code  Lc  stm32g4xx_hal_dma.o [4]
DMA_CalcDMAMUXRequestGenBaseAndMask
                         0x800'1489   0x22  Code  Lc  stm32g4xx_hal_dma.o [4]
DMA_SetConfig            0x800'1409   0x44  Code  Lc  stm32g4xx_hal_dma.o [4]
DebugMon_Handler         0x800'39fb    0x2  Code  Gb  stm32g4xx_it.o [2]
Error_Handler            0x800'2289    0x4  Code  Gb  main.o [2]
FDCAN1_IT0_IRQHandler    0x800'3a1f    0xa  Code  Gb  stm32g4xx_it.o [2]
FDCAN_CalcultateRamBlockAddresses
                         0x800'3653   0x62  Code  Lc  stm32g4xx_hal_fdcan.o [4]
FDCAN_CopyMessageToRAM   0x800'36b5   0x94  Code  Lc  stm32g4xx_hal_fdcan.o [4]
HAL_DMA_Abort            0x800'120b   0x78  Code  Gb  stm32g4xx_hal_dma.o [4]
HAL_DMA_Abort_IT         0x800'1283   0x94  Code  Gb  stm32g4xx_hal_dma.o [4]
HAL_DMA_IRQHandler       0x800'1317   0xf2  Code  Gb  stm32g4xx_hal_dma.o [4]
HAL_DMA_Init             0x800'1075   0xd8  Code  Gb  stm32g4xx_hal_dma.o [4]
HAL_DMA_Start_IT         0x800'114d   0xbe  Code  Gb  stm32g4xx_hal_dma.o [4]
HAL_FDCAN_ActivateNotification
                         0x800'334f  0x104  Code  Gb  stm32g4xx_hal_fdcan.o [4]
HAL_FDCAN_AddMessageToTxFifoQ
                         0x800'31bd   0x62  Code  Gb  stm32g4xx_hal_fdcan.o [4]
HAL_FDCAN_ConfigFilter   0x800'311d   0x70  Code  Gb  stm32g4xx_hal_fdcan.o [4]
HAL_FDCAN_ErrorCallback
                         0x800'3907    0x2  Code  Gb  stm32g4xx_hal_fdcan.o [4]
HAL_FDCAN_ErrorStatusCallback
                         0x800'3905    0x2  Code  Gb  stm32g4xx_hal_fdcan.o [4]
HAL_FDCAN_GetRxMessage   0x800'321f  0x118  Code  Gb  stm32g4xx_hal_fdcan.o [4]
HAL_FDCAN_GetTxFifoFreeLevel
                         0x800'3341    0xe  Code  Gb  stm32g4xx_hal_fdcan.o [4]
HAL_FDCAN_HighPriorityMessageCallback
                         0x800'38f5    0x2  Code  Gb  stm32g4xx_hal_fdcan.o [4]
HAL_FDCAN_IRQHandler     0x800'3453  0x200  Code  Gb  stm32g4xx_hal_fdcan.o [4]
HAL_FDCAN_Init           0x800'2f15  0x208  Code  Gb  stm32g4xx_hal_fdcan.o [4]
HAL_FDCAN_MspInit        0x800'29e9   0x7e  Code  Gb  fdcan.o [2]
HAL_FDCAN_RxFifo0Callback
                         0x800'2227   0x34  Code  Gb  main.o [2]
HAL_FDCAN_RxFifo1Callback
                         0x800'38fb    0x2  Code  Gb  stm32g4xx_hal_fdcan.o [4]
HAL_FDCAN_Start          0x800'318d   0x30  Code  Gb  stm32g4xx_hal_fdcan.o [4]
HAL_FDCAN_TimeoutOccurredCallback
                         0x800'3903    0x2  Code  Gb  stm32g4xx_hal_fdcan.o [4]
HAL_FDCAN_TimestampWraparoundCallback
                         0x800'3901    0x2  Code  Gb  stm32g4xx_hal_fdcan.o [4]
HAL_FDCAN_TxBufferAbortCallback
                         0x800'38f7    0x2  Code  Gb  stm32g4xx_hal_fdcan.o [4]
HAL_FDCAN_TxBufferCompleteCallback
                         0x800'38ff    0x2  Code  Gb  stm32g4xx_hal_fdcan.o [4]
HAL_FDCAN_TxEventFifoCallback
                         0x800'38f9    0x2  Code  Gb  stm32g4xx_hal_fdcan.o [4]
HAL_FDCAN_TxFifoEmptyCallback
                         0x800'38fd    0x2  Code  Gb  stm32g4xx_hal_fdcan.o [4]
HAL_GPIO_Init            0x800'2461  0x1c2  Code  Gb  stm32g4xx_hal_gpio.o [4]
HAL_GPIO_WritePin        0x800'2623   0x18  Code  Gb  stm32g4xx_hal_gpio.o [4]
HAL_GetTick              0x800'2059    0xc  Code  Gb  stm32g4xx_hal.o [4]
HAL_IncTick              0x800'3a45   0x18  Code  Gb  stm32g4xx_hal.o [4]
HAL_Init                 0x800'2835   0x24  Code  Gb  stm32g4xx_hal.o [4]
HAL_InitTick             0x800'27c9   0x64  Code  Gb  stm32g4xx_hal.o [4]
HAL_MspInit              0x800'38b5   0x40  Code  Gb  stm32g4xx_hal_msp.o [2]
HAL_NVIC_EnableIRQ       0x800'2785    0xe  Code  Gb  stm32g4xx_hal_cortex.o [4]
HAL_NVIC_SetPriority     0x800'2761   0x24  Code  Gb  stm32g4xx_hal_cortex.o [4]
HAL_NVIC_SetPriorityGrouping
                         0x800'2755    0xc  Code  Gb  stm32g4xx_hal_cortex.o [4]
HAL_PWREx_ControlVoltageScaling
                         0x800'2a79  0x11c  Code  Gb  stm32g4xx_hal_pwr_ex.o [4]
HAL_PWREx_DisableUCPDDeadBattery
                         0x800'2b95    0xe  Code  Gb  stm32g4xx_hal_pwr_ex.o [4]
HAL_RCCEx_PeriphCLKConfig
                         0x800'2bbd  0x342  Code  Gb  stm32g4xx_hal_rcc_ex.o [4]
HAL_RCC_CSSCallback      0x800'282d    0x2  Code  Gb  stm32g4xx_hal_rcc.o [4]
HAL_RCC_ClockConfig      0x800'1a73  0x228  Code  Gb  stm32g4xx_hal_rcc.o [4]
HAL_RCC_EnableCSS        0x800'1d5d    0xe  Code  Gb  stm32g4xx_hal_rcc.o [4]
HAL_RCC_GetHCLKFreq      0x800'1d23    0x6  Code  Gb  stm32g4xx_hal_rcc.o [4]
HAL_RCC_GetPCLK1Freq     0x800'1d29   0x1a  Code  Gb  stm32g4xx_hal_rcc.o [4]
HAL_RCC_GetPCLK2Freq     0x800'1d43   0x1a  Code  Gb  stm32g4xx_hal_rcc.o [4]
HAL_RCC_GetSysClockFreq
                         0x800'1c9b   0x88  Code  Gb  stm32g4xx_hal_rcc.o [4]
HAL_RCC_NMI_IRQHandler   0x800'1d6b   0x18  Code  Gb  stm32g4xx_hal_rcc.o [4]
HAL_RCC_OscConfig        0x800'1519  0x55a  Code  Gb  stm32g4xx_hal_rcc.o [4]
HAL_SYSTICK_Callback     0x800'2281    0x8  Code  Gb  main.o [2]
HAL_SYSTICK_Config       0x800'2793    0xc  Code  Gb  stm32g4xx_hal_cortex.o [4]
HAL_SYSTICK_IRQHandler   0x800'279f    0x8  Code  Gb  stm32g4xx_hal_cortex.o [4]
HAL_UARTEx_DisableFifoMode
                         0x800'228d   0x46  Code  Gb  stm32g4xx_hal_uart_ex.o [4]
HAL_UARTEx_RxEventCallback
                         0x800'14d7    0x2  Code  Gb  stm32g4xx_hal_uart.o [4]
HAL_UARTEx_RxFifoFullCallback
                         0x800'14dd    0x2  Code  Gb  stm32g4xx_hal_uart_ex.o [4]
HAL_UARTEx_SetRxFifoThreshold
                         0x800'2329   0x56  Code  Gb  stm32g4xx_hal_uart_ex.o [4]
HAL_UARTEx_SetTxFifoThreshold
                         0x800'22d3   0x56  Code  Gb  stm32g4xx_hal_uart_ex.o [4]
HAL_UARTEx_TxFifoEmptyCallback
                         0x800'14db    0x2  Code  Gb  stm32g4xx_hal_uart_ex.o [4]
HAL_UARTEx_WakeupCallback
                         0x800'14d9    0x2  Code  Gb  stm32g4xx_hal_uart_ex.o [4]
HAL_UART_ErrorCallback   0x800'14d5    0x2  Code  Gb  stm32g4xx_hal_uart.o [4]
HAL_UART_IRQHandler      0x800'0375  0x2f0  Code  Gb  stm32g4xx_hal_uart.o [4]
HAL_UART_Init            0x800'01d9   0x7e  Code  Gb  stm32g4xx_hal_uart.o [4]
HAL_UART_MspInit         0x800'0f21  0x134  Code  Gb  usart.o [2]
HAL_UART_Receive_DMA     0x800'030f   0x66  Code  Gb  stm32g4xx_hal_uart.o [4]
HAL_UART_RxCpltCallback
                         0x800'2069    0x2  Code  Gb  stm32g4xx_hal_uart.o [4]
HAL_UART_RxHalfCpltCallback
                         0x800'206b    0x2  Code  Gb  stm32g4xx_hal_uart.o [4]
HAL_UART_Transmit_DMA    0x800'0257   0xb8  Code  Gb  stm32g4xx_hal_uart.o [4]
HAL_UART_TxCpltCallback
                         0x800'2065    0x2  Code  Gb  stm32g4xx_hal_uart.o [4]
HAL_UART_TxHalfCpltCallback
                         0x800'2067    0x2  Code  Gb  stm32g4xx_hal_uart.o [4]
HardFault_Handler        0x800'39f1    0x2  Code  Gb  stm32g4xx_it.o [2]
MX_DMA_Init              0x800'2859   0x58  Code  Gb  dma.o [2]
MX_FDCAN1_Init           0x800'293d   0xac  Code  Gb  fdcan.o [2]
MX_GPIO_Init             0x800'28b1   0x8c  Code  Gb  gpio.o [2]
MX_USART2_UART_Init      0x800'0e9d   0x84  Code  Gb  usart.o [2]
MemManage_Handler        0x800'39f3    0x2  Code  Gb  stm32g4xx_it.o [2]
NMI_Handler              0x800'39e9    0x8  Code  Gb  stm32g4xx_it.o [2]
NVIC_EncodePriority      0x800'26e3   0x42  Code  Lc  stm32g4xx_hal_cortex.o [4]
PendSV_Handler           0x800'39fd    0x2  Code  Gb  stm32g4xx_it.o [2]
RCC_GetSysClockFreqFromPLLSource
                         0x800'1d83   0x4e  Code  Lc  stm32g4xx_hal_rcc.o [4]
Region$$Table$$Base      0x800'3ae0          --   Gb  - Linker created -
Region$$Table$$Limit     0x800'3b00          --   Gb  - Linker created -
SVC_Handler              0x800'39f9    0x2  Code  Gb  stm32g4xx_it.o [2]
SysTick_Config           0x800'2725   0x30  Code  Lc  stm32g4xx_hal_cortex.o [4]
SysTick_Handler          0x800'39ff    0xc  Code  Gb  stm32g4xx_it.o [2]
SystemClock_Config       0x800'2091   0xae  Code  Gb  main.o [2]
SystemCoreClock         0x2000'0124    0x4  Data  Gb  system_stm32g4xx.o [3]
SystemInit               0x800'3b7d    0xe  Code  Gb  system_stm32g4xx.o [3]
UARTEx_SetNbDataToProcess
                         0x800'237f   0x72  Code  Lc  stm32g4xx_hal_uart_ex.o [4]
UARTEx_SetNbDataToProcess::denominator
                         0x800'3bd8    0x8  Data  Lc  stm32g4xx_hal_uart_ex.o [4]
UARTEx_SetNbDataToProcess::numerator
                         0x800'3bd0    0x8  Data  Lc  stm32g4xx_hal_uart_ex.o [4]
UARTPrescTable           0x800'3b64   0x18  Data  Gb  stm32g4xx_hal_uart.o [4]
UART_AdvFeatureConfig    0x800'0a0d   0xda  Code  Gb  stm32g4xx_hal_uart.o [4]
UART_CheckIdleState      0x800'0ae7   0x72  Code  Gb  stm32g4xx_hal_uart.o [4]
UART_DMAAbortOnError     0x800'0e53   0x1a  Code  Lc  stm32g4xx_hal_uart.o [4]
UART_DMAError            0x800'0e01   0x52  Code  Lc  stm32g4xx_hal_uart.o [4]
UART_DMAReceiveCplt      0x800'0d71   0x6a  Code  Lc  stm32g4xx_hal_uart.o [4]
UART_DMARxHalfCplt       0x800'0ddd   0x24  Code  Lc  stm32g4xx_hal_uart.o [4]
UART_DMATransmitCplt     0x800'0d2d   0x36  Code  Lc  stm32g4xx_hal_uart.o [4]
UART_DMATxHalfCplt       0x800'0d63    0xe  Code  Lc  stm32g4xx_hal_uart.o [4]
UART_EndRxTransfer       0x800'0ccb   0x3c  Code  Lc  stm32g4xx_hal_uart.o [4]
UART_EndTransmit_IT      0x800'0e6d   0x22  Code  Lc  stm32g4xx_hal_uart.o [4]
UART_EndTxTransfer       0x800'0cab   0x20  Code  Lc  stm32g4xx_hal_uart.o [4]
UART_SetConfig           0x800'0675  0x38c  Code  Gb  stm32g4xx_hal_uart.o [4]
UART_Start_Receive_DMA   0x800'0c13   0x98  Code  Gb  stm32g4xx_hal_uart.o [4]
UART_WaitOnFlagUntilTimeout
                         0x800'0b59   0xba  Code  Gb  stm32g4xx_hal_uart.o [4]
USART2_IRQHandler        0x800'3a29    0xa  Code  Gb  stm32g4xx_it.o [2]
UsageFault_Handler       0x800'39f7    0x2  Code  Gb  stm32g4xx_it.o [2]
_Strtok_ssave           0x2000'0468    0x4  Data  Lc  strtok.o [5]
__NVIC_EnableIRQ         0x800'2699   0x1e  Code  Lc  stm32g4xx_hal_cortex.o [4]
__NVIC_GetPriorityGrouping
                         0x800'268b    0xc  Code  Lc  stm32g4xx_hal_cortex.o [4]
__NVIC_SetPriority       0x800'26b7   0x2c  Code  Lc  stm32g4xx_hal_cortex.o [4]
__NVIC_SetPriorityGrouping
                         0x800'2669   0x22  Code  Lc  stm32g4xx_hal_cortex.o [4]
__aeabi_ldiv0            0x800'2831         Code  Gb  I64DivZer.o [7]
__aeabi_memset           0x800'23f9         Code  Gb  ABImemset.o [7]
__aeabi_uldivmod         0x800'1e29         Code  Gb  I64DivMod.o [7]
__cmain                  0x800'3b01         Code  Gb  cmain.o [7]
__exit                   0x800'3b35   0x14  Code  Gb  exit.o [8]
__iar_Memset             0x800'23f9         Code  Gb  ABImemset.o [7]
__iar_Memset_word        0x800'2401         Code  Gb  ABImemset.o [7]
__iar_data_init3         0x800'3a95   0x28  Code  Gb  data_init.o [7]
__iar_init_vfp           0x800'3abd         Code  Gb  fpinit_M.o [6]
__iar_packbits_init_single3
                         0x800'14df   0x3a  Code  Gb  packbits_init_single.o [7]
__iar_program_start      0x800'3b49         Code  Gb  cstartup_M.o [7]
__iar_zero_init3         0x800'3a5d   0x38  Code  Gb  zero_init3.o [7]
__low_level_init         0x800'3b1f    0x4  Code  Gb  low_level_init.o [5]
__vector_table           0x800'0000         Data  Gb  startup_stm32g431xx.o [1]
_call_main               0x800'3b0d         Code  Gb  cmain.o [7]
_exit                    0x800'3b29         Code  Gb  cexit.o [7]
cnt                     0x2000'045c    0x4  Data  Gb  main.o [2]
exit                     0x800'3b23    0x4  Code  Gb  exit.o [5]
hcan                    0x2000'0000   0x6c  Data  Gb  fdcan.o [2]
hdma_usart2_rx          0x2000'039c   0x60  Data  Gb  usart.o [2]
hdma_usart2_tx          0x2000'03fc   0x60  Data  Gb  usart.o [2]
hfdcan1                 0x2000'0338   0x64  Data  Gb  fdcan.o [2]
huart2                  0x2000'0228   0x90  Data  Gb  usart.o [2]
init_vcp                 0x800'37eb   0x16  Code  Gb  serial.o [2]
loop_async               0x800'2217    0xe  Code  Gb  main.o [2]
loop_sync                0x800'21c9   0x4e  Code  Gb  main.o [2]
main                     0x800'206d   0x24  Code  Gb  main.o [2]
parse_vcp                0x800'2225    0x2  Code  Gb  main.o [2]
run_vcp                  0x800'3815   0x9e  Code  Gb  serial.o [2]
serial_available         0x800'37ab   0x20  Code  Gb  serial.o [2]
serial_print             0x800'37cb   0x20  Code  Gb  serial.o [2]
serial_read              0x800'376f   0x3c  Code  Gb  serial.o [2]
serial_write             0x800'3751   0x1e  Code  Gb  serial.o [2]
setup                    0x800'213f   0x8a  Code  Gb  main.o [2]
strcpy                   0x800'3909         Code  Gb  strcpy.o [7]
strcspn                  0x800'39c7   0x22  Code  Gb  strcspn.o [5]
strlen                   0x800'3921         Code  Gb  strlen.o [7]
strspn                   0x800'39a5   0x22  Code  Gb  strspn.o [5]
strtok                   0x800'3959   0x4c  Code  Gb  strtok.o [5]
tmp                     0x2000'0460    0x4  Data  Gb  main.o [2]
uart2_rx_buffer         0x2000'0128  0x100  Data  Gb  usart.o [2]
uart2_tx_buffer         0x2000'02b8   0x80  Data  Gb  usart.o [2]
uwTick                  0x2000'0464    0x4  Data  Gb  stm32g4xx_hal.o [4]
uwTickFreq              0x2000'0120    0x4  Data  Gb  stm32g4xx_hal.o [4]
uwTickPrio              0x2000'011c    0x4  Data  Gb  stm32g4xx_hal.o [4]
vcp                     0x2000'006c   0xb0  Data  Gb  serial.o [2]


[1] = D:\STM32CubeMX_ws\STM32G431KB_TEST\EWARM\STM32G431KB_TEST\Obj\Application\EWARM
[2] = D:\STM32CubeMX_ws\STM32G431KB_TEST\EWARM\STM32G431KB_TEST\Obj\Application\User\Core
[3] = D:\STM32CubeMX_ws\STM32G431KB_TEST\EWARM\STM32G431KB_TEST\Obj\Drivers\CMSIS
[4] = D:\STM32CubeMX_ws\STM32G431KB_TEST\EWARM\STM32G431KB_TEST\Obj\Drivers\STM32G4xx_HAL_Driver
[5] = dl7M_tlf.a
[6] = m7M_tls.a
[7] = rt7M_tl.a
[8] = shb_l.a

  15'470 bytes of readonly  code memory
     180 bytes of readonly  data memory
   2'156 bytes of readwrite data memory

Errors: none
Warnings: none
