###############################################################################
#
# IAR ELF Linker V9.10.2.313/W64 for ARM                  08/Jul/2023  21:53:37
# Copyright 2007-2021 IAR Systems AB.
#
#    Output file  =
#        C:\Users\jaesung\MRAS\GitHub\STM32\Projects\Exoskeleton\STM32G431KB_CAN\EWARM\STM32G431KB_CAN\Exe\STM32G431KB_CAN.out
#    Map file     =
#        C:\Users\jaesung\MRAS\GitHub\STM32\Projects\Exoskeleton\STM32G431KB_CAN\EWARM\STM32G431KB_CAN\List\STM32G431KB_CAN.map
#    Command line =
#        -f
#        C:\Users\jaesung\MRAS\GitHub\STM32\Projects\Exoskeleton\STM32G431KB_CAN\EWARM\STM32G431KB_CAN\Exe\STM32G431KB_CAN.out.rsp
#        (C:\Users\jaesung\MRAS\GitHub\STM32\Projects\Exoskeleton\STM32G431KB_CAN\EWARM\STM32G431KB_CAN\Obj\Application\User\Core\dma.o
#        C:\Users\jaesung\MRAS\GitHub\STM32\Projects\Exoskeleton\STM32G431KB_CAN\EWARM\STM32G431KB_CAN\Obj\Application\User\Core\fdcan.o
#        C:\Users\jaesung\MRAS\GitHub\STM32\Projects\Exoskeleton\STM32G431KB_CAN\EWARM\STM32G431KB_CAN\Obj\Application\User\Core\gpio.o
#        C:\Users\jaesung\MRAS\GitHub\STM32\Projects\Exoskeleton\STM32G431KB_CAN\EWARM\STM32G431KB_CAN\Obj\Application\User\Core\i2c.o
#        C:\Users\jaesung\MRAS\GitHub\STM32\Projects\Exoskeleton\STM32G431KB_CAN\EWARM\STM32G431KB_CAN\Obj\Application\User\Core\main.o
#        C:\Users\jaesung\MRAS\GitHub\STM32\Projects\Exoskeleton\STM32G431KB_CAN\EWARM\STM32G431KB_CAN\Obj\Application\User\Core\serial.o
#        C:\Users\jaesung\MRAS\GitHub\STM32\Projects\Exoskeleton\STM32G431KB_CAN\EWARM\STM32G431KB_CAN\Obj\Application\EWARM\startup_stm32g431xx.o
#        C:\Users\jaesung\MRAS\GitHub\STM32\Projects\Exoskeleton\STM32G431KB_CAN\EWARM\STM32G431KB_CAN\Obj\Drivers\STM32G4xx_HAL_Driver\stm32g4xx_hal.o
#        C:\Users\jaesung\MRAS\GitHub\STM32\Projects\Exoskeleton\STM32G431KB_CAN\EWARM\STM32G431KB_CAN\Obj\Drivers\STM32G4xx_HAL_Driver\stm32g4xx_hal_cortex.o
#        C:\Users\jaesung\MRAS\GitHub\STM32\Projects\Exoskeleton\STM32G431KB_CAN\EWARM\STM32G431KB_CAN\Obj\Drivers\STM32G4xx_HAL_Driver\stm32g4xx_hal_dma.o
#        C:\Users\jaesung\MRAS\GitHub\STM32\Projects\Exoskeleton\STM32G431KB_CAN\EWARM\STM32G431KB_CAN\Obj\Drivers\STM32G4xx_HAL_Driver\stm32g4xx_hal_dma_ex.o
#        C:\Users\jaesung\MRAS\GitHub\STM32\Projects\Exoskeleton\STM32G431KB_CAN\EWARM\STM32G431KB_CAN\Obj\Drivers\STM32G4xx_HAL_Driver\stm32g4xx_hal_exti.o
#        C:\Users\jaesung\MRAS\GitHub\STM32\Projects\Exoskeleton\STM32G431KB_CAN\EWARM\STM32G431KB_CAN\Obj\Drivers\STM32G4xx_HAL_Driver\stm32g4xx_hal_fdcan.o
#        C:\Users\jaesung\MRAS\GitHub\STM32\Projects\Exoskeleton\STM32G431KB_CAN\EWARM\STM32G431KB_CAN\Obj\Drivers\STM32G4xx_HAL_Driver\stm32g4xx_hal_flash.o
#        C:\Users\jaesung\MRAS\GitHub\STM32\Projects\Exoskeleton\STM32G431KB_CAN\EWARM\STM32G431KB_CAN\Obj\Drivers\STM32G4xx_HAL_Driver\stm32g4xx_hal_flash_ex.o
#        C:\Users\jaesung\MRAS\GitHub\STM32\Projects\Exoskeleton\STM32G431KB_CAN\EWARM\STM32G431KB_CAN\Obj\Drivers\STM32G4xx_HAL_Driver\stm32g4xx_hal_flash_ramfunc.o
#        C:\Users\jaesung\MRAS\GitHub\STM32\Projects\Exoskeleton\STM32G431KB_CAN\EWARM\STM32G431KB_CAN\Obj\Drivers\STM32G4xx_HAL_Driver\stm32g4xx_hal_gpio.o
#        C:\Users\jaesung\MRAS\GitHub\STM32\Projects\Exoskeleton\STM32G431KB_CAN\EWARM\STM32G431KB_CAN\Obj\Drivers\STM32G4xx_HAL_Driver\stm32g4xx_hal_i2c.o
#        C:\Users\jaesung\MRAS\GitHub\STM32\Projects\Exoskeleton\STM32G431KB_CAN\EWARM\STM32G431KB_CAN\Obj\Drivers\STM32G4xx_HAL_Driver\stm32g4xx_hal_i2c_ex.o
#        C:\Users\jaesung\MRAS\GitHub\STM32\Projects\Exoskeleton\STM32G431KB_CAN\EWARM\STM32G431KB_CAN\Obj\Application\User\Core\stm32g4xx_hal_msp.o
#        C:\Users\jaesung\MRAS\GitHub\STM32\Projects\Exoskeleton\STM32G431KB_CAN\EWARM\STM32G431KB_CAN\Obj\Drivers\STM32G4xx_HAL_Driver\stm32g4xx_hal_pwr.o
#        C:\Users\jaesung\MRAS\GitHub\STM32\Projects\Exoskeleton\STM32G431KB_CAN\EWARM\STM32G431KB_CAN\Obj\Drivers\STM32G4xx_HAL_Driver\stm32g4xx_hal_pwr_ex.o
#        C:\Users\jaesung\MRAS\GitHub\STM32\Projects\Exoskeleton\STM32G431KB_CAN\EWARM\STM32G431KB_CAN\Obj\Drivers\STM32G4xx_HAL_Driver\stm32g4xx_hal_rcc.o
#        C:\Users\jaesung\MRAS\GitHub\STM32\Projects\Exoskeleton\STM32G431KB_CAN\EWARM\STM32G431KB_CAN\Obj\Drivers\STM32G4xx_HAL_Driver\stm32g4xx_hal_rcc_ex.o
#        C:\Users\jaesung\MRAS\GitHub\STM32\Projects\Exoskeleton\STM32G431KB_CAN\EWARM\STM32G431KB_CAN\Obj\Drivers\STM32G4xx_HAL_Driver\stm32g4xx_hal_tim.o
#        C:\Users\jaesung\MRAS\GitHub\STM32\Projects\Exoskeleton\STM32G431KB_CAN\EWARM\STM32G431KB_CAN\Obj\Drivers\STM32G4xx_HAL_Driver\stm32g4xx_hal_tim_ex.o
#        C:\Users\jaesung\MRAS\GitHub\STM32\Projects\Exoskeleton\STM32G431KB_CAN\EWARM\STM32G431KB_CAN\Obj\Drivers\STM32G4xx_HAL_Driver\stm32g4xx_hal_uart.o
#        C:\Users\jaesung\MRAS\GitHub\STM32\Projects\Exoskeleton\STM32G431KB_CAN\EWARM\STM32G431KB_CAN\Obj\Drivers\STM32G4xx_HAL_Driver\stm32g4xx_hal_uart_ex.o
#        C:\Users\jaesung\MRAS\GitHub\STM32\Projects\Exoskeleton\STM32G431KB_CAN\EWARM\STM32G431KB_CAN\Obj\Application\User\Core\stm32g4xx_it.o
#        C:\Users\jaesung\MRAS\GitHub\STM32\Projects\Exoskeleton\STM32G431KB_CAN\EWARM\STM32G431KB_CAN\Obj\Drivers\CMSIS\system_stm32g4xx.o
#        C:\Users\jaesung\MRAS\GitHub\STM32\Projects\Exoskeleton\STM32G431KB_CAN\EWARM\STM32G431KB_CAN\Obj\Application\User\Core\usart.o
#        C:\Users\jaesung\MRAS\GitHub\STM32\Projects\Exoskeleton\STM32G431KB_CAN\EWARM\STM32G431KB_CAN\Obj\Application\User\Core\utility.o
#        --no_out_extension -o
#        C:\Users\jaesung\MRAS\GitHub\STM32\Projects\Exoskeleton\STM32G431KB_CAN\EWARM\STM32G431KB_CAN\Exe\STM32G431KB_CAN.out
#        --redirect _Printf=_PrintfFullNoMb --redirect _Scanf=_ScanfFullNoMb
#        --map
#        C:\Users\jaesung\MRAS\GitHub\STM32\Projects\Exoskeleton\STM32G431KB_CAN\EWARM\STM32G431KB_CAN\List\STM32G431KB_CAN.map
#        --config
#        C:\Users\jaesung\MRAS\GitHub\STM32\Projects\Exoskeleton\STM32G431KB_CAN\EWARM/stm32g431xx_flash.icf
#        --semihosting --entry __iar_program_start "C:\Program Files\IAR
#        Systems\Embedded Workbench
#        9.0\arm\CMSIS\Lib\IAR\iar_cortexM4lf_math.a" --vfe --text_out locale)
#
###############################################################################

*******************************************************************************
*** RUNTIME MODEL ATTRIBUTES
***

CppFlavor       = *
__SystemLibrary = DLib
__dlib_version  = 6


*******************************************************************************
*** HEAP SELECTION
***

The basic heap was selected because no calls to memory allocation
functions were found in the application outside of system library
functions, and there are calls to deallocation functions in the
application.


*******************************************************************************
*** PLACEMENT SUMMARY
***

"A0":  place at address 0x800'0000 { ro section .intvec };
"P1":  place in [from 0x800'0000 to 0x801'ffff] { ro };
define block CSTACK with size = 1K, alignment = 8 { };
define block HEAP with size = 512, alignment = 8 { };
"P2":  place in [from 0x2000'0000 to 0x2000'7fff] {
          rw, block CSTACK, block HEAP };
initialize by copy { rw };

  Section            Kind         Address    Size  Object
  -------            ----         -------    ----  ------
"A0":                                       0x1d8
  .intvec            ro code   0x800'0000   0x1d8  startup_stm32g431xx.o [1]
                             - 0x800'01d8   0x1d8

"P1":                                      0x7121
  .text              ro code   0x800'01d8  0x1384  fdcan.o [2]
  .text              ro code   0x800'155c   0x714  stm32g4xx_hal_fdcan.o [4]
  .text              ro code   0x800'1c70   0x6e0  main.o [2]
  .text              ro code   0x800'2350    0x3a  ABImemset48.o [8]
  .text              ro code   0x800'238c   0x268  stm32g4xx_hal_rcc_ex.o [4]
  .text              ro code   0x800'25f4   0x1c4  stm32g4xx_hal_gpio.o [4]
  .text              ro code   0x800'27b8    0xf8  stm32g4xx_hal_cortex.o [4]
  .text              ro code   0x800'28b0    0x22  S32ToDbl.o [7]
  .text              ro code   0x800'28d4   0x1aa  DblMul.o [7]
  .text              ro code   0x800'2a80   0x246  DblDiv.o [7]
  .text              ro code   0x800'2cc8    0x80  arm_max_no_idx_f32.o [6]
  .text              ro code   0x800'2d48   0x25e  DblAddSub.o [7]
  .text              ro code   0x800'2fa8     0xc  stm32g4xx_hal.o [4]
  .text              ro code   0x800'2fb4    0x34  DblCmpGe.o [7]
  .text              ro code   0x800'2fe8    0x1c  U32ToDbl.o [7]
  .text              ro code   0x800'3004    0x36  DblToS32.o [7]
  .text              ro code   0x800'303a     0x8  abs.o [5]
  .text              ro code   0x800'3044    0x28  stm32g4xx_hal.o [4]
  .text              ro code   0x800'306c     0x2  stm32g4xx_hal_fdcan.o [4]
  .text              ro code   0x800'306e     0x2  stm32g4xx_hal_fdcan.o [4]
  .text              ro code   0x800'3070     0x2  stm32g4xx_hal_fdcan.o [4]
  .text              ro code   0x800'3072     0x2  stm32g4xx_hal_fdcan.o [4]
  .text              ro code   0x800'3074     0x2  stm32g4xx_hal_fdcan.o [4]
  .text              ro code   0x800'3076     0x2  stm32g4xx_hal_fdcan.o [4]
  .text              ro code   0x800'3078     0x2  stm32g4xx_hal_fdcan.o [4]
  .text              ro code   0x800'307a     0x2  stm32g4xx_hal_fdcan.o [4]
  .text              ro code   0x800'307c     0x2  stm32g4xx_hal_fdcan.o [4]
  .text              ro code   0x800'3080    0x38  stm32g4xx_hal.o [4]
  .text              ro code   0x800'30b8    0x68  gpio.o [2]
  .text              ro code   0x800'3120    0x70  dma.o [2]
  .text              ro code   0x800'3190   0x1b4  i2c.o [2]
  .text              ro code   0x800'3344   0x1a0  usart.o [2]
  .text              ro code   0x800'34e4    0xf0  stm32g4xx_hal_pwr_ex.o [4]
  .text              ro code   0x800'35d4   0x6bc  stm32g4xx_hal_rcc.o [4]
  .text              ro code   0x800'3c90   0xc10  stm32g4xx_hal_uart.o [4]
  .text              ro code   0x800'48a0    0x68  DblToFlt.o [7]
  .text              ro code   0x800'4908    0x90  arm_cos_f32.o [6]
  .text              ro code   0x800'4998    0x48  FltToDbl.o [7]
  .text              ro code   0x800'49e0   0x11a  serial.o [2]
  .text              ro code   0x800'4afc  0x10ec  stm32g4xx_hal_i2c.o [4]
  .text              ro code   0x800'5be8    0x50  stm32g4xx_hal.o [4]
  .text              ro code   0x800'5c38    0x64  stm32g4xx_hal_msp.o [2]
  .text              ro code   0x800'5c9c    0xa4  stm32g4xx_hal_i2c_ex.o [4]
  .text              ro code   0x800'5d40   0x3b4  stm32g4xx_hal_dma.o [4]
  .text              ro code   0x800'60f4   0x120  stm32g4xx_hal_uart_ex.o [4]
  .text              ro code   0x800'6214     0x2  stm32g4xx_hal_rcc.o [4]
  .text              ro code   0x800'6216     0x2  stm32g4xx_hal_uart.o [4]
  .text              ro code   0x800'6218     0x2  stm32g4xx_hal_uart.o [4]
  .text              ro code   0x800'621a     0x2  stm32g4xx_hal_uart_ex.o [4]
  .text              ro code   0x800'621c     0x2  stm32g4xx_hal_uart_ex.o [4]
  .text              ro code   0x800'621e     0x2  stm32g4xx_hal_uart_ex.o [4]
  .text              ro code   0x800'6220   0x230  I64DivMod.o [8]
  .text              ro code   0x800'6450     0x2  stm32g4xx_hal_uart.o [4]
  .text              ro code   0x800'6452     0x2  stm32g4xx_hal_uart.o [4]
  .text              ro code   0x800'6454     0x2  stm32g4xx_hal_uart.o [4]
  .text              ro code   0x800'6456     0x2  stm32g4xx_hal_uart.o [4]
  .text              ro code   0x800'6458    0x4c  strtok.o [5]
  .text              ro code   0x800'64a4    0x66  ABImemset.o [8]
  .text              ro code   0x800'650a     0x2  stm32g4xx_hal_i2c.o [4]
  .text              ro code   0x800'650c     0x2  stm32g4xx_hal_i2c.o [4]
  .text              ro code   0x800'650e     0x2  stm32g4xx_hal_i2c.o [4]
  .text              ro code   0x800'6510     0x2  stm32g4xx_hal_i2c.o [4]
  .text              ro code   0x800'6512     0x2  stm32g4xx_hal_i2c.o [4]
  .text              ro code   0x800'6514     0x2  stm32g4xx_hal_i2c.o [4]
  .text              ro code   0x800'6516     0x2  stm32g4xx_hal_i2c.o [4]
  .text              ro code   0x800'6518     0x2  stm32g4xx_hal_i2c.o [4]
  .text              ro code   0x800'651a     0x2  stm32g4xx_hal_i2c.o [4]
  .text              ro code   0x800'651c     0x2  stm32g4xx_hal_i2c.o [4]
  .text              ro code   0x800'6520     0x2  I64DivZer.o [8]
  .text              ro code   0x800'6522    0x22  strspn.o [5]
  .text              ro code   0x800'6544    0x22  strcspn.o [5]
  .rodata            const     0x800'6568   0x804  arm_common_tables.o [6]
  .text              ro code   0x800'6d6c    0xec  stm32g4xx_hal_flash.o [4]
  .text              ro code   0x800'6e58    0x8c  stm32g4xx_hal_flash_ex.o [4]
  .text              ro code   0x800'6ee4     0x2  stm32g4xx_hal_flash.o [4]
  .text              ro code   0x800'6ee6     0x2  stm32g4xx_hal_flash.o [4]
  .text              ro code   0x800'6ee8    0x7e  stm32g4xx_it.o [2]
  .text              ro code   0x800'6f68    0x10  stm32g4xx_hal.o [4]
  .text              ro code   0x800'6f78    0x78  lz77_init_single.o [8]
  .text              ro code   0x800'6ff0    0x38  zero_init3.o [8]
  .text              ro code   0x800'7028    0x28  data_init.o [8]
  .text              ro code   0x800'7050    0x22  fpinit_M.o [7]
  .iar.init_table    const     0x800'7074    0x20  - Linker created -
  .text              ro code   0x800'7094    0x20  system_stm32g4xx.o [3]
  .text              ro code   0x800'70b4    0x1e  cmain.o [8]
  .text              ro code   0x800'70d2     0x4  low_level_init.o [5]
  .text              ro code   0x800'70d6     0x4  exit.o [5]
  .text              ro code   0x800'70dc     0xa  cexit.o [8]
  .text              ro code   0x800'70e8    0x14  exit.o [9]
  .text              ro code   0x800'70fc    0x1c  cstartup_M.o [8]
  .text              ro code   0x800'7118    0x10  startup_stm32g431xx.o [1]
  .rodata            const     0x800'7128     0x8  system_stm32g4xx.o [3]
  .rodata            const     0x800'7130     0x4  serial.o [2]
  .text              ro code   0x800'7134     0x4  startup_stm32g431xx.o [1]
  .text              ro code   0x800'7138     0x4  startup_stm32g431xx.o [1]
  .text              ro code   0x800'713c     0x4  startup_stm32g431xx.o [1]
  .text              ro code   0x800'7140     0x4  startup_stm32g431xx.o [1]
  .text              ro code   0x800'7144     0x4  startup_stm32g431xx.o [1]
  .text              ro code   0x800'7148     0x4  startup_stm32g431xx.o [1]
  .text              ro code   0x800'714c     0x4  startup_stm32g431xx.o [1]
  .text              ro code   0x800'7150     0x4  startup_stm32g431xx.o [1]
  .text              ro code   0x800'7154     0x4  startup_stm32g431xx.o [1]
  .text              ro code   0x800'7158     0x4  startup_stm32g431xx.o [1]
  .text              ro code   0x800'715c     0x4  startup_stm32g431xx.o [1]
  .text              ro code   0x800'7160     0x4  startup_stm32g431xx.o [1]
  .text              ro code   0x800'7164     0x4  startup_stm32g431xx.o [1]
  .text              ro code   0x800'7168     0x4  startup_stm32g431xx.o [1]
  .text              ro code   0x800'716c     0x4  startup_stm32g431xx.o [1]
  .text              ro code   0x800'7170     0x4  startup_stm32g431xx.o [1]
  .text              ro code   0x800'7174     0x4  startup_stm32g431xx.o [1]
  .text              ro code   0x800'7178     0x4  startup_stm32g431xx.o [1]
  .text              ro code   0x800'717c     0x4  startup_stm32g431xx.o [1]
  .text              ro code   0x800'7180     0x4  startup_stm32g431xx.o [1]
  .text              ro code   0x800'7184     0x4  startup_stm32g431xx.o [1]
  .text              ro code   0x800'7188     0x4  startup_stm32g431xx.o [1]
  .text              ro code   0x800'718c     0x4  startup_stm32g431xx.o [1]
  .text              ro code   0x800'7190     0x4  startup_stm32g431xx.o [1]
  .text              ro code   0x800'7194     0x4  startup_stm32g431xx.o [1]
  .text              ro code   0x800'7198     0x4  startup_stm32g431xx.o [1]
  .text              ro code   0x800'719c     0x4  startup_stm32g431xx.o [1]
  .text              ro code   0x800'71a0     0x4  startup_stm32g431xx.o [1]
  .text              ro code   0x800'71a4     0x4  startup_stm32g431xx.o [1]
  .text              ro code   0x800'71a8     0x4  startup_stm32g431xx.o [1]
  .text              ro code   0x800'71ac     0x4  startup_stm32g431xx.o [1]
  .text              ro code   0x800'71b0     0x4  startup_stm32g431xx.o [1]
  .text              ro code   0x800'71b4     0x4  startup_stm32g431xx.o [1]
  .text              ro code   0x800'71b8     0x4  startup_stm32g431xx.o [1]
  .text              ro code   0x800'71bc     0x4  startup_stm32g431xx.o [1]
  .text              ro code   0x800'71c0     0x4  startup_stm32g431xx.o [1]
  .text              ro code   0x800'71c4     0x4  startup_stm32g431xx.o [1]
  .text              ro code   0x800'71c8     0x4  startup_stm32g431xx.o [1]
  .text              ro code   0x800'71cc     0x4  startup_stm32g431xx.o [1]
  .text              ro code   0x800'71d0     0x4  startup_stm32g431xx.o [1]
  .text              ro code   0x800'71d4     0x4  startup_stm32g431xx.o [1]
  .text              ro code   0x800'71d8     0x4  startup_stm32g431xx.o [1]
  .text              ro code   0x800'71dc     0x4  startup_stm32g431xx.o [1]
  .text              ro code   0x800'71e0     0x4  startup_stm32g431xx.o [1]
  .text              ro code   0x800'71e4     0x4  startup_stm32g431xx.o [1]
  .text              ro code   0x800'71e8     0x4  startup_stm32g431xx.o [1]
  .text              ro code   0x800'71ec     0x4  startup_stm32g431xx.o [1]
  .text              ro code   0x800'71f0     0x4  startup_stm32g431xx.o [1]
  .text              ro code   0x800'71f4     0x4  startup_stm32g431xx.o [1]
  .text              ro code   0x800'71f8     0x4  startup_stm32g431xx.o [1]
  .text              ro code   0x800'71fc     0x4  startup_stm32g431xx.o [1]
  .text              ro code   0x800'7200     0x4  startup_stm32g431xx.o [1]
  .text              ro code   0x800'7204     0x4  startup_stm32g431xx.o [1]
  .text              ro code   0x800'7208     0x4  startup_stm32g431xx.o [1]
  .text              ro code   0x800'720c     0x4  startup_stm32g431xx.o [1]
  .text              ro code   0x800'7210     0x4  startup_stm32g431xx.o [1]
  .text              ro code   0x800'7214     0x4  startup_stm32g431xx.o [1]
  .text              ro code   0x800'7218     0x4  startup_stm32g431xx.o [1]
  .rodata            const     0x800'721c     0x0  zero_init3.o [8]
  .rodata            const     0x800'721c     0x0  lz77_init_single.o [8]
  Initializer bytes  const     0x800'721c    0xdd  <for P2-1>
                             - 0x800'72f9  0x7121

"P2", part 1 of 3:                          0x464
  P2-1                        0x2000'0000   0x464  <Init block>
    .data            inited   0x2000'0000   0x16c  fdcan.o [2]
    .data            inited   0x2000'0170    0x68  fdcan.o [2]
    .data            inited   0x2000'01d8    0x14  fdcan.o [2]
    .data            inited   0x2000'01f0    0x58  main.o [2]
    .data            inited   0x2000'0248     0x8  main.o [2]
    .data            inited   0x2000'0250    0x20  main.o [2]
    .data            inited   0x2000'0270    0x20  main.o [2]
    .data            inited   0x2000'0290    0x81  main.o [2]
    .data            inited   0x2000'0314    0x10  fdcan.o [2]
    .data            inited   0x2000'0324    0x60  i2c.o [2]
    .data            inited   0x2000'0384    0xb0  serial.o [2]
    .data            inited   0x2000'0434     0xc  stm32g4xx_hal.o [4]
    .data            inited   0x2000'0440    0x20  stm32g4xx_hal_flash.o [4]
    .data            inited   0x2000'0460     0x4  system_stm32g4xx.o [3]
                            - 0x2000'0464   0x464

"P2", part 2 of 3:                          0x468
  .bss               zero     0x2000'0464   0x100  usart.o [2]
  .bss               zero     0x2000'0564    0xc0  i2c.o [2]
  .bss               zero     0x2000'0624    0xc0  usart.o [2]
  .bss               zero     0x2000'06e4    0x90  usart.o [2]
  .bss               zero     0x2000'0774    0x80  usart.o [2]
  .bss               zero     0x2000'07f4    0x64  fdcan.o [2]
  .bss               zero     0x2000'0858     0x4  strtok.o [5]
  .bss               zero     0x2000'0860    0x60  main.o [2]
  .bss               zero     0x2000'08c0     0x8  main.o [2]
  .bss               zero     0x2000'08c8     0x1  main.o [2]
                            - 0x2000'08c9   0x465

"P2", part 3 of 3:                          0x400
  CSTACK                      0x2000'08d0   0x400  <Block>
    CSTACK           uninit   0x2000'08d0   0x400  <Block tail>
                            - 0x2000'0cd0   0x400

Unused ranges:

         From           To      Size
         ----           --      ----
   0x800'72f9   0x801'ffff  0x1'8d07
  0x2000'08cc  0x2000'08cf       0x4
  0x2000'0cd0  0x2000'7fff    0x7330


*******************************************************************************
*** INIT TABLE
***

          Address      Size
          -------      ----
Zero (__iar_zero_init3)
    1 destination range, total size 0x465:
          0x2000'0464  0x465

Copy/lz77 (__iar_lz77_init_single3)
    1 source range, total size 0xdd (19% of destination):
           0x800'721c   0xdd
    1 destination range, total size 0x464:
          0x2000'0000  0x464



*******************************************************************************
*** MODULE SUMMARY
***

    Module                    ro code  ro data  rw data
    ------                    -------  -------  -------
command line/config:
    ---------------------------------------------------
    Total:

C:\Users\jaesung\MRAS\GitHub\STM32\Projects\Exoskeleton\STM32G431KB_CAN\EWARM\STM32G431KB_CAN\Obj\Application\EWARM: [1]
    startup_stm32g431xx.o         720
    ---------------------------------------------------
    Total:                        720

C:\Users\jaesung\MRAS\GitHub\STM32\Projects\Exoskeleton\STM32G431KB_CAN\EWARM\STM32G431KB_CAN\Obj\Application\User\Core: [2]
    dma.o                         112
    fdcan.o                     4'996      100      604
    gpio.o                        104
    i2c.o                         436       18      288
    main.o                      1'760       58      394
    serial.o                      282       39      176
    stm32g4xx_hal_msp.o           100
    stm32g4xx_it.o                126
    usart.o                       416               720
    ---------------------------------------------------
    Total:                      8'332      215    2'182

C:\Users\jaesung\MRAS\GitHub\STM32\Projects\Exoskeleton\STM32G431KB_CAN\EWARM\STM32G431KB_CAN\Obj\Drivers\CMSIS: [3]
    system_stm32g4xx.o             32        9        4
    ---------------------------------------------------
    Total:                         32        9        4

C:\Users\jaesung\MRAS\GitHub\STM32\Projects\Exoskeleton\STM32G431KB_CAN\EWARM\STM32G431KB_CAN\Obj\Drivers\STM32G4xx_HAL_Driver: [4]
    stm32g4xx_hal.o               204        2       12
    stm32g4xx_hal_cortex.o        248
    stm32g4xx_hal_dma.o           948
    stm32g4xx_hal_fdcan.o       1'830
    stm32g4xx_hal_flash.o         240        7       32
    stm32g4xx_hal_flash_ex.o      140
    stm32g4xx_hal_gpio.o          452
    stm32g4xx_hal_i2c.o         4'352
    stm32g4xx_hal_i2c_ex.o        164
    stm32g4xx_hal_pwr_ex.o        240
    stm32g4xx_hal_rcc.o         1'726
    stm32g4xx_hal_rcc_ex.o        616
    stm32g4xx_hal_uart.o        3'100
    stm32g4xx_hal_uart_ex.o       294
    ---------------------------------------------------
    Total:                     14'554        9       44

dl7M_tlf.a: [5]
    abs.o                           8
    exit.o                          4
    low_level_init.o                4
    strcspn.o                      34
    strspn.o                       34
    strtok.o                       76                 4
    ---------------------------------------------------
    Total:                        160                 4

iar_cortexM4lf_math.a: [6]
    arm_common_tables.o                  2'052
    arm_cos_f32.o                 144
    arm_max_no_idx_f32.o          128
    ---------------------------------------------------
    Total:                        272    2'052

m7M_tls.a: [7]
    DblAddSub.o                   606
    DblCmpGe.o                     52
    DblDiv.o                      582
    DblMul.o                      426
    DblToFlt.o                    104
    DblToS32.o                     54
    FltToDbl.o                     72
    S32ToDbl.o                     34
    U32ToDbl.o                     28
    fpinit_M.o                     34
    ---------------------------------------------------
    Total:                      1'992

rt7M_tl.a: [8]
    ABImemset.o                   102
    ABImemset48.o                  58
    I64DivMod.o                   560
    I64DivZer.o                     2
    cexit.o                        10
    cmain.o                        30
    cstartup_M.o                   28
    data_init.o                    40
    lz77_init_single.o            120
    zero_init3.o                   56
    ---------------------------------------------------
    Total:                      1'006

shb_l.a: [9]
    exit.o                         20
    ---------------------------------------------------
    Total:                         20

    Gaps                           24        4       15
    Linker created                          32    1'024
-------------------------------------------------------
    Grand Total:               27'112    2'321    3'273


*******************************************************************************
*** ENTRY LIST
***

Entry                       Address   Size  Type      Object
-----                       -------   ----  ----      ------
.iar.init_table$$Base    0x800'7074          --   Gb  - Linker created -
.iar.init_table$$Limit   0x800'7094          --   Gb  - Linker created -
?main                    0x800'70b5         Code  Gb  cmain.o [8]
AHBPrescTable            0x800'70a4   0x10  Data  Gb  system_stm32g4xx.o [3]
ANGLE_FLAG              0x2000'01f7    0x1  Data  Gb  main.o [2]
APBPrescTable            0x800'7128    0x8  Data  Gb  system_stm32g4xx.o [3]
BusFault_Handler         0x800'6ef5    0x2  Code  Gb  stm32g4xx_it.o [2]
CLEAR_ERROR_FLAG        0x2000'01f8    0x1  Data  Gb  main.o [2]
CSTACK$$Base            0x2000'08d0          --   Gb  - Linker created -
CSTACK$$Limit           0x2000'0cd0          --   Gb  - Linker created -
Clear_Device_Errors      0x800'07f5   0x12  Code  Gb  fdcan.o [2]
DLCtoBytes               0x800'1c60   0x10  Data  Lc  stm32g4xx_hal_fdcan.o [4]
DMA1_Channel1_IRQHandler
                         0x800'6f13    0x6  Code  Gb  stm32g4xx_it.o [2]
DMA1_Channel2_IRQHandler
                         0x800'6f19    0x6  Code  Gb  stm32g4xx_it.o [2]
DMA1_Channel3_IRQHandler
                         0x800'6f1f    0x6  Code  Gb  stm32g4xx_it.o [2]
DMA1_Channel4_IRQHandler
                         0x800'6f25    0x6  Code  Gb  stm32g4xx_it.o [2]
DMA_CalcDMAMUXChannelBaseAndMask
                         0x800'6081   0x34  Code  Lc  stm32g4xx_hal_dma.o [4]
DMA_CalcDMAMUXRequestGenBaseAndMask
                         0x800'60b5   0x1c  Code  Lc  stm32g4xx_hal_dma.o [4]
DMA_SetConfig            0x800'603f   0x42  Code  Lc  stm32g4xx_hal_dma.o [4]
DS_FLAG                 0x2000'01f4    0x1  Data  Gb  main.o [2]
DS_TRANS                 0x800'03df   0x6a  Code  Gb  fdcan.o [2]
DS_state                0x2000'0203    0x1  Data  Gb  main.o [2]
DebugMon_Handler         0x800'6efb    0x2  Code  Gb  stm32g4xx_it.o [2]
ERROR_FLAG              0x2000'01fd    0x1  Data  Gb  main.o [2]
Error_Handler            0x800'22f9   0x28  Code  Gb  main.o [2]
FA_limit_angle          0x2000'01a0   0x10  Data  Gb  fdcan.o [2]
FDCAN1_IT0_IRQHandler    0x800'6f2b    0x6  Code  Gb  stm32g4xx_it.o [2]
FDCAN1_IT1_IRQHandler    0x800'6f31    0x6  Code  Gb  stm32g4xx_it.o [2]
FDCAN_CalcultateRamBlockAddresses
                         0x800'1b7d   0x54  Code  Lc  stm32g4xx_hal_fdcan.o [4]
FDCAN_CopyMessageToRAM   0x800'1bf1   0x70  Code  Lc  stm32g4xx_hal_fdcan.o [4]
FLASH_FlushCaches        0x800'6e7f   0x58  Code  Gb  stm32g4xx_hal_flash_ex.o [4]
FLASH_IRQHandler         0x800'6f0d    0x4  Code  Gb  stm32g4xx_it.o [2]
FLASH_PageErase          0x800'6e59   0x26  Code  Gb  stm32g4xx_hal_flash_ex.o [4]
FPU_IRQHandler           0x800'6f65    0x2  Code  Gb  stm32g4xx_it.o [2]
GET_Angle                0x800'0755   0x70  Code  Gb  fdcan.o [2]
GET_SDO                  0x800'066d   0x24  Code  Gb  fdcan.o [2]
GET_SDO_FLAG            0x2000'01f9    0x1  Data  Gb  main.o [2]
HAL_DMA_Abort            0x800'5e8f   0x6c  Code  Gb  stm32g4xx_hal_dma.o [4]
HAL_DMA_Abort_IT         0x800'5efb   0x7a  Code  Gb  stm32g4xx_hal_dma.o [4]
HAL_DMA_GetState         0x800'6039    0x6  Code  Gb  stm32g4xx_hal_dma.o [4]
HAL_DMA_IRQHandler       0x800'5f75   0xc4  Code  Gb  stm32g4xx_hal_dma.o [4]
HAL_DMA_Init             0x800'5d41   0xc2  Code  Gb  stm32g4xx_hal_dma.o [4]
HAL_DMA_Start_IT         0x800'5e03   0x8c  Code  Gb  stm32g4xx_hal_dma.o [4]
HAL_Delay                0x800'3045   0x28  Code  Gb  stm32g4xx_hal.o [4]
HAL_FDCAN_ActivateNotification
                         0x800'1903   0xec  Code  Gb  stm32g4xx_hal_fdcan.o [4]
HAL_FDCAN_AddMessageToTxFifoQ
                         0x800'1797   0x52  Code  Gb  stm32g4xx_hal_fdcan.o [4]
HAL_FDCAN_ConfigFilter   0x800'1715   0x58  Code  Gb  stm32g4xx_hal_fdcan.o [4]
HAL_FDCAN_ErrorCallback
                         0x800'307d    0x2  Code  Gb  stm32g4xx_hal_fdcan.o [4]
HAL_FDCAN_ErrorStatusCallback
                         0x800'307b    0x2  Code  Gb  stm32g4xx_hal_fdcan.o [4]
HAL_FDCAN_GetRxFifoFillLevel
                         0x800'18df   0x18  Code  Gb  stm32g4xx_hal_fdcan.o [4]
HAL_FDCAN_GetRxMessage   0x800'17e9   0xf6  Code  Gb  stm32g4xx_hal_fdcan.o [4]
HAL_FDCAN_GetTxFifoFreeLevel
                         0x800'18f7    0xc  Code  Gb  stm32g4xx_hal_fdcan.o [4]
HAL_FDCAN_HighPriorityMessageCallback
                         0x800'306d    0x2  Code  Gb  stm32g4xx_hal_fdcan.o [4]
HAL_FDCAN_IRQHandler     0x800'19ef  0x18e  Code  Gb  stm32g4xx_hal_fdcan.o [4]
HAL_FDCAN_Init           0x800'155d  0x1b0  Code  Gb  stm32g4xx_hal_fdcan.o [4]
HAL_FDCAN_MspInit        0x800'0255   0xaa  Code  Gb  fdcan.o [2]
HAL_FDCAN_RxFifo0Callback
                         0x800'202b   0xb2  Code  Gb  main.o [2]
HAL_FDCAN_RxFifo1Callback
                         0x800'3073    0x2  Code  Gb  stm32g4xx_hal_fdcan.o [4]
HAL_FDCAN_Start          0x800'176d   0x2a  Code  Gb  stm32g4xx_hal_fdcan.o [4]
HAL_FDCAN_TimeoutOccurredCallback
                         0x800'3079    0x2  Code  Gb  stm32g4xx_hal_fdcan.o [4]
HAL_FDCAN_TimestampWraparoundCallback
                         0x800'3077    0x2  Code  Gb  stm32g4xx_hal_fdcan.o [4]
HAL_FDCAN_TxBufferAbortCallback
                         0x800'306f    0x2  Code  Gb  stm32g4xx_hal_fdcan.o [4]
HAL_FDCAN_TxBufferCompleteCallback
                         0x800'3075    0x2  Code  Gb  stm32g4xx_hal_fdcan.o [4]
HAL_FDCAN_TxEventFifoCallback
                         0x800'3071    0x2  Code  Gb  stm32g4xx_hal_fdcan.o [4]
HAL_FDCAN_TxFifoEmptyCallback
                         0x800'2021    0xa  Code  Gb  main.o [2]
HAL_FLASH_EndOfOperationCallback
                         0x800'6ee7    0x2  Code  Gb  stm32g4xx_hal_flash.o [4]
HAL_FLASH_IRQHandler     0x800'6d6d   0xe2  Code  Gb  stm32g4xx_hal_flash.o [4]
HAL_FLASH_OperationErrorCallback
                         0x800'6ee5    0x2  Code  Gb  stm32g4xx_hal_flash.o [4]
HAL_GPIO_Init            0x800'25f5  0x194  Code  Gb  stm32g4xx_hal_gpio.o [4]
HAL_GPIO_ReadPin         0x800'2789   0x10  Code  Gb  stm32g4xx_hal_gpio.o [4]
HAL_GetTick              0x800'2fa9    0xc  Code  Gb  stm32g4xx_hal.o [4]
HAL_I2CEx_ConfigAnalogFilter
                         0x800'5c9d   0x54  Code  Gb  stm32g4xx_hal_i2c_ex.o [4]
HAL_I2CEx_ConfigDigitalFilter
                         0x800'5cf1   0x50  Code  Gb  stm32g4xx_hal_i2c_ex.o [4]
HAL_I2C_AbortCpltCallback
                         0x800'651b    0x2  Code  Gb  stm32g4xx_hal_i2c.o [4]
HAL_I2C_AddrCallback     0x800'650b    0x2  Code  Gb  stm32g4xx_hal_i2c.o [4]
HAL_I2C_ER_IRQHandler    0x800'4e45   0x62  Code  Gb  stm32g4xx_hal_i2c.o [4]
HAL_I2C_EV_IRQHandler    0x800'4e35   0x10  Code  Gb  stm32g4xx_hal_i2c.o [4]
HAL_I2C_ErrorCallback    0x800'651d    0x2  Code  Gb  stm32g4xx_hal_i2c.o [4]
HAL_I2C_GetError         0x800'4ead    0x4  Code  Gb  stm32g4xx_hal_i2c.o [4]
HAL_I2C_GetState         0x800'4ea7    0x6  Code  Gb  stm32g4xx_hal_i2c.o [4]
HAL_I2C_Init             0x800'4afd   0xb2  Code  Gb  stm32g4xx_hal_i2c.o [4]
HAL_I2C_ListenCpltCallback
                         0x800'6519    0x2  Code  Gb  stm32g4xx_hal_i2c.o [4]
HAL_I2C_MasterRxCpltCallback
                         0x800'650f    0x2  Code  Gb  stm32g4xx_hal_i2c.o [4]
HAL_I2C_MasterTxCpltCallback
                         0x800'650d    0x2  Code  Gb  stm32g4xx_hal_i2c.o [4]
HAL_I2C_MemRxCpltCallback
                         0x800'6517    0x2  Code  Gb  stm32g4xx_hal_i2c.o [4]
HAL_I2C_MemTxCpltCallback
                         0x800'6515    0x2  Code  Gb  stm32g4xx_hal_i2c.o [4]
HAL_I2C_Mem_Read_DMA     0x800'4ce5  0x136  Code  Gb  stm32g4xx_hal_i2c.o [4]
HAL_I2C_Mem_Write_DMA    0x800'4baf  0x132  Code  Gb  stm32g4xx_hal_i2c.o [4]
HAL_I2C_MspInit          0x800'31e5  0x142  Code  Gb  i2c.o [2]
HAL_I2C_SlaveRxCpltCallback
                         0x800'6513    0x2  Code  Gb  stm32g4xx_hal_i2c.o [4]
HAL_I2C_SlaveTxCpltCallback
                         0x800'6511    0x2  Code  Gb  stm32g4xx_hal_i2c.o [4]
HAL_IncTick              0x800'6f69   0x10  Code  Gb  stm32g4xx_hal.o [4]
HAL_Init                 0x800'3081   0x32  Code  Gb  stm32g4xx_hal.o [4]
HAL_InitTick             0x800'5be9   0x50  Code  Gb  stm32g4xx_hal.o [4]
HAL_MspInit              0x800'5c39   0x64  Code  Gb  stm32g4xx_hal_msp.o [2]
HAL_NVIC_EnableIRQ       0x800'2891    0x2  Code  Gb  stm32g4xx_hal_cortex.o [4]
HAL_NVIC_SetPriority     0x800'2873   0x1e  Code  Gb  stm32g4xx_hal_cortex.o [4]
HAL_NVIC_SetPriorityGrouping
                         0x800'2871    0x2  Code  Gb  stm32g4xx_hal_cortex.o [4]
HAL_PWREx_ControlVoltageScaling
                         0x800'34e5   0xd0  Code  Gb  stm32g4xx_hal_pwr_ex.o [4]
HAL_PWREx_DisableUCPDDeadBattery
                         0x800'35b5    0xc  Code  Gb  stm32g4xx_hal_pwr_ex.o [4]
HAL_RCCEx_PeriphCLKConfig
                         0x800'238d  0x25c  Code  Gb  stm32g4xx_hal_rcc_ex.o [4]
HAL_RCC_CSSCallback      0x800'6215    0x2  Code  Gb  stm32g4xx_hal_rcc.o [4]
HAL_RCC_ClockConfig      0x800'39ad  0x196  Code  Gb  stm32g4xx_hal_rcc.o [4]
HAL_RCC_EnableCSS        0x800'3be9    0xc  Code  Gb  stm32g4xx_hal_rcc.o [4]
HAL_RCC_GetHCLKFreq      0x800'3baf    0x6  Code  Gb  stm32g4xx_hal_rcc.o [4]
HAL_RCC_GetPCLK1Freq     0x800'3bb5   0x1a  Code  Gb  stm32g4xx_hal_rcc.o [4]
HAL_RCC_GetPCLK2Freq     0x800'3bcf   0x1a  Code  Gb  stm32g4xx_hal_rcc.o [4]
HAL_RCC_GetSysClockFreq
                         0x800'3b43   0x6c  Code  Gb  stm32g4xx_hal_rcc.o [4]
HAL_RCC_NMI_IRQHandler   0x800'3bf5   0x16  Code  Gb  stm32g4xx_hal_rcc.o [4]
HAL_RCC_OscConfig        0x800'35d5  0x3d8  Code  Gb  stm32g4xx_hal_rcc.o [4]
HAL_SYSTICK_Callback     0x800'20dd    0x2  Code  Gb  main.o [2]
HAL_SYSTICK_Config       0x800'2893    0x2  Code  Gb  stm32g4xx_hal_cortex.o [4]
HAL_SYSTICK_IRQHandler   0x800'2895    0x4  Code  Gb  stm32g4xx_hal_cortex.o [4]
HAL_UARTEx_DisableFifoMode
                         0x800'60f5   0x3c  Code  Gb  stm32g4xx_hal_uart_ex.o [4]
HAL_UARTEx_RxEventCallback
                         0x800'6219    0x2  Code  Gb  stm32g4xx_hal_uart.o [4]
HAL_UARTEx_RxFifoFullCallback
                         0x800'621f    0x2  Code  Gb  stm32g4xx_hal_uart_ex.o [4]
HAL_UARTEx_SetRxFifoThreshold
                         0x800'6177   0x46  Code  Gb  stm32g4xx_hal_uart_ex.o [4]
HAL_UARTEx_SetTxFifoThreshold
                         0x800'6131   0x46  Code  Gb  stm32g4xx_hal_uart_ex.o [4]
HAL_UARTEx_TxFifoEmptyCallback
                         0x800'621d    0x2  Code  Gb  stm32g4xx_hal_uart_ex.o [4]
HAL_UARTEx_WakeupCallback
                         0x800'621b    0x2  Code  Gb  stm32g4xx_hal_uart_ex.o [4]
HAL_UART_ErrorCallback   0x800'6217    0x2  Code  Gb  stm32g4xx_hal_uart.o [4]
HAL_UART_IRQHandler      0x800'3dfd  0x2e8  Code  Gb  stm32g4xx_hal_uart.o [4]
HAL_UART_Init            0x800'3c91   0x6a  Code  Gb  stm32g4xx_hal_uart.o [4]
HAL_UART_MspInit         0x800'33b1  0x11e  Code  Gb  usart.o [2]
HAL_UART_Receive_DMA     0x800'3da3   0x5a  Code  Gb  stm32g4xx_hal_uart.o [4]
HAL_UART_RxCpltCallback
                         0x800'6455    0x2  Code  Gb  stm32g4xx_hal_uart.o [4]
HAL_UART_RxHalfCpltCallback
                         0x800'6457    0x2  Code  Gb  stm32g4xx_hal_uart.o [4]
HAL_UART_Transmit_DMA    0x800'3cfb   0xa8  Code  Gb  stm32g4xx_hal_uart.o [4]
HAL_UART_TxCpltCallback
                         0x800'6451    0x2  Code  Gb  stm32g4xx_hal_uart.o [4]
HAL_UART_TxHalfCpltCallback
                         0x800'6453    0x2  Code  Gb  stm32g4xx_hal_uart.o [4]
HardFault_Handler        0x800'6ef1    0x2  Code  Gb  stm32g4xx_it.o [2]
I2C1_ER_IRQHandler       0x800'6f3d    0x6  Code  Gb  stm32g4xx_it.o [2]
I2C1_EV_IRQHandler       0x800'6f37    0x6  Code  Gb  stm32g4xx_it.o [2]
I2C_DMAAbort             0x800'5921   0x18  Code  Lc  stm32g4xx_hal_i2c.o [4]
I2C_DMAError             0x800'5911   0x10  Code  Lc  stm32g4xx_hal_i2c.o [4]
I2C_DMAMasterReceiveCplt
                         0x800'58ad   0x60  Code  Lc  stm32g4xx_hal_i2c.o [4]
I2C_DMAMasterTransmitCplt
                         0x800'584d   0x60  Code  Lc  stm32g4xx_hal_i2c.o [4]
I2C_DMA_COMM             0x800'20df  0x21a  Code  Gb  main.o [2]
I2C_DMA_COMM::coef1     0x2000'0300    0x8  Data  Lc  main.o [2]
I2C_DMA_COMM::coef2     0x2000'0308    0x8  Data  Lc  main.o [2]
I2C_Disable_IRQ          0x800'5b8d   0x5c  Code  Lc  stm32g4xx_hal_i2c.o [4]
I2C_Enable_IRQ           0x800'5b15   0x60  Code  Lc  stm32g4xx_hal_i2c.o [4]
I2C_FLAG                0x2000'01fb    0x1  Data  Gb  main.o [2]
I2C_Flush_TXDR           0x800'582f   0x1e  Code  Lc  stm32g4xx_hal_i2c.o [4]
I2C_ITAddrCplt           0x800'5301   0xb4  Code  Lc  stm32g4xx_hal_i2c.o [4]
I2C_ITError              0x800'571d   0xf0  Code  Lc  stm32g4xx_hal_i2c.o [4]
I2C_ITListenCplt         0x800'56bb   0x62  Code  Lc  stm32g4xx_hal_i2c.o [4]
I2C_ITMasterCplt         0x800'5483   0xf8  Code  Lc  stm32g4xx_hal_i2c.o [4]
I2C_ITMasterSeqCplt      0x800'53b5   0x56  Code  Lc  stm32g4xx_hal_i2c.o [4]
I2C_ITSlaveCplt          0x800'557b  0x140  Code  Lc  stm32g4xx_hal_i2c.o [4]
I2C_ITSlaveSeqCplt       0x800'540b   0x78  Code  Lc  stm32g4xx_hal_i2c.o [4]
I2C_IsErrorOccurred      0x800'59e9  0x104  Code  Lc  stm32g4xx_hal_i2c.o [4]
I2C_Master_ISR_DMA       0x800'4fed  0x11c  Code  Lc  stm32g4xx_hal_i2c.o [4]
I2C_RequestMemoryRead    0x800'528d   0x72  Code  Lc  stm32g4xx_hal_i2c.o [4]
I2C_RequestMemoryWrite   0x800'5217   0x74  Code  Lc  stm32g4xx_hal_i2c.o [4]
I2C_Slave_ISR_DMA        0x800'5109  0x10e  Code  Lc  stm32g4xx_hal_i2c.o [4]
I2C_Slave_ISR_IT         0x800'4eb5  0x138  Code  Lc  stm32g4xx_hal_i2c.o [4]
I2C_TRQ_FLAG            0x2000'01fc    0x1  Data  Gb  main.o [2]
I2C_TransferConfig       0x800'5aed   0x28  Code  Lc  stm32g4xx_hal_i2c.o [4]
I2C_TreatErrorCallback   0x800'580d   0x22  Code  Lc  stm32g4xx_hal_i2c.o [4]
I2C_WaitOnFlagUntilTimeout
                         0x800'5939   0x5c  Code  Lc  stm32g4xx_hal_i2c.o [4]
I2C_WaitOnTXISFlagUntilTimeout
                         0x800'5995   0x54  Code  Lc  stm32g4xx_hal_i2c.o [4]
INIT_CAN                 0x800'13f1   0xbe  Code  Gb  fdcan.o [2]
MX_DMA_Init              0x800'3121   0x70  Code  Gb  dma.o [2]
MX_FDCAN1_Init           0x800'01d9   0x7c  Code  Gb  fdcan.o [2]
MX_GPIO_Init             0x800'30b9   0x68  Code  Gb  gpio.o [2]
MX_I2C1_Init             0x800'3191   0x54  Code  Gb  i2c.o [2]
MX_USART2_UART_Init      0x800'3345   0x6c  Code  Gb  usart.o [2]
MemManage_Handler        0x800'6ef3    0x2  Code  Gb  stm32g4xx_it.o [2]
NMI_Handler              0x800'6ee9    0x8  Code  Gb  stm32g4xx_it.o [2]
NMT_FLAG                0x2000'01f3    0x1  Data  Gb  main.o [2]
NMT_TRANS                0x800'03b5   0x2a  Code  Gb  fdcan.o [2]
NMT_state               0x2000'0202    0x1  Data  Gb  main.o [2]
NVIC_EncodePriority      0x800'280d   0x36  Code  Lc  stm32g4xx_hal_cortex.o [4]
POS_Calc                 0x800'12f5   0xf8  Code  Gb  fdcan.o [2]
POS_Calc::rad90         0x2000'01e0    0x8  Data  Lc  fdcan.o [2]
Parsing_PDO              0x800'052f   0x76  Code  Gb  fdcan.o [2]
Parsing_SDO              0x800'0449   0xe6  Code  Gb  fdcan.o [2]
PendSV_Handler           0x800'6efd    0x2  Code  Gb  stm32g4xx_it.o [2]
QS_flag                 0x2000'01f2    0x1  Data  Gb  main.o [2]
RCC_GetSysClockFreqFromPLLSource
                         0x800'3c0b   0x42  Code  Lc  stm32g4xx_hal_rcc.o [4]
RCC_IRQHandler           0x800'6f11    0x2  Code  Gb  stm32g4xx_it.o [2]
READ_STATUS              0x800'0691   0xc4  Code  Gb  fdcan.o [2]
RECV_FLAG               0x2000'0314    0x1  Data  Gb  fdcan.o [2]
Region$$Table$$Base      0x800'7074          --   Gb  - Linker created -
Region$$Table$$Limit     0x800'7094          --   Gb  - Linker created -
SEND_FRAME               0x800'05c3   0xaa  Code  Gb  fdcan.o [2]
SET_ANGLE_ZERO_FLAG     0x2000'01f6    0x1  Data  Gb  main.o [2]
SET_PDO                  0x800'036f   0x46  Code  Gb  fdcan.o [2]
SET_SDO                  0x800'02ff   0x70  Code  Gb  fdcan.o [2]
SET_SDO_FLAG            0x2000'01fa    0x1  Data  Gb  main.o [2]
STATUS_FLAG             0x2000'01f5    0x1  Data  Gb  main.o [2]
SVC_Handler              0x800'6ef9    0x2  Code  Gb  stm32g4xx_it.o [2]
SYNC_FRAME               0x800'05a5   0x1e  Code  Gb  fdcan.o [2]
SysTick_Config           0x800'2843   0x2e  Code  Lc  stm32g4xx_hal_cortex.o [4]
SysTick_Handler          0x800'6eff    0xe  Code  Gb  stm32g4xx_it.o [2]
SystemClock_Config       0x800'1c99   0x76  Code  Gb  main.o [2]
SystemCoreClock         0x2000'0460    0x4  Data  Gb  system_stm32g4xx.o [3]
SystemInit               0x800'7095    0xc  Code  Gb  system_stm32g4xx.o [3]
TRQ_Calc                 0x800'0809  0xaae  Code  Gb  fdcan.o [2]
TRQ_Calc::theta2        0x2000'01c0   0x10  Data  Lc  fdcan.o [2]
TRQ_Calc::trq_cnt_new   0x2000'0178    0x2  Data  Lc  fdcan.o [2]
TRQ_Calc::trq_cnt_old   0x2000'0176    0x2  Data  Lc  fdcan.o [2]
TRQ_ON_FLAG             0x2000'0172    0x1  Data  Gb  fdcan.o [2]
UARTEx_SetNbDataToProcess
                         0x800'61bd   0x46  Code  Lc  stm32g4xx_hal_uart_ex.o [4]
UARTEx_SetNbDataToProcess::denominator
                         0x800'620c    0x8  Data  Lc  stm32g4xx_hal_uart_ex.o [4]
UARTEx_SetNbDataToProcess::numerator
                         0x800'6204    0x8  Data  Lc  stm32g4xx_hal_uart_ex.o [4]
UARTPrescTable           0x800'4390   0x18  Data  Gb  stm32g4xx_hal_uart.o [4]
UART_AdvFeatureConfig    0x800'43a9   0xc8  Code  Gb  stm32g4xx_hal_uart.o [4]
UART_CheckIdleState      0x800'4471   0x64  Code  Gb  stm32g4xx_hal_uart.o [4]
UART_DMAAbortOnError     0x800'4865   0x10  Code  Lc  stm32g4xx_hal_uart.o [4]
UART_DMAError            0x800'4815   0x50  Code  Lc  stm32g4xx_hal_uart.o [4]
UART_DMAReceiveCplt      0x800'4769   0x92  Code  Lc  stm32g4xx_hal_uart.o [4]
UART_DMARxHalfCplt       0x800'47fd   0x18  Code  Lc  stm32g4xx_hal_uart.o [4]
UART_DMATransmitCplt     0x800'471d   0x46  Code  Lc  stm32g4xx_hal_uart.o [4]
UART_DMATxHalfCplt       0x800'4763    0x6  Code  Lc  stm32g4xx_hal_uart.o [4]
UART_EndRxTransfer       0x800'4695   0x58  Code  Lc  stm32g4xx_hal_uart.o [4]
UART_EndTransmit_IT      0x800'4875   0x22  Code  Lc  stm32g4xx_hal_uart.o [4]
UART_EndTxTransfer       0x800'465f   0x36  Code  Lc  stm32g4xx_hal_uart.o [4]
UART_FLAG               0x2000'01f1    0x1  Data  Gb  main.o [2]
UART_SetConfig           0x800'40f5  0x296  Code  Gb  stm32g4xx_hal_uart.o [4]
UART_Start_Receive_DMA   0x800'45ab   0xb4  Code  Gb  stm32g4xx_hal_uart.o [4]
UART_WaitOnFlagUntilTimeout
                         0x800'44d5   0xd6  Code  Gb  stm32g4xx_hal_uart.o [4]
UA_limit_angle          0x2000'01b0   0x10  Data  Gb  fdcan.o [2]
USART2_IRQHandler        0x800'6f43    0x6  Code  Gb  stm32g4xx_it.o [2]
UsageFault_Handler       0x800'6ef7    0x2  Code  Gb  stm32g4xx_it.o [2]
_Strtok_ssave           0x2000'0858    0x4  Data  Lc  strtok.o [5]
__NVIC_EnableIRQ         0x800'27dd   0x16  Code  Lc  stm32g4xx_hal_cortex.o [4]
__NVIC_GetPriorityGrouping
                         0x800'27d3    0xa  Code  Lc  stm32g4xx_hal_cortex.o [4]
__NVIC_SetPriority       0x800'27f3   0x1a  Code  Lc  stm32g4xx_hal_cortex.o [4]
__NVIC_SetPriorityGrouping
                         0x800'27b9   0x1a  Code  Lc  stm32g4xx_hal_cortex.o [4]
__aeabi_cdrcmple         0x800'2fb5         Code  Gb  DblCmpGe.o [7]
__aeabi_d2f              0x800'48a1         Code  Gb  DblToFlt.o [7]
__aeabi_d2iz             0x800'3005         Code  Gb  DblToS32.o [7]
__aeabi_dadd             0x800'2d49         Code  Gb  DblAddSub.o [7]
__aeabi_ddiv             0x800'2a81         Code  Gb  DblDiv.o [7]
__aeabi_dmul             0x800'28d5         Code  Gb  DblMul.o [7]
__aeabi_dsub             0x800'2ec5         Code  Gb  DblAddSub.o [7]
__aeabi_f2d              0x800'4999         Code  Gb  FltToDbl.o [7]
__aeabi_i2d              0x800'28b1         Code  Gb  S32ToDbl.o [7]
__aeabi_ldiv0            0x800'6521         Code  Gb  I64DivZer.o [8]
__aeabi_memset           0x800'64a5         Code  Gb  ABImemset.o [8]
__aeabi_memset4          0x800'2351         Code  Gb  ABImemset48.o [8]
__aeabi_memset8          0x800'2351         Code  Gb  ABImemset48.o [8]
__aeabi_ui2d             0x800'2fe9         Code  Gb  U32ToDbl.o [7]
__aeabi_uldivmod         0x800'6221         Code  Gb  I64DivMod.o [8]
__cmain                  0x800'70b5         Code  Gb  cmain.o [8]
__exit                   0x800'70e9   0x14  Code  Gb  exit.o [9]
__iar_Memset             0x800'64a5         Code  Gb  ABImemset.o [8]
__iar_Memset4_word       0x800'2359         Code  Gb  ABImemset48.o [8]
__iar_Memset8_word       0x800'2359         Code  Gb  ABImemset48.o [8]
__iar_Memset_word        0x800'64ad         Code  Gb  ABImemset.o [8]
__iar_data_init3         0x800'7029   0x28  Code  Gb  data_init.o [8]
__iar_init_vfp           0x800'7051         Code  Gb  fpinit_M.o [7]
__iar_lz77_init_single3
                         0x800'6f79   0x78  Code  Gb  lz77_init_single.o [8]
__iar_program_start      0x800'70fd         Code  Gb  cstartup_M.o [8]
__iar_zero_init3         0x800'6ff1   0x38  Code  Gb  zero_init3.o [8]
__low_level_init         0x800'70d3    0x4  Code  Gb  low_level_init.o [5]
__vector_table           0x800'0000         Data  Gb  startup_stm32g431xx.o [1]
_call_main               0x800'70c1         Code  Gb  cmain.o [8]
_exit                    0x800'70dd         Code  Gb  cexit.o [8]
abs                      0x800'303b    0x8  Code  Gb  abs.o [5]
angle_addr              0x2000'0326    0x2  Data  Gb  i2c.o [2]
angle_i2c               0x2000'02a0   0x60  Data  Gb  main.o [2]
arm_cos_f32              0x800'4909   0x90  Code  Gb  arm_cos_f32.o [6]
arm_max_no_idx_f32       0x800'2cc9   0x80  Code  Gb  arm_max_no_idx_f32.o [6]
arms                    0x2000'0173    0x1  Data  Gb  fdcan.o [2]
data_temp               0x2000'0238    0x4  Data  Gb  main.o [2]
deg2rad_5               0x2000'01d0    0x8  Data  Gb  fdcan.o [2]
error_res               0x2000'023c    0x8  Data  Gb  main.o [2]
exit                     0x800'70d7    0x4  Code  Gb  exit.o [5]
gear_efficiency         0x2000'0270   0x20  Data  Gb  main.o [2]
gear_ratio              0x2000'0250   0x20  Data  Gb  main.o [2]
hcan                    0x2000'0100   0x6c  Data  Gb  fdcan.o [2]
hdma_i2c1_rx            0x2000'0564   0x60  Data  Gb  i2c.o [2]
hdma_i2c1_tx            0x2000'05c4   0x60  Data  Gb  i2c.o [2]
hdma_usart2_rx          0x2000'0624   0x60  Data  Gb  usart.o [2]
hdma_usart2_tx          0x2000'0684   0x60  Data  Gb  usart.o [2]
hfdcan1                 0x2000'07f4   0x64  Data  Gb  fdcan.o [2]
hi2c1                   0x2000'0328   0x4c  Data  Gb  i2c.o [2]
huart2                  0x2000'06e4   0x90  Data  Gb  usart.o [2]
id_cnt                  0x2000'0205    0x1  Data  Gb  main.o [2]
id_sum                  0x2000'0204    0x1  Data  Gb  main.o [2]
id_temp                 0x2000'0200    0x1  Data  Gb  main.o [2]
init_vcp                 0x800'4a37   0x16  Code  Gb  serial.o [2]
length_temp             0x2000'0201    0x1  Data  Gb  main.o [2]
loop_async               0x800'1ed3  0x14e  Code  Gb  main.o [2]
loop_sync                0x800'1dbf  0x114  Code  Gb  main.o [2]
loop_sync::cnt          0x2000'0244    0x4  Data  Lc  main.o [2]
main                     0x800'1c71   0x28  Code  Gb  main.o [2]
max_timeout             0x2000'0324    0x2  Data  Gb  i2c.o [2]
max_timeout_cnt         0x2000'0320    0x4  Data  Gb  fdcan.o [2]
mem_addr                0x2000'029c    0x2  Data  Gb  main.o [2]
motor                   0x2000'0000  0x100  Data  Gb  fdcan.o [2]
motor1_flag1            0x2000'01da    0x1  Data  Gb  fdcan.o [2]
motor1_flag2            0x2000'01db    0x1  Data  Gb  fdcan.o [2]
node_id                 0x2000'01f0    0x1  Data  Gb  main.o [2]
object                  0x2000'0230    0x2  Data  Gb  main.o [2]
object_sub              0x2000'0208    0x2  Data  Gb  main.o [2]
pFlash                  0x2000'0440   0x20  Data  Gb  stm32g4xx_hal_flash.o [4]
pin_state               0x2000'01fe    0x1  Data  Gb  main.o [2]
pin_state_old           0x2000'01d9    0x1  Data  Gb  fdcan.o [2]
prot_info               0x2000'0206    0x2  Data  Gb  main.o [2]
rad_i2c                 0x2000'0860   0x60  Data  Gb  main.o [2]
rated_torque            0x2000'0248    0x8  Data  Gb  main.o [2]
run_vcp                  0x800'4a65   0x96  Code  Gb  serial.o [2]
rx_buf                  0x2000'0378    0xc  Data  Gb  i2c.o [2]
rx_buff                 0x2000'0290    0xc  Data  Gb  main.o [2]
serial_available         0x800'4a1f   0x18  Code  Gb  serial.o [2]
serial_read              0x800'49f5   0x2a  Code  Gb  serial.o [2]
serial_write             0x800'49e1   0x14  Code  Gb  serial.o [2]
setup                    0x800'1d0f   0xb0  Code  Gb  main.o [2]
sign_                   0x2000'01e8    0x4  Data  Gb  fdcan.o [2]
sign_flag               0x2000'01d8    0x1  Data  Gb  fdcan.o [2]
sinTable_f32             0x800'6568  0x804  Data  Gb  arm_common_tables.o [6]
strcspn                  0x800'6545   0x22  Code  Gb  strcspn.o [5]
strspn                   0x800'6523   0x22  Code  Gb  strspn.o [5]
strtok                   0x800'6459   0x4c  Code  Gb  strtok.o [5]
tick                    0x2000'0234    0x4  Data  Gb  main.o [2]
timeout                 0x2000'0318    0x8  Data  Gb  fdcan.o [2]
timer                   0x2000'01ff    0x1  Data  Gb  main.o [2]
torque                  0x2000'0180   0x20  Data  Gb  fdcan.o [2]
tp                      0x2000'08c0    0x8  Data  Gb  main.o [2]
trq_cnt_max             0x2000'0174    0x2  Data  Gb  fdcan.o [2]
trq_offset              0x2000'0210   0x20  Data  Gb  main.o [2]
trq_prof                0x2000'0170    0x2  Data  Gb  fdcan.o [2]
tx_buf                  0x2000'0374    0x1  Data  Gb  i2c.o [2]
tx_buff                 0x2000'0310    0x1  Data  Gb  main.o [2]
txfifoemptycheck        0x2000'08c8    0x1  Data  Gb  main.o [2]
uart2_rx_buffer         0x2000'0464  0x100  Data  Gb  usart.o [2]
uart2_tx_buffer         0x2000'0774   0x80  Data  Gb  usart.o [2]
uwTick                  0x2000'0434    0x4  Data  Gb  stm32g4xx_hal.o [4]
uwTickFreq              0x2000'043c    0x4  Data  Gb  stm32g4xx_hal.o [4]
uwTickPrio              0x2000'0438    0x4  Data  Gb  stm32g4xx_hal.o [4]
vcp                     0x2000'0384   0xb0  Data  Gb  serial.o [2]


[1] = C:\Users\jaesung\MRAS\GitHub\STM32\Projects\Exoskeleton\STM32G431KB_CAN\EWARM\STM32G431KB_CAN\Obj\Application\EWARM
[2] = C:\Users\jaesung\MRAS\GitHub\STM32\Projects\Exoskeleton\STM32G431KB_CAN\EWARM\STM32G431KB_CAN\Obj\Application\User\Core
[3] = C:\Users\jaesung\MRAS\GitHub\STM32\Projects\Exoskeleton\STM32G431KB_CAN\EWARM\STM32G431KB_CAN\Obj\Drivers\CMSIS
[4] = C:\Users\jaesung\MRAS\GitHub\STM32\Projects\Exoskeleton\STM32G431KB_CAN\EWARM\STM32G431KB_CAN\Obj\Drivers\STM32G4xx_HAL_Driver
[5] = dl7M_tlf.a
[6] = iar_cortexM4lf_math.a
[7] = m7M_tls.a
[8] = rt7M_tl.a
[9] = shb_l.a

  27'112 bytes of readonly  code memory
   2'321 bytes of readonly  data memory
   3'273 bytes of readwrite data memory

Errors: none
Warnings: none
