###############################################################################
#
# IAR ELF Linker V9.10.2.313/W64 for ARM                  16/Mar/2023  19:40:29
# Copyright 2007-2021 IAR Systems AB.
#
#    Output file  =
#        C:\Users\jaesung\MRAS\GitHub\STM32\Projects\Exoskeleton\STM32G431KB_CAN\EWARM\STM32G431KB_CAN\Exe\STM32G431KB_CAN.out
#    Map file     =
#        C:\Users\jaesung\MRAS\GitHub\STM32\Projects\Exoskeleton\STM32G431KB_CAN\EWARM\STM32G431KB_CAN\List\STM32G431KB_CAN.map
#    Command line =
#        -f
#        C:\Users\jaesung\MRAS\GitHub\STM32\Projects\Exoskeleton\STM32G431KB_CAN\EWARM\STM32G431KB_CAN\Exe\STM32G431KB_CAN.out.rsp
#        (C:\Users\jaesung\MRAS\GitHub\STM32\Projects\Exoskeleton\STM32G431KB_CAN\EWARM\STM32G431KB_CAN\Obj\Application\User\Core\dma.o
#        C:\Users\jaesung\MRAS\GitHub\STM32\Projects\Exoskeleton\STM32G431KB_CAN\EWARM\STM32G431KB_CAN\Obj\Application\User\Core\fdcan.o
#        C:\Users\jaesung\MRAS\GitHub\STM32\Projects\Exoskeleton\STM32G431KB_CAN\EWARM\STM32G431KB_CAN\Obj\Application\User\Core\gpio.o
#        C:\Users\jaesung\MRAS\GitHub\STM32\Projects\Exoskeleton\STM32G431KB_CAN\EWARM\STM32G431KB_CAN\Obj\Application\User\Core\main.o
#        C:\Users\jaesung\MRAS\GitHub\STM32\Projects\Exoskeleton\STM32G431KB_CAN\EWARM\STM32G431KB_CAN\Obj\Application\User\Core\serial.o
#        C:\Users\jaesung\MRAS\GitHub\STM32\Projects\Exoskeleton\STM32G431KB_CAN\EWARM\STM32G431KB_CAN\Obj\Application\EWARM\startup_stm32g431xx.o
#        C:\Users\jaesung\MRAS\GitHub\STM32\Projects\Exoskeleton\STM32G431KB_CAN\EWARM\STM32G431KB_CAN\Obj\Drivers\STM32G4xx_HAL_Driver\stm32g4xx_hal.o
#        C:\Users\jaesung\MRAS\GitHub\STM32\Projects\Exoskeleton\STM32G431KB_CAN\EWARM\STM32G431KB_CAN\Obj\Drivers\STM32G4xx_HAL_Driver\stm32g4xx_hal_cortex.o
#        C:\Users\jaesung\MRAS\GitHub\STM32\Projects\Exoskeleton\STM32G431KB_CAN\EWARM\STM32G431KB_CAN\Obj\Drivers\STM32G4xx_HAL_Driver\stm32g4xx_hal_dma.o
#        C:\Users\jaesung\MRAS\GitHub\STM32\Projects\Exoskeleton\STM32G431KB_CAN\EWARM\STM32G431KB_CAN\Obj\Drivers\STM32G4xx_HAL_Driver\stm32g4xx_hal_dma_ex.o
#        C:\Users\jaesung\MRAS\GitHub\STM32\Projects\Exoskeleton\STM32G431KB_CAN\EWARM\STM32G431KB_CAN\Obj\Drivers\STM32G4xx_HAL_Driver\stm32g4xx_hal_exti.o
#        C:\Users\jaesung\MRAS\GitHub\STM32\Projects\Exoskeleton\STM32G431KB_CAN\EWARM\STM32G431KB_CAN\Obj\Drivers\STM32G4xx_HAL_Driver\stm32g4xx_hal_fdcan.o
#        C:\Users\jaesung\MRAS\GitHub\STM32\Projects\Exoskeleton\STM32G431KB_CAN\EWARM\STM32G431KB_CAN\Obj\Drivers\STM32G4xx_HAL_Driver\stm32g4xx_hal_flash.o
#        C:\Users\jaesung\MRAS\GitHub\STM32\Projects\Exoskeleton\STM32G431KB_CAN\EWARM\STM32G431KB_CAN\Obj\Drivers\STM32G4xx_HAL_Driver\stm32g4xx_hal_flash_ex.o
#        C:\Users\jaesung\MRAS\GitHub\STM32\Projects\Exoskeleton\STM32G431KB_CAN\EWARM\STM32G431KB_CAN\Obj\Drivers\STM32G4xx_HAL_Driver\stm32g4xx_hal_flash_ramfunc.o
#        C:\Users\jaesung\MRAS\GitHub\STM32\Projects\Exoskeleton\STM32G431KB_CAN\EWARM\STM32G431KB_CAN\Obj\Drivers\STM32G4xx_HAL_Driver\stm32g4xx_hal_gpio.o
#        C:\Users\jaesung\MRAS\GitHub\STM32\Projects\Exoskeleton\STM32G431KB_CAN\EWARM\STM32G431KB_CAN\Obj\Application\User\Core\stm32g4xx_hal_msp.o
#        C:\Users\jaesung\MRAS\GitHub\STM32\Projects\Exoskeleton\STM32G431KB_CAN\EWARM\STM32G431KB_CAN\Obj\Drivers\STM32G4xx_HAL_Driver\stm32g4xx_hal_pwr.o
#        C:\Users\jaesung\MRAS\GitHub\STM32\Projects\Exoskeleton\STM32G431KB_CAN\EWARM\STM32G431KB_CAN\Obj\Drivers\STM32G4xx_HAL_Driver\stm32g4xx_hal_pwr_ex.o
#        C:\Users\jaesung\MRAS\GitHub\STM32\Projects\Exoskeleton\STM32G431KB_CAN\EWARM\STM32G431KB_CAN\Obj\Drivers\STM32G4xx_HAL_Driver\stm32g4xx_hal_rcc.o
#        C:\Users\jaesung\MRAS\GitHub\STM32\Projects\Exoskeleton\STM32G431KB_CAN\EWARM\STM32G431KB_CAN\Obj\Drivers\STM32G4xx_HAL_Driver\stm32g4xx_hal_rcc_ex.o
#        C:\Users\jaesung\MRAS\GitHub\STM32\Projects\Exoskeleton\STM32G431KB_CAN\EWARM\STM32G431KB_CAN\Obj\Drivers\STM32G4xx_HAL_Driver\stm32g4xx_hal_tim.o
#        C:\Users\jaesung\MRAS\GitHub\STM32\Projects\Exoskeleton\STM32G431KB_CAN\EWARM\STM32G431KB_CAN\Obj\Drivers\STM32G4xx_HAL_Driver\stm32g4xx_hal_tim_ex.o
#        C:\Users\jaesung\MRAS\GitHub\STM32\Projects\Exoskeleton\STM32G431KB_CAN\EWARM\STM32G431KB_CAN\Obj\Drivers\STM32G4xx_HAL_Driver\stm32g4xx_hal_uart.o
#        C:\Users\jaesung\MRAS\GitHub\STM32\Projects\Exoskeleton\STM32G431KB_CAN\EWARM\STM32G431KB_CAN\Obj\Drivers\STM32G4xx_HAL_Driver\stm32g4xx_hal_uart_ex.o
#        C:\Users\jaesung\MRAS\GitHub\STM32\Projects\Exoskeleton\STM32G431KB_CAN\EWARM\STM32G431KB_CAN\Obj\Application\User\Core\stm32g4xx_it.o
#        C:\Users\jaesung\MRAS\GitHub\STM32\Projects\Exoskeleton\STM32G431KB_CAN\EWARM\STM32G431KB_CAN\Obj\Drivers\CMSIS\system_stm32g4xx.o
#        C:\Users\jaesung\MRAS\GitHub\STM32\Projects\Exoskeleton\STM32G431KB_CAN\EWARM\STM32G431KB_CAN\Obj\Application\User\Core\usart.o
#        C:\Users\jaesung\MRAS\GitHub\STM32\Projects\Exoskeleton\STM32G431KB_CAN\EWARM\STM32G431KB_CAN\Obj\Application\User\Core\utility.o
#        --no_out_extension -o
#        C:\Users\jaesung\MRAS\GitHub\STM32\Projects\Exoskeleton\STM32G431KB_CAN\EWARM\STM32G431KB_CAN\Exe\STM32G431KB_CAN.out
#        --redirect _Printf=_PrintfFullNoMb --redirect _Scanf=_ScanfFullNoMb
#        --map
#        C:\Users\jaesung\MRAS\GitHub\STM32\Projects\Exoskeleton\STM32G431KB_CAN\EWARM\STM32G431KB_CAN\List\STM32G431KB_CAN.map
#        --config
#        C:\Users\jaesung\MRAS\GitHub\STM32\Projects\Exoskeleton\STM32G431KB_CAN\EWARM/stm32g431xx_flash.icf
#        --semihosting --entry __iar_program_start "C:\Program Files\IAR
#        Systems\Embedded Workbench
#        9.0\arm\CMSIS\Lib\IAR\iar_cortexM4lf_math.a" --vfe --text_out locale)
#
###############################################################################

*******************************************************************************
*** RUNTIME MODEL ATTRIBUTES
***

CppFlavor       = *
__SystemLibrary = DLib
__dlib_version  = 6


*******************************************************************************
*** HEAP SELECTION
***

The basic heap was selected because no calls to memory allocation
functions were found in the application outside of system library
functions, and there are calls to deallocation functions in the
application.


*******************************************************************************
*** PLACEMENT SUMMARY
***

"A0":  place at address 0x800'0000 { ro section .intvec };
"P1":  place in [from 0x800'0000 to 0x801'ffff] { ro };
define block CSTACK with size = 1K, alignment = 8 { };
define block HEAP with size = 512, alignment = 8 { };
"P2":  place in [from 0x2000'0000 to 0x2000'7fff] {
          rw, block CSTACK, block HEAP };
initialize by copy { rw };

  Section            Kind         Address    Size  Object
  -------            ----         -------    ----  ------
"A0":                                       0x1d8
  .intvec            ro code   0x800'0000   0x1d8  startup_stm32g431xx.o [1]
                             - 0x800'01d8   0x1d8

"P1":                                      0x4ced
  .text              ro code   0x800'01d8   0xf2e  xprintffull_nomb.o [5]
  .text              ro code   0x800'1106    0x3a  packbits_init_single.o [7]
  .text              ro code   0x800'1140    0x16  strchr.o [7]
  .text              ro code   0x800'1156     0xa  xsprout.o [5]
  .text              ro code   0x800'1160    0x40  xfail_s.o [5]
  .text              ro code   0x800'11a0    0x14  strlen_small.o [7]
  .text              ro code   0x800'11b4    0x58  memchr.o [7]
  .text              ro code   0x800'120c    0xa6  ABImemcpy.o [7]
  .rodata            const     0x800'12b2     0x2  xlocale_c.o [5]
  .text              ro code   0x800'12b4    0x70  frexp.o [6]
  .text              ro code   0x800'1324    0x34  DblCmpLe.o [6]
  .text              ro code   0x800'1358    0x34  DblCmpGe.o [6]
  .text              ro code   0x800'138c   0x13a  ldexp.o [6]
  .rodata            const     0x800'14c6     0x1  xlocale_c.o [5]
  .text              ro code   0x800'14c8    0x36  DblToS32.o [6]
  .text              ro code   0x800'1500    0x22  S32ToDbl.o [6]
  .text              ro code   0x800'1524   0x24e  DblAddSub.o [6]
  .text              ro code   0x800'1774   0x246  DblDiv.o [6]
  .text              ro code   0x800'19bc    0x22  DblToU32.o [6]
  .text              ro code   0x800'19e0    0x1c  U32ToDbl.o [6]
  .text              ro code   0x800'19fc   0x1aa  DblMul.o [6]
  .text              ro code   0x800'1ba8     0x8  xlocale_c.o [5]
  .text              ro code   0x800'1bb0   0x106  I64DivMod_small.o [7]
  .text              ro code   0x800'1cb6     0x6  abort.o [5]
  .text              ro code   0x800'1cbc     0x2  I64DivZer.o [7]
  .text              ro code   0x800'1cc0    0x14  exit.o [8]
  .text              ro code   0x800'1cd4   0xc2c  stm32g4xx_hal_uart.o [4]
  .text              ro code   0x800'2900   0x188  usart.o [2]
  .text              ro code   0x800'2a88   0x3fc  stm32g4xx_hal_dma.o [4]
  .text              ro code   0x800'2e84     0x2  stm32g4xx_hal_uart.o [4]
  .text              ro code   0x800'2e86     0x2  stm32g4xx_hal_uart.o [4]
  .text              ro code   0x800'2e88     0x2  stm32g4xx_hal_uart_ex.o [4]
  .text              ro code   0x800'2e8a     0x2  stm32g4xx_hal_uart_ex.o [4]
  .text              ro code   0x800'2e8c     0x2  stm32g4xx_hal_uart_ex.o [4]
  .text              ro code   0x800'2e90   0x748  stm32g4xx_hal_rcc.o [4]
  .text              ro code   0x800'35d8     0xc  stm32g4xx_hal.o [4]
  .text              ro code   0x800'35e4     0x2  stm32g4xx_hal_uart.o [4]
  .text              ro code   0x800'35e6     0x2  stm32g4xx_hal_uart.o [4]
  .text              ro code   0x800'35e8     0x2  stm32g4xx_hal_uart.o [4]
  .text              ro code   0x800'35ea     0x2  stm32g4xx_hal_uart.o [4]
  .text              ro code   0x800'35ec   0x1b6  main.o [2]
  .text              ro code   0x800'37a4   0x104  stm32g4xx_hal_uart_ex.o [4]
  .text              ro code   0x800'38a8     0x6  ABImemclr4.o [7]
  .text              ro code   0x800'38b0   0x2ac  stm32g4xx_hal_rcc_ex.o [4]
  .text              ro code   0x800'3b5c   0x10c  stm32g4xx_hal_cortex.o [4]
  .text              ro code   0x800'3c68   0x1c4  stm32g4xx_hal_gpio.o [4]
  .text              ro code   0x800'3e2c    0x50  stm32g4xx_hal.o [4]
  .text              ro code   0x800'3e7c    0x1e  stm32g4xx_hal.o [4]
  .text              ro code   0x800'3e9c    0x78  gpio.o [2]
  .text              ro code   0x800'3f14    0x54  dma.o [2]
  .text              ro code   0x800'3f68   0x114  fdcan.o [2]
  .text              ro code   0x800'407c   0x114  stm32g4xx_hal_pwr_ex.o [4]
  .text              ro code   0x800'4190   0x6ec  stm32g4xx_hal_fdcan.o [4]
  .text              ro code   0x800'487c    0x40  sprintf.o [5]
  .text              ro code   0x800'48bc   0x12e  serial.o [2]
  .text              ro code   0x800'49ec    0x32  ABImemset48.o [7]
  .text              ro code   0x800'4a20    0x3c  stm32g4xx_hal_msp.o [2]
  .text              ro code   0x800'4a5c     0x2  stm32g4xx_hal_fdcan.o [4]
  .text              ro code   0x800'4a5e     0x2  stm32g4xx_hal_fdcan.o [4]
  .text              ro code   0x800'4a60     0x2  stm32g4xx_hal_fdcan.o [4]
  .text              ro code   0x800'4a62     0x2  stm32g4xx_hal_fdcan.o [4]
  .text              ro code   0x800'4a64     0x2  stm32g4xx_hal_fdcan.o [4]
  .text              ro code   0x800'4a66     0x2  stm32g4xx_hal_fdcan.o [4]
  .text              ro code   0x800'4a68     0x2  stm32g4xx_hal_fdcan.o [4]
  .text              ro code   0x800'4a6a     0x2  stm32g4xx_hal_fdcan.o [4]
  .text              ro code   0x800'4a6c     0x2  stm32g4xx_hal_fdcan.o [4]
  .text              ro code   0x800'4a6e     0x2  stm32g4xx_hal_fdcan.o [4]
  .text              ro code   0x800'4a70    0x18  strcpy.o [7]
  .text              ro code   0x800'4a88    0x4c  strtok.o [5]
  .text              ro code   0x800'4ad4     0x2  serial.o [2]
  .text              ro code   0x800'4ad8     0x6  ABImemclr.o [7]
  .text              ro code   0x800'4ade    0x22  strspn.o [5]
  .text              ro code   0x800'4b00    0x22  strcspn.o [5]
  .text              ro code   0x800'4b24    0x5e  ABImemset.o [7]
  .text              ro code   0x800'4b84    0x48  stm32g4xx_it.o [2]
  .text              ro code   0x800'4bcc    0x18  stm32g4xx_hal.o [4]
  .text              ro code   0x800'4be4    0x38  zero_init3.o [7]
  .text              ro code   0x800'4c1c    0x28  data_init.o [7]
  .text              ro code   0x800'4c44    0x22  fpinit_M.o [6]
  .iar.init_table    const     0x800'4c68    0x20  - Linker created -
  .text              ro code   0x800'4c88    0x1e  cmain.o [7]
  .text              ro code   0x800'4ca6     0x4  low_level_init.o [5]
  .text              ro code   0x800'4caa     0x4  exit.o [5]
  .text              ro code   0x800'4cb0     0xa  cexit.o [7]
  .text              ro code   0x800'4cbc    0x1c  cstartup_M.o [7]
  .rodata            const     0x800'4cd8    0x18  stm32g4xx_hal_uart.o [4]
  .text              ro code   0x800'4cf0    0x14  system_stm32g4xx.o [3]
  .rodata            const     0x800'4d04    0x10  main.o [2]
  .rodata            const     0x800'4d14    0x10  stm32g4xx_hal_fdcan.o [4]
  .rodata            const     0x800'4d24    0x10  system_stm32g4xx.o [3]
  .text              ro code   0x800'4d34    0x10  startup_stm32g431xx.o [1]
  .rodata            const     0x800'4d44     0x8  stm32g4xx_hal_uart_ex.o [4]
  .rodata            const     0x800'4d4c     0x8  stm32g4xx_hal_uart_ex.o [4]
  .rodata            const     0x800'4d54     0x8  system_stm32g4xx.o [3]
  .rodata            const     0x800'4d5c     0x4  serial.o [2]
  .text              ro code   0x800'4d60     0x4  startup_stm32g431xx.o [1]
  .text              ro code   0x800'4d64     0x4  startup_stm32g431xx.o [1]
  .text              ro code   0x800'4d68     0x4  startup_stm32g431xx.o [1]
  .text              ro code   0x800'4d6c     0x4  startup_stm32g431xx.o [1]
  .text              ro code   0x800'4d70     0x4  startup_stm32g431xx.o [1]
  .text              ro code   0x800'4d74     0x4  startup_stm32g431xx.o [1]
  .text              ro code   0x800'4d78     0x4  startup_stm32g431xx.o [1]
  .text              ro code   0x800'4d7c     0x4  startup_stm32g431xx.o [1]
  .text              ro code   0x800'4d80     0x4  startup_stm32g431xx.o [1]
  .text              ro code   0x800'4d84     0x4  startup_stm32g431xx.o [1]
  .text              ro code   0x800'4d88     0x4  startup_stm32g431xx.o [1]
  .text              ro code   0x800'4d8c     0x4  startup_stm32g431xx.o [1]
  .text              ro code   0x800'4d90     0x4  startup_stm32g431xx.o [1]
  .text              ro code   0x800'4d94     0x4  startup_stm32g431xx.o [1]
  .text              ro code   0x800'4d98     0x4  startup_stm32g431xx.o [1]
  .text              ro code   0x800'4d9c     0x4  startup_stm32g431xx.o [1]
  .text              ro code   0x800'4da0     0x4  startup_stm32g431xx.o [1]
  .text              ro code   0x800'4da4     0x4  startup_stm32g431xx.o [1]
  .text              ro code   0x800'4da8     0x4  startup_stm32g431xx.o [1]
  .text              ro code   0x800'4dac     0x4  startup_stm32g431xx.o [1]
  .text              ro code   0x800'4db0     0x4  startup_stm32g431xx.o [1]
  .text              ro code   0x800'4db4     0x4  startup_stm32g431xx.o [1]
  .text              ro code   0x800'4db8     0x4  startup_stm32g431xx.o [1]
  .text              ro code   0x800'4dbc     0x4  startup_stm32g431xx.o [1]
  .text              ro code   0x800'4dc0     0x4  startup_stm32g431xx.o [1]
  .text              ro code   0x800'4dc4     0x4  startup_stm32g431xx.o [1]
  .text              ro code   0x800'4dc8     0x4  startup_stm32g431xx.o [1]
  .text              ro code   0x800'4dcc     0x4  startup_stm32g431xx.o [1]
  .text              ro code   0x800'4dd0     0x4  startup_stm32g431xx.o [1]
  .text              ro code   0x800'4dd4     0x4  startup_stm32g431xx.o [1]
  .text              ro code   0x800'4dd8     0x4  startup_stm32g431xx.o [1]
  .text              ro code   0x800'4ddc     0x4  startup_stm32g431xx.o [1]
  .text              ro code   0x800'4de0     0x4  startup_stm32g431xx.o [1]
  .text              ro code   0x800'4de4     0x4  startup_stm32g431xx.o [1]
  .text              ro code   0x800'4de8     0x4  startup_stm32g431xx.o [1]
  .text              ro code   0x800'4dec     0x4  startup_stm32g431xx.o [1]
  .text              ro code   0x800'4df0     0x4  startup_stm32g431xx.o [1]
  .text              ro code   0x800'4df4     0x4  startup_stm32g431xx.o [1]
  .text              ro code   0x800'4df8     0x4  startup_stm32g431xx.o [1]
  .text              ro code   0x800'4dfc     0x4  startup_stm32g431xx.o [1]
  .text              ro code   0x800'4e00     0x4  startup_stm32g431xx.o [1]
  .text              ro code   0x800'4e04     0x4  startup_stm32g431xx.o [1]
  .text              ro code   0x800'4e08     0x4  startup_stm32g431xx.o [1]
  .text              ro code   0x800'4e0c     0x4  startup_stm32g431xx.o [1]
  .text              ro code   0x800'4e10     0x4  startup_stm32g431xx.o [1]
  .text              ro code   0x800'4e14     0x4  startup_stm32g431xx.o [1]
  .text              ro code   0x800'4e18     0x4  startup_stm32g431xx.o [1]
  .text              ro code   0x800'4e1c     0x4  startup_stm32g431xx.o [1]
  .text              ro code   0x800'4e20     0x4  startup_stm32g431xx.o [1]
  .text              ro code   0x800'4e24     0x4  startup_stm32g431xx.o [1]
  .text              ro code   0x800'4e28     0x4  startup_stm32g431xx.o [1]
  .text              ro code   0x800'4e2c     0x4  startup_stm32g431xx.o [1]
  .text              ro code   0x800'4e30     0x4  startup_stm32g431xx.o [1]
  .text              ro code   0x800'4e34     0x4  startup_stm32g431xx.o [1]
  .text              ro code   0x800'4e38     0x4  startup_stm32g431xx.o [1]
  .text              ro code   0x800'4e3c     0x4  startup_stm32g431xx.o [1]
  .text              ro code   0x800'4e40     0x4  startup_stm32g431xx.o [1]
  .text              ro code   0x800'4e44     0x4  startup_stm32g431xx.o [1]
  .text              ro code   0x800'4e48     0x4  startup_stm32g431xx.o [1]
  .text              ro code   0x800'4e4c     0x4  startup_stm32g431xx.o [1]
  .text              ro code   0x800'4e50     0x4  startup_stm32g431xx.o [1]
  .text              ro code   0x800'4e54     0x4  startup_stm32g431xx.o [1]
  .text              ro code   0x800'4e58     0x4  startup_stm32g431xx.o [1]
  .text              ro code   0x800'4e5c     0x4  startup_stm32g431xx.o [1]
  .text              ro code   0x800'4e60     0x4  startup_stm32g431xx.o [1]
  .text              ro code   0x800'4e64     0x4  startup_stm32g431xx.o [1]
  .rodata            const     0x800'4e68     0x0  zero_init3.o [7]
  .rodata            const     0x800'4e68     0x0  packbits_init_single.o [7]
  Initializer bytes  const     0x800'4e68    0x5d  <for P2-1>
                             - 0x800'4ec5  0x4ced

"P2", part 1 of 3:                          0x160
  P2-1                        0x2000'0000   0x160  <Init block>
    .data            inited   0x2000'0000    0x6c  fdcan.o [2]
    .data            inited   0x2000'006c    0xb0  serial.o [2]
    .data            inited   0x2000'011c     0x4  stm32g4xx_hal.o [4]
    .data            inited   0x2000'0120     0x4  stm32g4xx_hal.o [4]
    .data            inited   0x2000'0124     0x4  system_stm32g4xx.o [3]
    .data            inited   0x2000'0128    0x38  xlocale_c.o [5]
                            - 0x2000'0160   0x160

"P2", part 2 of 3:                          0x348
  .bss               zero     0x2000'0160   0x100  usart.o [2]
  .bss               zero     0x2000'0260    0x90  usart.o [2]
  .bss               zero     0x2000'02f0    0x80  usart.o [2]
  .bss               zero     0x2000'0370    0x64  fdcan.o [2]
  .bss               zero     0x2000'03d4    0x60  usart.o [2]
  .bss               zero     0x2000'0434    0x60  usart.o [2]
  .bss               zero     0x2000'0494     0x4  main.o [2]
  .bss               zero     0x2000'0498     0x4  stm32g4xx_hal.o [4]
  .bss               zero     0x2000'049c     0x4  strtok.o [5]
  .bss               zero     0x2000'04a0     0x4  xfail_s.o [5]
  .bss               zero     0x2000'04a4     0x1  main.o [2]
                            - 0x2000'04a5   0x345

"P2", part 3 of 3:                          0x400
  CSTACK                      0x2000'04a8   0x400  <Block>
    CSTACK           uninit   0x2000'04a8   0x400  <Block tail>
                            - 0x2000'08a8   0x400

Unused ranges:

         From           To      Size
         ----           --      ----
   0x800'4ec5   0x801'ffff  0x1'b13b
  0x2000'08a8  0x2000'7fff    0x7758


*******************************************************************************
*** INIT TABLE
***

          Address      Size
          -------      ----
Zero (__iar_zero_init3)
    1 destination range, total size 0x345:
          0x2000'0160  0x345

Copy/packbits (__iar_packbits_init_single3)
    1 source range, total size 0x5d (26% of destination):
           0x800'4e68   0x5d
    1 destination range, total size 0x160:
          0x2000'0000  0x160



*******************************************************************************
*** MODULE SUMMARY
***

    Module                   ro code  ro data  rw data
    ------                   -------  -------  -------
command line/config:
    --------------------------------------------------
    Total:

C:\Users\jaesung\MRAS\GitHub\STM32\Projects\Exoskeleton\STM32G431KB_CAN\EWARM\STM32G431KB_CAN\Obj\Application\EWARM: [1]
    startup_stm32g431xx.o        752
    --------------------------------------------------
    Total:                       752

C:\Users\jaesung\MRAS\GitHub\STM32\Projects\Exoskeleton\STM32G431KB_CAN\EWARM\STM32G431KB_CAN\Obj\Application\User\Core: [2]
    dma.o                         84
    fdcan.o                      276       28      208
    gpio.o                       120
    main.o                       438       16        5
    serial.o                     304       51      176
    stm32g4xx_hal_msp.o           60
    stm32g4xx_it.o                72
    usart.o                      392               720
    --------------------------------------------------
    Total:                     1'746       95    1'109

C:\Users\jaesung\MRAS\GitHub\STM32\Projects\Exoskeleton\STM32G431KB_CAN\EWARM\STM32G431KB_CAN\Obj\Drivers\CMSIS: [3]
    system_stm32g4xx.o            20       25        4
    --------------------------------------------------
    Total:                        20       25        4

C:\Users\jaesung\MRAS\GitHub\STM32\Projects\Exoskeleton\STM32G431KB_CAN\EWARM\STM32G431KB_CAN\Obj\Drivers\STM32G4xx_HAL_Driver: [4]
    stm32g4xx_hal.o              146        2       12
    stm32g4xx_hal_cortex.o       268
    stm32g4xx_hal_dma.o        1'020
    stm32g4xx_hal_fdcan.o      1'792       16
    stm32g4xx_hal_gpio.o         452
    stm32g4xx_hal_pwr_ex.o       276
    stm32g4xx_hal_rcc.o        1'864
    stm32g4xx_hal_rcc_ex.o       684
    stm32g4xx_hal_uart.o       3'128       24
    stm32g4xx_hal_uart_ex.o      266       16
    --------------------------------------------------
    Total:                     9'896       58       12

dl7M_tlf.a: [5]
    abort.o                        6
    exit.o                         4
    low_level_init.o               4
    sprintf.o                     64
    strcspn.o                     34
    strspn.o                      34
    strtok.o                      76                 4
    xfail_s.o                     64                 4
    xlocale_c.o                    8       18       56
    xprintffull_nomb.o         3'886
    xsprout.o                     10
    --------------------------------------------------
    Total:                     4'190       18       64

m7M_tls.a: [6]
    DblAddSub.o                  590
    DblCmpGe.o                    52
    DblCmpLe.o                    52
    DblDiv.o                     582
    DblMul.o                     426
    DblToS32.o                    54
    DblToU32.o                    34
    S32ToDbl.o                    34
    U32ToDbl.o                    28
    fpinit_M.o                    34
    frexp.o                      112
    ldexp.o                      314
    --------------------------------------------------
    Total:                     2'312

rt7M_tl.a: [7]
    ABImemclr.o                    6
    ABImemclr4.o                   6
    ABImemcpy.o                  166
    ABImemset.o                   94
    ABImemset48.o                 50
    I64DivMod_small.o            262
    I64DivZer.o                    2
    cexit.o                       10
    cmain.o                       30
    cstartup_M.o                  28
    data_init.o                   40
    memchr.o                      88
    packbits_init_single.o        58
    strchr.o                      22
    strcpy.o                      24
    strlen_small.o                20
    zero_init3.o                  56
    --------------------------------------------------
    Total:                       962

shb_l.a: [8]
    exit.o                        20
    --------------------------------------------------
    Total:                        20

    Gaps                          37        2
    Linker created                         32    1'024
------------------------------------------------------
    Grand Total:              19'935      230    2'213


*******************************************************************************
*** ENTRY LIST
***

Entry                       Address   Size  Type      Object
-----                       -------   ----  ----      ------
.iar.init_table$$Base    0x800'4c68          --   Gb  - Linker created -
.iar.init_table$$Limit   0x800'4c88          --   Gb  - Linker created -
?main                    0x800'4c89         Code  Gb  cmain.o [7]
AHBPrescTable            0x800'4d24   0x10  Data  Gb  system_stm32g4xx.o [3]
APBPrescTable            0x800'4d54    0x8  Data  Gb  system_stm32g4xx.o [3]
BusFault_Handler         0x800'4b8b    0x2  Code  Gb  stm32g4xx_it.o [2]
CSTACK$$Base            0x2000'04a8          --   Gb  - Linker created -
CSTACK$$Limit           0x2000'08a8          --   Gb  - Linker created -
DLCtoBytes               0x800'4d14   0x10  Data  Lc  stm32g4xx_hal_fdcan.o [4]
DMA1_Channel1_IRQHandler
                         0x800'4ba3    0x6  Code  Gb  stm32g4xx_it.o [2]
DMA1_Channel2_IRQHandler
                         0x800'4ba9    0x6  Code  Gb  stm32g4xx_it.o [2]
DMA_CalcDMAMUXChannelBaseAndMask
                         0x800'2e0d   0x32  Code  Lc  stm32g4xx_hal_dma.o [4]
DMA_CalcDMAMUXRequestGenBaseAndMask
                         0x800'2e3f   0x1c  Code  Lc  stm32g4xx_hal_dma.o [4]
DMA_SetConfig            0x800'2dcf   0x3e  Code  Lc  stm32g4xx_hal_dma.o [4]
DebugMon_Handler         0x800'4b91    0x2  Code  Gb  stm32g4xx_it.o [2]
Error_Handler            0x800'379f    0x4  Code  Gb  main.o [2]
FDCAN1_IT0_IRQHandler    0x800'4baf    0x6  Code  Gb  stm32g4xx_it.o [2]
FDCAN_CalcultateRamBlockAddresses
                         0x800'4787   0x54  Code  Lc  stm32g4xx_hal_fdcan.o [4]
FDCAN_CopyMessageToRAM   0x800'47e1   0x78  Code  Lc  stm32g4xx_hal_fdcan.o [4]
HAL_DMA_Abort            0x800'2c0d   0x70  Code  Gb  stm32g4xx_hal_dma.o [4]
HAL_DMA_Abort_IT         0x800'2c7d   0x62  Code  Gb  stm32g4xx_hal_dma.o [4]
HAL_DMA_IRQHandler       0x800'2ceb   0xa6  Code  Gb  stm32g4xx_hal_dma.o [4]
HAL_DMA_Init             0x800'2a89   0x7c  Code  Gb  stm32g4xx_hal_dma.o [4]
HAL_DMA_Start_IT         0x800'2b61   0x6c  Code  Gb  stm32g4xx_hal_dma.o [4]
HAL_FDCAN_ActivateNotification
                         0x800'4507   0xee  Code  Gb  stm32g4xx_hal_fdcan.o [4]
HAL_FDCAN_AddMessageToTxFifoQ
                         0x800'43bf   0x52  Code  Gb  stm32g4xx_hal_fdcan.o [4]
HAL_FDCAN_ConfigFilter   0x800'4343   0x52  Code  Gb  stm32g4xx_hal_fdcan.o [4]
HAL_FDCAN_ErrorCallback
                         0x800'4a6f    0x2  Code  Gb  stm32g4xx_hal_fdcan.o [4]
HAL_FDCAN_ErrorStatusCallback
                         0x800'4a6d    0x2  Code  Gb  stm32g4xx_hal_fdcan.o [4]
HAL_FDCAN_GetRxMessage   0x800'4411   0xde  Code  Gb  stm32g4xx_hal_fdcan.o [4]
HAL_FDCAN_GetTxFifoFreeLevel
                         0x800'44ef    0xc  Code  Gb  stm32g4xx_hal_fdcan.o [4]
HAL_FDCAN_HighPriorityMessageCallback
                         0x800'4a5d    0x2  Code  Gb  stm32g4xx_hal_fdcan.o [4]
HAL_FDCAN_IRQHandler     0x800'45fb  0x184  Code  Gb  stm32g4xx_hal_fdcan.o [4]
HAL_FDCAN_Init           0x800'4191  0x18a  Code  Gb  stm32g4xx_hal_fdcan.o [4]
HAL_FDCAN_MspInit        0x800'3fd7   0x96  Code  Gb  fdcan.o [2]
HAL_FDCAN_RxFifo0Callback
                         0x800'3743   0x30  Code  Gb  main.o [2]
HAL_FDCAN_RxFifo1Callback
                         0x800'4a63    0x2  Code  Gb  stm32g4xx_hal_fdcan.o [4]
HAL_FDCAN_Start          0x800'4395   0x2a  Code  Gb  stm32g4xx_hal_fdcan.o [4]
HAL_FDCAN_TimeoutOccurredCallback
                         0x800'4a6b    0x2  Code  Gb  stm32g4xx_hal_fdcan.o [4]
HAL_FDCAN_TimestampWraparoundCallback
                         0x800'4a69    0x2  Code  Gb  stm32g4xx_hal_fdcan.o [4]
HAL_FDCAN_TxBufferAbortCallback
                         0x800'4a5f    0x2  Code  Gb  stm32g4xx_hal_fdcan.o [4]
HAL_FDCAN_TxBufferCompleteCallback
                         0x800'4a67    0x2  Code  Gb  stm32g4xx_hal_fdcan.o [4]
HAL_FDCAN_TxEventFifoCallback
                         0x800'4a61    0x2  Code  Gb  stm32g4xx_hal_fdcan.o [4]
HAL_FDCAN_TxFifoEmptyCallback
                         0x800'4a65    0x2  Code  Gb  stm32g4xx_hal_fdcan.o [4]
HAL_GPIO_Init            0x800'3c69  0x172  Code  Gb  stm32g4xx_hal_gpio.o [4]
HAL_GPIO_WritePin        0x800'3df7    0xa  Code  Gb  stm32g4xx_hal_gpio.o [4]
HAL_GetTick              0x800'35d9    0xc  Code  Gb  stm32g4xx_hal.o [4]
HAL_IncTick              0x800'4bcd   0x18  Code  Gb  stm32g4xx_hal.o [4]
HAL_Init                 0x800'3e7d   0x1e  Code  Gb  stm32g4xx_hal.o [4]
HAL_InitTick             0x800'3e2d   0x50  Code  Gb  stm32g4xx_hal.o [4]
HAL_MspInit              0x800'4a21   0x3c  Code  Gb  stm32g4xx_hal_msp.o [2]
HAL_NVIC_EnableIRQ       0x800'3c3f    0x2  Code  Gb  stm32g4xx_hal_cortex.o [4]
HAL_NVIC_SetPriority     0x800'3c21   0x1e  Code  Gb  stm32g4xx_hal_cortex.o [4]
HAL_NVIC_SetPriorityGrouping
                         0x800'3c1f    0x2  Code  Gb  stm32g4xx_hal_cortex.o [4]
HAL_PWREx_ControlVoltageScaling
                         0x800'407d   0xe8  Code  Gb  stm32g4xx_hal_pwr_ex.o [4]
HAL_PWREx_DisableUCPDDeadBattery
                         0x800'416d    0xa  Code  Gb  stm32g4xx_hal_pwr_ex.o [4]
HAL_RCCEx_PeriphCLKConfig
                         0x800'38b1  0x23a  Code  Gb  stm32g4xx_hal_rcc_ex.o [4]
HAL_RCC_ClockConfig      0x800'330f  0x176  Code  Gb  stm32g4xx_hal_rcc.o [4]
HAL_RCC_GetHCLKFreq      0x800'351b    0x6  Code  Gb  stm32g4xx_hal_rcc.o [4]
HAL_RCC_GetPCLK1Freq     0x800'3521   0x10  Code  Gb  stm32g4xx_hal_rcc.o [4]
HAL_RCC_GetPCLK2Freq     0x800'3531    0xe  Code  Gb  stm32g4xx_hal_rcc.o [4]
HAL_RCC_GetSysClockFreq
                         0x800'34d1   0x4a  Code  Gb  stm32g4xx_hal_rcc.o [4]
HAL_RCC_OscConfig        0x800'2e91  0x3f4  Code  Gb  stm32g4xx_hal_rcc.o [4]
HAL_SYSTICK_Callback     0x800'379d    0x2  Code  Gb  main.o [2]
HAL_SYSTICK_Config       0x800'3c41    0x2  Code  Gb  stm32g4xx_hal_cortex.o [4]
HAL_SYSTICK_IRQHandler   0x800'3c43    0x4  Code  Gb  stm32g4xx_hal_cortex.o [4]
HAL_UARTEx_DisableFifoMode
                         0x800'37ad   0x3e  Code  Gb  stm32g4xx_hal_uart_ex.o [4]
HAL_UARTEx_RxEventCallback
                         0x800'2e87    0x2  Code  Gb  stm32g4xx_hal_uart.o [4]
HAL_UARTEx_RxFifoFullCallback
                         0x800'2e8d    0x2  Code  Gb  stm32g4xx_hal_uart_ex.o [4]
HAL_UARTEx_SetRxFifoThreshold
                         0x800'380b   0x14  Code  Gb  stm32g4xx_hal_uart_ex.o [4]
HAL_UARTEx_SetTxFifoThreshold
                         0x800'37eb   0x16  Code  Gb  stm32g4xx_hal_uart_ex.o [4]
HAL_UARTEx_TxFifoEmptyCallback
                         0x800'2e8b    0x2  Code  Gb  stm32g4xx_hal_uart_ex.o [4]
HAL_UARTEx_WakeupCallback
                         0x800'2e89    0x2  Code  Gb  stm32g4xx_hal_uart_ex.o [4]
HAL_UART_ErrorCallback   0x800'2e85    0x2  Code  Gb  stm32g4xx_hal_uart.o [4]
HAL_UART_IRQHandler      0x800'1e8b  0x272  Code  Gb  stm32g4xx_hal_uart.o [4]
HAL_UART_Init            0x800'1cd5   0x2a  Code  Gb  stm32g4xx_hal_uart.o [4]
HAL_UART_MspInit         0x800'2961   0xea  Code  Gb  usart.o [2]
HAL_UART_Receive_DMA     0x800'1df3   0x2e  Code  Gb  stm32g4xx_hal_uart.o [4]
HAL_UART_RxCpltCallback
                         0x800'35e9    0x2  Code  Gb  stm32g4xx_hal_uart.o [4]
HAL_UART_RxHalfCpltCallback
                         0x800'35eb    0x2  Code  Gb  stm32g4xx_hal_uart.o [4]
HAL_UART_Transmit_DMA    0x800'1d5d   0x96  Code  Gb  stm32g4xx_hal_uart.o [4]
HAL_UART_TxCpltCallback
                         0x800'35e5    0x2  Code  Gb  stm32g4xx_hal_uart.o [4]
HAL_UART_TxHalfCpltCallback
                         0x800'35e7    0x2  Code  Gb  stm32g4xx_hal_uart.o [4]
HardFault_Handler        0x800'4b87    0x2  Code  Gb  stm32g4xx_it.o [2]
MX_DMA_Init              0x800'3f15   0x54  Code  Gb  dma.o [2]
MX_FDCAN1_Init           0x800'3f69   0x6e  Code  Gb  fdcan.o [2]
MX_GPIO_Init             0x800'3e9d   0x78  Code  Gb  gpio.o [2]
MX_USART2_UART_Init      0x800'2901   0x60  Code  Gb  usart.o [2]
MemManage_Handler        0x800'4b89    0x2  Code  Gb  stm32g4xx_it.o [2]
NMI_Handler              0x800'4b85    0x2  Code  Gb  stm32g4xx_it.o [2]
NVIC_EncodePriority      0x800'3bb7   0x34  Code  Lc  stm32g4xx_hal_cortex.o [4]
PendSV_Handler           0x800'4b93    0x2  Code  Gb  stm32g4xx_it.o [2]
RCC_GetSysClockFreqFromPLLSource
                         0x800'3551   0x18  Code  Lc  stm32g4xx_hal_rcc.o [4]
Region$$Table$$Base      0x800'4c68          --   Gb  - Linker created -
Region$$Table$$Limit     0x800'4c88          --   Gb  - Linker created -
SVC_Handler              0x800'4b8f    0x2  Code  Gb  stm32g4xx_it.o [2]
SysTick_Config           0x800'3beb   0x34  Code  Lc  stm32g4xx_hal_cortex.o [4]
SysTick_Handler          0x800'4b95    0xe  Code  Gb  stm32g4xx_it.o [2]
SystemClock_Config       0x800'3611   0x6a  Code  Gb  main.o [2]
SystemCoreClock         0x2000'0124    0x4  Data  Gb  system_stm32g4xx.o [3]
SystemInit               0x800'4cf1    0xe  Code  Gb  system_stm32g4xx.o [3]
UARTEx_SetNbDataToProcess
                         0x800'3863   0x3e  Code  Lc  stm32g4xx_hal_uart_ex.o [4]
UARTEx_SetNbDataToProcess::denominator
                         0x800'4d4c    0x8  Data  Lc  stm32g4xx_hal_uart_ex.o [4]
UARTEx_SetNbDataToProcess::numerator
                         0x800'4d44    0x8  Data  Lc  stm32g4xx_hal_uart_ex.o [4]
UARTPrescTable           0x800'4cd8   0x18  Data  Gb  stm32g4xx_hal_uart.o [4]
UART_AdvFeatureConfig    0x800'23e1   0xda  Code  Gb  stm32g4xx_hal_uart.o [4]
UART_CheckIdleState      0x800'24bb   0x4c  Code  Gb  stm32g4xx_hal_uart.o [4]
UART_DMAAbortOnError     0x800'285d   0x10  Code  Lc  stm32g4xx_hal_uart.o [4]
UART_DMAError            0x800'2809   0x44  Code  Lc  stm32g4xx_hal_uart.o [4]
UART_DMAReceiveCplt      0x800'2765   0x8c  Code  Lc  stm32g4xx_hal_uart.o [4]
UART_DMARxHalfCplt       0x800'27f1   0x16  Code  Lc  stm32g4xx_hal_uart.o [4]
UART_DMATransmitCplt     0x800'272d   0x32  Code  Lc  stm32g4xx_hal_uart.o [4]
UART_DMATxHalfCplt       0x800'275f    0x6  Code  Lc  stm32g4xx_hal_uart.o [4]
UART_EndRxTransfer       0x800'26c7   0x56  Code  Lc  stm32g4xx_hal_uart.o [4]
UART_EndTransmit_IT      0x800'2897   0x22  Code  Lc  stm32g4xx_hal_uart.o [4]
UART_EndTxTransfer       0x800'2691   0x36  Code  Lc  stm32g4xx_hal_uart.o [4]
UART_SetConfig           0x800'214d  0x260  Code  Gb  stm32g4xx_hal_uart.o [4]
UART_Start_Receive_DMA   0x800'25f3   0x8e  Code  Gb  stm32g4xx_hal_uart.o [4]
UART_WaitOnFlagUntilTimeout
                         0x800'252b   0x80  Code  Gb  stm32g4xx_hal_uart.o [4]
USART2_IRQHandler        0x800'4bb5    0x6  Code  Gb  stm32g4xx_it.o [2]
UsageFault_Handler       0x800'4b8d    0x2  Code  Gb  stm32g4xx_it.o [2]
_LitobFullNoMb           0x800'0f0d  0x10c  Code  Lc  xprintffull_nomb.o [5]
_Locale_lconv           0x2000'0128   0x38  Data  Lc  xlocale_c.o [5]
_PrintfFullNoMb          0x800'01d9  0xd06  Code  Gb  xprintffull_nomb.o [5]
_PutcharFullNoMb         0x800'1071   0x20  Code  Lc  xprintffull_nomb.o [5]
_PutcharsFullNoMb        0x800'1091   0x2e  Code  Lc  xprintffull_nomb.o [5]
_SProut                  0x800'1157    0xa  Code  Gb  xsprout.o [5]
_Strtok_ssave           0x2000'049c    0x4  Data  Lc  strtok.o [5]
__NVIC_EnableIRQ         0x800'3b85   0x16  Code  Lc  stm32g4xx_hal_cortex.o [4]
__NVIC_GetPriorityGrouping
                         0x800'3b79    0xa  Code  Lc  stm32g4xx_hal_cortex.o [4]
__NVIC_SetPriority       0x800'3b9b   0x1c  Code  Lc  stm32g4xx_hal_cortex.o [4]
__NVIC_SetPriorityGrouping
                         0x800'3b5d   0x1c  Code  Lc  stm32g4xx_hal_cortex.o [4]
__aeabi_cdcmple          0x800'1325         Code  Gb  DblCmpLe.o [6]
__aeabi_cdrcmple         0x800'1359         Code  Gb  DblCmpGe.o [6]
__aeabi_d2iz             0x800'14c9         Code  Gb  DblToS32.o [6]
__aeabi_d2uiz            0x800'19bd         Code  Gb  DblToU32.o [6]
__aeabi_ddiv             0x800'1775         Code  Gb  DblDiv.o [6]
__aeabi_dmul             0x800'19fd         Code  Gb  DblMul.o [6]
__aeabi_dsub             0x800'1691         Code  Gb  DblAddSub.o [6]
__aeabi_i2d              0x800'1501         Code  Gb  S32ToDbl.o [6]
__aeabi_ldiv0            0x800'1cbd         Code  Gb  I64DivZer.o [7]
__aeabi_memclr           0x800'4ad9         Code  Gb  ABImemclr.o [7]
__aeabi_memclr4          0x800'38a9         Code  Gb  ABImemclr4.o [7]
__aeabi_memcpy           0x800'120d         Code  Gb  ABImemcpy.o [7]
__aeabi_memcpy4          0x800'122d         Code  Gb  ABImemcpy.o [7]
__aeabi_memcpy8          0x800'122d         Code  Gb  ABImemcpy.o [7]
__aeabi_ui2d             0x800'19e1         Code  Gb  U32ToDbl.o [6]
__cmain                  0x800'4c89         Code  Gb  cmain.o [7]
__exit                   0x800'1cc1   0x14  Code  Gb  exit.o [8]
__iar_Fail_s             0x800'1161   0x1c  Code  Gb  xfail_s.o [5]
__iar_Memchr             0x800'11b5         Code  Gb  memchr.o [7]
__iar_Memset4_word       0x800'49ed         Code  Gb  ABImemset48.o [7]
__iar_Memset8_word       0x800'49ed         Code  Gb  ABImemset48.o [7]
__iar_Memset_word        0x800'4b25         Code  Gb  ABImemset.o [7]
__iar_Strchr             0x800'1141         Code  Gb  strchr.o [7]
__iar_data_init3         0x800'4c1d   0x28  Code  Gb  data_init.o [7]
__iar_frexp              0x800'12c1         Code  Gb  frexp.o [6]
__iar_frexpl             0x800'12c1         Code  Gb  frexp.o [6]
__iar_init_vfp           0x800'4c45         Code  Gb  fpinit_M.o [6]
__iar_ldexp64            0x800'138d         Code  Gb  ldexp.o [6]
__iar_packbits_init_single3
                         0x800'1107   0x3a  Code  Gb  packbits_init_single.o [7]
__iar_program_start      0x800'4cbd         Code  Gb  cstartup_M.o [7]
__iar_scalbln64          0x800'138d         Code  Gb  ldexp.o [6]
__iar_scalbn64           0x800'138d         Code  Gb  ldexp.o [6]
__iar_small_strlen       0x800'11a1         Code  Gb  strlen_small.o [7]
__iar_small_uldivmod     0x800'1bb1         Code  Gb  I64DivMod_small.o [7]
__iar_softfp___iar_frexp64
                         0x800'12b5         Code  Gb  frexp.o [6]
__iar_softfp_frexp       0x800'12b5         Code  Gb  frexp.o [6]
__iar_softfp_frexpl      0x800'12b5         Code  Gb  frexp.o [6]
__iar_zero_init3         0x800'4be5   0x38  Code  Gb  zero_init3.o [7]
__low_level_init         0x800'4ca7    0x4  Code  Gb  low_level_init.o [5]
__vector_table           0x800'0000         Data  Gb  startup_stm32g431xx.o [1]
_call_main               0x800'4c95         Code  Gb  cmain.o [7]
_exit                    0x800'4cb1         Code  Gb  cexit.o [7]
abort                    0x800'1cb7    0x6  Code  Gb  abort.o [5]
exit                     0x800'4cab    0x4  Code  Gb  exit.o [5]
hcan                    0x2000'0000   0x6c  Data  Gb  fdcan.o [2]
hdma_usart2_rx          0x2000'03d4   0x60  Data  Gb  usart.o [2]
hdma_usart2_tx          0x2000'0434   0x60  Data  Gb  usart.o [2]
hfdcan1                 0x2000'0370   0x64  Data  Gb  fdcan.o [2]
huart2                  0x2000'0260   0x90  Data  Gb  usart.o [2]
init_vcp                 0x800'4933   0x16  Code  Gb  serial.o [2]
ldexp                    0x800'138d         Code  Gb  ldexp.o [6]
ldexpl                   0x800'138d         Code  Gb  ldexp.o [6]
localeconv               0x800'1ba9    0x4  Code  Gb  xlocale_c.o [5]
loop_async               0x800'373b    0x8  Code  Gb  main.o [2]
loop_sync                0x800'36d9   0x62  Code  Gb  main.o [2]
loop_sync::cnt          0x2000'0494    0x4  Data  Lc  main.o [2]
main                     0x800'35ed   0x24  Code  Gb  main.o [2]
memchr                   0x800'11b5         Code  Gb  memchr.o [7]
parse_vcp                0x800'4ad5    0x2  Code  Gb  serial.o [2]
run_vcp                  0x800'495d   0x8e  Code  Gb  serial.o [2]
scalbln                  0x800'138d         Code  Gb  ldexp.o [6]
scalblnl                 0x800'138d         Code  Gb  ldexp.o [6]
scalbn                   0x800'138d         Code  Gb  ldexp.o [6]
scalbnl                  0x800'138d         Code  Gb  ldexp.o [6]
scale                    0x800'1019   0x46  Code  Lc  xprintffull_nomb.o [5]
sec_hand                0x2000'04a0    0x4  Data  Lc  xfail_s.o [5]
send_flag               0x2000'04a4    0x1  Data  Gb  main.o [2]
serial_available         0x800'48fd   0x1a  Code  Gb  serial.o [2]
serial_print             0x800'4917   0x1c  Code  Gb  serial.o [2]
serial_read              0x800'48d1   0x2c  Code  Gb  serial.o [2]
serial_write             0x800'48bd   0x14  Code  Gb  serial.o [2]
setup                    0x800'367b   0x5e  Code  Gb  main.o [2]
sprintf                  0x800'487d   0x40  Code  Gb  sprintf.o [5]
strchr                   0x800'1141         Code  Gb  strchr.o [7]
strcpy                   0x800'4a71         Code  Gb  strcpy.o [7]
strcspn                  0x800'4b01   0x22  Code  Gb  strcspn.o [5]
strspn                   0x800'4adf   0x22  Code  Gb  strspn.o [5]
strtok                   0x800'4a89   0x4c  Code  Gb  strtok.o [5]
uart2_rx_buffer         0x2000'0160  0x100  Data  Gb  usart.o [2]
uart2_tx_buffer         0x2000'02f0   0x80  Data  Gb  usart.o [2]
uwTick                  0x2000'0498    0x4  Data  Gb  stm32g4xx_hal.o [4]
uwTickFreq              0x2000'0120    0x4  Data  Gb  stm32g4xx_hal.o [4]
uwTickPrio              0x2000'011c    0x4  Data  Gb  stm32g4xx_hal.o [4]
vcp                     0x2000'006c   0xb0  Data  Gb  serial.o [2]


[1] = C:\Users\jaesung\MRAS\GitHub\STM32\Projects\Exoskeleton\STM32G431KB_CAN\EWARM\STM32G431KB_CAN\Obj\Application\EWARM
[2] = C:\Users\jaesung\MRAS\GitHub\STM32\Projects\Exoskeleton\STM32G431KB_CAN\EWARM\STM32G431KB_CAN\Obj\Application\User\Core
[3] = C:\Users\jaesung\MRAS\GitHub\STM32\Projects\Exoskeleton\STM32G431KB_CAN\EWARM\STM32G431KB_CAN\Obj\Drivers\CMSIS
[4] = C:\Users\jaesung\MRAS\GitHub\STM32\Projects\Exoskeleton\STM32G431KB_CAN\EWARM\STM32G431KB_CAN\Obj\Drivers\STM32G4xx_HAL_Driver
[5] = dl7M_tlf.a
[6] = m7M_tls.a
[7] = rt7M_tl.a
[8] = shb_l.a

  19'935 bytes of readonly  code memory
     230 bytes of readonly  data memory
   2'213 bytes of readwrite data memory

Errors: none
Warnings: none
