###############################################################################
#
# IAR ELF Linker V9.10.2.313/W64 for ARM                  17/Aug/2023  22:07:05
# Copyright 2007-2021 IAR Systems AB.
#
#    Output file  =
#        C:\Users\jaesung\MRAS\GitHub\STM32\Projects\Exoskeleton\STM32G431KB_CAN\EWARM\STM32G431KB_CAN\Exe\STM32G431KB_CAN.out
#    Map file     =
#        C:\Users\jaesung\MRAS\GitHub\STM32\Projects\Exoskeleton\STM32G431KB_CAN\EWARM\STM32G431KB_CAN\List\STM32G431KB_CAN.map
#    Command line =
#        -f
#        C:\Users\jaesung\MRAS\GitHub\STM32\Projects\Exoskeleton\STM32G431KB_CAN\EWARM\STM32G431KB_CAN\Exe\STM32G431KB_CAN.out.rsp
#        (C:\Users\jaesung\MRAS\GitHub\STM32\Projects\Exoskeleton\STM32G431KB_CAN\EWARM\STM32G431KB_CAN\Obj\Application\User\Core\dma.o
#        C:\Users\jaesung\MRAS\GitHub\STM32\Projects\Exoskeleton\STM32G431KB_CAN\EWARM\STM32G431KB_CAN\Obj\Application\User\Core\fdcan.o
#        C:\Users\jaesung\MRAS\GitHub\STM32\Projects\Exoskeleton\STM32G431KB_CAN\EWARM\STM32G431KB_CAN\Obj\Application\User\Core\gpio.o
#        C:\Users\jaesung\MRAS\GitHub\STM32\Projects\Exoskeleton\STM32G431KB_CAN\EWARM\STM32G431KB_CAN\Obj\Application\User\Core\i2c.o
#        C:\Users\jaesung\MRAS\GitHub\STM32\Projects\Exoskeleton\STM32G431KB_CAN\EWARM\STM32G431KB_CAN\Obj\Application\User\Core\main.o
#        C:\Users\jaesung\MRAS\GitHub\STM32\Projects\Exoskeleton\STM32G431KB_CAN\EWARM\STM32G431KB_CAN\Obj\Application\User\Core\serial.o
#        C:\Users\jaesung\MRAS\GitHub\STM32\Projects\Exoskeleton\STM32G431KB_CAN\EWARM\STM32G431KB_CAN\Obj\Application\EWARM\startup_stm32g431xx.o
#        C:\Users\jaesung\MRAS\GitHub\STM32\Projects\Exoskeleton\STM32G431KB_CAN\EWARM\STM32G431KB_CAN\Obj\Drivers\STM32G4xx_HAL_Driver\stm32g4xx_hal.o
#        C:\Users\jaesung\MRAS\GitHub\STM32\Projects\Exoskeleton\STM32G431KB_CAN\EWARM\STM32G431KB_CAN\Obj\Drivers\STM32G4xx_HAL_Driver\stm32g4xx_hal_cortex.o
#        C:\Users\jaesung\MRAS\GitHub\STM32\Projects\Exoskeleton\STM32G431KB_CAN\EWARM\STM32G431KB_CAN\Obj\Drivers\STM32G4xx_HAL_Driver\stm32g4xx_hal_dma.o
#        C:\Users\jaesung\MRAS\GitHub\STM32\Projects\Exoskeleton\STM32G431KB_CAN\EWARM\STM32G431KB_CAN\Obj\Drivers\STM32G4xx_HAL_Driver\stm32g4xx_hal_dma_ex.o
#        C:\Users\jaesung\MRAS\GitHub\STM32\Projects\Exoskeleton\STM32G431KB_CAN\EWARM\STM32G431KB_CAN\Obj\Drivers\STM32G4xx_HAL_Driver\stm32g4xx_hal_exti.o
#        C:\Users\jaesung\MRAS\GitHub\STM32\Projects\Exoskeleton\STM32G431KB_CAN\EWARM\STM32G431KB_CAN\Obj\Drivers\STM32G4xx_HAL_Driver\stm32g4xx_hal_fdcan.o
#        C:\Users\jaesung\MRAS\GitHub\STM32\Projects\Exoskeleton\STM32G431KB_CAN\EWARM\STM32G431KB_CAN\Obj\Drivers\STM32G4xx_HAL_Driver\stm32g4xx_hal_flash.o
#        C:\Users\jaesung\MRAS\GitHub\STM32\Projects\Exoskeleton\STM32G431KB_CAN\EWARM\STM32G431KB_CAN\Obj\Drivers\STM32G4xx_HAL_Driver\stm32g4xx_hal_flash_ex.o
#        C:\Users\jaesung\MRAS\GitHub\STM32\Projects\Exoskeleton\STM32G431KB_CAN\EWARM\STM32G431KB_CAN\Obj\Drivers\STM32G4xx_HAL_Driver\stm32g4xx_hal_flash_ramfunc.o
#        C:\Users\jaesung\MRAS\GitHub\STM32\Projects\Exoskeleton\STM32G431KB_CAN\EWARM\STM32G431KB_CAN\Obj\Drivers\STM32G4xx_HAL_Driver\stm32g4xx_hal_gpio.o
#        C:\Users\jaesung\MRAS\GitHub\STM32\Projects\Exoskeleton\STM32G431KB_CAN\EWARM\STM32G431KB_CAN\Obj\Drivers\STM32G4xx_HAL_Driver\stm32g4xx_hal_i2c.o
#        C:\Users\jaesung\MRAS\GitHub\STM32\Projects\Exoskeleton\STM32G431KB_CAN\EWARM\STM32G431KB_CAN\Obj\Drivers\STM32G4xx_HAL_Driver\stm32g4xx_hal_i2c_ex.o
#        C:\Users\jaesung\MRAS\GitHub\STM32\Projects\Exoskeleton\STM32G431KB_CAN\EWARM\STM32G431KB_CAN\Obj\Application\User\Core\stm32g4xx_hal_msp.o
#        C:\Users\jaesung\MRAS\GitHub\STM32\Projects\Exoskeleton\STM32G431KB_CAN\EWARM\STM32G431KB_CAN\Obj\Drivers\STM32G4xx_HAL_Driver\stm32g4xx_hal_pwr.o
#        C:\Users\jaesung\MRAS\GitHub\STM32\Projects\Exoskeleton\STM32G431KB_CAN\EWARM\STM32G431KB_CAN\Obj\Drivers\STM32G4xx_HAL_Driver\stm32g4xx_hal_pwr_ex.o
#        C:\Users\jaesung\MRAS\GitHub\STM32\Projects\Exoskeleton\STM32G431KB_CAN\EWARM\STM32G431KB_CAN\Obj\Drivers\STM32G4xx_HAL_Driver\stm32g4xx_hal_rcc.o
#        C:\Users\jaesung\MRAS\GitHub\STM32\Projects\Exoskeleton\STM32G431KB_CAN\EWARM\STM32G431KB_CAN\Obj\Drivers\STM32G4xx_HAL_Driver\stm32g4xx_hal_rcc_ex.o
#        C:\Users\jaesung\MRAS\GitHub\STM32\Projects\Exoskeleton\STM32G431KB_CAN\EWARM\STM32G431KB_CAN\Obj\Drivers\STM32G4xx_HAL_Driver\stm32g4xx_hal_tim.o
#        C:\Users\jaesung\MRAS\GitHub\STM32\Projects\Exoskeleton\STM32G431KB_CAN\EWARM\STM32G431KB_CAN\Obj\Drivers\STM32G4xx_HAL_Driver\stm32g4xx_hal_tim_ex.o
#        C:\Users\jaesung\MRAS\GitHub\STM32\Projects\Exoskeleton\STM32G431KB_CAN\EWARM\STM32G431KB_CAN\Obj\Drivers\STM32G4xx_HAL_Driver\stm32g4xx_hal_uart.o
#        C:\Users\jaesung\MRAS\GitHub\STM32\Projects\Exoskeleton\STM32G431KB_CAN\EWARM\STM32G431KB_CAN\Obj\Drivers\STM32G4xx_HAL_Driver\stm32g4xx_hal_uart_ex.o
#        C:\Users\jaesung\MRAS\GitHub\STM32\Projects\Exoskeleton\STM32G431KB_CAN\EWARM\STM32G431KB_CAN\Obj\Application\User\Core\stm32g4xx_it.o
#        C:\Users\jaesung\MRAS\GitHub\STM32\Projects\Exoskeleton\STM32G431KB_CAN\EWARM\STM32G431KB_CAN\Obj\Drivers\CMSIS\system_stm32g4xx.o
#        C:\Users\jaesung\MRAS\GitHub\STM32\Projects\Exoskeleton\STM32G431KB_CAN\EWARM\STM32G431KB_CAN\Obj\Application\User\Core\usart.o
#        C:\Users\jaesung\MRAS\GitHub\STM32\Projects\Exoskeleton\STM32G431KB_CAN\EWARM\STM32G431KB_CAN\Obj\Application\User\Core\utility.o
#        --no_out_extension -o
#        C:\Users\jaesung\MRAS\GitHub\STM32\Projects\Exoskeleton\STM32G431KB_CAN\EWARM\STM32G431KB_CAN\Exe\STM32G431KB_CAN.out
#        --redirect _Printf=_PrintfFullNoMb --redirect _Scanf=_ScanfFullNoMb
#        --map
#        C:\Users\jaesung\MRAS\GitHub\STM32\Projects\Exoskeleton\STM32G431KB_CAN\EWARM\STM32G431KB_CAN\List\STM32G431KB_CAN.map
#        --config
#        C:\Users\jaesung\MRAS\GitHub\STM32\Projects\Exoskeleton\STM32G431KB_CAN\EWARM/stm32g431xx_flash.icf
#        --semihosting --entry __iar_program_start "C:\Program Files\IAR
#        Systems\Embedded Workbench
#        9.0\arm\CMSIS\Lib\IAR\iar_cortexM4lf_math.a" --vfe --text_out locale)
#
###############################################################################

*******************************************************************************
*** RUNTIME MODEL ATTRIBUTES
***

CppFlavor       = *
__SystemLibrary = DLib
__dlib_version  = 6


*******************************************************************************
*** HEAP SELECTION
***

The basic heap was selected because no calls to memory allocation
functions were found in the application outside of system library
functions, and there are calls to deallocation functions in the
application.


*******************************************************************************
*** PLACEMENT SUMMARY
***

"A0":  place at address 0x800'0000 { ro section .intvec };
"P1":  place in [from 0x800'0000 to 0x801'ffff] { ro };
define block CSTACK with size = 1'280, alignment = 8 { };
define block HEAP with size = 768, alignment = 8 { };
"P2":  place in [from 0x2000'0000 to 0x2000'7fff] {
          rw, block CSTACK, block HEAP };
initialize by copy { rw };

  Section            Kind         Address    Size  Object
  -------            ----         -------    ----  ------
"A0":                                       0x1d8
  .intvec            ro code   0x800'0000   0x1d8  startup_stm32g431xx.o [1]
                             - 0x800'01d8   0x1d8

"P1":                                      0x8782
  .text              ro code   0x800'01d8  0x10ec  stm32g4xx_hal_i2c.o [4]
  .text              ro code   0x800'12c4   0x1b4  i2c.o [2]
  .text              ro code   0x800'1478     0xc  stm32g4xx_hal.o [4]
  .text              ro code   0x800'1484   0x3b4  stm32g4xx_hal_dma.o [4]
  .text              ro code   0x800'1838     0x2  stm32g4xx_hal_i2c.o [4]
  .text              ro code   0x800'183a     0x2  stm32g4xx_hal_i2c.o [4]
  .text              ro code   0x800'183c     0x2  stm32g4xx_hal_i2c.o [4]
  .text              ro code   0x800'183e     0x2  stm32g4xx_hal_i2c.o [4]
  .text              ro code   0x800'1840     0x2  stm32g4xx_hal_i2c.o [4]
  .text              ro code   0x800'1842     0x2  stm32g4xx_hal_i2c.o [4]
  .text              ro code   0x800'1844     0x2  stm32g4xx_hal_i2c.o [4]
  .text              ro code   0x800'1846     0x2  stm32g4xx_hal_i2c.o [4]
  .text              ro code   0x800'1848     0x2  stm32g4xx_hal_i2c.o [4]
  .text              ro code   0x800'184a     0x2  stm32g4xx_hal_i2c.o [4]
  .text              ro code   0x800'184c   0x980  main.o [2]
  .text              ro code   0x800'21cc    0xa4  stm32g4xx_hal_i2c_ex.o [4]
  .text              ro code   0x800'2270    0x3a  ABImemset48.o [8]
  .text              ro code   0x800'22aa     0xa  xsprout.o [5]
  .text              ro code   0x800'22b4   0x268  stm32g4xx_hal_rcc_ex.o [4]
  .text              ro code   0x800'251c   0x1dc  stm32g4xx_hal_gpio.o [4]
  .text              ro code   0x800'26f8    0xf8  stm32g4xx_hal_cortex.o [4]
  .text              ro code   0x800'27f0    0x38  stm32g4xx_hal.o [4]
  .text              ro code   0x800'2828    0xa0  gpio.o [2]
  .text              ro code   0x800'28c8    0x70  dma.o [2]
  .text              ro code   0x800'2938   0x930  fdcan.o [2]
  .text              ro code   0x800'3268   0x19c  usart.o [2]
  .text              ro code   0x800'3404    0xf0  stm32g4xx_hal_pwr_ex.o [4]
  .text              ro code   0x800'34f4   0x6bc  stm32g4xx_hal_rcc.o [4]
  .text              ro code   0x800'3bb0   0xc10  stm32g4xx_hal_uart.o [4]
  .text              ro code   0x800'47c0   0x714  stm32g4xx_hal_fdcan.o [4]
  .text              ro code   0x800'4ed4   0x274  strto32.o [7]
  .text              ro code   0x800'5148    0x48  FltToDbl.o [7]
  .text              ro code   0x800'5190   0x1aa  DblMul.o [7]
  .rodata            const     0x800'533a     0x2  xlocale_c.o [5]
  .text              ro code   0x800'533c   0x14c  iar_Stoulx.o [5]
  .text              ro code   0x800'5488   0x25e  DblAddSub.o [7]
  .rodata            const     0x800'56e6     0x2  xlocale_c.o [5]
  .text              ro code   0x800'56e8    0x68  DblToFlt.o [7]
  .text              ro code   0x800'5750    0x90  arm_cos_f32.o [6]
  .text              ro code   0x800'57e0    0x40  sprintf.o [5]
  .text              ro code   0x800'5820    0x36  strlen.o [8]
  .rodata            const     0x800'5856     0x1  xlocale_c.o [5]
  .text              ro code   0x800'5858   0x120  serial.o [2]
  .text              ro code   0x800'5978    0x28  stm32g4xx_hal.o [4]
  .text              ro code   0x800'59a0    0x22  S32ToDbl.o [7]
  .text              ro code   0x800'59c4    0x50  stm32g4xx_hal.o [4]
  .text              ro code   0x800'5a14    0x64  stm32g4xx_hal_msp.o [2]
  .text              ro code   0x800'5a78   0x246  DblDiv.o [7]
  .text              ro code   0x800'5cc0    0x80  arm_max_no_idx_f32.o [6]
  .text              ro code   0x800'5d40    0x36  DblToS32.o [7]
  .text              ro code   0x800'5d78   0x120  stm32g4xx_hal_uart_ex.o [4]
  .text              ro code   0x800'5e98     0x2  stm32g4xx_hal_rcc.o [4]
  .text              ro code   0x800'5e9a     0x2  stm32g4xx_hal_uart.o [4]
  .text              ro code   0x800'5e9c     0x2  stm32g4xx_hal_uart.o [4]
  .text              ro code   0x800'5e9e     0x2  stm32g4xx_hal_uart_ex.o [4]
  .text              ro code   0x800'5ea0     0x2  stm32g4xx_hal_uart_ex.o [4]
  .text              ro code   0x800'5ea2     0x2  stm32g4xx_hal_uart_ex.o [4]
  .text              ro code   0x800'5ea4   0x230  I64DivMod.o [8]
  .text              ro code   0x800'60d4     0x2  stm32g4xx_hal_uart.o [4]
  .text              ro code   0x800'60d6     0x2  stm32g4xx_hal_uart.o [4]
  .text              ro code   0x800'60d8     0x2  stm32g4xx_hal_uart.o [4]
  .text              ro code   0x800'60da     0x2  stm32g4xx_hal_uart.o [4]
  .text              ro code   0x800'60dc     0x2  stm32g4xx_hal_fdcan.o [4]
  .text              ro code   0x800'60de     0x2  stm32g4xx_hal_fdcan.o [4]
  .text              ro code   0x800'60e0     0x2  stm32g4xx_hal_fdcan.o [4]
  .text              ro code   0x800'60e2     0x2  stm32g4xx_hal_fdcan.o [4]
  .text              ro code   0x800'60e4     0x2  stm32g4xx_hal_fdcan.o [4]
  .text              ro code   0x800'60e6     0x2  stm32g4xx_hal_fdcan.o [4]
  .text              ro code   0x800'60e8     0x2  stm32g4xx_hal_fdcan.o [4]
  .text              ro code   0x800'60ea     0x2  stm32g4xx_hal_fdcan.o [4]
  .text              ro code   0x800'60ec     0x2  stm32g4xx_hal_fdcan.o [4]
  .text              ro code   0x800'60f0    0x48  frexpf.o [7]
  .text              ro code   0x800'6138    0xc4  ldexpf.o [7]
  .text              ro code   0x800'61fc   0x122  iar_Stopfx.o [5]
  .text              ro code   0x800'6320   0x1b8  iar_Stoflt.o [5]
  .text              ro code   0x800'64d8   0x208  iar_Stoxflt.o [5]
  .text              ro code   0x800'66e0    0x14  isspace.o [5]
  .text              ro code   0x800'66f4    0x14  tolower.o [5]
  .text              ro code   0x800'6708    0x58  memchr.o [8]
  .text              ro code   0x800'6760   0xf2e  xprintffull_nomb.o [5]
  .text              ro code   0x800'7690    0x4c  strtok.o [5]
  .text              ro code   0x800'76dc    0x66  ABImemset.o [8]
  .text              ro code   0x800'7744     0x2  I64DivZer.o [8]
  .text              ro code   0x800'7746    0x14  isalpha.o [5]
  .text              ro code   0x800'775c    0x4c  xlocale_c.o [5]
  .text              ro code   0x800'77a8    0x16  strchr.o [8]
  .text              ro code   0x800'77c0    0x40  xfail_s.o [5]
  .text              ro code   0x800'7800    0xa6  ABImemcpy.o [8]
  .text              ro code   0x800'78a8    0x70  frexp.o [7]
  .text              ro code   0x800'7918    0x34  DblCmpLe.o [7]
  .text              ro code   0x800'794c    0x34  DblCmpGe.o [7]
  .text              ro code   0x800'7980   0x13a  ldexp.o [7]
  .text              ro code   0x800'7abc    0x22  DblToU32.o [7]
  .text              ro code   0x800'7ae0    0x1c  U32ToDbl.o [7]
  .text              ro code   0x800'7afc    0x22  strspn.o [5]
  .text              ro code   0x800'7b1e    0x22  strcspn.o [5]
  .text              ro code   0x800'7b40     0x6  abort.o [5]
  .text              ro code   0x800'7b48    0x14  exit.o [9]
  .rodata            const     0x800'7b5c   0x804  arm_common_tables.o [6]
  .text              ro code   0x800'8360    0xec  stm32g4xx_hal_flash.o [4]
  .text              ro code   0x800'844c    0x8c  stm32g4xx_hal_flash_ex.o [4]
  .text              ro code   0x800'84d8     0x2  stm32g4xx_hal_flash.o [4]
  .text              ro code   0x800'84da     0x2  stm32g4xx_hal_flash.o [4]
  .text              ro code   0x800'84dc    0x8e  stm32g4xx_it.o [2]
  .text              ro code   0x800'856c    0x10  stm32g4xx_hal.o [4]
  .text              ro code   0x800'857c    0x78  lz77_init_single.o [8]
  .rodata            const     0x800'85f4    0x50  iar_Stoulx.o [5]
  .text              ro code   0x800'8644    0x38  zero_init3.o [8]
  .text              ro code   0x800'867c    0x28  data_init.o [8]
  .text              ro code   0x800'86a4    0x22  fpinit_M.o [7]
  .iar.init_table    const     0x800'86c8    0x20  - Linker created -
  .text              ro code   0x800'86e8    0x20  system_stm32g4xx.o [3]
  .text              ro code   0x800'8708    0x1e  cmain.o [8]
  .text              ro code   0x800'8726     0x4  low_level_init.o [5]
  .text              ro code   0x800'872a     0x4  exit.o [5]
  .text              ro code   0x800'8730     0xa  cexit.o [8]
  .text              ro code   0x800'873c    0x1c  cstartup_M.o [8]
  .text              ro code   0x800'8758    0x10  startup_stm32g431xx.o [1]
  .rodata            const     0x800'8768     0x8  system_stm32g4xx.o [3]
  .rodata            const     0x800'8770     0x4  serial.o [2]
  .text              ro code   0x800'8774     0x4  startup_stm32g431xx.o [1]
  .text              ro code   0x800'8778     0x4  startup_stm32g431xx.o [1]
  .text              ro code   0x800'877c     0x4  startup_stm32g431xx.o [1]
  .text              ro code   0x800'8780     0x4  startup_stm32g431xx.o [1]
  .text              ro code   0x800'8784     0x4  startup_stm32g431xx.o [1]
  .text              ro code   0x800'8788     0x4  startup_stm32g431xx.o [1]
  .text              ro code   0x800'878c     0x4  startup_stm32g431xx.o [1]
  .text              ro code   0x800'8790     0x4  startup_stm32g431xx.o [1]
  .text              ro code   0x800'8794     0x4  startup_stm32g431xx.o [1]
  .text              ro code   0x800'8798     0x4  startup_stm32g431xx.o [1]
  .text              ro code   0x800'879c     0x4  startup_stm32g431xx.o [1]
  .text              ro code   0x800'87a0     0x4  startup_stm32g431xx.o [1]
  .text              ro code   0x800'87a4     0x4  startup_stm32g431xx.o [1]
  .text              ro code   0x800'87a8     0x4  startup_stm32g431xx.o [1]
  .text              ro code   0x800'87ac     0x4  startup_stm32g431xx.o [1]
  .text              ro code   0x800'87b0     0x4  startup_stm32g431xx.o [1]
  .text              ro code   0x800'87b4     0x4  startup_stm32g431xx.o [1]
  .text              ro code   0x800'87b8     0x4  startup_stm32g431xx.o [1]
  .text              ro code   0x800'87bc     0x4  startup_stm32g431xx.o [1]
  .text              ro code   0x800'87c0     0x4  startup_stm32g431xx.o [1]
  .text              ro code   0x800'87c4     0x4  startup_stm32g431xx.o [1]
  .text              ro code   0x800'87c8     0x4  startup_stm32g431xx.o [1]
  .text              ro code   0x800'87cc     0x4  startup_stm32g431xx.o [1]
  .text              ro code   0x800'87d0     0x4  startup_stm32g431xx.o [1]
  .text              ro code   0x800'87d4     0x4  startup_stm32g431xx.o [1]
  .text              ro code   0x800'87d8     0x4  startup_stm32g431xx.o [1]
  .text              ro code   0x800'87dc     0x4  startup_stm32g431xx.o [1]
  .text              ro code   0x800'87e0     0x4  startup_stm32g431xx.o [1]
  .text              ro code   0x800'87e4     0x4  startup_stm32g431xx.o [1]
  .text              ro code   0x800'87e8     0x4  startup_stm32g431xx.o [1]
  .text              ro code   0x800'87ec     0x4  startup_stm32g431xx.o [1]
  .text              ro code   0x800'87f0     0x4  startup_stm32g431xx.o [1]
  .text              ro code   0x800'87f4     0x4  startup_stm32g431xx.o [1]
  .text              ro code   0x800'87f8     0x4  startup_stm32g431xx.o [1]
  .text              ro code   0x800'87fc     0x4  startup_stm32g431xx.o [1]
  .text              ro code   0x800'8800     0x4  startup_stm32g431xx.o [1]
  .text              ro code   0x800'8804     0x4  startup_stm32g431xx.o [1]
  .text              ro code   0x800'8808     0x4  startup_stm32g431xx.o [1]
  .text              ro code   0x800'880c     0x4  startup_stm32g431xx.o [1]
  .text              ro code   0x800'8810     0x4  startup_stm32g431xx.o [1]
  .text              ro code   0x800'8814     0x4  startup_stm32g431xx.o [1]
  .text              ro code   0x800'8818     0x4  startup_stm32g431xx.o [1]
  .text              ro code   0x800'881c     0x4  startup_stm32g431xx.o [1]
  .text              ro code   0x800'8820     0x4  startup_stm32g431xx.o [1]
  .text              ro code   0x800'8824     0x4  startup_stm32g431xx.o [1]
  .text              ro code   0x800'8828     0x4  startup_stm32g431xx.o [1]
  .text              ro code   0x800'882c     0x4  startup_stm32g431xx.o [1]
  .text              ro code   0x800'8830     0x4  startup_stm32g431xx.o [1]
  .text              ro code   0x800'8834     0x4  startup_stm32g431xx.o [1]
  .text              ro code   0x800'8838     0x4  startup_stm32g431xx.o [1]
  .text              ro code   0x800'883c     0x4  startup_stm32g431xx.o [1]
  .text              ro code   0x800'8840     0x4  startup_stm32g431xx.o [1]
  .text              ro code   0x800'8844     0x4  startup_stm32g431xx.o [1]
  .text              ro code   0x800'8848     0x4  startup_stm32g431xx.o [1]
  .text              ro code   0x800'884c     0x4  startup_stm32g431xx.o [1]
  .text              ro code   0x800'8850     0x4  startup_stm32g431xx.o [1]
  .rodata            const     0x800'8854     0x0  zero_init3.o [8]
  .rodata            const     0x800'8854     0x0  lz77_init_single.o [8]
  Initializer bytes  const     0x800'8854   0x106  <for P2-1>
                             - 0x800'895a  0x8782

"P2", part 1 of 3:                          0x548
  P2-1                        0x2000'0000   0x548  <Init block>
    .data            inited   0x2000'0000   0x16c  fdcan.o [2]
    .data            inited   0x2000'0170    0x78  fdcan.o [2]
    .data            inited   0x2000'01e8    0x64  main.o [2]
    .data            inited   0x2000'0250    0x20  main.o [2]
    .data            inited   0x2000'0270    0x80  main.o [2]
    .data            inited   0x2000'02f0    0x81  main.o [2]
    .data            inited   0x2000'0374     0x4  fdcan.o [2]
    .data            inited   0x2000'0378    0x10  fdcan.o [2]
    .data            inited   0x2000'0388    0x60  i2c.o [2]
    .data            inited   0x2000'03e8    0xb0  serial.o [2]
    .data            inited   0x2000'0498     0xc  stm32g4xx_hal.o [4]
    .data            inited   0x2000'04a4    0x20  stm32g4xx_hal_flash.o [4]
    .data            inited   0x2000'04c4     0x4  system_stm32g4xx.o [3]
    .data            inited   0x2000'04c8    0x38  xlocale_c.o [5]
    .data            inited   0x2000'0500    0x48  xlocale_c.o [5]
                            - 0x2000'0548   0x548

"P2", part 2 of 3:                          0x428
  .bss               zero     0x2000'0548   0x100  usart.o [2]
  .bss               zero     0x2000'0648    0xc0  i2c.o [2]
  .bss               zero     0x2000'0708    0xc0  usart.o [2]
  .bss               zero     0x2000'07c8    0x90  usart.o [2]
  .bss               zero     0x2000'0858    0x80  usart.o [2]
  .bss               zero     0x2000'08d8    0x64  fdcan.o [2]
  .bss               zero     0x2000'093c     0x4  strtok.o [5]
  .bss               zero     0x2000'0940    0x28  fdcan.o [2]
  .bss               zero     0x2000'0968     0x4  xfail_s.o [5]
  .bss               zero     0x2000'096c     0x1  main.o [2]
                            - 0x2000'096d   0x425

"P2", part 3 of 3:                          0x500
  CSTACK                      0x2000'0970   0x500  <Block>
    CSTACK           uninit   0x2000'0970   0x500  <Block tail>
                            - 0x2000'0e70   0x500

Unused ranges:

         From           To      Size
         ----           --      ----
   0x800'895a   0x801'ffff  0x1'76a6
  0x2000'0e70  0x2000'7fff    0x7190


*******************************************************************************
*** INIT TABLE
***

          Address      Size
          -------      ----
Zero (__iar_zero_init3)
    1 destination range, total size 0x425:
          0x2000'0548  0x425

Copy/lz77 (__iar_lz77_init_single3)
    1 source range, total size 0x106 (19% of destination):
           0x800'8854  0x106
    1 destination range, total size 0x548:
          0x2000'0000  0x548



*******************************************************************************
*** MODULE SUMMARY
***

    Module                    ro code  ro data  rw data
    ------                    -------  -------  -------
command line/config:
    ---------------------------------------------------
    Total:

C:\Users\jaesung\MRAS\GitHub\STM32\Projects\Exoskeleton\STM32G431KB_CAN\EWARM\STM32G431KB_CAN\Obj\Application\EWARM: [1]
    startup_stm32g431xx.o         712
    ---------------------------------------------------
    Total:                        712

C:\Users\jaesung\MRAS\GitHub\STM32\Projects\Exoskeleton\STM32G431KB_CAN\EWARM\STM32G431KB_CAN\Obj\Application\User\Core: [2]
    dma.o                         112
    fdcan.o                     2'352       99      644
    gpio.o                        160
    i2c.o                         436       18      288
    main.o                      2'432       76      390
    serial.o                      288       38      176
    stm32g4xx_hal_msp.o           100
    stm32g4xx_it.o                142
    usart.o                       412               720
    ---------------------------------------------------
    Total:                      6'434      231    2'218

C:\Users\jaesung\MRAS\GitHub\STM32\Projects\Exoskeleton\STM32G431KB_CAN\EWARM\STM32G431KB_CAN\Obj\Drivers\CMSIS: [3]
    system_stm32g4xx.o             32        9        4
    ---------------------------------------------------
    Total:                         32        9        4

C:\Users\jaesung\MRAS\GitHub\STM32\Projects\Exoskeleton\STM32G431KB_CAN\EWARM\STM32G431KB_CAN\Obj\Drivers\STM32G4xx_HAL_Driver: [4]
    stm32g4xx_hal.o               204        3       12
    stm32g4xx_hal_cortex.o        248
    stm32g4xx_hal_dma.o           948
    stm32g4xx_hal_fdcan.o       1'830
    stm32g4xx_hal_flash.o         240        6       32
    stm32g4xx_hal_flash_ex.o      140
    stm32g4xx_hal_gpio.o          476
    stm32g4xx_hal_i2c.o         4'352
    stm32g4xx_hal_i2c_ex.o        164
    stm32g4xx_hal_pwr_ex.o        240
    stm32g4xx_hal_rcc.o         1'726
    stm32g4xx_hal_rcc_ex.o        616
    stm32g4xx_hal_uart.o        3'100
    stm32g4xx_hal_uart_ex.o       294
    ---------------------------------------------------
    Total:                     14'578        9       44

dl7M_tlf.a: [5]
    abort.o                         6
    exit.o                          4
    iar_Stoflt.o                  440
    iar_Stopfx.o                  290
    iar_Stoulx.o                  332       80
    iar_Stoxflt.o                 520
    isalpha.o                      20
    isspace.o                      20
    low_level_init.o                4
    sprintf.o                      64
    strcspn.o                      34
    strspn.o                       34
    strtok.o                       76                 4
    tolower.o                      20
    xfail_s.o                      64                 4
    xlocale_c.o                    76       30      128
    xprintffull_nomb.o          3'886
    xsprout.o                      10
    ---------------------------------------------------
    Total:                      5'900      110      136

iar_cortexM4lf_math.a: [6]
    arm_common_tables.o                  2'052
    arm_cos_f32.o                 144
    arm_max_no_idx_f32.o          128
    ---------------------------------------------------
    Total:                        272    2'052

m7M_tls.a: [7]
    DblAddSub.o                   606
    DblCmpGe.o                     52
    DblCmpLe.o                     52
    DblDiv.o                      582
    DblMul.o                      426
    DblToFlt.o                    104
    DblToS32.o                     54
    DblToU32.o                     34
    FltToDbl.o                     72
    S32ToDbl.o                     34
    U32ToDbl.o                     28
    fpinit_M.o                     34
    frexp.o                       112
    frexpf.o                       72
    ldexp.o                       314
    ldexpf.o                      196
    strto32.o                     628
    ---------------------------------------------------
    Total:                      3'400

rt7M_tl.a: [8]
    ABImemcpy.o                   166
    ABImemset.o                   102
    ABImemset48.o                  58
    I64DivMod.o                   560
    I64DivZer.o                     2
    cexit.o                        10
    cmain.o                        30
    cstartup_M.o                   28
    data_init.o                    40
    lz77_init_single.o            120
    memchr.o                       88
    strchr.o                       22
    strlen.o                       54
    zero_init3.o                   56
    ---------------------------------------------------
    Total:                      1'336

shb_l.a: [9]
    exit.o                         20
    ---------------------------------------------------
    Total:                         20

    Gaps                           33        2       11
    Linker created                          32    1'280
-------------------------------------------------------
    Grand Total:               32'717    2'445    3'693


*******************************************************************************
*** ENTRY LIST
***

Entry                       Address   Size  Type      Object
-----                       -------   ----  ----      ------
.iar.init_table$$Base    0x800'86c8          --   Gb  - Linker created -
.iar.init_table$$Limit   0x800'86e8          --   Gb  - Linker created -
?main                    0x800'8709         Code  Gb  cmain.o [8]
AHBPrescTable            0x800'86f8   0x10  Data  Gb  system_stm32g4xx.o [3]
ANGLE_FLAG              0x2000'01ef    0x1  Data  Gb  main.o [2]
APBPrescTable            0x800'8768    0x8  Data  Gb  system_stm32g4xx.o [3]
BusFault_Handler         0x800'84e9    0x2  Code  Gb  stm32g4xx_it.o [2]
CAN_cnt                 0x2000'0244    0x4  Data  Gb  main.o [2]
CLEAR_ERROR_FLAG        0x2000'01f0    0x1  Data  Gb  main.o [2]
CSTACK$$Base            0x2000'0970          --   Gb  - Linker created -
CSTACK$$Limit           0x2000'0e70          --   Gb  - Linker created -
CST_mode                0x2000'0374    0x4  Data  Gb  fdcan.o [2]
Check_status             0x800'31b1   0x8a  Code  Gb  fdcan.o [2]
Clear_Device_Errors      0x800'2f89   0x12  Code  Gb  fdcan.o [2]
DLCtoBytes               0x800'4ec4   0x10  Data  Lc  stm32g4xx_hal_fdcan.o [4]
DMA1_Channel1_IRQHandler
                         0x800'8507    0x6  Code  Gb  stm32g4xx_it.o [2]
DMA1_Channel2_IRQHandler
                         0x800'850d    0x6  Code  Gb  stm32g4xx_it.o [2]
DMA1_Channel3_IRQHandler
                         0x800'8513    0x6  Code  Gb  stm32g4xx_it.o [2]
DMA1_Channel4_IRQHandler
                         0x800'8519    0x6  Code  Gb  stm32g4xx_it.o [2]
DMA_CalcDMAMUXChannelBaseAndMask
                         0x800'17c5   0x34  Code  Lc  stm32g4xx_hal_dma.o [4]
DMA_CalcDMAMUXRequestGenBaseAndMask
                         0x800'17f9   0x1c  Code  Lc  stm32g4xx_hal_dma.o [4]
DMA_SetConfig            0x800'1783   0x42  Code  Lc  stm32g4xx_hal_dma.o [4]
DS_FLAG                 0x2000'01ec    0x1  Data  Gb  main.o [2]
DS_TRANS                 0x800'2b47   0x6a  Code  Gb  fdcan.o [2]
DS_state                0x2000'01fb    0x1  Data  Gb  main.o [2]
DebugMon_Handler         0x800'84ef    0x2  Code  Gb  stm32g4xx_it.o [2]
Dtentox                  0x800'4ed5  0x14a  Code  Lc  strto32.o [7]
ERROR_FLAG              0x2000'01f5    0x1  Data  Gb  main.o [2]
EXTI15_10_IRQHandler     0x800'8561    0x8  Code  Gb  stm32g4xx_it.o [2]
EXTI9_5_IRQHandler       0x800'852b    0x8  Code  Gb  stm32g4xx_it.o [2]
Error_Handler            0x800'215b   0x28  Code  Gb  main.o [2]
FA_limit_angle          0x2000'01a8   0x10  Data  Gb  fdcan.o [2]
FDCAN1_IT0_IRQHandler    0x800'851f    0x6  Code  Gb  stm32g4xx_it.o [2]
FDCAN1_IT1_IRQHandler    0x800'8525    0x6  Code  Gb  stm32g4xx_it.o [2]
FDCAN_CalcultateRamBlockAddresses
                         0x800'4de1   0x54  Code  Lc  stm32g4xx_hal_fdcan.o [4]
FDCAN_CopyMessageToRAM   0x800'4e55   0x70  Code  Lc  stm32g4xx_hal_fdcan.o [4]
FLASH_FlushCaches        0x800'8473   0x58  Code  Gb  stm32g4xx_hal_flash_ex.o [4]
FLASH_IRQHandler         0x800'8501    0x4  Code  Gb  stm32g4xx_it.o [2]
FLASH_PageErase          0x800'844d   0x26  Code  Gb  stm32g4xx_hal_flash_ex.o [4]
FPU_IRQHandler           0x800'8569    0x2  Code  Gb  stm32g4xx_it.o [2]
GET_Angle                0x800'2edd   0x70  Code  Gb  fdcan.o [2]
GET_SDO                  0x800'2df5   0x24  Code  Gb  fdcan.o [2]
GET_SDO_FLAG            0x2000'01f1    0x1  Data  Gb  main.o [2]
HAL_DMA_Abort            0x800'15d3   0x6c  Code  Gb  stm32g4xx_hal_dma.o [4]
HAL_DMA_Abort_IT         0x800'163f   0x7a  Code  Gb  stm32g4xx_hal_dma.o [4]
HAL_DMA_GetState         0x800'177d    0x6  Code  Gb  stm32g4xx_hal_dma.o [4]
HAL_DMA_IRQHandler       0x800'16b9   0xc4  Code  Gb  stm32g4xx_hal_dma.o [4]
HAL_DMA_Init             0x800'1485   0xc2  Code  Gb  stm32g4xx_hal_dma.o [4]
HAL_DMA_Start_IT         0x800'1547   0x8c  Code  Gb  stm32g4xx_hal_dma.o [4]
HAL_Delay                0x800'5979   0x28  Code  Gb  stm32g4xx_hal.o [4]
HAL_FDCAN_ActivateNotification
                         0x800'4b67   0xec  Code  Gb  stm32g4xx_hal_fdcan.o [4]
HAL_FDCAN_AddMessageToTxFifoQ
                         0x800'49fb   0x52  Code  Gb  stm32g4xx_hal_fdcan.o [4]
HAL_FDCAN_ConfigFilter   0x800'4979   0x58  Code  Gb  stm32g4xx_hal_fdcan.o [4]
HAL_FDCAN_ErrorCallback
                         0x800'60ed    0x2  Code  Gb  stm32g4xx_hal_fdcan.o [4]
HAL_FDCAN_ErrorStatusCallback
                         0x800'60eb    0x2  Code  Gb  stm32g4xx_hal_fdcan.o [4]
HAL_FDCAN_GetRxFifoFillLevel
                         0x800'4b43   0x18  Code  Gb  stm32g4xx_hal_fdcan.o [4]
HAL_FDCAN_GetRxMessage   0x800'4a4d   0xf6  Code  Gb  stm32g4xx_hal_fdcan.o [4]
HAL_FDCAN_GetTxFifoFreeLevel
                         0x800'4b5b    0xc  Code  Gb  stm32g4xx_hal_fdcan.o [4]
HAL_FDCAN_HighPriorityMessageCallback
                         0x800'60dd    0x2  Code  Gb  stm32g4xx_hal_fdcan.o [4]
HAL_FDCAN_IRQHandler     0x800'4c53  0x18e  Code  Gb  stm32g4xx_hal_fdcan.o [4]
HAL_FDCAN_Init           0x800'47c1  0x1b0  Code  Gb  stm32g4xx_hal_fdcan.o [4]
HAL_FDCAN_MspInit        0x800'29b5   0xaa  Code  Gb  fdcan.o [2]
HAL_FDCAN_RxFifo0Callback
                         0x800'1dd9   0xb6  Code  Gb  main.o [2]
HAL_FDCAN_RxFifo1Callback
                         0x800'60e3    0x2  Code  Gb  stm32g4xx_hal_fdcan.o [4]
HAL_FDCAN_Start          0x800'49d1   0x2a  Code  Gb  stm32g4xx_hal_fdcan.o [4]
HAL_FDCAN_TimeoutOccurredCallback
                         0x800'60e9    0x2  Code  Gb  stm32g4xx_hal_fdcan.o [4]
HAL_FDCAN_TimestampWraparoundCallback
                         0x800'60e7    0x2  Code  Gb  stm32g4xx_hal_fdcan.o [4]
HAL_FDCAN_TxBufferAbortCallback
                         0x800'60df    0x2  Code  Gb  stm32g4xx_hal_fdcan.o [4]
HAL_FDCAN_TxBufferCompleteCallback
                         0x800'60e5    0x2  Code  Gb  stm32g4xx_hal_fdcan.o [4]
HAL_FDCAN_TxEventFifoCallback
                         0x800'60e1    0x2  Code  Gb  stm32g4xx_hal_fdcan.o [4]
HAL_FDCAN_TxFifoEmptyCallback
                         0x800'1dcd    0xc  Code  Gb  main.o [2]
HAL_FLASH_EndOfOperationCallback
                         0x800'84db    0x2  Code  Gb  stm32g4xx_hal_flash.o [4]
HAL_FLASH_IRQHandler     0x800'8361   0xe2  Code  Gb  stm32g4xx_hal_flash.o [4]
HAL_FLASH_OperationErrorCallback
                         0x800'84d9    0x2  Code  Gb  stm32g4xx_hal_flash.o [4]
HAL_GPIO_EXTI_Callback   0x800'1e91   0xaa  Code  Gb  main.o [2]
HAL_GPIO_EXTI_IRQHandler
                         0x800'26c1   0x12  Code  Gb  stm32g4xx_hal_gpio.o [4]
HAL_GPIO_Init            0x800'251d  0x194  Code  Gb  stm32g4xx_hal_gpio.o [4]
HAL_GPIO_ReadPin         0x800'26b1   0x10  Code  Gb  stm32g4xx_hal_gpio.o [4]
HAL_GetTick              0x800'1479    0xc  Code  Gb  stm32g4xx_hal.o [4]
HAL_I2CEx_ConfigAnalogFilter
                         0x800'21cd   0x54  Code  Gb  stm32g4xx_hal_i2c_ex.o [4]
HAL_I2CEx_ConfigDigitalFilter
                         0x800'2221   0x50  Code  Gb  stm32g4xx_hal_i2c_ex.o [4]
HAL_I2C_AbortCpltCallback
                         0x800'1849    0x2  Code  Gb  stm32g4xx_hal_i2c.o [4]
HAL_I2C_AddrCallback     0x800'1839    0x2  Code  Gb  stm32g4xx_hal_i2c.o [4]
HAL_I2C_ER_IRQHandler    0x800'0521   0x62  Code  Gb  stm32g4xx_hal_i2c.o [4]
HAL_I2C_EV_IRQHandler    0x800'0511   0x10  Code  Gb  stm32g4xx_hal_i2c.o [4]
HAL_I2C_ErrorCallback    0x800'184b    0x2  Code  Gb  stm32g4xx_hal_i2c.o [4]
HAL_I2C_GetError         0x800'0589    0x4  Code  Gb  stm32g4xx_hal_i2c.o [4]
HAL_I2C_GetState         0x800'0583    0x6  Code  Gb  stm32g4xx_hal_i2c.o [4]
HAL_I2C_Init             0x800'01d9   0xb2  Code  Gb  stm32g4xx_hal_i2c.o [4]
HAL_I2C_ListenCpltCallback
                         0x800'1847    0x2  Code  Gb  stm32g4xx_hal_i2c.o [4]
HAL_I2C_MasterRxCpltCallback
                         0x800'183d    0x2  Code  Gb  stm32g4xx_hal_i2c.o [4]
HAL_I2C_MasterTxCpltCallback
                         0x800'183b    0x2  Code  Gb  stm32g4xx_hal_i2c.o [4]
HAL_I2C_MemRxCpltCallback
                         0x800'1845    0x2  Code  Gb  stm32g4xx_hal_i2c.o [4]
HAL_I2C_MemTxCpltCallback
                         0x800'1843    0x2  Code  Gb  stm32g4xx_hal_i2c.o [4]
HAL_I2C_Mem_Read_DMA     0x800'03c1  0x136  Code  Gb  stm32g4xx_hal_i2c.o [4]
HAL_I2C_Mem_Write_DMA    0x800'028b  0x132  Code  Gb  stm32g4xx_hal_i2c.o [4]
HAL_I2C_MspInit          0x800'1319  0x142  Code  Gb  i2c.o [2]
HAL_I2C_SlaveRxCpltCallback
                         0x800'1841    0x2  Code  Gb  stm32g4xx_hal_i2c.o [4]
HAL_I2C_SlaveTxCpltCallback
                         0x800'183f    0x2  Code  Gb  stm32g4xx_hal_i2c.o [4]
HAL_IncTick              0x800'856d   0x10  Code  Gb  stm32g4xx_hal.o [4]
HAL_Init                 0x800'27f1   0x32  Code  Gb  stm32g4xx_hal.o [4]
HAL_InitTick             0x800'59c5   0x50  Code  Gb  stm32g4xx_hal.o [4]
HAL_MspInit              0x800'5a15   0x64  Code  Gb  stm32g4xx_hal_msp.o [2]
HAL_NVIC_EnableIRQ       0x800'27d1    0x2  Code  Gb  stm32g4xx_hal_cortex.o [4]
HAL_NVIC_SetPriority     0x800'27b3   0x1e  Code  Gb  stm32g4xx_hal_cortex.o [4]
HAL_NVIC_SetPriorityGrouping
                         0x800'27b1    0x2  Code  Gb  stm32g4xx_hal_cortex.o [4]
HAL_PWREx_ControlVoltageScaling
                         0x800'3405   0xd0  Code  Gb  stm32g4xx_hal_pwr_ex.o [4]
HAL_PWREx_DisableUCPDDeadBattery
                         0x800'34d5    0xc  Code  Gb  stm32g4xx_hal_pwr_ex.o [4]
HAL_RCCEx_PeriphCLKConfig
                         0x800'22b5  0x25c  Code  Gb  stm32g4xx_hal_rcc_ex.o [4]
HAL_RCC_CSSCallback      0x800'5e99    0x2  Code  Gb  stm32g4xx_hal_rcc.o [4]
HAL_RCC_ClockConfig      0x800'38cd  0x196  Code  Gb  stm32g4xx_hal_rcc.o [4]
HAL_RCC_EnableCSS        0x800'3b09    0xc  Code  Gb  stm32g4xx_hal_rcc.o [4]
HAL_RCC_GetHCLKFreq      0x800'3acf    0x6  Code  Gb  stm32g4xx_hal_rcc.o [4]
HAL_RCC_GetPCLK1Freq     0x800'3ad5   0x1a  Code  Gb  stm32g4xx_hal_rcc.o [4]
HAL_RCC_GetPCLK2Freq     0x800'3aef   0x1a  Code  Gb  stm32g4xx_hal_rcc.o [4]
HAL_RCC_GetSysClockFreq
                         0x800'3a63   0x6c  Code  Gb  stm32g4xx_hal_rcc.o [4]
HAL_RCC_NMI_IRQHandler   0x800'3b15   0x16  Code  Gb  stm32g4xx_hal_rcc.o [4]
HAL_RCC_OscConfig        0x800'34f5  0x3d8  Code  Gb  stm32g4xx_hal_rcc.o [4]
HAL_SYSTICK_Callback     0x800'1e8f    0x2  Code  Gb  main.o [2]
HAL_SYSTICK_Config       0x800'27d3    0x2  Code  Gb  stm32g4xx_hal_cortex.o [4]
HAL_SYSTICK_IRQHandler   0x800'27d5    0x4  Code  Gb  stm32g4xx_hal_cortex.o [4]
HAL_UARTEx_DisableFifoMode
                         0x800'5d79   0x3c  Code  Gb  stm32g4xx_hal_uart_ex.o [4]
HAL_UARTEx_RxEventCallback
                         0x800'5e9d    0x2  Code  Gb  stm32g4xx_hal_uart.o [4]
HAL_UARTEx_RxFifoFullCallback
                         0x800'5ea3    0x2  Code  Gb  stm32g4xx_hal_uart_ex.o [4]
HAL_UARTEx_SetRxFifoThreshold
                         0x800'5dfb   0x46  Code  Gb  stm32g4xx_hal_uart_ex.o [4]
HAL_UARTEx_SetTxFifoThreshold
                         0x800'5db5   0x46  Code  Gb  stm32g4xx_hal_uart_ex.o [4]
HAL_UARTEx_TxFifoEmptyCallback
                         0x800'5ea1    0x2  Code  Gb  stm32g4xx_hal_uart_ex.o [4]
HAL_UARTEx_WakeupCallback
                         0x800'5e9f    0x2  Code  Gb  stm32g4xx_hal_uart_ex.o [4]
HAL_UART_ErrorCallback   0x800'5e9b    0x2  Code  Gb  stm32g4xx_hal_uart.o [4]
HAL_UART_IRQHandler      0x800'3d1d  0x2e8  Code  Gb  stm32g4xx_hal_uart.o [4]
HAL_UART_Init            0x800'3bb1   0x6a  Code  Gb  stm32g4xx_hal_uart.o [4]
HAL_UART_MspInit         0x800'32d1  0x11e  Code  Gb  usart.o [2]
HAL_UART_Receive_DMA     0x800'3cc3   0x5a  Code  Gb  stm32g4xx_hal_uart.o [4]
HAL_UART_RxCpltCallback
                         0x800'60d9    0x2  Code  Gb  stm32g4xx_hal_uart.o [4]
HAL_UART_RxHalfCpltCallback
                         0x800'60db    0x2  Code  Gb  stm32g4xx_hal_uart.o [4]
HAL_UART_Transmit_DMA    0x800'3c1b   0xa8  Code  Gb  stm32g4xx_hal_uart.o [4]
HAL_UART_TxCpltCallback
                         0x800'60d5    0x2  Code  Gb  stm32g4xx_hal_uart.o [4]
HAL_UART_TxHalfCpltCallback
                         0x800'60d7    0x2  Code  Gb  stm32g4xx_hal_uart.o [4]
HardFault_Handler        0x800'84e5    0x2  Code  Gb  stm32g4xx_it.o [2]
I2C1_ER_IRQHandler       0x800'8539    0x6  Code  Gb  stm32g4xx_it.o [2]
I2C1_EV_IRQHandler       0x800'8533    0x6  Code  Gb  stm32g4xx_it.o [2]
I2C_DMAAbort             0x800'0ffd   0x18  Code  Lc  stm32g4xx_hal_i2c.o [4]
I2C_DMAError             0x800'0fed   0x10  Code  Lc  stm32g4xx_hal_i2c.o [4]
I2C_DMAMasterReceiveCplt
                         0x800'0f89   0x60  Code  Lc  stm32g4xx_hal_i2c.o [4]
I2C_DMAMasterTransmitCplt
                         0x800'0f29   0x60  Code  Lc  stm32g4xx_hal_i2c.o [4]
I2C_DMA_COMM             0x800'1f3b  0x220  Code  Gb  main.o [2]
I2C_DMA_COMM::coef1     0x2000'0360    0x8  Data  Lc  main.o [2]
I2C_DMA_COMM::coef2     0x2000'0368    0x8  Data  Lc  main.o [2]
I2C_Disable_IRQ          0x800'1269   0x5c  Code  Lc  stm32g4xx_hal_i2c.o [4]
I2C_Enable_IRQ           0x800'11f1   0x60  Code  Lc  stm32g4xx_hal_i2c.o [4]
I2C_FLAG                0x2000'01f3    0x1  Data  Gb  main.o [2]
I2C_Flush_TXDR           0x800'0f0b   0x1e  Code  Lc  stm32g4xx_hal_i2c.o [4]
I2C_ITAddrCplt           0x800'09dd   0xb4  Code  Lc  stm32g4xx_hal_i2c.o [4]
I2C_ITError              0x800'0df9   0xf0  Code  Lc  stm32g4xx_hal_i2c.o [4]
I2C_ITListenCplt         0x800'0d97   0x62  Code  Lc  stm32g4xx_hal_i2c.o [4]
I2C_ITMasterCplt         0x800'0b5f   0xf8  Code  Lc  stm32g4xx_hal_i2c.o [4]
I2C_ITMasterSeqCplt      0x800'0a91   0x56  Code  Lc  stm32g4xx_hal_i2c.o [4]
I2C_ITSlaveCplt          0x800'0c57  0x140  Code  Lc  stm32g4xx_hal_i2c.o [4]
I2C_ITSlaveSeqCplt       0x800'0ae7   0x78  Code  Lc  stm32g4xx_hal_i2c.o [4]
I2C_IsErrorOccurred      0x800'10c5  0x104  Code  Lc  stm32g4xx_hal_i2c.o [4]
I2C_Master_ISR_DMA       0x800'06c9  0x11c  Code  Lc  stm32g4xx_hal_i2c.o [4]
I2C_RequestMemoryRead    0x800'0969   0x72  Code  Lc  stm32g4xx_hal_i2c.o [4]
I2C_RequestMemoryWrite   0x800'08f3   0x74  Code  Lc  stm32g4xx_hal_i2c.o [4]
I2C_Slave_ISR_DMA        0x800'07e5  0x10e  Code  Lc  stm32g4xx_hal_i2c.o [4]
I2C_Slave_ISR_IT         0x800'0591  0x138  Code  Lc  stm32g4xx_hal_i2c.o [4]
I2C_TRQ_FLAG            0x2000'01f4    0x1  Data  Gb  main.o [2]
I2C_TransferConfig       0x800'11c9   0x28  Code  Lc  stm32g4xx_hal_i2c.o [4]
I2C_TreatErrorCallback   0x800'0ee9   0x22  Code  Lc  stm32g4xx_hal_i2c.o [4]
I2C_WaitOnFlagUntilTimeout
                         0x800'1015   0x5c  Code  Lc  stm32g4xx_hal_i2c.o [4]
I2C_WaitOnTXISFlagUntilTimeout
                         0x800'1071   0x54  Code  Lc  stm32g4xx_hal_i2c.o [4]
INIT_CAN                 0x800'3083  0x12e  Code  Gb  fdcan.o [2]
MX_DMA_Init              0x800'28c9   0x70  Code  Gb  dma.o [2]
MX_FDCAN1_Init           0x800'2939   0x7c  Code  Gb  fdcan.o [2]
MX_GPIO_Init             0x800'2829   0xa0  Code  Gb  gpio.o [2]
MX_I2C1_Init             0x800'12c5   0x54  Code  Gb  i2c.o [2]
MX_USART2_UART_Init      0x800'3269   0x68  Code  Gb  usart.o [2]
MemManage_Handler        0x800'84e7    0x2  Code  Gb  stm32g4xx_it.o [2]
NMI_Handler              0x800'84dd    0x8  Code  Gb  stm32g4xx_it.o [2]
NMT_FLAG                0x2000'01eb    0x1  Data  Gb  main.o [2]
NMT_TRANS                0x800'2b1d   0x2a  Code  Gb  fdcan.o [2]
NMT_state               0x2000'01fa    0x1  Data  Gb  main.o [2]
NVIC_EncodePriority      0x800'274d   0x36  Code  Lc  stm32g4xx_hal_cortex.o [4]
POS_Calc_2               0x800'2f9d   0xe6  Code  Gb  fdcan.o [2]
POS_Calc_2::cnt         0x2000'0940    0x2  Data  Lc  fdcan.o [2]
POS_Calc_2::cnt_new     0x2000'0942    0x2  Data  Lc  fdcan.o [2]
POS_Calc_2::tp_degree   0x2000'0948   0x10  Data  Lc  fdcan.o [2]
POS_Calc_2::tp_goal     0x2000'0958    0x8  Data  Lc  fdcan.o [2]
POS_Calc_2::tp_old      0x2000'0960    0x8  Data  Lc  fdcan.o [2]
Parsing_PDO              0x800'2c95   0x74  Code  Gb  fdcan.o [2]
Parsing_SDO              0x800'2bb1   0xe4  Code  Gb  fdcan.o [2]
PendSV_Handler           0x800'84f1    0x2  Code  Gb  stm32g4xx_it.o [2]
QS_flag                 0x2000'01ea    0x1  Data  Gb  main.o [2]
RCC_GetSysClockFreqFromPLLSource
                         0x800'3b2b   0x42  Code  Lc  stm32g4xx_hal_rcc.o [4]
RCC_IRQHandler           0x800'8505    0x2  Code  Gb  stm32g4xx_it.o [2]
READ_STATUS              0x800'2e19   0xc4  Code  Gb  fdcan.o [2]
RECV_FLAG               0x2000'0378    0x1  Data  Gb  fdcan.o [2]
Region$$Table$$Base      0x800'86c8          --   Gb  - Linker created -
Region$$Table$$Limit     0x800'86e8          --   Gb  - Linker created -
SEND_FRAME               0x800'2d27   0xce  Code  Gb  fdcan.o [2]
SET_ANGLE_ZERO_FLAG     0x2000'01ee    0x1  Data  Gb  main.o [2]
SET_PDO                  0x800'2acf   0x4e  Code  Gb  fdcan.o [2]
SET_SDO                  0x800'2a5f   0x70  Code  Gb  fdcan.o [2]
SET_SDO_FLAG            0x2000'01f2    0x1  Data  Gb  main.o [2]
SET_ZERO_BTN            0x2000'0200    0x1  Data  Gb  main.o [2]
STATUS_FLAG             0x2000'01ed    0x1  Data  Gb  main.o [2]
SVC_Handler              0x800'84ed    0x2  Code  Gb  stm32g4xx_it.o [2]
SYNC_FRAME               0x800'2d09   0x1e  Code  Gb  fdcan.o [2]
SysTick_Config           0x800'2783   0x2e  Code  Lc  stm32g4xx_hal_cortex.o [4]
SysTick_Handler          0x800'84f3    0xe  Code  Gb  stm32g4xx_it.o [2]
SystemClock_Config       0x800'1875   0x76  Code  Gb  main.o [2]
SystemCoreClock         0x2000'04c4    0x4  Data  Gb  system_stm32g4xx.o [3]
SystemInit               0x800'86e9    0xc  Code  Gb  system_stm32g4xx.o [3]
TRQ_Calc::theta2        0x2000'01c8   0x10  Data  Lc  fdcan.o [2]
TRQ_Calc::trq_cnt_new   0x2000'017c    0x2  Data  Lc  fdcan.o [2]
TRQ_Calc::trq_cnt_old   0x2000'017a    0x2  Data  Lc  fdcan.o [2]
TRQ_Calc_2::trq_cnt_new
                        0x2000'0180    0x2  Data  Lc  fdcan.o [2]
TRQ_Calc_2::trq_cnt_old
                        0x2000'017e    0x2  Data  Lc  fdcan.o [2]
TRQ_OFF_FLAG            0x2000'0173    0x1  Data  Gb  fdcan.o [2]
TRQ_ON_FLAG             0x2000'0172    0x1  Data  Gb  fdcan.o [2]
UARTEx_SetNbDataToProcess
                         0x800'5e41   0x46  Code  Lc  stm32g4xx_hal_uart_ex.o [4]
UARTEx_SetNbDataToProcess::denominator
                         0x800'5e90    0x8  Data  Lc  stm32g4xx_hal_uart_ex.o [4]
UARTEx_SetNbDataToProcess::numerator
                         0x800'5e88    0x8  Data  Lc  stm32g4xx_hal_uart_ex.o [4]
UARTPrescTable           0x800'42b0   0x18  Data  Gb  stm32g4xx_hal_uart.o [4]
UART_AdvFeatureConfig    0x800'42c9   0xc8  Code  Gb  stm32g4xx_hal_uart.o [4]
UART_CheckIdleState      0x800'4391   0x64  Code  Gb  stm32g4xx_hal_uart.o [4]
UART_DMAAbortOnError     0x800'4785   0x10  Code  Lc  stm32g4xx_hal_uart.o [4]
UART_DMAError            0x800'4735   0x50  Code  Lc  stm32g4xx_hal_uart.o [4]
UART_DMAReceiveCplt      0x800'4689   0x92  Code  Lc  stm32g4xx_hal_uart.o [4]
UART_DMARxHalfCplt       0x800'471d   0x18  Code  Lc  stm32g4xx_hal_uart.o [4]
UART_DMATransmitCplt     0x800'463d   0x46  Code  Lc  stm32g4xx_hal_uart.o [4]
UART_DMATxHalfCplt       0x800'4683    0x6  Code  Lc  stm32g4xx_hal_uart.o [4]
UART_EndRxTransfer       0x800'45b5   0x58  Code  Lc  stm32g4xx_hal_uart.o [4]
UART_EndTransmit_IT      0x800'4795   0x22  Code  Lc  stm32g4xx_hal_uart.o [4]
UART_EndTxTransfer       0x800'457f   0x36  Code  Lc  stm32g4xx_hal_uart.o [4]
UART_FLAG               0x2000'01e9    0x1  Data  Gb  main.o [2]
UART_SetConfig           0x800'4015  0x296  Code  Gb  stm32g4xx_hal_uart.o [4]
UART_Start_Receive_DMA   0x800'44cb   0xb4  Code  Gb  stm32g4xx_hal_uart.o [4]
UART_WaitOnFlagUntilTimeout
                         0x800'43f5   0xd6  Code  Gb  stm32g4xx_hal_uart.o [4]
UART_cnt                0x2000'0248    0x4  Data  Gb  main.o [2]
UA_limit_angle          0x2000'01b8   0x10  Data  Gb  fdcan.o [2]
USART2_IRQHandler        0x800'853f    0x6  Code  Gb  stm32g4xx_it.o [2]
UsageFault_Handler       0x800'84eb    0x2  Code  Gb  stm32g4xx_it.o [2]
_LitobFullNoMb           0x800'7495  0x10c  Code  Lc  xprintffull_nomb.o [5]
_LocaleC_isalpha         0x800'7763    0xc  Code  Gb  xlocale_c.o [5]
_LocaleC_islower         0x800'775d    0x4  Code  Gb  xlocale_c.o [5]
_LocaleC_isspace         0x800'7779   0x14  Code  Gb  xlocale_c.o [5]
_LocaleC_isupper         0x800'7761    0x2  Code  Gb  xlocale_c.o [5]
_LocaleC_tolower         0x800'778d    0xc  Code  Gb  xlocale_c.o [5]
_Locale_lconv           0x2000'04c8   0x38  Data  Lc  xlocale_c.o [5]
_PrintfFullNoMb          0x800'6761  0xd06  Code  Gb  xprintffull_nomb.o [5]
_PutcharFullNoMb         0x800'75f9   0x20  Code  Lc  xprintffull_nomb.o [5]
_PutcharsFullNoMb        0x800'7619   0x2e  Code  Lc  xprintffull_nomb.o [5]
_SProut                  0x800'22ab    0xa  Code  Gb  xsprout.o [5]
_Strtok_ssave           0x2000'093c    0x4  Data  Lc  strtok.o [5]
__NVIC_EnableIRQ         0x800'271d   0x16  Code  Lc  stm32g4xx_hal_cortex.o [4]
__NVIC_GetPriorityGrouping
                         0x800'2713    0xa  Code  Lc  stm32g4xx_hal_cortex.o [4]
__NVIC_SetPriority       0x800'2733   0x1a  Code  Lc  stm32g4xx_hal_cortex.o [4]
__NVIC_SetPriorityGrouping
                         0x800'26f9   0x1a  Code  Lc  stm32g4xx_hal_cortex.o [4]
__aeabi_cdcmple          0x800'7919         Code  Gb  DblCmpLe.o [7]
__aeabi_cdrcmple         0x800'794d         Code  Gb  DblCmpGe.o [7]
__aeabi_d2f              0x800'56e9         Code  Gb  DblToFlt.o [7]
__aeabi_d2iz             0x800'5d41         Code  Gb  DblToS32.o [7]
__aeabi_d2uiz            0x800'7abd         Code  Gb  DblToU32.o [7]
__aeabi_dadd             0x800'5489         Code  Gb  DblAddSub.o [7]
__aeabi_ddiv             0x800'5a79         Code  Gb  DblDiv.o [7]
__aeabi_dmul             0x800'5191         Code  Gb  DblMul.o [7]
__aeabi_dsub             0x800'5605         Code  Gb  DblAddSub.o [7]
__aeabi_f2d              0x800'5149         Code  Gb  FltToDbl.o [7]
__aeabi_i2d              0x800'59a1         Code  Gb  S32ToDbl.o [7]
__aeabi_ldiv0            0x800'7745         Code  Gb  I64DivZer.o [8]
__aeabi_memcpy           0x800'7801         Code  Gb  ABImemcpy.o [8]
__aeabi_memcpy4          0x800'7821         Code  Gb  ABImemcpy.o [8]
__aeabi_memcpy8          0x800'7821         Code  Gb  ABImemcpy.o [8]
__aeabi_memset           0x800'76dd         Code  Gb  ABImemset.o [8]
__aeabi_memset4          0x800'2271         Code  Gb  ABImemset48.o [8]
__aeabi_memset8          0x800'2271         Code  Gb  ABImemset48.o [8]
__aeabi_ui2d             0x800'7ae1         Code  Gb  U32ToDbl.o [7]
__aeabi_uldivmod         0x800'5ea5         Code  Gb  I64DivMod.o [8]
__cmain                  0x800'8709         Code  Gb  cmain.o [8]
__exit                   0x800'7b49   0x14  Code  Gb  exit.o [9]
__iar_Fail_s             0x800'77c1   0x1c  Code  Gb  xfail_s.o [5]
__iar_Memchr             0x800'6709         Code  Gb  memchr.o [8]
__iar_Memset             0x800'76dd         Code  Gb  ABImemset.o [8]
__iar_Memset4_word       0x800'2279         Code  Gb  ABImemset48.o [8]
__iar_Memset8_word       0x800'2279         Code  Gb  ABImemset48.o [8]
__iar_Memset_word        0x800'76e5         Code  Gb  ABImemset.o [8]
__iar_Sto32              0x800'5021   0xec  Code  Gb  strto32.o [7]
__iar_Stoflt             0x800'6321  0x1b8  Code  Gb  iar_Stoflt.o [5]
__iar_Stopfx             0x800'61fd  0x122  Code  Gb  iar_Stopfx.o [5]
__iar_Stoulx             0x800'533d  0x13a  Code  Gb  iar_Stoulx.o [5]
__iar_Stoxflt            0x800'64d9  0x1d2  Code  Gb  iar_Stoxflt.o [5]
__iar_Stoxflt::digits    0x800'66b0   0x18  Data  Lc  iar_Stoxflt.o [5]
__iar_Stoxflt::vals      0x800'66c8   0x18  Data  Lc  iar_Stoxflt.o [5]
__iar_Strchr             0x800'77a9         Code  Gb  strchr.o [8]
__iar_data_init3         0x800'867d   0x28  Code  Gb  data_init.o [8]
__iar_frexp              0x800'78b5         Code  Gb  frexp.o [7]
__iar_frexp32            0x800'60f1         Code  Gb  frexpf.o [7]
__iar_frexpf             0x800'6105         Code  Gb  frexpf.o [7]
__iar_frexpl             0x800'78b5         Code  Gb  frexp.o [7]
__iar_globLocale        0x2000'0500   0x48  Data  Lc  xlocale_c.o [5]
__iar_global_Locale      0x800'7799    0x4  Code  Gb  xlocale_c.o [5]
__iar_init_vfp           0x800'86a5         Code  Gb  fpinit_M.o [7]
__iar_ldexp32            0x800'6139         Code  Gb  ldexpf.o [7]
__iar_ldexp64            0x800'7981         Code  Gb  ldexp.o [7]
__iar_lz77_init_single3
                         0x800'857d   0x78  Code  Gb  lz77_init_single.o [8]
__iar_program_start      0x800'873d         Code  Gb  cstartup_M.o [8]
__iar_scalbln32          0x800'6139         Code  Gb  ldexpf.o [7]
__iar_scalbln64          0x800'7981         Code  Gb  ldexp.o [7]
__iar_scalbn32           0x800'6139         Code  Gb  ldexpf.o [7]
__iar_scalbn64           0x800'7981         Code  Gb  ldexp.o [7]
__iar_softfp___iar_frexp64
                         0x800'78a9         Code  Gb  frexp.o [7]
__iar_softfp_frexp       0x800'78a9         Code  Gb  frexp.o [7]
__iar_softfp_frexpl      0x800'78a9         Code  Gb  frexp.o [7]
__iar_zero_init3         0x800'8645   0x38  Code  Gb  zero_init3.o [8]
__low_level_init         0x800'8727    0x4  Code  Gb  low_level_init.o [5]
__vector_table           0x800'0000         Data  Gb  startup_stm32g431xx.o [1]
_call_main               0x800'8715         Code  Gb  cmain.o [8]
_exit                    0x800'8731         Code  Gb  cexit.o [8]
abort                    0x800'7b41    0x6  Code  Gb  abort.o [5]
angle_addr              0x2000'038a    0x2  Data  Gb  i2c.o [2]
angle_i2c               0x2000'0300   0x60  Data  Gb  main.o [2]
angles                  0x2000'02d8   0x10  Data  Gb  main.o [2]
arm_cos_f32              0x800'5751   0x90  Code  Gb  arm_cos_f32.o [6]
arm_max_no_idx_f32       0x800'5cc1   0x80  Code  Gb  arm_max_no_idx_f32.o [6]
arms                    0x2000'0174    0x1  Data  Gb  fdcan.o [2]
atoi                     0x800'547d    0x2  Code  Gb  iar_Stoulx.o [5]
cnt_max                 0x2000'0178    0x2  Data  Gb  fdcan.o [2]
data_temp               0x2000'0238    0x4  Data  Gb  main.o [2]
deg2rad_5               0x2000'01d8    0x8  Data  Gb  fdcan.o [2]
digits                   0x800'861c   0x28  Data  Lc  iar_Stoulx.o [5]
error_res               0x2000'023c    0x8  Data  Gb  main.o [2]
exit                     0x800'872b    0x4  Code  Gb  exit.o [5]
frexpf                   0x800'60f1         Code  Gb  frexpf.o [7]
gear_ratio              0x2000'0250   0x20  Data  Gb  main.o [2]
hcan                    0x2000'0100   0x6c  Data  Gb  fdcan.o [2]
hdma_i2c1_rx            0x2000'0648   0x60  Data  Gb  i2c.o [2]
hdma_i2c1_tx            0x2000'06a8   0x60  Data  Gb  i2c.o [2]
hdma_usart2_rx          0x2000'0708   0x60  Data  Gb  usart.o [2]
hdma_usart2_tx          0x2000'0768   0x60  Data  Gb  usart.o [2]
hfdcan1                 0x2000'08d8   0x64  Data  Gb  fdcan.o [2]
hi2c1                   0x2000'038c   0x4c  Data  Gb  i2c.o [2]
huart2                  0x2000'07c8   0x90  Data  Gb  usart.o [2]
id_cnt                  0x2000'01fd    0x1  Data  Gb  main.o [2]
id_sum                  0x2000'01fc    0x1  Data  Gb  main.o [2]
id_temp                 0x2000'01f8    0x1  Data  Gb  main.o [2]
inc1                    0x2000'01e0    0x4  Data  Gb  fdcan.o [2]
inc2                    0x2000'01e4    0x4  Data  Gb  fdcan.o [2]
init_vcp                 0x800'58af   0x16  Code  Gb  serial.o [2]
isalpha                  0x800'7747   0x14  Code  Gb  isalpha.o [5]
isspace                  0x800'66e1   0x14  Code  Gb  isspace.o [5]
ldexp                    0x800'7981         Code  Gb  ldexp.o [7]
ldexpf                   0x800'6139         Code  Gb  ldexpf.o [7]
ldexpl                   0x800'7981         Code  Gb  ldexp.o [7]
length_temp             0x2000'01f9    0x1  Data  Gb  main.o [2]
localeconv               0x800'779d    0x4  Code  Gb  xlocale_c.o [5]
loop_async               0x800'1b9d  0x226  Code  Gb  main.o [2]
loop_sync                0x800'1a59  0x144  Code  Gb  main.o [2]
loop_sync::status       0x2000'01ff    0x1  Data  Lc  main.o [2]
main                     0x800'184d   0x28  Code  Gb  main.o [2]
max_timeout             0x2000'0388    0x2  Data  Gb  i2c.o [2]
max_timeout_cnt         0x2000'0384    0x4  Data  Gb  fdcan.o [2]
mem_addr                0x2000'02fc    0x2  Data  Gb  main.o [2]
memchr                   0x800'6709         Code  Gb  memchr.o [8]
motor                   0x2000'0000  0x100  Data  Gb  fdcan.o [2]
ndigs                    0x800'85f4   0x28  Data  Lc  iar_Stoulx.o [5]
node_id                 0x2000'01e8    0x1  Data  Gb  main.o [2]
object                  0x2000'0228    0x2  Data  Gb  main.o [2]
object_sub              0x2000'0204    0x2  Data  Gb  main.o [2]
pFlash                  0x2000'04a4   0x20  Data  Gb  stm32g4xx_hal_flash.o [4]
parse_vcp                0x800'19b5   0xa4  Code  Gb  main.o [2]
parse_vcp::deg2rad      0x2000'02e8    0x8  Data  Lc  main.o [2]
pin_state               0x2000'01f6    0x1  Data  Gb  main.o [2]
pin_state_old           0x2000'0177    0x1  Data  Gb  fdcan.o [2]
pows                     0x800'5130   0x18  Data  Lc  strto32.o [7]
prot_info               0x2000'0202    0x2  Data  Gb  main.o [2]
rad_i2c                 0x2000'0278   0x60  Data  Gb  main.o [2]
run_vcp                  0x800'58dd   0x9c  Code  Gb  serial.o [2]
rx_buf                  0x2000'03dc    0xc  Data  Gb  i2c.o [2]
rx_buff                 0x2000'02f0    0xc  Data  Gb  main.o [2]
scalbln                  0x800'7981         Code  Gb  ldexp.o [7]
scalblnf                 0x800'6139         Code  Gb  ldexpf.o [7]
scalblnl                 0x800'7981         Code  Gb  ldexp.o [7]
scalbn                   0x800'7981         Code  Gb  ldexp.o [7]
scalbnf                  0x800'6139         Code  Gb  ldexpf.o [7]
scalbnl                  0x800'7981         Code  Gb  ldexp.o [7]
scale                    0x800'75a1   0x46  Code  Lc  xprintffull_nomb.o [5]
sec_hand                0x2000'0968    0x4  Data  Lc  xfail_s.o [5]
serial_available         0x800'5897   0x18  Code  Gb  serial.o [2]
serial_read              0x800'586d   0x2a  Code  Gb  serial.o [2]
serial_write             0x800'5859   0x14  Code  Gb  serial.o [2]
setup                    0x800'18eb   0xca  Code  Gb  main.o [2]
sign1_flag              0x2000'0175    0x1  Data  Gb  fdcan.o [2]
sign3_flag              0x2000'0176    0x1  Data  Gb  fdcan.o [2]
sinTable_f32             0x800'7b5c  0x804  Data  Gb  arm_common_tables.o [6]
sprintf                  0x800'57e1   0x40  Code  Gb  sprintf.o [5]
status                  0x2000'01fe    0x1  Data  Gb  main.o [2]
strchr                   0x800'77a9         Code  Gb  strchr.o [8]
strcspn                  0x800'7b1f   0x22  Code  Gb  strcspn.o [5]
stretch_btn             0x2000'0270    0x1  Data  Gb  main.o [2]
strlen                   0x800'5821         Code  Gb  strlen.o [8]
strspn                   0x800'7afd   0x22  Code  Gb  strspn.o [5]
strtof                   0x800'5129    0x6  Code  Gb  strto32.o [7]
strtok                   0x800'7691   0x4c  Code  Gb  strtok.o [5]
tick                    0x2000'0234    0x4  Data  Gb  main.o [2]
timeout                 0x2000'037c    0x8  Data  Gb  fdcan.o [2]
timer                   0x2000'01f7    0x1  Data  Gb  main.o [2]
tolower                  0x800'66f5   0x14  Code  Gb  tolower.o [5]
torque                  0x2000'0188   0x20  Data  Gb  fdcan.o [2]
tp                      0x2000'022c    0x8  Data  Gb  main.o [2]
trq_offset              0x2000'0208   0x20  Data  Gb  main.o [2]
trq_prof                0x2000'0170    0x2  Data  Gb  fdcan.o [2]
tx_buf                  0x2000'03d8    0x1  Data  Gb  i2c.o [2]
tx_buff                 0x2000'0370    0x1  Data  Gb  main.o [2]
txfifoemptycheck        0x2000'096c    0x1  Data  Gb  main.o [2]
uart2_rx_buffer         0x2000'0548  0x100  Data  Gb  usart.o [2]
uart2_tx_buffer         0x2000'0858   0x80  Data  Gb  usart.o [2]
uwTick                  0x2000'0498    0x4  Data  Gb  stm32g4xx_hal.o [4]
uwTickFreq              0x2000'04a0    0x4  Data  Gb  stm32g4xx_hal.o [4]
uwTickPrio              0x2000'049c    0x4  Data  Gb  stm32g4xx_hal.o [4]
vcp                     0x2000'03e8   0xb0  Data  Gb  serial.o [2]


[1] = C:\Users\jaesung\MRAS\GitHub\STM32\Projects\Exoskeleton\STM32G431KB_CAN\EWARM\STM32G431KB_CAN\Obj\Application\EWARM
[2] = C:\Users\jaesung\MRAS\GitHub\STM32\Projects\Exoskeleton\STM32G431KB_CAN\EWARM\STM32G431KB_CAN\Obj\Application\User\Core
[3] = C:\Users\jaesung\MRAS\GitHub\STM32\Projects\Exoskeleton\STM32G431KB_CAN\EWARM\STM32G431KB_CAN\Obj\Drivers\CMSIS
[4] = C:\Users\jaesung\MRAS\GitHub\STM32\Projects\Exoskeleton\STM32G431KB_CAN\EWARM\STM32G431KB_CAN\Obj\Drivers\STM32G4xx_HAL_Driver
[5] = dl7M_tlf.a
[6] = iar_cortexM4lf_math.a
[7] = m7M_tls.a
[8] = rt7M_tl.a
[9] = shb_l.a

  32'717 bytes of readonly  code memory
   2'445 bytes of readonly  data memory
   3'693 bytes of readwrite data memory

Errors: none
Warnings: none
