###############################################################################
#
# IAR ELF Linker V9.10.2.313/W64 for ARM                  07/Jun/2023  22:53:45
# Copyright 2007-2021 IAR Systems AB.
#
#    Output file  =
#        C:\Users\jaesung\MRAS\GitHub\STM32\Projects\Exoskeleton\STM32G431KB_CAN\EWARM\STM32G431KB_CAN\Exe\STM32G431KB_CAN.out
#    Map file     =
#        C:\Users\jaesung\MRAS\GitHub\STM32\Projects\Exoskeleton\STM32G431KB_CAN\EWARM\STM32G431KB_CAN\List\STM32G431KB_CAN.map
#    Command line =
#        -f
#        C:\Users\jaesung\MRAS\GitHub\STM32\Projects\Exoskeleton\STM32G431KB_CAN\EWARM\STM32G431KB_CAN\Exe\STM32G431KB_CAN.out.rsp
#        (C:\Users\jaesung\MRAS\GitHub\STM32\Projects\Exoskeleton\STM32G431KB_CAN\EWARM\STM32G431KB_CAN\Obj\Application\User\Core\dma.o
#        C:\Users\jaesung\MRAS\GitHub\STM32\Projects\Exoskeleton\STM32G431KB_CAN\EWARM\STM32G431KB_CAN\Obj\Application\User\Core\fdcan.o
#        C:\Users\jaesung\MRAS\GitHub\STM32\Projects\Exoskeleton\STM32G431KB_CAN\EWARM\STM32G431KB_CAN\Obj\Application\User\Core\gpio.o
#        C:\Users\jaesung\MRAS\GitHub\STM32\Projects\Exoskeleton\STM32G431KB_CAN\EWARM\STM32G431KB_CAN\Obj\Application\User\Core\i2c.o
#        C:\Users\jaesung\MRAS\GitHub\STM32\Projects\Exoskeleton\STM32G431KB_CAN\EWARM\STM32G431KB_CAN\Obj\Application\User\Core\main.o
#        C:\Users\jaesung\MRAS\GitHub\STM32\Projects\Exoskeleton\STM32G431KB_CAN\EWARM\STM32G431KB_CAN\Obj\Application\User\Core\serial.o
#        C:\Users\jaesung\MRAS\GitHub\STM32\Projects\Exoskeleton\STM32G431KB_CAN\EWARM\STM32G431KB_CAN\Obj\Application\EWARM\startup_stm32g431xx.o
#        C:\Users\jaesung\MRAS\GitHub\STM32\Projects\Exoskeleton\STM32G431KB_CAN\EWARM\STM32G431KB_CAN\Obj\Drivers\STM32G4xx_HAL_Driver\stm32g4xx_hal.o
#        C:\Users\jaesung\MRAS\GitHub\STM32\Projects\Exoskeleton\STM32G431KB_CAN\EWARM\STM32G431KB_CAN\Obj\Drivers\STM32G4xx_HAL_Driver\stm32g4xx_hal_cortex.o
#        C:\Users\jaesung\MRAS\GitHub\STM32\Projects\Exoskeleton\STM32G431KB_CAN\EWARM\STM32G431KB_CAN\Obj\Drivers\STM32G4xx_HAL_Driver\stm32g4xx_hal_dma.o
#        C:\Users\jaesung\MRAS\GitHub\STM32\Projects\Exoskeleton\STM32G431KB_CAN\EWARM\STM32G431KB_CAN\Obj\Drivers\STM32G4xx_HAL_Driver\stm32g4xx_hal_dma_ex.o
#        C:\Users\jaesung\MRAS\GitHub\STM32\Projects\Exoskeleton\STM32G431KB_CAN\EWARM\STM32G431KB_CAN\Obj\Drivers\STM32G4xx_HAL_Driver\stm32g4xx_hal_exti.o
#        C:\Users\jaesung\MRAS\GitHub\STM32\Projects\Exoskeleton\STM32G431KB_CAN\EWARM\STM32G431KB_CAN\Obj\Drivers\STM32G4xx_HAL_Driver\stm32g4xx_hal_fdcan.o
#        C:\Users\jaesung\MRAS\GitHub\STM32\Projects\Exoskeleton\STM32G431KB_CAN\EWARM\STM32G431KB_CAN\Obj\Drivers\STM32G4xx_HAL_Driver\stm32g4xx_hal_flash.o
#        C:\Users\jaesung\MRAS\GitHub\STM32\Projects\Exoskeleton\STM32G431KB_CAN\EWARM\STM32G431KB_CAN\Obj\Drivers\STM32G4xx_HAL_Driver\stm32g4xx_hal_flash_ex.o
#        C:\Users\jaesung\MRAS\GitHub\STM32\Projects\Exoskeleton\STM32G431KB_CAN\EWARM\STM32G431KB_CAN\Obj\Drivers\STM32G4xx_HAL_Driver\stm32g4xx_hal_flash_ramfunc.o
#        C:\Users\jaesung\MRAS\GitHub\STM32\Projects\Exoskeleton\STM32G431KB_CAN\EWARM\STM32G431KB_CAN\Obj\Drivers\STM32G4xx_HAL_Driver\stm32g4xx_hal_gpio.o
#        C:\Users\jaesung\MRAS\GitHub\STM32\Projects\Exoskeleton\STM32G431KB_CAN\EWARM\STM32G431KB_CAN\Obj\Drivers\STM32G4xx_HAL_Driver\stm32g4xx_hal_i2c.o
#        C:\Users\jaesung\MRAS\GitHub\STM32\Projects\Exoskeleton\STM32G431KB_CAN\EWARM\STM32G431KB_CAN\Obj\Drivers\STM32G4xx_HAL_Driver\stm32g4xx_hal_i2c_ex.o
#        C:\Users\jaesung\MRAS\GitHub\STM32\Projects\Exoskeleton\STM32G431KB_CAN\EWARM\STM32G431KB_CAN\Obj\Application\User\Core\stm32g4xx_hal_msp.o
#        C:\Users\jaesung\MRAS\GitHub\STM32\Projects\Exoskeleton\STM32G431KB_CAN\EWARM\STM32G431KB_CAN\Obj\Drivers\STM32G4xx_HAL_Driver\stm32g4xx_hal_pwr.o
#        C:\Users\jaesung\MRAS\GitHub\STM32\Projects\Exoskeleton\STM32G431KB_CAN\EWARM\STM32G431KB_CAN\Obj\Drivers\STM32G4xx_HAL_Driver\stm32g4xx_hal_pwr_ex.o
#        C:\Users\jaesung\MRAS\GitHub\STM32\Projects\Exoskeleton\STM32G431KB_CAN\EWARM\STM32G431KB_CAN\Obj\Drivers\STM32G4xx_HAL_Driver\stm32g4xx_hal_rcc.o
#        C:\Users\jaesung\MRAS\GitHub\STM32\Projects\Exoskeleton\STM32G431KB_CAN\EWARM\STM32G431KB_CAN\Obj\Drivers\STM32G4xx_HAL_Driver\stm32g4xx_hal_rcc_ex.o
#        C:\Users\jaesung\MRAS\GitHub\STM32\Projects\Exoskeleton\STM32G431KB_CAN\EWARM\STM32G431KB_CAN\Obj\Drivers\STM32G4xx_HAL_Driver\stm32g4xx_hal_tim.o
#        C:\Users\jaesung\MRAS\GitHub\STM32\Projects\Exoskeleton\STM32G431KB_CAN\EWARM\STM32G431KB_CAN\Obj\Drivers\STM32G4xx_HAL_Driver\stm32g4xx_hal_tim_ex.o
#        C:\Users\jaesung\MRAS\GitHub\STM32\Projects\Exoskeleton\STM32G431KB_CAN\EWARM\STM32G431KB_CAN\Obj\Drivers\STM32G4xx_HAL_Driver\stm32g4xx_hal_uart.o
#        C:\Users\jaesung\MRAS\GitHub\STM32\Projects\Exoskeleton\STM32G431KB_CAN\EWARM\STM32G431KB_CAN\Obj\Drivers\STM32G4xx_HAL_Driver\stm32g4xx_hal_uart_ex.o
#        C:\Users\jaesung\MRAS\GitHub\STM32\Projects\Exoskeleton\STM32G431KB_CAN\EWARM\STM32G431KB_CAN\Obj\Application\User\Core\stm32g4xx_it.o
#        C:\Users\jaesung\MRAS\GitHub\STM32\Projects\Exoskeleton\STM32G431KB_CAN\EWARM\STM32G431KB_CAN\Obj\Drivers\CMSIS\system_stm32g4xx.o
#        C:\Users\jaesung\MRAS\GitHub\STM32\Projects\Exoskeleton\STM32G431KB_CAN\EWARM\STM32G431KB_CAN\Obj\Application\User\Core\usart.o
#        C:\Users\jaesung\MRAS\GitHub\STM32\Projects\Exoskeleton\STM32G431KB_CAN\EWARM\STM32G431KB_CAN\Obj\Application\User\Core\utility.o
#        --no_out_extension -o
#        C:\Users\jaesung\MRAS\GitHub\STM32\Projects\Exoskeleton\STM32G431KB_CAN\EWARM\STM32G431KB_CAN\Exe\STM32G431KB_CAN.out
#        --redirect _Printf=_PrintfFullNoMb --redirect _Scanf=_ScanfFullNoMb
#        --map
#        C:\Users\jaesung\MRAS\GitHub\STM32\Projects\Exoskeleton\STM32G431KB_CAN\EWARM\STM32G431KB_CAN\List\STM32G431KB_CAN.map
#        --config
#        C:\Users\jaesung\MRAS\GitHub\STM32\Projects\Exoskeleton\STM32G431KB_CAN\EWARM/stm32g431xx_flash.icf
#        --semihosting --entry __iar_program_start "C:\Program Files\IAR
#        Systems\Embedded Workbench
#        9.0\arm\CMSIS\Lib\IAR\iar_cortexM4lf_math.a" --vfe --text_out locale)
#
###############################################################################

*******************************************************************************
*** RUNTIME MODEL ATTRIBUTES
***

CppFlavor       = *
__SystemLibrary = DLib
__dlib_version  = 6


*******************************************************************************
*** HEAP SELECTION
***

The basic heap was selected because no calls to memory allocation
functions were found in the application outside of system library
functions, and there are calls to deallocation functions in the
application.


*******************************************************************************
*** PLACEMENT SUMMARY
***

"A0":  place at address 0x800'0000 { ro section .intvec };
"P1":  place in [from 0x800'0000 to 0x801'ffff] { ro };
define block CSTACK with size = 1K, alignment = 8 { };
define block HEAP with size = 512, alignment = 8 { };
"P2":  place in [from 0x2000'0000 to 0x2000'7fff] {
          rw, block CSTACK, block HEAP };
initialize by copy { rw };

  Section            Kind         Address    Size  Object
  -------            ----         -------    ----  ------
"A0":                                       0x1d8
  .intvec            ro code   0x800'0000   0x1d8  startup_stm32g431xx.o [1]
                             - 0x800'01d8   0x1d8

"P1":                                      0x67cf
  .text              ro code   0x800'01d8  0x141c  stm32g4xx_hal_i2c.o [4]
  .text              ro code   0x800'15f4   0x4a0  i2c.o [2]
  .text              ro code   0x800'1a94     0xc  stm32g4xx_hal.o [4]
  .text              ro code   0x800'1aa0     0x2  stm32g4xx_hal_i2c.o [4]
  .text              ro code   0x800'1aa2     0x2  stm32g4xx_hal_i2c.o [4]
  .text              ro code   0x800'1aa4     0x2  stm32g4xx_hal_i2c.o [4]
  .text              ro code   0x800'1aa6     0x2  stm32g4xx_hal_i2c.o [4]
  .text              ro code   0x800'1aa8     0x2  stm32g4xx_hal_i2c.o [4]
  .text              ro code   0x800'1aaa    0x3a  packbits_init_single.o [8]
  .text              ro code   0x800'1ae4   0x930  main.o [2]
  .text              ro code   0x800'2414     0x2  stm32g4xx_hal_i2c.o [4]
  .text              ro code   0x800'2418   0x3b4  stm32g4xx_hal_dma.o [4]
  .text              ro code   0x800'27cc     0x2  stm32g4xx_hal_i2c.o [4]
  .text              ro code   0x800'27d0    0xa4  stm32g4xx_hal_i2c_ex.o [4]
  .text              ro code   0x800'2874    0x3a  ABImemset48.o [8]
  .text              ro code   0x800'28b0   0x268  stm32g4xx_hal_rcc_ex.o [4]
  .text              ro code   0x800'2b18   0x1c4  stm32g4xx_hal_gpio.o [4]
  .text              ro code   0x800'2cdc    0xf8  stm32g4xx_hal_cortex.o [4]
  .text              ro code   0x800'2dd4    0x28  stm32g4xx_hal.o [4]
  .text              ro code   0x800'2dfc    0x22  S32ToDbl.o [7]
  .text              ro code   0x800'2e20   0x246  DblDiv.o [7]
  .text              ro code   0x800'3068    0x68  DblToFlt.o [7]
  .text              ro code   0x800'30d0    0x38  stm32g4xx_hal.o [4]
  .text              ro code   0x800'3108    0x68  gpio.o [2]
  .text              ro code   0x800'3170    0x50  dma.o [2]
  .text              ro code   0x800'31c0   0x420  fdcan.o [2]
  .text              ro code   0x800'35e0   0x180  usart.o [2]
  .text              ro code   0x800'3760    0xf0  stm32g4xx_hal_pwr_ex.o [4]
  .text              ro code   0x800'3850   0x6bc  stm32g4xx_hal_rcc.o [4]
  .text              ro code   0x800'3f0c   0xc10  stm32g4xx_hal_uart.o [4]
  .text              ro code   0x800'4b1c   0x714  stm32g4xx_hal_fdcan.o [4]
  .text              ro code   0x800'5230    0x1c  U32ToDbl.o [7]
  .text              ro code   0x800'524c   0x1aa  DblMul.o [7]
  .text              ro code   0x800'53f8    0x34  DblCmpGe.o [7]
  .text              ro code   0x800'542c    0x36  DblToS32.o [7]
  .text              ro code   0x800'5464    0x8c  arm_sin_f32.o [6]
  .text              ro code   0x800'54f0    0x48  FltToDbl.o [7]
  .text              ro code   0x800'5538   0x25e  DblAddSub.o [7]
  .text              ro code   0x800'5798   0x13c  serial.o [2]
  .text              ro code   0x800'58d4    0x50  stm32g4xx_hal.o [4]
  .text              ro code   0x800'5924    0x34  stm32g4xx_hal_msp.o [2]
  .text              ro code   0x800'5958   0x120  stm32g4xx_hal_uart_ex.o [4]
  .text              ro code   0x800'5a78     0x2  stm32g4xx_hal_rcc.o [4]
  .text              ro code   0x800'5a7a     0x2  stm32g4xx_hal_uart.o [4]
  .text              ro code   0x800'5a7c     0x2  stm32g4xx_hal_uart.o [4]
  .text              ro code   0x800'5a7e     0x2  stm32g4xx_hal_uart_ex.o [4]
  .text              ro code   0x800'5a80     0x2  stm32g4xx_hal_uart_ex.o [4]
  .text              ro code   0x800'5a82     0x2  stm32g4xx_hal_uart_ex.o [4]
  .text              ro code   0x800'5a84   0x230  I64DivMod.o [8]
  .text              ro code   0x800'5cb4     0x2  stm32g4xx_hal_uart.o [4]
  .text              ro code   0x800'5cb6     0x2  stm32g4xx_hal_uart.o [4]
  .text              ro code   0x800'5cb8     0x2  stm32g4xx_hal_uart.o [4]
  .text              ro code   0x800'5cba     0x2  stm32g4xx_hal_uart.o [4]
  .text              ro code   0x800'5cbc     0x2  stm32g4xx_hal_fdcan.o [4]
  .text              ro code   0x800'5cbe     0x2  stm32g4xx_hal_fdcan.o [4]
  .text              ro code   0x800'5cc0     0x2  stm32g4xx_hal_fdcan.o [4]
  .text              ro code   0x800'5cc2     0x2  stm32g4xx_hal_fdcan.o [4]
  .text              ro code   0x800'5cc4     0x2  stm32g4xx_hal_fdcan.o [4]
  .text              ro code   0x800'5cc6     0x2  stm32g4xx_hal_fdcan.o [4]
  .text              ro code   0x800'5cc8     0x2  stm32g4xx_hal_fdcan.o [4]
  .text              ro code   0x800'5cca     0x2  stm32g4xx_hal_fdcan.o [4]
  .text              ro code   0x800'5ccc     0x2  stm32g4xx_hal_fdcan.o [4]
  .text              ro code   0x800'5cd0    0x18  strcpy.o [8]
  .text              ro code   0x800'5ce8    0x36  strlen.o [8]
  .text              ro code   0x800'5d20    0x4c  strtok.o [5]
  .text              ro code   0x800'5d6c     0x2  serial.o [2]
  .text              ro code   0x800'5d70    0x66  ABImemset.o [8]
  .text              ro code   0x800'5dd8     0x2  I64DivZer.o [8]
  .text              ro code   0x800'5dda    0x22  strspn.o [5]
  .text              ro code   0x800'5dfc    0x22  strcspn.o [5]
  .rodata            const     0x800'5e20   0x804  arm_common_tables.o [6]
  .text              ro code   0x800'6624    0x64  stm32g4xx_it.o [2]
  .text              ro code   0x800'6688    0x10  stm32g4xx_hal.o [4]
  .text              ro code   0x800'6698    0x38  zero_init3.o [8]
  .text              ro code   0x800'66d0    0x28  data_init.o [8]
  .text              ro code   0x800'66f8    0x22  fpinit_M.o [7]
  .iar.init_table    const     0x800'671c    0x20  - Linker created -
  .text              ro code   0x800'673c    0x20  system_stm32g4xx.o [3]
  .text              ro code   0x800'675c    0x1e  cmain.o [8]
  .text              ro code   0x800'677a     0x4  low_level_init.o [5]
  .text              ro code   0x800'677e     0x4  exit.o [5]
  .text              ro code   0x800'6784     0xa  cexit.o [8]
  .text              ro code   0x800'6790    0x14  exit.o [9]
  .text              ro code   0x800'67a4    0x1c  cstartup_M.o [8]
  .text              ro code   0x800'67c0    0x10  startup_stm32g431xx.o [1]
  .rodata            const     0x800'67d0     0x8  system_stm32g4xx.o [3]
  .rodata            const     0x800'67d8     0x4  serial.o [2]
  .text              ro code   0x800'67dc     0x4  startup_stm32g431xx.o [1]
  .text              ro code   0x800'67e0     0x4  startup_stm32g431xx.o [1]
  .text              ro code   0x800'67e4     0x4  startup_stm32g431xx.o [1]
  .text              ro code   0x800'67e8     0x4  startup_stm32g431xx.o [1]
  .text              ro code   0x800'67ec     0x4  startup_stm32g431xx.o [1]
  .text              ro code   0x800'67f0     0x4  startup_stm32g431xx.o [1]
  .text              ro code   0x800'67f4     0x4  startup_stm32g431xx.o [1]
  .text              ro code   0x800'67f8     0x4  startup_stm32g431xx.o [1]
  .text              ro code   0x800'67fc     0x4  startup_stm32g431xx.o [1]
  .text              ro code   0x800'6800     0x4  startup_stm32g431xx.o [1]
  .text              ro code   0x800'6804     0x4  startup_stm32g431xx.o [1]
  .text              ro code   0x800'6808     0x4  startup_stm32g431xx.o [1]
  .text              ro code   0x800'680c     0x4  startup_stm32g431xx.o [1]
  .text              ro code   0x800'6810     0x4  startup_stm32g431xx.o [1]
  .text              ro code   0x800'6814     0x4  startup_stm32g431xx.o [1]
  .text              ro code   0x800'6818     0x4  startup_stm32g431xx.o [1]
  .text              ro code   0x800'681c     0x4  startup_stm32g431xx.o [1]
  .text              ro code   0x800'6820     0x4  startup_stm32g431xx.o [1]
  .text              ro code   0x800'6824     0x4  startup_stm32g431xx.o [1]
  .text              ro code   0x800'6828     0x4  startup_stm32g431xx.o [1]
  .text              ro code   0x800'682c     0x4  startup_stm32g431xx.o [1]
  .text              ro code   0x800'6830     0x4  startup_stm32g431xx.o [1]
  .text              ro code   0x800'6834     0x4  startup_stm32g431xx.o [1]
  .text              ro code   0x800'6838     0x4  startup_stm32g431xx.o [1]
  .text              ro code   0x800'683c     0x4  startup_stm32g431xx.o [1]
  .text              ro code   0x800'6840     0x4  startup_stm32g431xx.o [1]
  .text              ro code   0x800'6844     0x4  startup_stm32g431xx.o [1]
  .text              ro code   0x800'6848     0x4  startup_stm32g431xx.o [1]
  .text              ro code   0x800'684c     0x4  startup_stm32g431xx.o [1]
  .text              ro code   0x800'6850     0x4  startup_stm32g431xx.o [1]
  .text              ro code   0x800'6854     0x4  startup_stm32g431xx.o [1]
  .text              ro code   0x800'6858     0x4  startup_stm32g431xx.o [1]
  .text              ro code   0x800'685c     0x4  startup_stm32g431xx.o [1]
  .text              ro code   0x800'6860     0x4  startup_stm32g431xx.o [1]
  .text              ro code   0x800'6864     0x4  startup_stm32g431xx.o [1]
  .text              ro code   0x800'6868     0x4  startup_stm32g431xx.o [1]
  .text              ro code   0x800'686c     0x4  startup_stm32g431xx.o [1]
  .text              ro code   0x800'6870     0x4  startup_stm32g431xx.o [1]
  .text              ro code   0x800'6874     0x4  startup_stm32g431xx.o [1]
  .text              ro code   0x800'6878     0x4  startup_stm32g431xx.o [1]
  .text              ro code   0x800'687c     0x4  startup_stm32g431xx.o [1]
  .text              ro code   0x800'6880     0x4  startup_stm32g431xx.o [1]
  .text              ro code   0x800'6884     0x4  startup_stm32g431xx.o [1]
  .text              ro code   0x800'6888     0x4  startup_stm32g431xx.o [1]
  .text              ro code   0x800'688c     0x4  startup_stm32g431xx.o [1]
  .text              ro code   0x800'6890     0x4  startup_stm32g431xx.o [1]
  .text              ro code   0x800'6894     0x4  startup_stm32g431xx.o [1]
  .text              ro code   0x800'6898     0x4  startup_stm32g431xx.o [1]
  .text              ro code   0x800'689c     0x4  startup_stm32g431xx.o [1]
  .text              ro code   0x800'68a0     0x4  startup_stm32g431xx.o [1]
  .text              ro code   0x800'68a4     0x4  startup_stm32g431xx.o [1]
  .text              ro code   0x800'68a8     0x4  startup_stm32g431xx.o [1]
  .text              ro code   0x800'68ac     0x4  startup_stm32g431xx.o [1]
  .text              ro code   0x800'68b0     0x4  startup_stm32g431xx.o [1]
  .text              ro code   0x800'68b4     0x4  startup_stm32g431xx.o [1]
  .text              ro code   0x800'68b8     0x4  startup_stm32g431xx.o [1]
  .text              ro code   0x800'68bc     0x4  startup_stm32g431xx.o [1]
  .text              ro code   0x800'68c0     0x4  startup_stm32g431xx.o [1]
  .text              ro code   0x800'68c4     0x4  startup_stm32g431xx.o [1]
  .text              ro code   0x800'68c8     0x4  startup_stm32g431xx.o [1]
  .text              ro code   0x800'68cc     0x4  startup_stm32g431xx.o [1]
  .text              ro code   0x800'68d0     0x4  startup_stm32g431xx.o [1]
  .text              ro code   0x800'68d4     0x4  startup_stm32g431xx.o [1]
  .rodata            const     0x800'68d8     0x0  zero_init3.o [8]
  .rodata            const     0x800'68d8     0x0  packbits_init_single.o [8]
  Initializer bytes  const     0x800'68d8    0xcf  <for P2-1>
                             - 0x800'69a7  0x67cf

"P2", part 1 of 3:                          0x328
  P2-1                        0x2000'0000   0x328  <Init block>
    .data            inited   0x2000'0000    0x64  i2c.o [2]
    .data            inited   0x2000'0068    0x80  main.o [2]
    .data            inited   0x2000'00e8    0x3c  main.o [2]
    .data            inited   0x2000'0124    0x6c  fdcan.o [2]
    .data            inited   0x2000'0190    0x90  fdcan.o [2]
    .data            inited   0x2000'0220    0x48  main.o [2]
    .data            inited   0x2000'0268    0xb0  serial.o [2]
    .data            inited   0x2000'0318     0xc  stm32g4xx_hal.o [4]
    .data            inited   0x2000'0324     0x4  system_stm32g4xx.o [3]
                            - 0x2000'0328   0x328

"P2", part 2 of 3:                          0x388
  .bss               zero     0x2000'0328   0x100  usart.o [2]
  .bss               zero     0x2000'0428    0xc0  usart.o [2]
  .bss               zero     0x2000'04e8    0x90  usart.o [2]
  .bss               zero     0x2000'0578    0x80  usart.o [2]
  .bss               zero     0x2000'05f8    0x64  fdcan.o [2]
  .bss               zero     0x2000'065c    0x4c  i2c.o [2]
  .bss               zero     0x2000'06a8     0x4  strtok.o [5]
  .bss               zero     0x2000'06ac     0x2  fdcan.o [2]
  .bss               zero     0x2000'06ae     0x1  fdcan.o [2]
  .bss               zero     0x2000'06af     0x1  main.o [2]
                            - 0x2000'06b0   0x388

"P2", part 3 of 3:                          0x400
  CSTACK                      0x2000'06b0   0x400  <Block>
    CSTACK           uninit   0x2000'06b0   0x400  <Block tail>
                            - 0x2000'0ab0   0x400

Unused ranges:

         From           To      Size
         ----           --      ----
   0x800'69a7   0x801'ffff  0x1'9659
  0x2000'0ab0  0x2000'7fff    0x7550


*******************************************************************************
*** INIT TABLE
***

          Address      Size
          -------      ----
Zero (__iar_zero_init3)
    1 destination range, total size 0x388:
          0x2000'0328  0x388

Copy/packbits (__iar_packbits_init_single3)
    1 source range, total size 0xcf (25% of destination):
           0x800'68d8   0xcf
    1 destination range, total size 0x328:
          0x2000'0000  0x328



*******************************************************************************
*** MODULE SUMMARY
***

    Module                   ro code  ro data  rw data
    ------                   -------  -------  -------
command line/config:
    --------------------------------------------------
    Total:

C:\Users\jaesung\MRAS\GitHub\STM32\Projects\Exoskeleton\STM32G431KB_CAN\EWARM\STM32G431KB_CAN\Obj\Application\EWARM: [1]
    startup_stm32g431xx.o        740
    --------------------------------------------------
    Total:                       740

C:\Users\jaesung\MRAS\GitHub\STM32\Projects\Exoskeleton\STM32G431KB_CAN\EWARM\STM32G431KB_CAN\Obj\Application\User\Core: [2]
    dma.o                         80
    fdcan.o                    1'056       65      355
    gpio.o                       104
    i2c.o                      1'184       25      176
    main.o                     2'352       67      261
    serial.o                     318       49      176
    stm32g4xx_hal_msp.o           52
    stm32g4xx_it.o               100
    usart.o                      384               720
    --------------------------------------------------
    Total:                     5'630      206    1'688

C:\Users\jaesung\MRAS\GitHub\STM32\Projects\Exoskeleton\STM32G431KB_CAN\EWARM\STM32G431KB_CAN\Obj\Drivers\CMSIS: [3]
    system_stm32g4xx.o            32       10        4
    --------------------------------------------------
    Total:                        32       10        4

C:\Users\jaesung\MRAS\GitHub\STM32\Projects\Exoskeleton\STM32G431KB_CAN\EWARM\STM32G431KB_CAN\Obj\Drivers\STM32G4xx_HAL_Driver: [4]
    stm32g4xx_hal.o              204        3       12
    stm32g4xx_hal_cortex.o       248
    stm32g4xx_hal_dma.o          948
    stm32g4xx_hal_fdcan.o      1'830
    stm32g4xx_hal_gpio.o         452
    stm32g4xx_hal_i2c.o        5'162
    stm32g4xx_hal_i2c_ex.o       164
    stm32g4xx_hal_pwr_ex.o       240
    stm32g4xx_hal_rcc.o        1'726
    stm32g4xx_hal_rcc_ex.o       616
    stm32g4xx_hal_uart.o       3'100
    stm32g4xx_hal_uart_ex.o      294
    --------------------------------------------------
    Total:                    14'984        3       12

dl7M_tlf.a: [5]
    exit.o                         4
    low_level_init.o               4
    strcspn.o                     34
    strspn.o                      34
    strtok.o                      76                 4
    --------------------------------------------------
    Total:                       152                 4

iar_cortexM4lf_math.a: [6]
    arm_common_tables.o                 2'052
    arm_sin_f32.o                140
    --------------------------------------------------
    Total:                       140    2'052

m7M_tls.a: [7]
    DblAddSub.o                  606
    DblCmpGe.o                    52
    DblDiv.o                     582
    DblMul.o                     426
    DblToFlt.o                   104
    DblToS32.o                    54
    FltToDbl.o                    72
    S32ToDbl.o                    34
    U32ToDbl.o                    28
    fpinit_M.o                    34
    --------------------------------------------------
    Total:                     1'992

rt7M_tl.a: [8]
    ABImemset.o                  102
    ABImemset48.o                 58
    I64DivMod.o                  560
    I64DivZer.o                    2
    cexit.o                       10
    cmain.o                       30
    cstartup_M.o                  28
    data_init.o                   40
    packbits_init_single.o        58
    strcpy.o                      24
    strlen.o                      54
    zero_init3.o                  56
    --------------------------------------------------
    Total:                     1'022

shb_l.a: [9]
    exit.o                        20
    --------------------------------------------------
    Total:                        20

    Gaps                          28        4        4
    Linker created                         32    1'024
------------------------------------------------------
    Grand Total:              24'740    2'307    2'736


*******************************************************************************
*** ENTRY LIST
***

Entry                       Address   Size  Type      Object
-----                       -------   ----  ----      ------
.iar.init_table$$Base    0x800'671c          --   Gb  - Linker created -
.iar.init_table$$Limit   0x800'673c          --   Gb  - Linker created -
?main                    0x800'675d         Code  Gb  cmain.o [8]
AHBPrescTable            0x800'674c   0x10  Data  Gb  system_stm32g4xx.o [3]
ANGLE_FLAG              0x2000'00ee    0x1  Data  Gb  main.o [2]
APBPrescTable            0x800'67d0    0x8  Data  Gb  system_stm32g4xx.o [3]
BusFault_Handler         0x800'6631    0x2  Code  Gb  stm32g4xx_it.o [2]
CLEAR_ERROR_FLAG        0x2000'00f2    0x1  Data  Gb  main.o [2]
CSTACK$$Base            0x2000'06b0          --   Gb  - Linker created -
CSTACK$$Limit           0x2000'0ab0          --   Gb  - Linker created -
Clear_Device_Errors      0x800'3545   0x28  Code  Gb  fdcan.o [2]
DLCtoBytes               0x800'5220   0x10  Data  Lc  stm32g4xx_hal_fdcan.o [4]
DMA1_Channel1_IRQHandler
                         0x800'6649    0x6  Code  Gb  stm32g4xx_it.o [2]
DMA1_Channel2_IRQHandler
                         0x800'664f    0x6  Code  Gb  stm32g4xx_it.o [2]
DMA_CalcDMAMUXChannelBaseAndMask
                         0x800'2759   0x34  Code  Lc  stm32g4xx_hal_dma.o [4]
DMA_CalcDMAMUXRequestGenBaseAndMask
                         0x800'278d   0x1c  Code  Lc  stm32g4xx_hal_dma.o [4]
DMA_SetConfig            0x800'2717   0x42  Code  Lc  stm32g4xx_hal_dma.o [4]
DS_FLAG                 0x2000'00eb    0x1  Data  Gb  main.o [2]
DS_TRANS                 0x800'3399   0x2a  Code  Gb  fdcan.o [2]
DS_state                0x2000'006e    0x1  Data  Gb  main.o [2]
DebugMon_Handler         0x800'6637    0x2  Code  Gb  stm32g4xx_it.o [2]
Error_Handler            0x800'23f9    0x4  Code  Gb  main.o [2]
FDCAN1_IT0_IRQHandler    0x800'6655    0x6  Code  Gb  stm32g4xx_it.o [2]
FDCAN1_IT1_IRQHandler    0x800'665b    0x6  Code  Gb  stm32g4xx_it.o [2]
FDCAN_CalcultateRamBlockAddresses
                         0x800'513d   0x54  Code  Lc  stm32g4xx_hal_fdcan.o [4]
FDCAN_CopyMessageToRAM   0x800'51b1   0x70  Code  Lc  stm32g4xx_hal_fdcan.o [4]
GET_Angle                0x800'353d    0x8  Code  Gb  fdcan.o [2]
GET_SDO                  0x800'34cd   0x20  Code  Gb  fdcan.o [2]
HAL_DMA_Abort            0x800'2567   0x6c  Code  Gb  stm32g4xx_hal_dma.o [4]
HAL_DMA_Abort_IT         0x800'25d3   0x7a  Code  Gb  stm32g4xx_hal_dma.o [4]
HAL_DMA_GetState         0x800'2711    0x6  Code  Gb  stm32g4xx_hal_dma.o [4]
HAL_DMA_IRQHandler       0x800'264d   0xc4  Code  Gb  stm32g4xx_hal_dma.o [4]
HAL_DMA_Init             0x800'2419   0xc2  Code  Gb  stm32g4xx_hal_dma.o [4]
HAL_DMA_Start_IT         0x800'24db   0x8c  Code  Gb  stm32g4xx_hal_dma.o [4]
HAL_Delay                0x800'2dd5   0x28  Code  Gb  stm32g4xx_hal.o [4]
HAL_FDCAN_ActivateNotification
                         0x800'4ec3   0xec  Code  Gb  stm32g4xx_hal_fdcan.o [4]
HAL_FDCAN_AddMessageToTxFifoQ
                         0x800'4d57   0x52  Code  Gb  stm32g4xx_hal_fdcan.o [4]
HAL_FDCAN_ConfigFilter   0x800'4cd5   0x58  Code  Gb  stm32g4xx_hal_fdcan.o [4]
HAL_FDCAN_ErrorCallback
                         0x800'5ccd    0x2  Code  Gb  stm32g4xx_hal_fdcan.o [4]
HAL_FDCAN_ErrorStatusCallback
                         0x800'5ccb    0x2  Code  Gb  stm32g4xx_hal_fdcan.o [4]
HAL_FDCAN_GetRxFifoFillLevel
                         0x800'4e9f   0x18  Code  Gb  stm32g4xx_hal_fdcan.o [4]
HAL_FDCAN_GetRxMessage   0x800'4da9   0xf6  Code  Gb  stm32g4xx_hal_fdcan.o [4]
HAL_FDCAN_GetTxFifoFreeLevel
                         0x800'4eb7    0xc  Code  Gb  stm32g4xx_hal_fdcan.o [4]
HAL_FDCAN_HighPriorityMessageCallback
                         0x800'5cbd    0x2  Code  Gb  stm32g4xx_hal_fdcan.o [4]
HAL_FDCAN_IRQHandler     0x800'4faf  0x18e  Code  Gb  stm32g4xx_hal_fdcan.o [4]
HAL_FDCAN_Init           0x800'4b1d  0x1b0  Code  Gb  stm32g4xx_hal_fdcan.o [4]
HAL_FDCAN_MspInit        0x800'323d   0xaa  Code  Gb  fdcan.o [2]
HAL_FDCAN_RxFifo0Callback
                         0x800'2133  0x114  Code  Gb  main.o [2]
HAL_FDCAN_RxFifo1Callback
                         0x800'5cc3    0x2  Code  Gb  stm32g4xx_hal_fdcan.o [4]
HAL_FDCAN_Start          0x800'4d2d   0x2a  Code  Gb  stm32g4xx_hal_fdcan.o [4]
HAL_FDCAN_TimeoutOccurredCallback
                         0x800'5cc9    0x2  Code  Gb  stm32g4xx_hal_fdcan.o [4]
HAL_FDCAN_TimestampWraparoundCallback
                         0x800'5cc7    0x2  Code  Gb  stm32g4xx_hal_fdcan.o [4]
HAL_FDCAN_TxBufferAbortCallback
                         0x800'5cbf    0x2  Code  Gb  stm32g4xx_hal_fdcan.o [4]
HAL_FDCAN_TxBufferCompleteCallback
                         0x800'5cc5    0x2  Code  Gb  stm32g4xx_hal_fdcan.o [4]
HAL_FDCAN_TxEventFifoCallback
                         0x800'5cc1    0x2  Code  Gb  stm32g4xx_hal_fdcan.o [4]
HAL_FDCAN_TxFifoEmptyCallback
                         0x800'2129    0xa  Code  Gb  main.o [2]
HAL_GPIO_Init            0x800'2b19  0x194  Code  Gb  stm32g4xx_hal_gpio.o [4]
HAL_GPIO_ReadPin         0x800'2cad   0x10  Code  Gb  stm32g4xx_hal_gpio.o [4]
HAL_GetTick              0x800'1a95    0xc  Code  Gb  stm32g4xx_hal.o [4]
HAL_I2CEx_ConfigAnalogFilter
                         0x800'27d1   0x54  Code  Gb  stm32g4xx_hal_i2c_ex.o [4]
HAL_I2CEx_ConfigDigitalFilter
                         0x800'2825   0x50  Code  Gb  stm32g4xx_hal_i2c_ex.o [4]
HAL_I2C_AbortCpltCallback
                         0x800'27cd    0x2  Code  Gb  stm32g4xx_hal_i2c.o [4]
HAL_I2C_AddrCallback     0x800'1aa1    0x2  Code  Gb  stm32g4xx_hal_i2c.o [4]
HAL_I2C_ER_IRQHandler    0x800'0781   0x62  Code  Gb  stm32g4xx_hal_i2c.o [4]
HAL_I2C_EV_IRQHandler    0x800'0771   0x10  Code  Gb  stm32g4xx_hal_i2c.o [4]
HAL_I2C_ErrorCallback    0x800'238d   0x26  Code  Gb  main.o [2]
HAL_I2C_GetState         0x800'07e3    0x6  Code  Gb  stm32g4xx_hal_i2c.o [4]
HAL_I2C_Init             0x800'01d9   0xb2  Code  Gb  stm32g4xx_hal_i2c.o [4]
HAL_I2C_ListenCpltCallback
                         0x800'2415    0x2  Code  Gb  stm32g4xx_hal_i2c.o [4]
HAL_I2C_MasterRxCpltCallback
                         0x800'1aa5    0x2  Code  Gb  stm32g4xx_hal_i2c.o [4]
HAL_I2C_MasterTxCpltCallback
                         0x800'1aa3    0x2  Code  Gb  stm32g4xx_hal_i2c.o [4]
HAL_I2C_MemRxCpltCallback
                         0x800'228d  0x100  Code  Gb  main.o [2]
HAL_I2C_MemTxCpltCallback
                         0x800'2249   0x3c  Code  Gb  main.o [2]
HAL_I2C_Mem_Read         0x800'041f  0x198  Code  Gb  stm32g4xx_hal_i2c.o [4]
HAL_I2C_Mem_Read_IT      0x800'068f   0xd4  Code  Gb  stm32g4xx_hal_i2c.o [4]
HAL_I2C_Mem_Write        0x800'028b  0x194  Code  Gb  stm32g4xx_hal_i2c.o [4]
HAL_I2C_Mem_Write_IT     0x800'05bd   0xd2  Code  Gb  stm32g4xx_hal_i2c.o [4]
HAL_I2C_MspInit          0x800'164f   0xd6  Code  Gb  i2c.o [2]
HAL_I2C_SlaveRxCpltCallback
                         0x800'1aa9    0x2  Code  Gb  stm32g4xx_hal_i2c.o [4]
HAL_I2C_SlaveTxCpltCallback
                         0x800'1aa7    0x2  Code  Gb  stm32g4xx_hal_i2c.o [4]
HAL_IncTick              0x800'6689   0x10  Code  Gb  stm32g4xx_hal.o [4]
HAL_Init                 0x800'30d1   0x32  Code  Gb  stm32g4xx_hal.o [4]
HAL_InitTick             0x800'58d5   0x50  Code  Gb  stm32g4xx_hal.o [4]
HAL_MspInit              0x800'5925   0x34  Code  Gb  stm32g4xx_hal_msp.o [2]
HAL_NVIC_EnableIRQ       0x800'2db5    0x2  Code  Gb  stm32g4xx_hal_cortex.o [4]
HAL_NVIC_SetPriority     0x800'2d97   0x1e  Code  Gb  stm32g4xx_hal_cortex.o [4]
HAL_NVIC_SetPriorityGrouping
                         0x800'2d95    0x2  Code  Gb  stm32g4xx_hal_cortex.o [4]
HAL_PWREx_ControlVoltageScaling
                         0x800'3761   0xd0  Code  Gb  stm32g4xx_hal_pwr_ex.o [4]
HAL_PWREx_DisableUCPDDeadBattery
                         0x800'3831    0xc  Code  Gb  stm32g4xx_hal_pwr_ex.o [4]
HAL_RCCEx_PeriphCLKConfig
                         0x800'28b1  0x25c  Code  Gb  stm32g4xx_hal_rcc_ex.o [4]
HAL_RCC_CSSCallback      0x800'5a79    0x2  Code  Gb  stm32g4xx_hal_rcc.o [4]
HAL_RCC_ClockConfig      0x800'3c29  0x196  Code  Gb  stm32g4xx_hal_rcc.o [4]
HAL_RCC_EnableCSS        0x800'3e65    0xc  Code  Gb  stm32g4xx_hal_rcc.o [4]
HAL_RCC_GetHCLKFreq      0x800'3e2b    0x6  Code  Gb  stm32g4xx_hal_rcc.o [4]
HAL_RCC_GetPCLK1Freq     0x800'3e31   0x1a  Code  Gb  stm32g4xx_hal_rcc.o [4]
HAL_RCC_GetPCLK2Freq     0x800'3e4b   0x1a  Code  Gb  stm32g4xx_hal_rcc.o [4]
HAL_RCC_GetSysClockFreq
                         0x800'3dbf   0x6c  Code  Gb  stm32g4xx_hal_rcc.o [4]
HAL_RCC_NMI_IRQHandler   0x800'3e71   0x16  Code  Gb  stm32g4xx_hal_rcc.o [4]
HAL_RCC_OscConfig        0x800'3851  0x3d8  Code  Gb  stm32g4xx_hal_rcc.o [4]
HAL_SYSTICK_Callback     0x800'2247    0x2  Code  Gb  main.o [2]
HAL_SYSTICK_Config       0x800'2db7    0x2  Code  Gb  stm32g4xx_hal_cortex.o [4]
HAL_SYSTICK_IRQHandler   0x800'2db9    0x4  Code  Gb  stm32g4xx_hal_cortex.o [4]
HAL_UARTEx_DisableFifoMode
                         0x800'5959   0x3c  Code  Gb  stm32g4xx_hal_uart_ex.o [4]
HAL_UARTEx_RxEventCallback
                         0x800'5a7d    0x2  Code  Gb  stm32g4xx_hal_uart.o [4]
HAL_UARTEx_RxFifoFullCallback
                         0x800'5a83    0x2  Code  Gb  stm32g4xx_hal_uart_ex.o [4]
HAL_UARTEx_SetRxFifoThreshold
                         0x800'59db   0x46  Code  Gb  stm32g4xx_hal_uart_ex.o [4]
HAL_UARTEx_SetTxFifoThreshold
                         0x800'5995   0x46  Code  Gb  stm32g4xx_hal_uart_ex.o [4]
HAL_UARTEx_TxFifoEmptyCallback
                         0x800'5a81    0x2  Code  Gb  stm32g4xx_hal_uart_ex.o [4]
HAL_UARTEx_WakeupCallback
                         0x800'5a7f    0x2  Code  Gb  stm32g4xx_hal_uart_ex.o [4]
HAL_UART_ErrorCallback   0x800'5a7b    0x2  Code  Gb  stm32g4xx_hal_uart.o [4]
HAL_UART_IRQHandler      0x800'4079  0x2e8  Code  Gb  stm32g4xx_hal_uart.o [4]
HAL_UART_Init            0x800'3f0d   0x6a  Code  Gb  stm32g4xx_hal_uart.o [4]
HAL_UART_MspInit         0x800'364d  0x100  Code  Gb  usart.o [2]
HAL_UART_Receive_DMA     0x800'401f   0x5a  Code  Gb  stm32g4xx_hal_uart.o [4]
HAL_UART_RxCpltCallback
                         0x800'5cb9    0x2  Code  Gb  stm32g4xx_hal_uart.o [4]
HAL_UART_RxHalfCpltCallback
                         0x800'5cbb    0x2  Code  Gb  stm32g4xx_hal_uart.o [4]
HAL_UART_Transmit_DMA    0x800'3f77   0xa8  Code  Gb  stm32g4xx_hal_uart.o [4]
HAL_UART_TxCpltCallback
                         0x800'5cb5    0x2  Code  Gb  stm32g4xx_hal_uart.o [4]
HAL_UART_TxHalfCpltCallback
                         0x800'5cb7    0x2  Code  Gb  stm32g4xx_hal_uart.o [4]
HardFault_Handler        0x800'662d    0x2  Code  Gb  stm32g4xx_it.o [2]
I2C1_ER_IRQHandler       0x800'6667    0x6  Code  Gb  stm32g4xx_it.o [2]
I2C1_EV_IRQHandler       0x800'6661    0x6  Code  Gb  stm32g4xx_it.o [2]
I2C_COMM                 0x800'1725  0x356  Code  Gb  i2c.o [2]
I2C_COMM::coef          0x2000'0050    0x8  Data  Lc  i2c.o [2]
I2C_DMAAbort             0x800'12dd   0x18  Code  Lc  stm32g4xx_hal_i2c.o [4]
I2C_Disable_IRQ          0x800'1599   0x5c  Code  Lc  stm32g4xx_hal_i2c.o [4]
I2C_Enable_IRQ           0x800'1521   0x60  Code  Lc  stm32g4xx_hal_i2c.o [4]
I2C_Flush_TXDR           0x800'12bb   0x1e  Code  Lc  stm32g4xx_hal_i2c.o [4]
I2C_ITAddrCplt           0x800'0d8d   0xb4  Code  Lc  stm32g4xx_hal_i2c.o [4]
I2C_ITError              0x800'11a9   0xf0  Code  Lc  stm32g4xx_hal_i2c.o [4]
I2C_ITListenCplt         0x800'1147   0x62  Code  Lc  stm32g4xx_hal_i2c.o [4]
I2C_ITMasterCplt         0x800'0f0f   0xf8  Code  Lc  stm32g4xx_hal_i2c.o [4]
I2C_ITMasterSeqCplt      0x800'0e41   0x56  Code  Lc  stm32g4xx_hal_i2c.o [4]
I2C_ITSlaveCplt          0x800'1007  0x140  Code  Lc  stm32g4xx_hal_i2c.o [4]
I2C_ITSlaveSeqCplt       0x800'0e97   0x78  Code  Lc  stm32g4xx_hal_i2c.o [4]
I2C_IsErrorOccurred      0x800'13f5  0x104  Code  Lc  stm32g4xx_hal_i2c.o [4]
I2C_Master_ISR_DMA       0x800'0a79  0x11c  Code  Lc  stm32g4xx_hal_i2c.o [4]
I2C_Master_ISR_IT        0x800'07e9  0x158  Code  Lc  stm32g4xx_hal_i2c.o [4]
I2C_RequestMemoryRead    0x800'0d19   0x72  Code  Lc  stm32g4xx_hal_i2c.o [4]
I2C_RequestMemoryWrite   0x800'0ca3   0x74  Code  Lc  stm32g4xx_hal_i2c.o [4]
I2C_Slave_ISR_DMA        0x800'0b95  0x10e  Code  Lc  stm32g4xx_hal_i2c.o [4]
I2C_Slave_ISR_IT         0x800'0941  0x138  Code  Lc  stm32g4xx_hal_i2c.o [4]
I2C_TransferConfig       0x800'14f9   0x28  Code  Lc  stm32g4xx_hal_i2c.o [4]
I2C_TreatErrorCallback   0x800'1299   0x22  Code  Lc  stm32g4xx_hal_i2c.o [4]
I2C_WaitOnFlagUntilTimeout
                         0x800'12f5   0x5c  Code  Lc  stm32g4xx_hal_i2c.o [4]
I2C_WaitOnSTOPFlagUntilTimeout
                         0x800'13a5   0x50  Code  Lc  stm32g4xx_hal_i2c.o [4]
I2C_WaitOnTXISFlagUntilTimeout
                         0x800'1351   0x54  Code  Lc  stm32g4xx_hal_i2c.o [4]
I2C_flag                0x2000'00f0    0x1  Data  Gb  main.o [2]
INIT_CAN                 0x800'356d   0x50  Code  Gb  fdcan.o [2]
MX_DMA_Init              0x800'3171   0x50  Code  Gb  dma.o [2]
MX_FDCAN1_Init           0x800'31c1   0x7c  Code  Gb  fdcan.o [2]
MX_GPIO_Init             0x800'3109   0x68  Code  Gb  gpio.o [2]
MX_I2C1_Init             0x800'15f5   0x5a  Code  Gb  i2c.o [2]
MX_USART2_UART_Init      0x800'35e1   0x6c  Code  Gb  usart.o [2]
MemManage_Handler        0x800'662f    0x2  Code  Gb  stm32g4xx_it.o [2]
NMI_Handler              0x800'6625    0x8  Code  Gb  stm32g4xx_it.o [2]
NMT_FLAG                0x2000'00ea    0x1  Data  Gb  main.o [2]
NMT_TRANS                0x800'3375   0x24  Code  Gb  fdcan.o [2]
NMT_state               0x2000'006d    0x1  Data  Gb  main.o [2]
NVIC_EncodePriority      0x800'2d31   0x36  Code  Lc  stm32g4xx_hal_cortex.o [4]
PDO_flag                0x2000'006a    0x1  Data  Gb  main.o [2]
PDO_id_cnt              0x2000'0068    0x1  Data  Gb  main.o [2]
Parsing_PDO              0x800'3433   0x44  Code  Gb  fdcan.o [2]
Parsing_SDO              0x800'33c3   0x70  Code  Gb  fdcan.o [2]
Parsing_SDO{1}{2}::error_index
                        0x2000'06ae    0x1  Data  Lc  fdcan.o [2]
PendSV_Handler           0x800'6639    0x2  Code  Gb  stm32g4xx_it.o [2]
QS_flag                 0x2000'00e9    0x1  Data  Gb  main.o [2]
RCC_GetSysClockFreqFromPLLSource
                         0x800'3e87   0x42  Code  Lc  stm32g4xx_hal_rcc.o [4]
READ_STATUS              0x800'34ed   0x50  Code  Gb  fdcan.o [2]
Region$$Table$$Base      0x800'671c          --   Gb  - Linker created -
Region$$Table$$Limit     0x800'673c          --   Gb  - Linker created -
SEND_FRAME               0x800'3493   0x3a  Code  Gb  fdcan.o [2]
SET_ANGLE_ZERO_FLAG     0x2000'00ed    0x1  Data  Gb  main.o [2]
SET_PDO                  0x800'3351   0x24  Code  Gb  fdcan.o [2]
SET_SDO                  0x800'32e7   0x6a  Code  Gb  fdcan.o [2]
STATUS_FLAG             0x2000'00ec    0x1  Data  Gb  main.o [2]
SVC_Handler              0x800'6635    0x2  Code  Gb  stm32g4xx_it.o [2]
SYNC_FRAME               0x800'3477   0x1c  Code  Gb  fdcan.o [2]
SysTick_Config           0x800'2d67   0x2e  Code  Lc  stm32g4xx_hal_cortex.o [4]
SysTick_Handler          0x800'663b    0xe  Code  Gb  stm32g4xx_it.o [2]
SystemClock_Config       0x800'1b0d   0x76  Code  Gb  main.o [2]
SystemCoreClock         0x2000'0324    0x4  Data  Gb  system_stm32g4xx.o [3]
SystemInit               0x800'673d    0xc  Code  Gb  system_stm32g4xx.o [3]
TORQUE_TEST_FLAG        0x2000'00f1    0x1  Data  Gb  main.o [2]
UARTEx_SetNbDataToProcess
                         0x800'5a21   0x46  Code  Lc  stm32g4xx_hal_uart_ex.o [4]
UARTEx_SetNbDataToProcess::denominator
                         0x800'5a70    0x8  Data  Lc  stm32g4xx_hal_uart_ex.o [4]
UARTEx_SetNbDataToProcess::numerator
                         0x800'5a68    0x8  Data  Lc  stm32g4xx_hal_uart_ex.o [4]
UARTPrescTable           0x800'460c   0x18  Data  Gb  stm32g4xx_hal_uart.o [4]
UART_AdvFeatureConfig    0x800'4625   0xc8  Code  Gb  stm32g4xx_hal_uart.o [4]
UART_CheckIdleState      0x800'46ed   0x64  Code  Gb  stm32g4xx_hal_uart.o [4]
UART_DMAAbortOnError     0x800'4ae1   0x10  Code  Lc  stm32g4xx_hal_uart.o [4]
UART_DMAError            0x800'4a91   0x50  Code  Lc  stm32g4xx_hal_uart.o [4]
UART_DMAReceiveCplt      0x800'49e5   0x92  Code  Lc  stm32g4xx_hal_uart.o [4]
UART_DMARxHalfCplt       0x800'4a79   0x18  Code  Lc  stm32g4xx_hal_uart.o [4]
UART_DMATransmitCplt     0x800'4999   0x46  Code  Lc  stm32g4xx_hal_uart.o [4]
UART_DMATxHalfCplt       0x800'49df    0x6  Code  Lc  stm32g4xx_hal_uart.o [4]
UART_EndRxTransfer       0x800'4911   0x58  Code  Lc  stm32g4xx_hal_uart.o [4]
UART_EndTransmit_IT      0x800'4af1   0x22  Code  Lc  stm32g4xx_hal_uart.o [4]
UART_EndTxTransfer       0x800'48db   0x36  Code  Lc  stm32g4xx_hal_uart.o [4]
UART_SetConfig           0x800'4371  0x296  Code  Gb  stm32g4xx_hal_uart.o [4]
UART_Start_Receive_DMA   0x800'4827   0xb4  Code  Gb  stm32g4xx_hal_uart.o [4]
UART_WaitOnFlagUntilTimeout
                         0x800'4751   0xd6  Code  Gb  stm32g4xx_hal_uart.o [4]
USART2_IRQHandler        0x800'666d    0x6  Code  Gb  stm32g4xx_it.o [2]
UsageFault_Handler       0x800'6633    0x2  Code  Gb  stm32g4xx_it.o [2]
_Strtok_ssave           0x2000'06a8    0x4  Data  Lc  strtok.o [5]
__NVIC_EnableIRQ         0x800'2d01   0x16  Code  Lc  stm32g4xx_hal_cortex.o [4]
__NVIC_GetPriorityGrouping
                         0x800'2cf7    0xa  Code  Lc  stm32g4xx_hal_cortex.o [4]
__NVIC_SetPriority       0x800'2d17   0x1a  Code  Lc  stm32g4xx_hal_cortex.o [4]
__NVIC_SetPriorityGrouping
                         0x800'2cdd   0x1a  Code  Lc  stm32g4xx_hal_cortex.o [4]
__aeabi_cdrcmple         0x800'53f9         Code  Gb  DblCmpGe.o [7]
__aeabi_d2f              0x800'3069         Code  Gb  DblToFlt.o [7]
__aeabi_d2iz             0x800'542d         Code  Gb  DblToS32.o [7]
__aeabi_dadd             0x800'5539         Code  Gb  DblAddSub.o [7]
__aeabi_ddiv             0x800'2e21         Code  Gb  DblDiv.o [7]
__aeabi_dmul             0x800'524d         Code  Gb  DblMul.o [7]
__aeabi_dsub             0x800'56b5         Code  Gb  DblAddSub.o [7]
__aeabi_f2d              0x800'54f1         Code  Gb  FltToDbl.o [7]
__aeabi_i2d              0x800'2dfd         Code  Gb  S32ToDbl.o [7]
__aeabi_ldiv0            0x800'5dd9         Code  Gb  I64DivZer.o [8]
__aeabi_memset           0x800'5d71         Code  Gb  ABImemset.o [8]
__aeabi_memset4          0x800'2875         Code  Gb  ABImemset48.o [8]
__aeabi_memset8          0x800'2875         Code  Gb  ABImemset48.o [8]
__aeabi_ui2d             0x800'5231         Code  Gb  U32ToDbl.o [7]
__aeabi_uldivmod         0x800'5a85         Code  Gb  I64DivMod.o [8]
__cmain                  0x800'675d         Code  Gb  cmain.o [8]
__exit                   0x800'6791   0x14  Code  Gb  exit.o [9]
__iar_Memset             0x800'5d71         Code  Gb  ABImemset.o [8]
__iar_Memset4_word       0x800'287d         Code  Gb  ABImemset48.o [8]
__iar_Memset8_word       0x800'287d         Code  Gb  ABImemset48.o [8]
__iar_Memset_word        0x800'5d79         Code  Gb  ABImemset.o [8]
__iar_data_init3         0x800'66d1   0x28  Code  Gb  data_init.o [8]
__iar_init_vfp           0x800'66f9         Code  Gb  fpinit_M.o [7]
__iar_packbits_init_single3
                         0x800'1aab   0x3a  Code  Gb  packbits_init_single.o [8]
__iar_program_start      0x800'67a5         Code  Gb  cstartup_M.o [8]
__iar_zero_init3         0x800'6699   0x38  Code  Gb  zero_init3.o [8]
__low_level_init         0x800'677b    0x4  Code  Gb  low_level_init.o [5]
__vector_table           0x800'0000         Data  Gb  startup_stm32g431xx.o [1]
_call_main               0x800'6769         Code  Gb  cmain.o [8]
_exit                    0x800'6785         Code  Gb  cexit.o [8]
addr1                   0x2000'0232    0x2  Data  Gb  main.o [2]
addr2                   0x2000'0234    0x2  Data  Gb  main.o [2]
amp                     0x2000'0110    0x8  Data  Gb  main.o [2]
angle                   0x2000'0088   0x10  Data  Gb  main.o [2]
angle_addr              0x2000'0018    0x2  Data  Gb  i2c.o [2]
angle_i2c               0x2000'001c   0x30  Data  Gb  i2c.o [2]
arm_sin_f32              0x800'5465   0x8c  Code  Gb  arm_sin_f32.o [6]
data1                   0x2000'0220    0x8  Data  Gb  main.o [2]
data2                   0x2000'0228    0x8  Data  Gb  main.o [2]
exit                     0x800'677f    0x4  Code  Gb  exit.o [5]
freq_cnt                0x2000'0118    0x4  Data  Gb  main.o [2]
gear_ratio              0x2000'0098    0x8  Data  Gb  main.o [2]
hcan                    0x2000'0124   0x6c  Data  Gb  fdcan.o [2]
hdma_usart2_rx          0x2000'0428   0x60  Data  Gb  usart.o [2]
hdma_usart2_tx          0x2000'0488   0x60  Data  Gb  usart.o [2]
hfdcan1                 0x2000'05f8   0x64  Data  Gb  fdcan.o [2]
hi2c1                   0x2000'065c   0x4c  Data  Gb  i2c.o [2]
huart2                  0x2000'04e8   0x90  Data  Gb  usart.o [2]
init_vcp                 0x800'580d   0x16  Code  Gb  serial.o [2]
kk                      0x2000'06ac    0x2  Data  Gb  fdcan.o [2]
l1                      0x2000'00c8    0x8  Data  Gb  main.o [2]
l2                      0x2000'00d0    0x8  Data  Gb  main.o [2]
limit_angle             0x2000'0078   0x10  Data  Gb  main.o [2]
loop_async               0x800'1e21  0x308  Code  Gb  main.o [2]
loop_sync                0x800'1c21  0x1f8  Code  Gb  main.o [2]
loop_sync::cnt          0x2000'0120    0x4  Data  Lc  main.o [2]
main                     0x800'1ae5   0x28  Code  Gb  main.o [2]
max_timeout             0x2000'001a    0x2  Data  Gb  i2c.o [2]
motor                   0x2000'0190   0x90  Data  Gb  fdcan.o [2]
motor_offset            0x2000'00f8   0x10  Data  Gb  main.o [2]
node_id                 0x2000'0069    0x1  Data  Gb  main.o [2]
old_id                  0x2000'0072    0x2  Data  Gb  main.o [2]
parse_vcp                0x800'5d6d    0x2  Code  Gb  serial.o [2]
period                  0x2000'0108    0x8  Data  Gb  main.o [2]
pin_state               0x2000'006b    0x1  Data  Gb  main.o [2]
prot_info               0x2000'0070    0x2  Data  Gb  main.o [2]
rated_torque            0x2000'00e0    0x8  Data  Gb  main.o [2]
run_vcp                  0x800'5839   0x9c  Code  Gb  serial.o [2]
rx_buf                  0x2000'0000   0x18  Data  Gb  i2c.o [2]
sen1                    0x2000'0238    0xc  Data  Gb  main.o [2]
sen2                    0x2000'0244    0xc  Data  Gb  main.o [2]
serial_available         0x800'57d7   0x18  Code  Gb  serial.o [2]
serial_print             0x800'57ef   0x1e  Code  Gb  serial.o [2]
serial_read              0x800'57ad   0x2a  Code  Gb  serial.o [2]
serial_write             0x800'5799   0x14  Code  Gb  serial.o [2]
setup                    0x800'1b83   0x9e  Code  Gb  main.o [2]
sinTable_f32             0x800'5e20  0x804  Data  Gb  arm_common_tables.o [6]
start_time              0x2000'0250    0x4  Data  Gb  main.o [2]
state                   0x2000'0230    0x1  Data  Gb  main.o [2]
strcpy                   0x800'5cd1         Code  Gb  strcpy.o [8]
strcspn                  0x800'5dfd   0x22  Code  Gb  strcspn.o [5]
strlen                   0x800'5ce9         Code  Gb  strlen.o [8]
strspn                   0x800'5ddb   0x22  Code  Gb  strspn.o [5]
strtok                   0x800'5d21   0x4c  Code  Gb  strtok.o [5]
temp_                   0x2000'06af    0x1  Data  Gb  main.o [2]
temp_uint               0x2000'006c    0x1  Data  Gb  main.o [2]
tick                    0x2000'011c    0x4  Data  Gb  main.o [2]
time_interval           0x2000'0254    0x4  Data  Gb  main.o [2]
timer                   0x2000'00ef    0x1  Data  Gb  main.o [2]
torque                  0x2000'00a0    0x8  Data  Gb  main.o [2]
tx_buf                  0x2000'0058    0xc  Data  Gb  i2c.o [2]
tx_buf1                 0x2000'0258    0x8  Data  Gb  main.o [2]
tx_buf2                 0x2000'0260    0x8  Data  Gb  main.o [2]
uart2_rx_buffer         0x2000'0328  0x100  Data  Gb  usart.o [2]
uart2_tx_buffer         0x2000'0578   0x80  Data  Gb  usart.o [2]
uart_send_flag          0x2000'00e8    0x1  Data  Gb  main.o [2]
uwTick                  0x2000'0318    0x4  Data  Gb  stm32g4xx_hal.o [4]
uwTickFreq              0x2000'0320    0x4  Data  Gb  stm32g4xx_hal.o [4]
uwTickPrio              0x2000'031c    0x4  Data  Gb  stm32g4xx_hal.o [4]
val                     0x2000'00f4    0x2  Data  Gb  main.o [2]
vcp                     0x2000'0268   0xb0  Data  Gb  serial.o [2]
weight                  0x2000'00d8    0x8  Data  Gb  main.o [2]
zero_angle              0x2000'00a8   0x20  Data  Gb  main.o [2]


[1] = C:\Users\jaesung\MRAS\GitHub\STM32\Projects\Exoskeleton\STM32G431KB_CAN\EWARM\STM32G431KB_CAN\Obj\Application\EWARM
[2] = C:\Users\jaesung\MRAS\GitHub\STM32\Projects\Exoskeleton\STM32G431KB_CAN\EWARM\STM32G431KB_CAN\Obj\Application\User\Core
[3] = C:\Users\jaesung\MRAS\GitHub\STM32\Projects\Exoskeleton\STM32G431KB_CAN\EWARM\STM32G431KB_CAN\Obj\Drivers\CMSIS
[4] = C:\Users\jaesung\MRAS\GitHub\STM32\Projects\Exoskeleton\STM32G431KB_CAN\EWARM\STM32G431KB_CAN\Obj\Drivers\STM32G4xx_HAL_Driver
[5] = dl7M_tlf.a
[6] = iar_cortexM4lf_math.a
[7] = m7M_tls.a
[8] = rt7M_tl.a
[9] = shb_l.a

  24'740 bytes of readonly  code memory
   2'307 bytes of readonly  data memory
   2'736 bytes of readwrite data memory

Errors: none
Warnings: none
