###############################################################################
#
# IAR ELF Linker V9.10.2.313/W64 for ARM                  19/Jul/2023  18:56:08
# Copyright 2007-2021 IAR Systems AB.
#
#    Output file  =
#        C:\Users\jaesung\MRAS\GitHub\STM32\Projects\Exoskeleton\STM32G431KB_CAN\EWARM\STM32G431KB_CAN\Exe\STM32G431KB_CAN.out
#    Map file     =
#        C:\Users\jaesung\MRAS\GitHub\STM32\Projects\Exoskeleton\STM32G431KB_CAN\EWARM\STM32G431KB_CAN\List\STM32G431KB_CAN.map
#    Command line =
#        -f
#        C:\Users\jaesung\MRAS\GitHub\STM32\Projects\Exoskeleton\STM32G431KB_CAN\EWARM\STM32G431KB_CAN\Exe\STM32G431KB_CAN.out.rsp
#        (C:\Users\jaesung\MRAS\GitHub\STM32\Projects\Exoskeleton\STM32G431KB_CAN\EWARM\STM32G431KB_CAN\Obj\Application\User\Core\dma.o
#        C:\Users\jaesung\MRAS\GitHub\STM32\Projects\Exoskeleton\STM32G431KB_CAN\EWARM\STM32G431KB_CAN\Obj\Application\User\Core\fdcan.o
#        C:\Users\jaesung\MRAS\GitHub\STM32\Projects\Exoskeleton\STM32G431KB_CAN\EWARM\STM32G431KB_CAN\Obj\Application\User\Core\gpio.o
#        C:\Users\jaesung\MRAS\GitHub\STM32\Projects\Exoskeleton\STM32G431KB_CAN\EWARM\STM32G431KB_CAN\Obj\Application\User\Core\i2c.o
#        C:\Users\jaesung\MRAS\GitHub\STM32\Projects\Exoskeleton\STM32G431KB_CAN\EWARM\STM32G431KB_CAN\Obj\Application\User\Core\main.o
#        C:\Users\jaesung\MRAS\GitHub\STM32\Projects\Exoskeleton\STM32G431KB_CAN\EWARM\STM32G431KB_CAN\Obj\Application\User\Core\serial.o
#        C:\Users\jaesung\MRAS\GitHub\STM32\Projects\Exoskeleton\STM32G431KB_CAN\EWARM\STM32G431KB_CAN\Obj\Application\EWARM\startup_stm32g431xx.o
#        C:\Users\jaesung\MRAS\GitHub\STM32\Projects\Exoskeleton\STM32G431KB_CAN\EWARM\STM32G431KB_CAN\Obj\Drivers\STM32G4xx_HAL_Driver\stm32g4xx_hal.o
#        C:\Users\jaesung\MRAS\GitHub\STM32\Projects\Exoskeleton\STM32G431KB_CAN\EWARM\STM32G431KB_CAN\Obj\Drivers\STM32G4xx_HAL_Driver\stm32g4xx_hal_cortex.o
#        C:\Users\jaesung\MRAS\GitHub\STM32\Projects\Exoskeleton\STM32G431KB_CAN\EWARM\STM32G431KB_CAN\Obj\Drivers\STM32G4xx_HAL_Driver\stm32g4xx_hal_dma.o
#        C:\Users\jaesung\MRAS\GitHub\STM32\Projects\Exoskeleton\STM32G431KB_CAN\EWARM\STM32G431KB_CAN\Obj\Drivers\STM32G4xx_HAL_Driver\stm32g4xx_hal_dma_ex.o
#        C:\Users\jaesung\MRAS\GitHub\STM32\Projects\Exoskeleton\STM32G431KB_CAN\EWARM\STM32G431KB_CAN\Obj\Drivers\STM32G4xx_HAL_Driver\stm32g4xx_hal_exti.o
#        C:\Users\jaesung\MRAS\GitHub\STM32\Projects\Exoskeleton\STM32G431KB_CAN\EWARM\STM32G431KB_CAN\Obj\Drivers\STM32G4xx_HAL_Driver\stm32g4xx_hal_fdcan.o
#        C:\Users\jaesung\MRAS\GitHub\STM32\Projects\Exoskeleton\STM32G431KB_CAN\EWARM\STM32G431KB_CAN\Obj\Drivers\STM32G4xx_HAL_Driver\stm32g4xx_hal_flash.o
#        C:\Users\jaesung\MRAS\GitHub\STM32\Projects\Exoskeleton\STM32G431KB_CAN\EWARM\STM32G431KB_CAN\Obj\Drivers\STM32G4xx_HAL_Driver\stm32g4xx_hal_flash_ex.o
#        C:\Users\jaesung\MRAS\GitHub\STM32\Projects\Exoskeleton\STM32G431KB_CAN\EWARM\STM32G431KB_CAN\Obj\Drivers\STM32G4xx_HAL_Driver\stm32g4xx_hal_flash_ramfunc.o
#        C:\Users\jaesung\MRAS\GitHub\STM32\Projects\Exoskeleton\STM32G431KB_CAN\EWARM\STM32G431KB_CAN\Obj\Drivers\STM32G4xx_HAL_Driver\stm32g4xx_hal_gpio.o
#        C:\Users\jaesung\MRAS\GitHub\STM32\Projects\Exoskeleton\STM32G431KB_CAN\EWARM\STM32G431KB_CAN\Obj\Drivers\STM32G4xx_HAL_Driver\stm32g4xx_hal_i2c.o
#        C:\Users\jaesung\MRAS\GitHub\STM32\Projects\Exoskeleton\STM32G431KB_CAN\EWARM\STM32G431KB_CAN\Obj\Drivers\STM32G4xx_HAL_Driver\stm32g4xx_hal_i2c_ex.o
#        C:\Users\jaesung\MRAS\GitHub\STM32\Projects\Exoskeleton\STM32G431KB_CAN\EWARM\STM32G431KB_CAN\Obj\Application\User\Core\stm32g4xx_hal_msp.o
#        C:\Users\jaesung\MRAS\GitHub\STM32\Projects\Exoskeleton\STM32G431KB_CAN\EWARM\STM32G431KB_CAN\Obj\Drivers\STM32G4xx_HAL_Driver\stm32g4xx_hal_pwr.o
#        C:\Users\jaesung\MRAS\GitHub\STM32\Projects\Exoskeleton\STM32G431KB_CAN\EWARM\STM32G431KB_CAN\Obj\Drivers\STM32G4xx_HAL_Driver\stm32g4xx_hal_pwr_ex.o
#        C:\Users\jaesung\MRAS\GitHub\STM32\Projects\Exoskeleton\STM32G431KB_CAN\EWARM\STM32G431KB_CAN\Obj\Drivers\STM32G4xx_HAL_Driver\stm32g4xx_hal_rcc.o
#        C:\Users\jaesung\MRAS\GitHub\STM32\Projects\Exoskeleton\STM32G431KB_CAN\EWARM\STM32G431KB_CAN\Obj\Drivers\STM32G4xx_HAL_Driver\stm32g4xx_hal_rcc_ex.o
#        C:\Users\jaesung\MRAS\GitHub\STM32\Projects\Exoskeleton\STM32G431KB_CAN\EWARM\STM32G431KB_CAN\Obj\Drivers\STM32G4xx_HAL_Driver\stm32g4xx_hal_tim.o
#        C:\Users\jaesung\MRAS\GitHub\STM32\Projects\Exoskeleton\STM32G431KB_CAN\EWARM\STM32G431KB_CAN\Obj\Drivers\STM32G4xx_HAL_Driver\stm32g4xx_hal_tim_ex.o
#        C:\Users\jaesung\MRAS\GitHub\STM32\Projects\Exoskeleton\STM32G431KB_CAN\EWARM\STM32G431KB_CAN\Obj\Drivers\STM32G4xx_HAL_Driver\stm32g4xx_hal_uart.o
#        C:\Users\jaesung\MRAS\GitHub\STM32\Projects\Exoskeleton\STM32G431KB_CAN\EWARM\STM32G431KB_CAN\Obj\Drivers\STM32G4xx_HAL_Driver\stm32g4xx_hal_uart_ex.o
#        C:\Users\jaesung\MRAS\GitHub\STM32\Projects\Exoskeleton\STM32G431KB_CAN\EWARM\STM32G431KB_CAN\Obj\Application\User\Core\stm32g4xx_it.o
#        C:\Users\jaesung\MRAS\GitHub\STM32\Projects\Exoskeleton\STM32G431KB_CAN\EWARM\STM32G431KB_CAN\Obj\Drivers\CMSIS\system_stm32g4xx.o
#        C:\Users\jaesung\MRAS\GitHub\STM32\Projects\Exoskeleton\STM32G431KB_CAN\EWARM\STM32G431KB_CAN\Obj\Application\User\Core\usart.o
#        C:\Users\jaesung\MRAS\GitHub\STM32\Projects\Exoskeleton\STM32G431KB_CAN\EWARM\STM32G431KB_CAN\Obj\Application\User\Core\utility.o
#        --no_out_extension -o
#        C:\Users\jaesung\MRAS\GitHub\STM32\Projects\Exoskeleton\STM32G431KB_CAN\EWARM\STM32G431KB_CAN\Exe\STM32G431KB_CAN.out
#        --redirect _Printf=_PrintfFullNoMb --redirect _Scanf=_ScanfFullNoMb
#        --map
#        C:\Users\jaesung\MRAS\GitHub\STM32\Projects\Exoskeleton\STM32G431KB_CAN\EWARM\STM32G431KB_CAN\List\STM32G431KB_CAN.map
#        --config
#        C:\Users\jaesung\MRAS\GitHub\STM32\Projects\Exoskeleton\STM32G431KB_CAN\EWARM/stm32g431xx_flash.icf
#        --semihosting --entry __iar_program_start "C:\Program Files\IAR
#        Systems\Embedded Workbench
#        9.0\arm\CMSIS\Lib\IAR\iar_cortexM4lf_math.a" --vfe --text_out locale)
#
###############################################################################

*******************************************************************************
*** RUNTIME MODEL ATTRIBUTES
***

CppFlavor       = *
__SystemLibrary = DLib
__dlib_version  = 6


*******************************************************************************
*** HEAP SELECTION
***

The basic heap was selected because no calls to memory allocation
functions were found in the application outside of system library
functions, and there are calls to deallocation functions in the
application.


*******************************************************************************
*** PLACEMENT SUMMARY
***

"A0":  place at address 0x800'0000 { ro section .intvec };
"P1":  place in [from 0x800'0000 to 0x801'ffff] { ro };
define block CSTACK with size = 1K, alignment = 8 { };
define block HEAP with size = 512, alignment = 8 { };
"P2":  place in [from 0x2000'0000 to 0x2000'7fff] {
          rw, block CSTACK, block HEAP };
initialize by copy { rw };

  Section            Kind         Address    Size  Object
  -------            ----         -------    ----  ------
"A0":                                       0x1d8
  .intvec            ro code   0x800'0000   0x1d8  startup_stm32g431xx.o [1]
                             - 0x800'01d8   0x1d8

"P1":                                      0x942b
  .text              ro code   0x800'01d8  0x15c0  fdcan.o [2]
  .text              ro code   0x800'1798   0x714  stm32g4xx_hal_fdcan.o [4]
  .text              ro code   0x800'1eac   0x95c  main.o [2]
  .text              ro code   0x800'2808    0x3a  ABImemset48.o [8]
  .text              ro code   0x800'2842     0xa  xsprout.o [5]
  .text              ro code   0x800'284c   0x268  stm32g4xx_hal_rcc_ex.o [4]
  .text              ro code   0x800'2ab4   0x1dc  stm32g4xx_hal_gpio.o [4]
  .text              ro code   0x800'2c90    0xf8  stm32g4xx_hal_cortex.o [4]
  .text              ro code   0x800'2d88    0x22  S32ToDbl.o [7]
  .rodata            const     0x800'2daa     0x2  xlocale_c.o [5]
  .text              ro code   0x800'2dac   0x1aa  DblMul.o [7]
  .rodata            const     0x800'2f56     0x2  xlocale_c.o [5]
  .text              ro code   0x800'2f58   0x246  DblDiv.o [7]
  .rodata            const     0x800'319e     0x1  xlocale_c.o [5]
  .text              ro code   0x800'31a0    0x80  arm_max_no_idx_f32.o [6]
  .text              ro code   0x800'3220   0x25e  DblAddSub.o [7]
  .text              ro code   0x800'3480     0xc  stm32g4xx_hal.o [4]
  .text              ro code   0x800'348c    0x34  DblCmpGe.o [7]
  .text              ro code   0x800'34c0    0x1c  U32ToDbl.o [7]
  .text              ro code   0x800'34dc    0x36  DblToS32.o [7]
  .text              ro code   0x800'3512     0x8  abs.o [5]
  .text              ro code   0x800'351c    0x28  stm32g4xx_hal.o [4]
  .text              ro code   0x800'3544     0x2  stm32g4xx_hal_fdcan.o [4]
  .text              ro code   0x800'3546     0x2  stm32g4xx_hal_fdcan.o [4]
  .text              ro code   0x800'3548     0x2  stm32g4xx_hal_fdcan.o [4]
  .text              ro code   0x800'354a     0x2  stm32g4xx_hal_fdcan.o [4]
  .text              ro code   0x800'354c     0x2  stm32g4xx_hal_fdcan.o [4]
  .text              ro code   0x800'354e     0x2  stm32g4xx_hal_fdcan.o [4]
  .text              ro code   0x800'3550     0x2  stm32g4xx_hal_fdcan.o [4]
  .text              ro code   0x800'3552     0x2  stm32g4xx_hal_fdcan.o [4]
  .text              ro code   0x800'3554     0x2  stm32g4xx_hal_fdcan.o [4]
  .text              ro code   0x800'3558    0x38  stm32g4xx_hal.o [4]
  .text              ro code   0x800'3590    0xa0  gpio.o [2]
  .text              ro code   0x800'3630    0x70  dma.o [2]
  .text              ro code   0x800'36a0   0x1b4  i2c.o [2]
  .text              ro code   0x800'3854   0x19c  usart.o [2]
  .text              ro code   0x800'39f0    0xf0  stm32g4xx_hal_pwr_ex.o [4]
  .text              ro code   0x800'3ae0   0x6bc  stm32g4xx_hal_rcc.o [4]
  .text              ro code   0x800'419c   0xc10  stm32g4xx_hal_uart.o [4]
  .text              ro code   0x800'4dac   0x274  strto32.o [7]
  .text              ro code   0x800'5020    0x48  FltToDbl.o [7]
  .text              ro code   0x800'5068   0x14c  iar_Stoulx.o [5]
  .text              ro code   0x800'51b4    0x68  DblToFlt.o [7]
  .text              ro code   0x800'521c    0x90  arm_cos_f32.o [6]
  .text              ro code   0x800'52ac    0x40  sprintf.o [5]
  .text              ro code   0x800'52ec    0x36  strlen.o [8]
  .text              ro code   0x800'5324   0x120  serial.o [2]
  .text              ro code   0x800'5444  0x10ec  stm32g4xx_hal_i2c.o [4]
  .text              ro code   0x800'6530    0x50  stm32g4xx_hal.o [4]
  .text              ro code   0x800'6580    0x64  stm32g4xx_hal_msp.o [2]
  .text              ro code   0x800'65e4    0xa4  stm32g4xx_hal_i2c_ex.o [4]
  .text              ro code   0x800'6688   0x3b4  stm32g4xx_hal_dma.o [4]
  .text              ro code   0x800'6a3c   0x120  stm32g4xx_hal_uart_ex.o [4]
  .text              ro code   0x800'6b5c     0x2  stm32g4xx_hal_rcc.o [4]
  .text              ro code   0x800'6b5e     0x2  stm32g4xx_hal_uart.o [4]
  .text              ro code   0x800'6b60     0x2  stm32g4xx_hal_uart.o [4]
  .text              ro code   0x800'6b62     0x2  stm32g4xx_hal_uart_ex.o [4]
  .text              ro code   0x800'6b64     0x2  stm32g4xx_hal_uart_ex.o [4]
  .text              ro code   0x800'6b66     0x2  stm32g4xx_hal_uart_ex.o [4]
  .text              ro code   0x800'6b68   0x230  I64DivMod.o [8]
  .text              ro code   0x800'6d98     0x2  stm32g4xx_hal_uart.o [4]
  .text              ro code   0x800'6d9a     0x2  stm32g4xx_hal_uart.o [4]
  .text              ro code   0x800'6d9c     0x2  stm32g4xx_hal_uart.o [4]
  .text              ro code   0x800'6d9e     0x2  stm32g4xx_hal_uart.o [4]
  .text              ro code   0x800'6da0    0x48  frexpf.o [7]
  .text              ro code   0x800'6de8    0xc4  ldexpf.o [7]
  .text              ro code   0x800'6eac   0x122  iar_Stopfx.o [5]
  .text              ro code   0x800'6fd0   0x1b8  iar_Stoflt.o [5]
  .text              ro code   0x800'7188   0x208  iar_Stoxflt.o [5]
  .text              ro code   0x800'7390    0x14  isspace.o [5]
  .text              ro code   0x800'73a4    0x14  tolower.o [5]
  .text              ro code   0x800'73b8    0x58  memchr.o [8]
  .text              ro code   0x800'7410   0xf2e  xprintffull_nomb.o [5]
  .text              ro code   0x800'8340    0x4c  strtok.o [5]
  .text              ro code   0x800'838c    0x66  ABImemset.o [8]
  .text              ro code   0x800'83f2     0x2  stm32g4xx_hal_i2c.o [4]
  .text              ro code   0x800'83f4     0x2  stm32g4xx_hal_i2c.o [4]
  .text              ro code   0x800'83f6     0x2  stm32g4xx_hal_i2c.o [4]
  .text              ro code   0x800'83f8     0x2  stm32g4xx_hal_i2c.o [4]
  .text              ro code   0x800'83fa     0x2  stm32g4xx_hal_i2c.o [4]
  .text              ro code   0x800'83fc     0x2  stm32g4xx_hal_i2c.o [4]
  .text              ro code   0x800'83fe     0x2  stm32g4xx_hal_i2c.o [4]
  .text              ro code   0x800'8400     0x2  stm32g4xx_hal_i2c.o [4]
  .text              ro code   0x800'8402     0x2  stm32g4xx_hal_i2c.o [4]
  .text              ro code   0x800'8404     0x2  stm32g4xx_hal_i2c.o [4]
  .text              ro code   0x800'8408     0x2  I64DivZer.o [8]
  .text              ro code   0x800'840a    0x14  isalpha.o [5]
  .text              ro code   0x800'8420    0x4c  xlocale_c.o [5]
  .text              ro code   0x800'846c    0x16  strchr.o [8]
  .text              ro code   0x800'8484    0x40  xfail_s.o [5]
  .text              ro code   0x800'84c4    0xa6  ABImemcpy.o [8]
  .text              ro code   0x800'856c    0x70  frexp.o [7]
  .text              ro code   0x800'85dc    0x34  DblCmpLe.o [7]
  .text              ro code   0x800'8610   0x13a  ldexp.o [7]
  .text              ro code   0x800'874c    0x22  DblToU32.o [7]
  .text              ro code   0x800'876e    0x22  strspn.o [5]
  .text              ro code   0x800'8790    0x22  strcspn.o [5]
  .text              ro code   0x800'87b2     0x6  abort.o [5]
  .text              ro code   0x800'87b8    0x14  exit.o [9]
  .rodata            const     0x800'87cc   0x804  arm_common_tables.o [6]
  .text              ro code   0x800'8fd0    0xec  stm32g4xx_hal_flash.o [4]
  .text              ro code   0x800'90bc    0x8c  stm32g4xx_hal_flash_ex.o [4]
  .text              ro code   0x800'9148     0x2  stm32g4xx_hal_flash.o [4]
  .text              ro code   0x800'914a     0x2  stm32g4xx_hal_flash.o [4]
  .text              ro code   0x800'914c    0x8e  stm32g4xx_it.o [2]
  .text              ro code   0x800'91dc    0x10  stm32g4xx_hal.o [4]
  .text              ro code   0x800'91ec    0x78  lz77_init_single.o [8]
  .rodata            const     0x800'9264    0x50  iar_Stoulx.o [5]
  .text              ro code   0x800'92b4    0x38  zero_init3.o [8]
  .text              ro code   0x800'92ec    0x28  data_init.o [8]
  .text              ro code   0x800'9314    0x22  fpinit_M.o [7]
  .iar.init_table    const     0x800'9338    0x20  - Linker created -
  .text              ro code   0x800'9358    0x20  system_stm32g4xx.o [3]
  .text              ro code   0x800'9378    0x1e  cmain.o [8]
  .text              ro code   0x800'9396     0x4  low_level_init.o [5]
  .text              ro code   0x800'939a     0x4  exit.o [5]
  .text              ro code   0x800'93a0     0xa  cexit.o [8]
  .text              ro code   0x800'93ac    0x1c  cstartup_M.o [8]
  .text              ro code   0x800'93c8    0x10  startup_stm32g431xx.o [1]
  .rodata            const     0x800'93d8     0x8  system_stm32g4xx.o [3]
  .rodata            const     0x800'93e0     0x4  serial.o [2]
  .text              ro code   0x800'93e4     0x4  startup_stm32g431xx.o [1]
  .text              ro code   0x800'93e8     0x4  startup_stm32g431xx.o [1]
  .text              ro code   0x800'93ec     0x4  startup_stm32g431xx.o [1]
  .text              ro code   0x800'93f0     0x4  startup_stm32g431xx.o [1]
  .text              ro code   0x800'93f4     0x4  startup_stm32g431xx.o [1]
  .text              ro code   0x800'93f8     0x4  startup_stm32g431xx.o [1]
  .text              ro code   0x800'93fc     0x4  startup_stm32g431xx.o [1]
  .text              ro code   0x800'9400     0x4  startup_stm32g431xx.o [1]
  .text              ro code   0x800'9404     0x4  startup_stm32g431xx.o [1]
  .text              ro code   0x800'9408     0x4  startup_stm32g431xx.o [1]
  .text              ro code   0x800'940c     0x4  startup_stm32g431xx.o [1]
  .text              ro code   0x800'9410     0x4  startup_stm32g431xx.o [1]
  .text              ro code   0x800'9414     0x4  startup_stm32g431xx.o [1]
  .text              ro code   0x800'9418     0x4  startup_stm32g431xx.o [1]
  .text              ro code   0x800'941c     0x4  startup_stm32g431xx.o [1]
  .text              ro code   0x800'9420     0x4  startup_stm32g431xx.o [1]
  .text              ro code   0x800'9424     0x4  startup_stm32g431xx.o [1]
  .text              ro code   0x800'9428     0x4  startup_stm32g431xx.o [1]
  .text              ro code   0x800'942c     0x4  startup_stm32g431xx.o [1]
  .text              ro code   0x800'9430     0x4  startup_stm32g431xx.o [1]
  .text              ro code   0x800'9434     0x4  startup_stm32g431xx.o [1]
  .text              ro code   0x800'9438     0x4  startup_stm32g431xx.o [1]
  .text              ro code   0x800'943c     0x4  startup_stm32g431xx.o [1]
  .text              ro code   0x800'9440     0x4  startup_stm32g431xx.o [1]
  .text              ro code   0x800'9444     0x4  startup_stm32g431xx.o [1]
  .text              ro code   0x800'9448     0x4  startup_stm32g431xx.o [1]
  .text              ro code   0x800'944c     0x4  startup_stm32g431xx.o [1]
  .text              ro code   0x800'9450     0x4  startup_stm32g431xx.o [1]
  .text              ro code   0x800'9454     0x4  startup_stm32g431xx.o [1]
  .text              ro code   0x800'9458     0x4  startup_stm32g431xx.o [1]
  .text              ro code   0x800'945c     0x4  startup_stm32g431xx.o [1]
  .text              ro code   0x800'9460     0x4  startup_stm32g431xx.o [1]
  .text              ro code   0x800'9464     0x4  startup_stm32g431xx.o [1]
  .text              ro code   0x800'9468     0x4  startup_stm32g431xx.o [1]
  .text              ro code   0x800'946c     0x4  startup_stm32g431xx.o [1]
  .text              ro code   0x800'9470     0x4  startup_stm32g431xx.o [1]
  .text              ro code   0x800'9474     0x4  startup_stm32g431xx.o [1]
  .text              ro code   0x800'9478     0x4  startup_stm32g431xx.o [1]
  .text              ro code   0x800'947c     0x4  startup_stm32g431xx.o [1]
  .text              ro code   0x800'9480     0x4  startup_stm32g431xx.o [1]
  .text              ro code   0x800'9484     0x4  startup_stm32g431xx.o [1]
  .text              ro code   0x800'9488     0x4  startup_stm32g431xx.o [1]
  .text              ro code   0x800'948c     0x4  startup_stm32g431xx.o [1]
  .text              ro code   0x800'9490     0x4  startup_stm32g431xx.o [1]
  .text              ro code   0x800'9494     0x4  startup_stm32g431xx.o [1]
  .text              ro code   0x800'9498     0x4  startup_stm32g431xx.o [1]
  .text              ro code   0x800'949c     0x4  startup_stm32g431xx.o [1]
  .text              ro code   0x800'94a0     0x4  startup_stm32g431xx.o [1]
  .text              ro code   0x800'94a4     0x4  startup_stm32g431xx.o [1]
  .text              ro code   0x800'94a8     0x4  startup_stm32g431xx.o [1]
  .text              ro code   0x800'94ac     0x4  startup_stm32g431xx.o [1]
  .text              ro code   0x800'94b0     0x4  startup_stm32g431xx.o [1]
  .text              ro code   0x800'94b4     0x4  startup_stm32g431xx.o [1]
  .text              ro code   0x800'94b8     0x4  startup_stm32g431xx.o [1]
  .text              ro code   0x800'94bc     0x4  startup_stm32g431xx.o [1]
  .text              ro code   0x800'94c0     0x4  startup_stm32g431xx.o [1]
  .rodata            const     0x800'94c4     0x0  zero_init3.o [8]
  .rodata            const     0x800'94c4     0x0  lz77_init_single.o [8]
  Initializer bytes  const     0x800'94c4   0x13f  <for P2-1>
                             - 0x800'9603  0x942b

"P2", part 1 of 3:                          0x594
  P2-1                        0x2000'0000   0x594  <Init block>
    .data            inited   0x2000'0000   0x16c  fdcan.o [2]
    .data            inited   0x2000'0170    0x68  fdcan.o [2]
    .data            inited   0x2000'01d8    0x5c  main.o [2]
    .data            inited   0x2000'0238     0x8  main.o [2]
    .data            inited   0x2000'0240     0x8  main.o [2]
    .data            inited   0x2000'0248     0x8  main.o [2]
    .data            inited   0x2000'0250     0x8  main.o [2]
    .data            inited   0x2000'0258     0x8  main.o [2]
    .data            inited   0x2000'0260     0x8  main.o [2]
    .data            inited   0x2000'0268     0x8  main.o [2]
    .data            inited   0x2000'0270     0x8  main.o [2]
    .data            inited   0x2000'0278    0x20  main.o [2]
    .data            inited   0x2000'0298    0x20  main.o [2]
    .data            inited   0x2000'02b8    0x80  main.o [2]
    .data            inited   0x2000'0338    0x81  main.o [2]
    .data            inited   0x2000'03bc    0x10  fdcan.o [2]
    .data            inited   0x2000'03cc     0x8  fdcan.o [2]
    .data            inited   0x2000'03d4    0x60  i2c.o [2]
    .data            inited   0x2000'0434    0xb0  serial.o [2]
    .data            inited   0x2000'04e4     0xc  stm32g4xx_hal.o [4]
    .data            inited   0x2000'04f0    0x20  stm32g4xx_hal_flash.o [4]
    .data            inited   0x2000'0510     0x4  system_stm32g4xx.o [3]
    .data            inited   0x2000'0514    0x38  xlocale_c.o [5]
    .data            inited   0x2000'054c    0x48  xlocale_c.o [5]
                            - 0x2000'0594   0x594

"P2", part 2 of 3:                          0x408
  .bss               zero     0x2000'0594   0x100  usart.o [2]
  .bss               zero     0x2000'0694    0xc0  i2c.o [2]
  .bss               zero     0x2000'0754    0xc0  usart.o [2]
  .bss               zero     0x2000'0814    0x90  usart.o [2]
  .bss               zero     0x2000'08a4    0x80  usart.o [2]
  .bss               zero     0x2000'0924    0x64  fdcan.o [2]
  .bss               zero     0x2000'0988     0x8  main.o [2]
  .bss               zero     0x2000'0990     0x4  strtok.o [5]
  .bss               zero     0x2000'0994     0x4  xfail_s.o [5]
  .bss               zero     0x2000'0998     0x1  main.o [2]
                            - 0x2000'0999   0x405

"P2", part 3 of 3:                          0x400
  CSTACK                      0x2000'09a0   0x400  <Block>
    CSTACK           uninit   0x2000'09a0   0x400  <Block tail>
                            - 0x2000'0da0   0x400

Unused ranges:

         From           To      Size
         ----           --      ----
   0x800'9603   0x801'ffff  0x1'69fd
  0x2000'099c  0x2000'099f       0x4
  0x2000'0da0  0x2000'7fff    0x7260


*******************************************************************************
*** INIT TABLE
***

          Address      Size
          -------      ----
Zero (__iar_zero_init3)
    1 destination range, total size 0x405:
          0x2000'0594  0x405

Copy/lz77 (__iar_lz77_init_single3)
    1 source range, total size 0x13f (22% of destination):
           0x800'94c4  0x13f
    1 destination range, total size 0x594:
          0x2000'0000  0x594



*******************************************************************************
*** MODULE SUMMARY
***

    Module                    ro code  ro data  rw data
    ------                    -------  -------  -------
command line/config:
    ---------------------------------------------------
    Total:

C:\Users\jaesung\MRAS\GitHub\STM32\Projects\Exoskeleton\STM32G431KB_CAN\EWARM\STM32G431KB_CAN\Obj\Application\EWARM: [1]
    startup_stm32g431xx.o         712
    ---------------------------------------------------
    Total:                        712

C:\Users\jaesung\MRAS\GitHub\STM32\Projects\Exoskeleton\STM32G431KB_CAN\EWARM\STM32G431KB_CAN\Obj\Application\User\Core: [2]
    dma.o                         112
    fdcan.o                     5'568      111      592
    gpio.o                        160
    i2c.o                         436       22      288
    main.o                      2'396      107      486
    serial.o                      288       43      176
    stm32g4xx_hal_msp.o           100
    stm32g4xx_it.o                142
    usart.o                       412               720
    ---------------------------------------------------
    Total:                      9'614      283    2'262

C:\Users\jaesung\MRAS\GitHub\STM32\Projects\Exoskeleton\STM32G431KB_CAN\EWARM\STM32G431KB_CAN\Obj\Drivers\CMSIS: [3]
    system_stm32g4xx.o             32        9        4
    ---------------------------------------------------
    Total:                         32        9        4

C:\Users\jaesung\MRAS\GitHub\STM32\Projects\Exoskeleton\STM32G431KB_CAN\EWARM\STM32G431KB_CAN\Obj\Drivers\STM32G4xx_HAL_Driver: [4]
    stm32g4xx_hal.o               204        3       12
    stm32g4xx_hal_cortex.o        248
    stm32g4xx_hal_dma.o           948
    stm32g4xx_hal_fdcan.o       1'830
    stm32g4xx_hal_flash.o         240        7       32
    stm32g4xx_hal_flash_ex.o      140
    stm32g4xx_hal_gpio.o          476
    stm32g4xx_hal_i2c.o         4'352
    stm32g4xx_hal_i2c_ex.o        164
    stm32g4xx_hal_pwr_ex.o        240
    stm32g4xx_hal_rcc.o         1'726
    stm32g4xx_hal_rcc_ex.o        616
    stm32g4xx_hal_uart.o        3'100
    stm32g4xx_hal_uart_ex.o       294
    ---------------------------------------------------
    Total:                     14'578       10       44

dl7M_tlf.a: [5]
    abort.o                         6
    abs.o                           8
    exit.o                          4
    iar_Stoflt.o                  440
    iar_Stopfx.o                  290
    iar_Stoulx.o                  332       80
    iar_Stoxflt.o                 520
    isalpha.o                      20
    isspace.o                      20
    low_level_init.o                4
    sprintf.o                      64
    strcspn.o                      34
    strspn.o                       34
    strtok.o                       76                 4
    tolower.o                      20
    xfail_s.o                      64                 4
    xlocale_c.o                    76       34      128
    xprintffull_nomb.o          3'886
    xsprout.o                      10
    ---------------------------------------------------
    Total:                      5'908      114      136

iar_cortexM4lf_math.a: [6]
    arm_common_tables.o                  2'052
    arm_cos_f32.o                 144
    arm_max_no_idx_f32.o          128
    ---------------------------------------------------
    Total:                        272    2'052

m7M_tls.a: [7]
    DblAddSub.o                   606
    DblCmpGe.o                     52
    DblCmpLe.o                     52
    DblDiv.o                      582
    DblMul.o                      426
    DblToFlt.o                    104
    DblToS32.o                     54
    DblToU32.o                     34
    FltToDbl.o                     72
    S32ToDbl.o                     34
    U32ToDbl.o                     28
    fpinit_M.o                     34
    frexp.o                       112
    frexpf.o                       72
    ldexp.o                       314
    ldexpf.o                      196
    strto32.o                     628
    ---------------------------------------------------
    Total:                      3'400

rt7M_tl.a: [8]
    ABImemcpy.o                   166
    ABImemset.o                   102
    ABImemset48.o                  58
    I64DivMod.o                   560
    I64DivZer.o                     2
    cexit.o                        10
    cmain.o                        30
    cstartup_M.o                   28
    data_init.o                    40
    lz77_init_single.o            120
    memchr.o                       88
    strchr.o                       22
    strlen.o                       54
    zero_init3.o                   56
    ---------------------------------------------------
    Total:                      1'336

shb_l.a: [9]
    exit.o                         20
    ---------------------------------------------------
    Total:                         20

    Gaps                           29        2       11
    Linker created                          32    1'024
-------------------------------------------------------
    Grand Total:               35'901    2'502    3'481


*******************************************************************************
*** ENTRY LIST
***

Entry                       Address   Size  Type      Object
-----                       -------   ----  ----      ------
.iar.init_table$$Base    0x800'9338          --   Gb  - Linker created -
.iar.init_table$$Limit   0x800'9358          --   Gb  - Linker created -
?main                    0x800'9379         Code  Gb  cmain.o [8]
AHBPrescTable            0x800'9368   0x10  Data  Gb  system_stm32g4xx.o [3]
ANGLE_FLAG              0x2000'01df    0x1  Data  Gb  main.o [2]
APBPrescTable            0x800'93d8    0x8  Data  Gb  system_stm32g4xx.o [3]
BusFault_Handler         0x800'9159    0x2  Code  Gb  stm32g4xx_it.o [2]
CAN_cnt                 0x2000'022c    0x4  Data  Gb  main.o [2]
CLEAR_ERROR_FLAG        0x2000'01e0    0x1  Data  Gb  main.o [2]
CSTACK$$Base            0x2000'09a0          --   Gb  - Linker created -
CSTACK$$Limit           0x2000'0da0          --   Gb  - Linker created -
Check_status             0x800'1679   0x8e  Code  Gb  fdcan.o [2]
Clear_Device_Errors      0x800'081d   0x12  Code  Gb  fdcan.o [2]
DLCtoBytes               0x800'1e9c   0x10  Data  Lc  stm32g4xx_hal_fdcan.o [4]
DMA1_Channel1_IRQHandler
                         0x800'9177    0x6  Code  Gb  stm32g4xx_it.o [2]
DMA1_Channel2_IRQHandler
                         0x800'917d    0x6  Code  Gb  stm32g4xx_it.o [2]
DMA1_Channel3_IRQHandler
                         0x800'9183    0x6  Code  Gb  stm32g4xx_it.o [2]
DMA1_Channel4_IRQHandler
                         0x800'9189    0x6  Code  Gb  stm32g4xx_it.o [2]
DMA_CalcDMAMUXChannelBaseAndMask
                         0x800'69c9   0x34  Code  Lc  stm32g4xx_hal_dma.o [4]
DMA_CalcDMAMUXRequestGenBaseAndMask
                         0x800'69fd   0x1c  Code  Lc  stm32g4xx_hal_dma.o [4]
DMA_SetConfig            0x800'6987   0x42  Code  Lc  stm32g4xx_hal_dma.o [4]
DS_FLAG                 0x2000'01dc    0x1  Data  Gb  main.o [2]
DS_TRANS                 0x800'03df   0x6a  Code  Gb  fdcan.o [2]
DS_state                0x2000'01eb    0x1  Data  Gb  main.o [2]
DebugMon_Handler         0x800'915f    0x2  Code  Gb  stm32g4xx_it.o [2]
Dtentox                  0x800'4dad  0x14a  Code  Lc  strto32.o [7]
ERROR_FLAG              0x2000'01e5    0x1  Data  Gb  main.o [2]
EXTI15_10_IRQHandler     0x800'91d1    0x8  Code  Gb  stm32g4xx_it.o [2]
EXTI9_5_IRQHandler       0x800'919b    0x8  Code  Gb  stm32g4xx_it.o [2]
Error_Handler            0x800'2797   0x28  Code  Gb  main.o [2]
FA_limit_angle          0x2000'01a0   0x10  Data  Gb  fdcan.o [2]
FDCAN1_IT0_IRQHandler    0x800'918f    0x6  Code  Gb  stm32g4xx_it.o [2]
FDCAN1_IT1_IRQHandler    0x800'9195    0x6  Code  Gb  stm32g4xx_it.o [2]
FDCAN_CalcultateRamBlockAddresses
                         0x800'1db9   0x54  Code  Lc  stm32g4xx_hal_fdcan.o [4]
FDCAN_CopyMessageToRAM   0x800'1e2d   0x70  Code  Lc  stm32g4xx_hal_fdcan.o [4]
FLASH_FlushCaches        0x800'90e3   0x58  Code  Gb  stm32g4xx_hal_flash_ex.o [4]
FLASH_IRQHandler         0x800'9171    0x4  Code  Gb  stm32g4xx_it.o [2]
FLASH_PageErase          0x800'90bd   0x26  Code  Gb  stm32g4xx_hal_flash_ex.o [4]
FPU_IRQHandler           0x800'91d9    0x2  Code  Gb  stm32g4xx_it.o [2]
GET_Angle                0x800'0779   0x70  Code  Gb  fdcan.o [2]
GET_SDO                  0x800'068f   0x26  Code  Gb  fdcan.o [2]
GET_SDO_FLAG            0x2000'01e1    0x1  Data  Gb  main.o [2]
HAL_DMA_Abort            0x800'67d7   0x6c  Code  Gb  stm32g4xx_hal_dma.o [4]
HAL_DMA_Abort_IT         0x800'6843   0x7a  Code  Gb  stm32g4xx_hal_dma.o [4]
HAL_DMA_GetState         0x800'6981    0x6  Code  Gb  stm32g4xx_hal_dma.o [4]
HAL_DMA_IRQHandler       0x800'68bd   0xc4  Code  Gb  stm32g4xx_hal_dma.o [4]
HAL_DMA_Init             0x800'6689   0xc2  Code  Gb  stm32g4xx_hal_dma.o [4]
HAL_DMA_Start_IT         0x800'674b   0x8c  Code  Gb  stm32g4xx_hal_dma.o [4]
HAL_Delay                0x800'351d   0x28  Code  Gb  stm32g4xx_hal.o [4]
HAL_FDCAN_ActivateNotification
                         0x800'1b3f   0xec  Code  Gb  stm32g4xx_hal_fdcan.o [4]
HAL_FDCAN_AddMessageToTxFifoQ
                         0x800'19d3   0x52  Code  Gb  stm32g4xx_hal_fdcan.o [4]
HAL_FDCAN_ConfigFilter   0x800'1951   0x58  Code  Gb  stm32g4xx_hal_fdcan.o [4]
HAL_FDCAN_ErrorCallback
                         0x800'3555    0x2  Code  Gb  stm32g4xx_hal_fdcan.o [4]
HAL_FDCAN_ErrorStatusCallback
                         0x800'3553    0x2  Code  Gb  stm32g4xx_hal_fdcan.o [4]
HAL_FDCAN_GetRxFifoFillLevel
                         0x800'1b1b   0x18  Code  Gb  stm32g4xx_hal_fdcan.o [4]
HAL_FDCAN_GetRxMessage   0x800'1a25   0xf6  Code  Gb  stm32g4xx_hal_fdcan.o [4]
HAL_FDCAN_GetTxFifoFreeLevel
                         0x800'1b33    0xc  Code  Gb  stm32g4xx_hal_fdcan.o [4]
HAL_FDCAN_HighPriorityMessageCallback
                         0x800'3545    0x2  Code  Gb  stm32g4xx_hal_fdcan.o [4]
HAL_FDCAN_IRQHandler     0x800'1c2b  0x18e  Code  Gb  stm32g4xx_hal_fdcan.o [4]
HAL_FDCAN_Init           0x800'1799  0x1b0  Code  Gb  stm32g4xx_hal_fdcan.o [4]
HAL_FDCAN_MspInit        0x800'0255   0xaa  Code  Gb  fdcan.o [2]
HAL_FDCAN_RxFifo0Callback
                         0x800'2415   0xb6  Code  Gb  main.o [2]
HAL_FDCAN_RxFifo1Callback
                         0x800'354b    0x2  Code  Gb  stm32g4xx_hal_fdcan.o [4]
HAL_FDCAN_Start          0x800'19a9   0x2a  Code  Gb  stm32g4xx_hal_fdcan.o [4]
HAL_FDCAN_TimeoutOccurredCallback
                         0x800'3551    0x2  Code  Gb  stm32g4xx_hal_fdcan.o [4]
HAL_FDCAN_TimestampWraparoundCallback
                         0x800'354f    0x2  Code  Gb  stm32g4xx_hal_fdcan.o [4]
HAL_FDCAN_TxBufferAbortCallback
                         0x800'3547    0x2  Code  Gb  stm32g4xx_hal_fdcan.o [4]
HAL_FDCAN_TxBufferCompleteCallback
                         0x800'354d    0x2  Code  Gb  stm32g4xx_hal_fdcan.o [4]
HAL_FDCAN_TxEventFifoCallback
                         0x800'3549    0x2  Code  Gb  stm32g4xx_hal_fdcan.o [4]
HAL_FDCAN_TxFifoEmptyCallback
                         0x800'2409    0xc  Code  Gb  main.o [2]
HAL_FLASH_EndOfOperationCallback
                         0x800'914b    0x2  Code  Gb  stm32g4xx_hal_flash.o [4]
HAL_FLASH_IRQHandler     0x800'8fd1   0xe2  Code  Gb  stm32g4xx_hal_flash.o [4]
HAL_FLASH_OperationErrorCallback
                         0x800'9149    0x2  Code  Gb  stm32g4xx_hal_flash.o [4]
HAL_GPIO_EXTI_Callback   0x800'24cd   0xaa  Code  Gb  main.o [2]
HAL_GPIO_EXTI_IRQHandler
                         0x800'2c59   0x12  Code  Gb  stm32g4xx_hal_gpio.o [4]
HAL_GPIO_Init            0x800'2ab5  0x194  Code  Gb  stm32g4xx_hal_gpio.o [4]
HAL_GPIO_ReadPin         0x800'2c49   0x10  Code  Gb  stm32g4xx_hal_gpio.o [4]
HAL_GetTick              0x800'3481    0xc  Code  Gb  stm32g4xx_hal.o [4]
HAL_I2CEx_ConfigAnalogFilter
                         0x800'65e5   0x54  Code  Gb  stm32g4xx_hal_i2c_ex.o [4]
HAL_I2CEx_ConfigDigitalFilter
                         0x800'6639   0x50  Code  Gb  stm32g4xx_hal_i2c_ex.o [4]
HAL_I2C_AbortCpltCallback
                         0x800'8403    0x2  Code  Gb  stm32g4xx_hal_i2c.o [4]
HAL_I2C_AddrCallback     0x800'83f3    0x2  Code  Gb  stm32g4xx_hal_i2c.o [4]
HAL_I2C_ER_IRQHandler    0x800'578d   0x62  Code  Gb  stm32g4xx_hal_i2c.o [4]
HAL_I2C_EV_IRQHandler    0x800'577d   0x10  Code  Gb  stm32g4xx_hal_i2c.o [4]
HAL_I2C_ErrorCallback    0x800'8405    0x2  Code  Gb  stm32g4xx_hal_i2c.o [4]
HAL_I2C_GetError         0x800'57f5    0x4  Code  Gb  stm32g4xx_hal_i2c.o [4]
HAL_I2C_GetState         0x800'57ef    0x6  Code  Gb  stm32g4xx_hal_i2c.o [4]
HAL_I2C_Init             0x800'5445   0xb2  Code  Gb  stm32g4xx_hal_i2c.o [4]
HAL_I2C_ListenCpltCallback
                         0x800'8401    0x2  Code  Gb  stm32g4xx_hal_i2c.o [4]
HAL_I2C_MasterRxCpltCallback
                         0x800'83f7    0x2  Code  Gb  stm32g4xx_hal_i2c.o [4]
HAL_I2C_MasterTxCpltCallback
                         0x800'83f5    0x2  Code  Gb  stm32g4xx_hal_i2c.o [4]
HAL_I2C_MemRxCpltCallback
                         0x800'83ff    0x2  Code  Gb  stm32g4xx_hal_i2c.o [4]
HAL_I2C_MemTxCpltCallback
                         0x800'83fd    0x2  Code  Gb  stm32g4xx_hal_i2c.o [4]
HAL_I2C_Mem_Read_DMA     0x800'562d  0x136  Code  Gb  stm32g4xx_hal_i2c.o [4]
HAL_I2C_Mem_Write_DMA    0x800'54f7  0x132  Code  Gb  stm32g4xx_hal_i2c.o [4]
HAL_I2C_MspInit          0x800'36f5  0x142  Code  Gb  i2c.o [2]
HAL_I2C_SlaveRxCpltCallback
                         0x800'83fb    0x2  Code  Gb  stm32g4xx_hal_i2c.o [4]
HAL_I2C_SlaveTxCpltCallback
                         0x800'83f9    0x2  Code  Gb  stm32g4xx_hal_i2c.o [4]
HAL_IncTick              0x800'91dd   0x10  Code  Gb  stm32g4xx_hal.o [4]
HAL_Init                 0x800'3559   0x32  Code  Gb  stm32g4xx_hal.o [4]
HAL_InitTick             0x800'6531   0x50  Code  Gb  stm32g4xx_hal.o [4]
HAL_MspInit              0x800'6581   0x64  Code  Gb  stm32g4xx_hal_msp.o [2]
HAL_NVIC_EnableIRQ       0x800'2d69    0x2  Code  Gb  stm32g4xx_hal_cortex.o [4]
HAL_NVIC_SetPriority     0x800'2d4b   0x1e  Code  Gb  stm32g4xx_hal_cortex.o [4]
HAL_NVIC_SetPriorityGrouping
                         0x800'2d49    0x2  Code  Gb  stm32g4xx_hal_cortex.o [4]
HAL_PWREx_ControlVoltageScaling
                         0x800'39f1   0xd0  Code  Gb  stm32g4xx_hal_pwr_ex.o [4]
HAL_PWREx_DisableUCPDDeadBattery
                         0x800'3ac1    0xc  Code  Gb  stm32g4xx_hal_pwr_ex.o [4]
HAL_RCCEx_PeriphCLKConfig
                         0x800'284d  0x25c  Code  Gb  stm32g4xx_hal_rcc_ex.o [4]
HAL_RCC_CSSCallback      0x800'6b5d    0x2  Code  Gb  stm32g4xx_hal_rcc.o [4]
HAL_RCC_ClockConfig      0x800'3eb9  0x196  Code  Gb  stm32g4xx_hal_rcc.o [4]
HAL_RCC_EnableCSS        0x800'40f5    0xc  Code  Gb  stm32g4xx_hal_rcc.o [4]
HAL_RCC_GetHCLKFreq      0x800'40bb    0x6  Code  Gb  stm32g4xx_hal_rcc.o [4]
HAL_RCC_GetPCLK1Freq     0x800'40c1   0x1a  Code  Gb  stm32g4xx_hal_rcc.o [4]
HAL_RCC_GetPCLK2Freq     0x800'40db   0x1a  Code  Gb  stm32g4xx_hal_rcc.o [4]
HAL_RCC_GetSysClockFreq
                         0x800'404f   0x6c  Code  Gb  stm32g4xx_hal_rcc.o [4]
HAL_RCC_NMI_IRQHandler   0x800'4101   0x16  Code  Gb  stm32g4xx_hal_rcc.o [4]
HAL_RCC_OscConfig        0x800'3ae1  0x3d8  Code  Gb  stm32g4xx_hal_rcc.o [4]
HAL_SYSTICK_Callback     0x800'24cb    0x2  Code  Gb  main.o [2]
HAL_SYSTICK_Config       0x800'2d6b    0x2  Code  Gb  stm32g4xx_hal_cortex.o [4]
HAL_SYSTICK_IRQHandler   0x800'2d6d    0x4  Code  Gb  stm32g4xx_hal_cortex.o [4]
HAL_UARTEx_DisableFifoMode
                         0x800'6a3d   0x3c  Code  Gb  stm32g4xx_hal_uart_ex.o [4]
HAL_UARTEx_RxEventCallback
                         0x800'6b61    0x2  Code  Gb  stm32g4xx_hal_uart.o [4]
HAL_UARTEx_RxFifoFullCallback
                         0x800'6b67    0x2  Code  Gb  stm32g4xx_hal_uart_ex.o [4]
HAL_UARTEx_SetRxFifoThreshold
                         0x800'6abf   0x46  Code  Gb  stm32g4xx_hal_uart_ex.o [4]
HAL_UARTEx_SetTxFifoThreshold
                         0x800'6a79   0x46  Code  Gb  stm32g4xx_hal_uart_ex.o [4]
HAL_UARTEx_TxFifoEmptyCallback
                         0x800'6b65    0x2  Code  Gb  stm32g4xx_hal_uart_ex.o [4]
HAL_UARTEx_WakeupCallback
                         0x800'6b63    0x2  Code  Gb  stm32g4xx_hal_uart_ex.o [4]
HAL_UART_ErrorCallback   0x800'6b5f    0x2  Code  Gb  stm32g4xx_hal_uart.o [4]
HAL_UART_IRQHandler      0x800'4309  0x2e8  Code  Gb  stm32g4xx_hal_uart.o [4]
HAL_UART_Init            0x800'419d   0x6a  Code  Gb  stm32g4xx_hal_uart.o [4]
HAL_UART_MspInit         0x800'38bd  0x11e  Code  Gb  usart.o [2]
HAL_UART_Receive_DMA     0x800'42af   0x5a  Code  Gb  stm32g4xx_hal_uart.o [4]
HAL_UART_RxCpltCallback
                         0x800'6d9d    0x2  Code  Gb  stm32g4xx_hal_uart.o [4]
HAL_UART_RxHalfCpltCallback
                         0x800'6d9f    0x2  Code  Gb  stm32g4xx_hal_uart.o [4]
HAL_UART_Transmit_DMA    0x800'4207   0xa8  Code  Gb  stm32g4xx_hal_uart.o [4]
HAL_UART_TxCpltCallback
                         0x800'6d99    0x2  Code  Gb  stm32g4xx_hal_uart.o [4]
HAL_UART_TxHalfCpltCallback
                         0x800'6d9b    0x2  Code  Gb  stm32g4xx_hal_uart.o [4]
HardFault_Handler        0x800'9155    0x2  Code  Gb  stm32g4xx_it.o [2]
I2C1_ER_IRQHandler       0x800'91a9    0x6  Code  Gb  stm32g4xx_it.o [2]
I2C1_EV_IRQHandler       0x800'91a3    0x6  Code  Gb  stm32g4xx_it.o [2]
I2C_DMAAbort             0x800'6269   0x18  Code  Lc  stm32g4xx_hal_i2c.o [4]
I2C_DMAError             0x800'6259   0x10  Code  Lc  stm32g4xx_hal_i2c.o [4]
I2C_DMAMasterReceiveCplt
                         0x800'61f5   0x60  Code  Lc  stm32g4xx_hal_i2c.o [4]
I2C_DMAMasterTransmitCplt
                         0x800'6195   0x60  Code  Lc  stm32g4xx_hal_i2c.o [4]
I2C_DMA_COMM             0x800'2577  0x220  Code  Gb  main.o [2]
I2C_DMA_COMM::coef1     0x2000'03a8    0x8  Data  Lc  main.o [2]
I2C_DMA_COMM::coef2     0x2000'03b0    0x8  Data  Lc  main.o [2]
I2C_Disable_IRQ          0x800'64d5   0x5c  Code  Lc  stm32g4xx_hal_i2c.o [4]
I2C_Enable_IRQ           0x800'645d   0x60  Code  Lc  stm32g4xx_hal_i2c.o [4]
I2C_FLAG                0x2000'01e3    0x1  Data  Gb  main.o [2]
I2C_Flush_TXDR           0x800'6177   0x1e  Code  Lc  stm32g4xx_hal_i2c.o [4]
I2C_ITAddrCplt           0x800'5c49   0xb4  Code  Lc  stm32g4xx_hal_i2c.o [4]
I2C_ITError              0x800'6065   0xf0  Code  Lc  stm32g4xx_hal_i2c.o [4]
I2C_ITListenCplt         0x800'6003   0x62  Code  Lc  stm32g4xx_hal_i2c.o [4]
I2C_ITMasterCplt         0x800'5dcb   0xf8  Code  Lc  stm32g4xx_hal_i2c.o [4]
I2C_ITMasterSeqCplt      0x800'5cfd   0x56  Code  Lc  stm32g4xx_hal_i2c.o [4]
I2C_ITSlaveCplt          0x800'5ec3  0x140  Code  Lc  stm32g4xx_hal_i2c.o [4]
I2C_ITSlaveSeqCplt       0x800'5d53   0x78  Code  Lc  stm32g4xx_hal_i2c.o [4]
I2C_IsErrorOccurred      0x800'6331  0x104  Code  Lc  stm32g4xx_hal_i2c.o [4]
I2C_Master_ISR_DMA       0x800'5935  0x11c  Code  Lc  stm32g4xx_hal_i2c.o [4]
I2C_RequestMemoryRead    0x800'5bd5   0x72  Code  Lc  stm32g4xx_hal_i2c.o [4]
I2C_RequestMemoryWrite   0x800'5b5f   0x74  Code  Lc  stm32g4xx_hal_i2c.o [4]
I2C_Slave_ISR_DMA        0x800'5a51  0x10e  Code  Lc  stm32g4xx_hal_i2c.o [4]
I2C_Slave_ISR_IT         0x800'57fd  0x138  Code  Lc  stm32g4xx_hal_i2c.o [4]
I2C_TRQ_FLAG            0x2000'01e4    0x1  Data  Gb  main.o [2]
I2C_TransferConfig       0x800'6435   0x28  Code  Lc  stm32g4xx_hal_i2c.o [4]
I2C_TreatErrorCallback   0x800'6155   0x22  Code  Lc  stm32g4xx_hal_i2c.o [4]
I2C_WaitOnFlagUntilTimeout
                         0x800'6281   0x5c  Code  Lc  stm32g4xx_hal_i2c.o [4]
I2C_WaitOnTXISFlagUntilTimeout
                         0x800'62dd   0x54  Code  Lc  stm32g4xx_hal_i2c.o [4]
INIT_CAN                 0x800'158d   0xbe  Code  Gb  fdcan.o [2]
MX_DMA_Init              0x800'3631   0x70  Code  Gb  dma.o [2]
MX_FDCAN1_Init           0x800'01d9   0x7c  Code  Gb  fdcan.o [2]
MX_GPIO_Init             0x800'3591   0xa0  Code  Gb  gpio.o [2]
MX_I2C1_Init             0x800'36a1   0x54  Code  Gb  i2c.o [2]
MX_USART2_UART_Init      0x800'3855   0x68  Code  Gb  usart.o [2]
MemManage_Handler        0x800'9157    0x2  Code  Gb  stm32g4xx_it.o [2]
NMI_Handler              0x800'914d    0x8  Code  Gb  stm32g4xx_it.o [2]
NMT_FLAG                0x2000'01db    0x1  Data  Gb  main.o [2]
NMT_TRANS                0x800'03b5   0x2a  Code  Gb  fdcan.o [2]
NMT_state               0x2000'01ea    0x1  Data  Gb  main.o [2]
NVIC_EncodePriority      0x800'2ce5   0x36  Code  Lc  stm32g4xx_hal_cortex.o [4]
POS_Calc                 0x800'1485   0xee  Code  Gb  fdcan.o [2]
Parsing_PDO              0x800'052d   0x74  Code  Gb  fdcan.o [2]
Parsing_SDO              0x800'0449   0xe4  Code  Gb  fdcan.o [2]
PendSV_Handler           0x800'9161    0x2  Code  Gb  stm32g4xx_it.o [2]
QS_flag                 0x2000'01da    0x1  Data  Gb  main.o [2]
RCC_GetSysClockFreqFromPLLSource
                         0x800'4117   0x42  Code  Lc  stm32g4xx_hal_rcc.o [4]
RCC_IRQHandler           0x800'9175    0x2  Code  Gb  stm32g4xx_it.o [2]
READ_STATUS              0x800'06b5   0xc4  Code  Gb  fdcan.o [2]
RECV_FLAG               0x2000'03bc    0x1  Data  Gb  fdcan.o [2]
Region$$Table$$Base      0x800'9338          --   Gb  - Linker created -
Region$$Table$$Limit     0x800'9358          --   Gb  - Linker created -
SEND_FRAME               0x800'05bf   0xd0  Code  Gb  fdcan.o [2]
SET_ANGLE_ZERO_FLAG     0x2000'01de    0x1  Data  Gb  main.o [2]
SET_PDO                  0x800'036f   0x46  Code  Gb  fdcan.o [2]
SET_SDO                  0x800'02ff   0x70  Code  Gb  fdcan.o [2]
SET_SDO_FLAG            0x2000'01e2    0x1  Data  Gb  main.o [2]
SET_ZERO_BTN            0x2000'01ef    0x1  Data  Gb  main.o [2]
STATUS_FLAG             0x2000'01dd    0x1  Data  Gb  main.o [2]
SVC_Handler              0x800'915d    0x2  Code  Gb  stm32g4xx_it.o [2]
SYNC_FRAME               0x800'05a1   0x1e  Code  Gb  fdcan.o [2]
SysTick_Config           0x800'2d1b   0x2e  Code  Lc  stm32g4xx_hal_cortex.o [4]
SysTick_Handler          0x800'9163    0xe  Code  Gb  stm32g4xx_it.o [2]
SystemClock_Config       0x800'1ed5   0x76  Code  Gb  main.o [2]
SystemCoreClock         0x2000'0510    0x4  Data  Gb  system_stm32g4xx.o [3]
SystemInit               0x800'9359    0xc  Code  Gb  system_stm32g4xx.o [3]
TRQ_Calc                 0x800'0831  0xc20  Code  Gb  fdcan.o [2]
TRQ_Calc::theta2        0x2000'01c0   0x10  Data  Lc  fdcan.o [2]
TRQ_Calc::trq_cnt_new   0x2000'0178    0x2  Data  Lc  fdcan.o [2]
TRQ_Calc::trq_cnt_old   0x2000'0176    0x2  Data  Lc  fdcan.o [2]
TRQ_ON_FLAG             0x2000'0172    0x1  Data  Gb  fdcan.o [2]
UARTEx_SetNbDataToProcess
                         0x800'6b05   0x46  Code  Lc  stm32g4xx_hal_uart_ex.o [4]
UARTEx_SetNbDataToProcess::denominator
                         0x800'6b54    0x8  Data  Lc  stm32g4xx_hal_uart_ex.o [4]
UARTEx_SetNbDataToProcess::numerator
                         0x800'6b4c    0x8  Data  Lc  stm32g4xx_hal_uart_ex.o [4]
UARTPrescTable           0x800'489c   0x18  Data  Gb  stm32g4xx_hal_uart.o [4]
UART_AdvFeatureConfig    0x800'48b5   0xc8  Code  Gb  stm32g4xx_hal_uart.o [4]
UART_CheckIdleState      0x800'497d   0x64  Code  Gb  stm32g4xx_hal_uart.o [4]
UART_DMAAbortOnError     0x800'4d71   0x10  Code  Lc  stm32g4xx_hal_uart.o [4]
UART_DMAError            0x800'4d21   0x50  Code  Lc  stm32g4xx_hal_uart.o [4]
UART_DMAReceiveCplt      0x800'4c75   0x92  Code  Lc  stm32g4xx_hal_uart.o [4]
UART_DMARxHalfCplt       0x800'4d09   0x18  Code  Lc  stm32g4xx_hal_uart.o [4]
UART_DMATransmitCplt     0x800'4c29   0x46  Code  Lc  stm32g4xx_hal_uart.o [4]
UART_DMATxHalfCplt       0x800'4c6f    0x6  Code  Lc  stm32g4xx_hal_uart.o [4]
UART_EndRxTransfer       0x800'4ba1   0x58  Code  Lc  stm32g4xx_hal_uart.o [4]
UART_EndTransmit_IT      0x800'4d81   0x22  Code  Lc  stm32g4xx_hal_uart.o [4]
UART_EndTxTransfer       0x800'4b6b   0x36  Code  Lc  stm32g4xx_hal_uart.o [4]
UART_FLAG               0x2000'01d9    0x1  Data  Gb  main.o [2]
UART_SetConfig           0x800'4601  0x296  Code  Gb  stm32g4xx_hal_uart.o [4]
UART_Start_Receive_DMA   0x800'4ab7   0xb4  Code  Gb  stm32g4xx_hal_uart.o [4]
UART_WaitOnFlagUntilTimeout
                         0x800'49e1   0xd6  Code  Gb  stm32g4xx_hal_uart.o [4]
UART_cnt                0x2000'0230    0x4  Data  Gb  main.o [2]
UA_limit_angle          0x2000'01b0   0x10  Data  Gb  fdcan.o [2]
USART2_IRQHandler        0x800'91af    0x6  Code  Gb  stm32g4xx_it.o [2]
UsageFault_Handler       0x800'915b    0x2  Code  Gb  stm32g4xx_it.o [2]
_LitobFullNoMb           0x800'8145  0x10c  Code  Lc  xprintffull_nomb.o [5]
_LocaleC_isalpha         0x800'8427    0xc  Code  Gb  xlocale_c.o [5]
_LocaleC_islower         0x800'8421    0x4  Code  Gb  xlocale_c.o [5]
_LocaleC_isspace         0x800'843d   0x14  Code  Gb  xlocale_c.o [5]
_LocaleC_isupper         0x800'8425    0x2  Code  Gb  xlocale_c.o [5]
_LocaleC_tolower         0x800'8451    0xc  Code  Gb  xlocale_c.o [5]
_Locale_lconv           0x2000'0514   0x38  Data  Lc  xlocale_c.o [5]
_PrintfFullNoMb          0x800'7411  0xd06  Code  Gb  xprintffull_nomb.o [5]
_PutcharFullNoMb         0x800'82a9   0x20  Code  Lc  xprintffull_nomb.o [5]
_PutcharsFullNoMb        0x800'82c9   0x2e  Code  Lc  xprintffull_nomb.o [5]
_SProut                  0x800'2843    0xa  Code  Gb  xsprout.o [5]
_Strtok_ssave           0x2000'0990    0x4  Data  Lc  strtok.o [5]
__NVIC_EnableIRQ         0x800'2cb5   0x16  Code  Lc  stm32g4xx_hal_cortex.o [4]
__NVIC_GetPriorityGrouping
                         0x800'2cab    0xa  Code  Lc  stm32g4xx_hal_cortex.o [4]
__NVIC_SetPriority       0x800'2ccb   0x1a  Code  Lc  stm32g4xx_hal_cortex.o [4]
__NVIC_SetPriorityGrouping
                         0x800'2c91   0x1a  Code  Lc  stm32g4xx_hal_cortex.o [4]
__aeabi_cdcmple          0x800'85dd         Code  Gb  DblCmpLe.o [7]
__aeabi_cdrcmple         0x800'348d         Code  Gb  DblCmpGe.o [7]
__aeabi_d2f              0x800'51b5         Code  Gb  DblToFlt.o [7]
__aeabi_d2iz             0x800'34dd         Code  Gb  DblToS32.o [7]
__aeabi_d2uiz            0x800'874d         Code  Gb  DblToU32.o [7]
__aeabi_dadd             0x800'3221         Code  Gb  DblAddSub.o [7]
__aeabi_ddiv             0x800'2f59         Code  Gb  DblDiv.o [7]
__aeabi_dmul             0x800'2dad         Code  Gb  DblMul.o [7]
__aeabi_dsub             0x800'339d         Code  Gb  DblAddSub.o [7]
__aeabi_f2d              0x800'5021         Code  Gb  FltToDbl.o [7]
__aeabi_i2d              0x800'2d89         Code  Gb  S32ToDbl.o [7]
__aeabi_ldiv0            0x800'8409         Code  Gb  I64DivZer.o [8]
__aeabi_memcpy           0x800'84c5         Code  Gb  ABImemcpy.o [8]
__aeabi_memcpy4          0x800'84e5         Code  Gb  ABImemcpy.o [8]
__aeabi_memcpy8          0x800'84e5         Code  Gb  ABImemcpy.o [8]
__aeabi_memset           0x800'838d         Code  Gb  ABImemset.o [8]
__aeabi_memset4          0x800'2809         Code  Gb  ABImemset48.o [8]
__aeabi_memset8          0x800'2809         Code  Gb  ABImemset48.o [8]
__aeabi_ui2d             0x800'34c1         Code  Gb  U32ToDbl.o [7]
__aeabi_uldivmod         0x800'6b69         Code  Gb  I64DivMod.o [8]
__cmain                  0x800'9379         Code  Gb  cmain.o [8]
__exit                   0x800'87b9   0x14  Code  Gb  exit.o [9]
__iar_Fail_s             0x800'8485   0x1c  Code  Gb  xfail_s.o [5]
__iar_Memchr             0x800'73b9         Code  Gb  memchr.o [8]
__iar_Memset             0x800'838d         Code  Gb  ABImemset.o [8]
__iar_Memset4_word       0x800'2811         Code  Gb  ABImemset48.o [8]
__iar_Memset8_word       0x800'2811         Code  Gb  ABImemset48.o [8]
__iar_Memset_word        0x800'8395         Code  Gb  ABImemset.o [8]
__iar_Sto32              0x800'4ef9   0xec  Code  Gb  strto32.o [7]
__iar_Stoflt             0x800'6fd1  0x1b8  Code  Gb  iar_Stoflt.o [5]
__iar_Stopfx             0x800'6ead  0x122  Code  Gb  iar_Stopfx.o [5]
__iar_Stoulx             0x800'5069  0x13a  Code  Gb  iar_Stoulx.o [5]
__iar_Stoxflt            0x800'7189  0x1d2  Code  Gb  iar_Stoxflt.o [5]
__iar_Stoxflt::digits    0x800'7360   0x18  Data  Lc  iar_Stoxflt.o [5]
__iar_Stoxflt::vals      0x800'7378   0x18  Data  Lc  iar_Stoxflt.o [5]
__iar_Strchr             0x800'846d         Code  Gb  strchr.o [8]
__iar_data_init3         0x800'92ed   0x28  Code  Gb  data_init.o [8]
__iar_frexp              0x800'8579         Code  Gb  frexp.o [7]
__iar_frexp32            0x800'6da1         Code  Gb  frexpf.o [7]
__iar_frexpf             0x800'6db5         Code  Gb  frexpf.o [7]
__iar_frexpl             0x800'8579         Code  Gb  frexp.o [7]
__iar_globLocale        0x2000'054c   0x48  Data  Lc  xlocale_c.o [5]
__iar_global_Locale      0x800'845d    0x4  Code  Gb  xlocale_c.o [5]
__iar_init_vfp           0x800'9315         Code  Gb  fpinit_M.o [7]
__iar_ldexp32            0x800'6de9         Code  Gb  ldexpf.o [7]
__iar_ldexp64            0x800'8611         Code  Gb  ldexp.o [7]
__iar_lz77_init_single3
                         0x800'91ed   0x78  Code  Gb  lz77_init_single.o [8]
__iar_program_start      0x800'93ad         Code  Gb  cstartup_M.o [8]
__iar_scalbln32          0x800'6de9         Code  Gb  ldexpf.o [7]
__iar_scalbln64          0x800'8611         Code  Gb  ldexp.o [7]
__iar_scalbn32           0x800'6de9         Code  Gb  ldexpf.o [7]
__iar_scalbn64           0x800'8611         Code  Gb  ldexp.o [7]
__iar_softfp___iar_frexp64
                         0x800'856d         Code  Gb  frexp.o [7]
__iar_softfp_frexp       0x800'856d         Code  Gb  frexp.o [7]
__iar_softfp_frexpl      0x800'856d         Code  Gb  frexp.o [7]
__iar_zero_init3         0x800'92b5   0x38  Code  Gb  zero_init3.o [8]
__low_level_init         0x800'9397    0x4  Code  Gb  low_level_init.o [5]
__vector_table           0x800'0000         Data  Gb  startup_stm32g431xx.o [1]
_call_main               0x800'9385         Code  Gb  cmain.o [8]
_exit                    0x800'93a1         Code  Gb  cexit.o [8]
abort                    0x800'87b3    0x6  Code  Gb  abort.o [5]
abs                      0x800'3513    0x8  Code  Gb  abs.o [5]
angle_addr              0x2000'03d6    0x2  Data  Gb  i2c.o [2]
angle_i2c               0x2000'0348   0x60  Data  Gb  main.o [2]
angles                  0x2000'0320   0x10  Data  Gb  main.o [2]
arm_cos_f32              0x800'521d   0x90  Code  Gb  arm_cos_f32.o [6]
arm_max_no_idx_f32       0x800'31a1   0x80  Code  Gb  arm_max_no_idx_f32.o [6]
arms                    0x2000'0173    0x1  Data  Gb  fdcan.o [2]
atoi                     0x800'51a9    0x2  Code  Gb  iar_Stoulx.o [5]
cg_forearm              0x2000'0250    0x8  Data  Gb  main.o [2]
cg_upperarm             0x2000'0248    0x8  Data  Gb  main.o [2]
data_temp               0x2000'0220    0x4  Data  Gb  main.o [2]
deg2rad_5               0x2000'01d0    0x8  Data  Gb  fdcan.o [2]
digits                   0x800'928c   0x28  Data  Lc  iar_Stoulx.o [5]
error_res               0x2000'0224    0x8  Data  Gb  main.o [2]
exit                     0x800'939b    0x4  Code  Gb  exit.o [5]
frexpf                   0x800'6da1         Code  Gb  frexpf.o [7]
gear_efficiency         0x2000'0298   0x20  Data  Gb  main.o [2]
gear_ratio              0x2000'0278   0x20  Data  Gb  main.o [2]
hcan                    0x2000'0100   0x6c  Data  Gb  fdcan.o [2]
hdma_i2c1_rx            0x2000'0694   0x60  Data  Gb  i2c.o [2]
hdma_i2c1_tx            0x2000'06f4   0x60  Data  Gb  i2c.o [2]
hdma_usart2_rx          0x2000'0754   0x60  Data  Gb  usart.o [2]
hdma_usart2_tx          0x2000'07b4   0x60  Data  Gb  usart.o [2]
hfdcan1                 0x2000'0924   0x64  Data  Gb  fdcan.o [2]
hi2c1                   0x2000'03d8   0x4c  Data  Gb  i2c.o [2]
huart2                  0x2000'0814   0x90  Data  Gb  usart.o [2]
id_cnt                  0x2000'01ed    0x1  Data  Gb  main.o [2]
id_sum                  0x2000'01ec    0x1  Data  Gb  main.o [2]
id_temp                 0x2000'01e8    0x1  Data  Gb  main.o [2]
init_vcp                 0x800'537b   0x16  Code  Gb  serial.o [2]
isalpha                  0x800'840b   0x14  Code  Gb  isalpha.o [5]
isspace                  0x800'7391   0x14  Code  Gb  isspace.o [5]
l1                      0x2000'0238    0x8  Data  Gb  main.o [2]
l2                      0x2000'0240    0x8  Data  Gb  main.o [2]
ldexp                    0x800'8611         Code  Gb  ldexp.o [7]
ldexpf                   0x800'6de9         Code  Gb  ldexpf.o [7]
ldexpl                   0x800'8611         Code  Gb  ldexp.o [7]
length_temp             0x2000'01e9    0x1  Data  Gb  main.o [2]
localeconv               0x800'8461    0x4  Code  Gb  xlocale_c.o [5]
loop_async               0x800'21eb  0x214  Code  Gb  main.o [2]
loop_sync                0x800'20b9  0x132  Code  Gb  main.o [2]
main                     0x800'1ead   0x28  Code  Gb  main.o [2]
max_timeout             0x2000'03d4    0x2  Data  Gb  i2c.o [2]
max_timeout_cnt         0x2000'03c8    0x4  Data  Gb  fdcan.o [2]
mem_addr                0x2000'0344    0x2  Data  Gb  main.o [2]
memchr                   0x800'73b9         Code  Gb  memchr.o [8]
motor                   0x2000'0000  0x100  Data  Gb  fdcan.o [2]
motor1_flag1            0x2000'03ce    0x1  Data  Gb  fdcan.o [2]
motor1_flag2            0x2000'03cf    0x1  Data  Gb  fdcan.o [2]
ndigs                    0x800'9264   0x28  Data  Lc  iar_Stoulx.o [5]
node_id                 0x2000'01d8    0x1  Data  Gb  main.o [2]
object                  0x2000'0218    0x2  Data  Gb  main.o [2]
object_sub              0x2000'01f2    0x2  Data  Gb  main.o [2]
pFlash                  0x2000'04f0   0x20  Data  Gb  stm32g4xx_hal_flash.o [4]
parse_vcp                0x800'2015   0xa4  Code  Gb  main.o [2]
parse_vcp::deg2rad      0x2000'0330    0x8  Data  Lc  main.o [2]
pin                     0x2000'01f4    0x2  Data  Gb  main.o [2]
pin_state               0x2000'01e6    0x1  Data  Gb  main.o [2]
pin_state_old           0x2000'03cd    0x1  Data  Gb  fdcan.o [2]
pows                     0x800'5008   0x18  Data  Lc  strto32.o [7]
prot_info               0x2000'01f0    0x2  Data  Gb  main.o [2]
rad_i2c                 0x2000'02c0   0x60  Data  Gb  main.o [2]
rated_torque            0x2000'0270    0x8  Data  Gb  main.o [2]
run_vcp                  0x800'53a9   0x9c  Code  Gb  serial.o [2]
rx_buf                  0x2000'0428    0xc  Data  Gb  i2c.o [2]
rx_buff                 0x2000'0338    0xc  Data  Gb  main.o [2]
scalbln                  0x800'8611         Code  Gb  ldexp.o [7]
scalblnf                 0x800'6de9         Code  Gb  ldexpf.o [7]
scalblnl                 0x800'8611         Code  Gb  ldexp.o [7]
scalbn                   0x800'8611         Code  Gb  ldexp.o [7]
scalbnf                  0x800'6de9         Code  Gb  ldexpf.o [7]
scalbnl                  0x800'8611         Code  Gb  ldexp.o [7]
scale                    0x800'8251   0x46  Code  Lc  xprintffull_nomb.o [5]
sec_hand                0x2000'0994    0x4  Data  Lc  xfail_s.o [5]
serial_available         0x800'5363   0x18  Code  Gb  serial.o [2]
serial_read              0x800'5339   0x2a  Code  Gb  serial.o [2]
serial_write             0x800'5325   0x14  Code  Gb  serial.o [2]
setup                    0x800'1f4b   0xca  Code  Gb  main.o [2]
sign_                   0x2000'03d0    0x4  Data  Gb  fdcan.o [2]
sign_flag               0x2000'03cc    0x1  Data  Gb  fdcan.o [2]
sinTable_f32             0x800'87cc  0x804  Data  Gb  arm_common_tables.o [6]
sprintf                  0x800'52ad   0x40  Code  Gb  sprintf.o [5]
status                  0x2000'01ee    0x1  Data  Gb  main.o [2]
strchr                   0x800'846d         Code  Gb  strchr.o [8]
strcspn                  0x800'8791   0x22  Code  Gb  strcspn.o [5]
stretch_btn             0x2000'02b8    0x1  Data  Gb  main.o [2]
strlen                   0x800'52ed         Code  Gb  strlen.o [8]
strspn                   0x800'876f   0x22  Code  Gb  strspn.o [5]
strtof                   0x800'5001    0x6  Code  Gb  strto32.o [7]
strtok                   0x800'8341   0x4c  Code  Gb  strtok.o [5]
tick                    0x2000'021c    0x4  Data  Gb  main.o [2]
timeout                 0x2000'03c0    0x8  Data  Gb  fdcan.o [2]
timer                   0x2000'01e7    0x1  Data  Gb  main.o [2]
tolower                  0x800'73a5   0x14  Code  Gb  tolower.o [5]
torque                  0x2000'0180   0x20  Data  Gb  fdcan.o [2]
tp                      0x2000'0988    0x8  Data  Gb  main.o [2]
trq_cnt_max             0x2000'0174    0x2  Data  Gb  fdcan.o [2]
trq_offset              0x2000'01f8   0x20  Data  Gb  main.o [2]
trq_prof                0x2000'0170    0x2  Data  Gb  fdcan.o [2]
tx_buf                  0x2000'0424    0x1  Data  Gb  i2c.o [2]
tx_buff                 0x2000'03b8    0x1  Data  Gb  main.o [2]
txfifoemptycheck        0x2000'0998    0x1  Data  Gb  main.o [2]
uart2_rx_buffer         0x2000'0594  0x100  Data  Gb  usart.o [2]
uart2_tx_buffer         0x2000'08a4   0x80  Data  Gb  usart.o [2]
uwTick                  0x2000'04e4    0x4  Data  Gb  stm32g4xx_hal.o [4]
uwTickFreq              0x2000'04ec    0x4  Data  Gb  stm32g4xx_hal.o [4]
uwTickPrio              0x2000'04e8    0x4  Data  Gb  stm32g4xx_hal.o [4]
vcp                     0x2000'0434   0xb0  Data  Gb  serial.o [2]
weight                  0x2000'0258    0x8  Data  Gb  main.o [2]
weight_forearm          0x2000'0268    0x8  Data  Gb  main.o [2]
weight_upperarm         0x2000'0260    0x8  Data  Gb  main.o [2]


[1] = C:\Users\jaesung\MRAS\GitHub\STM32\Projects\Exoskeleton\STM32G431KB_CAN\EWARM\STM32G431KB_CAN\Obj\Application\EWARM
[2] = C:\Users\jaesung\MRAS\GitHub\STM32\Projects\Exoskeleton\STM32G431KB_CAN\EWARM\STM32G431KB_CAN\Obj\Application\User\Core
[3] = C:\Users\jaesung\MRAS\GitHub\STM32\Projects\Exoskeleton\STM32G431KB_CAN\EWARM\STM32G431KB_CAN\Obj\Drivers\CMSIS
[4] = C:\Users\jaesung\MRAS\GitHub\STM32\Projects\Exoskeleton\STM32G431KB_CAN\EWARM\STM32G431KB_CAN\Obj\Drivers\STM32G4xx_HAL_Driver
[5] = dl7M_tlf.a
[6] = iar_cortexM4lf_math.a
[7] = m7M_tls.a
[8] = rt7M_tl.a
[9] = shb_l.a

  35'901 bytes of readonly  code memory
   2'502 bytes of readonly  data memory
   3'481 bytes of readwrite data memory

Errors: none
Warnings: none
