###############################################################################
#
# IAR ELF Linker V9.10.2.313/W64 for ARM                  16/Jun/2023  11:35:13
# Copyright 2007-2021 IAR Systems AB.
#
#    Output file  =
#        C:\Users\jaesung\MRAS\GitHub\STM32\Projects\Exoskeleton\STM32G431KB_CAN\EWARM\STM32G431KB_CAN\Exe\STM32G431KB_CAN.out
#    Map file     =
#        C:\Users\jaesung\MRAS\GitHub\STM32\Projects\Exoskeleton\STM32G431KB_CAN\EWARM\STM32G431KB_CAN\List\STM32G431KB_CAN.map
#    Command line =
#        -f
#        C:\Users\jaesung\MRAS\GitHub\STM32\Projects\Exoskeleton\STM32G431KB_CAN\EWARM\STM32G431KB_CAN\Exe\STM32G431KB_CAN.out.rsp
#        (C:\Users\jaesung\MRAS\GitHub\STM32\Projects\Exoskeleton\STM32G431KB_CAN\EWARM\STM32G431KB_CAN\Obj\Application\User\Core\dma.o
#        C:\Users\jaesung\MRAS\GitHub\STM32\Projects\Exoskeleton\STM32G431KB_CAN\EWARM\STM32G431KB_CAN\Obj\Application\User\Core\fdcan.o
#        C:\Users\jaesung\MRAS\GitHub\STM32\Projects\Exoskeleton\STM32G431KB_CAN\EWARM\STM32G431KB_CAN\Obj\Application\User\Core\gpio.o
#        C:\Users\jaesung\MRAS\GitHub\STM32\Projects\Exoskeleton\STM32G431KB_CAN\EWARM\STM32G431KB_CAN\Obj\Application\User\Core\i2c.o
#        C:\Users\jaesung\MRAS\GitHub\STM32\Projects\Exoskeleton\STM32G431KB_CAN\EWARM\STM32G431KB_CAN\Obj\Application\User\Core\main.o
#        C:\Users\jaesung\MRAS\GitHub\STM32\Projects\Exoskeleton\STM32G431KB_CAN\EWARM\STM32G431KB_CAN\Obj\Application\User\Core\serial.o
#        C:\Users\jaesung\MRAS\GitHub\STM32\Projects\Exoskeleton\STM32G431KB_CAN\EWARM\STM32G431KB_CAN\Obj\Application\EWARM\startup_stm32g431xx.o
#        C:\Users\jaesung\MRAS\GitHub\STM32\Projects\Exoskeleton\STM32G431KB_CAN\EWARM\STM32G431KB_CAN\Obj\Drivers\STM32G4xx_HAL_Driver\stm32g4xx_hal.o
#        C:\Users\jaesung\MRAS\GitHub\STM32\Projects\Exoskeleton\STM32G431KB_CAN\EWARM\STM32G431KB_CAN\Obj\Drivers\STM32G4xx_HAL_Driver\stm32g4xx_hal_cortex.o
#        C:\Users\jaesung\MRAS\GitHub\STM32\Projects\Exoskeleton\STM32G431KB_CAN\EWARM\STM32G431KB_CAN\Obj\Drivers\STM32G4xx_HAL_Driver\stm32g4xx_hal_dma.o
#        C:\Users\jaesung\MRAS\GitHub\STM32\Projects\Exoskeleton\STM32G431KB_CAN\EWARM\STM32G431KB_CAN\Obj\Drivers\STM32G4xx_HAL_Driver\stm32g4xx_hal_dma_ex.o
#        C:\Users\jaesung\MRAS\GitHub\STM32\Projects\Exoskeleton\STM32G431KB_CAN\EWARM\STM32G431KB_CAN\Obj\Drivers\STM32G4xx_HAL_Driver\stm32g4xx_hal_exti.o
#        C:\Users\jaesung\MRAS\GitHub\STM32\Projects\Exoskeleton\STM32G431KB_CAN\EWARM\STM32G431KB_CAN\Obj\Drivers\STM32G4xx_HAL_Driver\stm32g4xx_hal_fdcan.o
#        C:\Users\jaesung\MRAS\GitHub\STM32\Projects\Exoskeleton\STM32G431KB_CAN\EWARM\STM32G431KB_CAN\Obj\Drivers\STM32G4xx_HAL_Driver\stm32g4xx_hal_flash.o
#        C:\Users\jaesung\MRAS\GitHub\STM32\Projects\Exoskeleton\STM32G431KB_CAN\EWARM\STM32G431KB_CAN\Obj\Drivers\STM32G4xx_HAL_Driver\stm32g4xx_hal_flash_ex.o
#        C:\Users\jaesung\MRAS\GitHub\STM32\Projects\Exoskeleton\STM32G431KB_CAN\EWARM\STM32G431KB_CAN\Obj\Drivers\STM32G4xx_HAL_Driver\stm32g4xx_hal_flash_ramfunc.o
#        C:\Users\jaesung\MRAS\GitHub\STM32\Projects\Exoskeleton\STM32G431KB_CAN\EWARM\STM32G431KB_CAN\Obj\Drivers\STM32G4xx_HAL_Driver\stm32g4xx_hal_gpio.o
#        C:\Users\jaesung\MRAS\GitHub\STM32\Projects\Exoskeleton\STM32G431KB_CAN\EWARM\STM32G431KB_CAN\Obj\Drivers\STM32G4xx_HAL_Driver\stm32g4xx_hal_i2c.o
#        C:\Users\jaesung\MRAS\GitHub\STM32\Projects\Exoskeleton\STM32G431KB_CAN\EWARM\STM32G431KB_CAN\Obj\Drivers\STM32G4xx_HAL_Driver\stm32g4xx_hal_i2c_ex.o
#        C:\Users\jaesung\MRAS\GitHub\STM32\Projects\Exoskeleton\STM32G431KB_CAN\EWARM\STM32G431KB_CAN\Obj\Application\User\Core\stm32g4xx_hal_msp.o
#        C:\Users\jaesung\MRAS\GitHub\STM32\Projects\Exoskeleton\STM32G431KB_CAN\EWARM\STM32G431KB_CAN\Obj\Drivers\STM32G4xx_HAL_Driver\stm32g4xx_hal_pwr.o
#        C:\Users\jaesung\MRAS\GitHub\STM32\Projects\Exoskeleton\STM32G431KB_CAN\EWARM\STM32G431KB_CAN\Obj\Drivers\STM32G4xx_HAL_Driver\stm32g4xx_hal_pwr_ex.o
#        C:\Users\jaesung\MRAS\GitHub\STM32\Projects\Exoskeleton\STM32G431KB_CAN\EWARM\STM32G431KB_CAN\Obj\Drivers\STM32G4xx_HAL_Driver\stm32g4xx_hal_rcc.o
#        C:\Users\jaesung\MRAS\GitHub\STM32\Projects\Exoskeleton\STM32G431KB_CAN\EWARM\STM32G431KB_CAN\Obj\Drivers\STM32G4xx_HAL_Driver\stm32g4xx_hal_rcc_ex.o
#        C:\Users\jaesung\MRAS\GitHub\STM32\Projects\Exoskeleton\STM32G431KB_CAN\EWARM\STM32G431KB_CAN\Obj\Drivers\STM32G4xx_HAL_Driver\stm32g4xx_hal_tim.o
#        C:\Users\jaesung\MRAS\GitHub\STM32\Projects\Exoskeleton\STM32G431KB_CAN\EWARM\STM32G431KB_CAN\Obj\Drivers\STM32G4xx_HAL_Driver\stm32g4xx_hal_tim_ex.o
#        C:\Users\jaesung\MRAS\GitHub\STM32\Projects\Exoskeleton\STM32G431KB_CAN\EWARM\STM32G431KB_CAN\Obj\Drivers\STM32G4xx_HAL_Driver\stm32g4xx_hal_uart.o
#        C:\Users\jaesung\MRAS\GitHub\STM32\Projects\Exoskeleton\STM32G431KB_CAN\EWARM\STM32G431KB_CAN\Obj\Drivers\STM32G4xx_HAL_Driver\stm32g4xx_hal_uart_ex.o
#        C:\Users\jaesung\MRAS\GitHub\STM32\Projects\Exoskeleton\STM32G431KB_CAN\EWARM\STM32G431KB_CAN\Obj\Application\User\Core\stm32g4xx_it.o
#        C:\Users\jaesung\MRAS\GitHub\STM32\Projects\Exoskeleton\STM32G431KB_CAN\EWARM\STM32G431KB_CAN\Obj\Drivers\CMSIS\system_stm32g4xx.o
#        C:\Users\jaesung\MRAS\GitHub\STM32\Projects\Exoskeleton\STM32G431KB_CAN\EWARM\STM32G431KB_CAN\Obj\Application\User\Core\usart.o
#        C:\Users\jaesung\MRAS\GitHub\STM32\Projects\Exoskeleton\STM32G431KB_CAN\EWARM\STM32G431KB_CAN\Obj\Application\User\Core\utility.o
#        --no_out_extension -o
#        C:\Users\jaesung\MRAS\GitHub\STM32\Projects\Exoskeleton\STM32G431KB_CAN\EWARM\STM32G431KB_CAN\Exe\STM32G431KB_CAN.out
#        --redirect _Printf=_PrintfFullNoMb --redirect _Scanf=_ScanfFullNoMb
#        --map
#        C:\Users\jaesung\MRAS\GitHub\STM32\Projects\Exoskeleton\STM32G431KB_CAN\EWARM\STM32G431KB_CAN\List\STM32G431KB_CAN.map
#        --config
#        C:\Users\jaesung\MRAS\GitHub\STM32\Projects\Exoskeleton\STM32G431KB_CAN\EWARM/stm32g431xx_flash.icf
#        --semihosting --entry __iar_program_start "C:\Program Files\IAR
#        Systems\Embedded Workbench
#        9.0\arm\CMSIS\Lib\IAR\iar_cortexM4lf_math.a" --vfe --text_out locale)
#
###############################################################################

*******************************************************************************
*** RUNTIME MODEL ATTRIBUTES
***

CppFlavor       = *
__SystemLibrary = DLib
__dlib_version  = 6


*******************************************************************************
*** HEAP SELECTION
***

The basic heap was selected because no calls to memory allocation
functions were found in the application outside of system library
functions, and there are calls to deallocation functions in the
application.


*******************************************************************************
*** PLACEMENT SUMMARY
***

"A0":  place at address 0x800'0000 { ro section .intvec };
"P1":  place in [from 0x800'0000 to 0x801'ffff] { ro };
define block CSTACK with size = 1K, alignment = 8 { };
define block HEAP with size = 512, alignment = 8 { };
"P2":  place in [from 0x2000'0000 to 0x2000'7fff] {
          rw, block CSTACK, block HEAP };
initialize by copy { rw };

  Section            Kind         Address    Size  Object
  -------            ----         -------    ----  ------
"A0":                                       0x1d8
  .intvec            ro code   0x800'0000   0x1d8  startup_stm32g431xx.o [1]
                             - 0x800'01d8   0x1d8

"P1":                                      0x5cc3
  .text              ro code   0x800'01d8   0xd34  stm32g4xx_hal_i2c.o [4]
  .text              ro code   0x800'0f0c   0x234  i2c.o [2]
  .text              ro code   0x800'1140     0xc  stm32g4xx_hal.o [4]
  .text              ro code   0x800'114c     0x2  stm32g4xx_hal_i2c.o [4]
  .text              ro code   0x800'114e     0x2  stm32g4xx_hal_i2c.o [4]
  .text              ro code   0x800'1150     0x2  stm32g4xx_hal_i2c.o [4]
  .text              ro code   0x800'1152     0x2  stm32g4xx_hal_i2c.o [4]
  .text              ro code   0x800'1154   0x3b4  stm32g4xx_hal_dma.o [4]
  .text              ro code   0x800'1508     0x2  stm32g4xx_hal_i2c.o [4]
  .text              ro code   0x800'150c   0x430  main.o [2]
  .text              ro code   0x800'193c    0xa4  stm32g4xx_hal_i2c_ex.o [4]
  .text              ro code   0x800'19e0    0x3a  ABImemset48.o [8]
  .text              ro code   0x800'1a1c   0x268  stm32g4xx_hal_rcc_ex.o [4]
  .text              ro code   0x800'1c84   0x1c4  stm32g4xx_hal_gpio.o [4]
  .text              ro code   0x800'1e48    0xf8  stm32g4xx_hal_cortex.o [4]
  .text              ro code   0x800'1f40    0x28  stm32g4xx_hal.o [4]
  .text              ro code   0x800'1f68    0x22  S32ToDbl.o [7]
  .text              ro code   0x800'1f8c   0x246  DblDiv.o [7]
  .text              ro code   0x800'21d4    0x68  DblToFlt.o [7]
  .text              ro code   0x800'223c    0x38  stm32g4xx_hal.o [4]
  .text              ro code   0x800'2274    0x68  gpio.o [2]
  .text              ro code   0x800'22dc    0x50  dma.o [2]
  .text              ro code   0x800'232c   0x768  fdcan.o [2]
  .text              ro code   0x800'2a94   0x1a0  usart.o [2]
  .text              ro code   0x800'2c34    0xf0  stm32g4xx_hal_pwr_ex.o [4]
  .text              ro code   0x800'2d24   0x6bc  stm32g4xx_hal_rcc.o [4]
  .text              ro code   0x800'33e0   0xc10  stm32g4xx_hal_uart.o [4]
  .text              ro code   0x800'3ff0   0x714  stm32g4xx_hal_fdcan.o [4]
  .text              ro code   0x800'4704   0x136  serial.o [2]
  .text              ro code   0x800'483c   0x25e  DblAddSub.o [7]
  .text              ro code   0x800'4a9c   0x1aa  DblMul.o [7]
  .text              ro code   0x800'4c48    0x50  stm32g4xx_hal.o [4]
  .text              ro code   0x800'4c98    0x34  stm32g4xx_hal_msp.o [2]
  .text              ro code   0x800'4ccc    0x8c  arm_sin_f32.o [6]
  .text              ro code   0x800'4d58    0x48  FltToDbl.o [7]
  .text              ro code   0x800'4da0    0x36  DblToS32.o [7]
  .text              ro code   0x800'4dd8    0x34  DblCmpGe.o [7]
  .text              ro code   0x800'4e0c   0x120  stm32g4xx_hal_uart_ex.o [4]
  .text              ro code   0x800'4f2c     0x2  stm32g4xx_hal_rcc.o [4]
  .text              ro code   0x800'4f2e     0x2  stm32g4xx_hal_uart.o [4]
  .text              ro code   0x800'4f30     0x2  stm32g4xx_hal_uart.o [4]
  .text              ro code   0x800'4f32     0x2  stm32g4xx_hal_uart_ex.o [4]
  .text              ro code   0x800'4f34     0x2  stm32g4xx_hal_uart_ex.o [4]
  .text              ro code   0x800'4f36     0x2  stm32g4xx_hal_uart_ex.o [4]
  .text              ro code   0x800'4f38   0x230  I64DivMod.o [8]
  .text              ro code   0x800'5168     0x2  stm32g4xx_hal_uart.o [4]
  .text              ro code   0x800'516a     0x2  stm32g4xx_hal_uart.o [4]
  .text              ro code   0x800'516c     0x2  stm32g4xx_hal_uart.o [4]
  .text              ro code   0x800'516e     0x2  stm32g4xx_hal_uart.o [4]
  .text              ro code   0x800'5170     0x2  stm32g4xx_hal_fdcan.o [4]
  .text              ro code   0x800'5172     0x2  stm32g4xx_hal_fdcan.o [4]
  .text              ro code   0x800'5174     0x2  stm32g4xx_hal_fdcan.o [4]
  .text              ro code   0x800'5176     0x2  stm32g4xx_hal_fdcan.o [4]
  .text              ro code   0x800'5178     0x2  stm32g4xx_hal_fdcan.o [4]
  .text              ro code   0x800'517a     0x2  stm32g4xx_hal_fdcan.o [4]
  .text              ro code   0x800'517c     0x2  stm32g4xx_hal_fdcan.o [4]
  .text              ro code   0x800'517e     0x2  stm32g4xx_hal_fdcan.o [4]
  .text              ro code   0x800'5180     0x2  stm32g4xx_hal_fdcan.o [4]
  .text              ro code   0x800'5184    0x18  strcpy.o [8]
  .text              ro code   0x800'519c    0x36  strlen.o [8]
  .text              ro code   0x800'51d4    0x4c  strtok.o [5]
  .text              ro code   0x800'5220    0x66  ABImemset.o [8]
  .text              ro code   0x800'5288     0x2  I64DivZer.o [8]
  .text              ro code   0x800'528a    0x22  strspn.o [5]
  .text              ro code   0x800'52ac    0x22  strcspn.o [5]
  .rodata            const     0x800'52d0   0x804  arm_common_tables.o [6]
  .text              ro code   0x800'5ad4    0x78  lz77_init_single.o [8]
  .text              ro code   0x800'5b4c    0x64  stm32g4xx_it.o [2]
  .text              ro code   0x800'5bb0    0x10  stm32g4xx_hal.o [4]
  .text              ro code   0x800'5bc0    0x38  zero_init3.o [8]
  .text              ro code   0x800'5bf8    0x28  data_init.o [8]
  .text              ro code   0x800'5c20    0x22  fpinit_M.o [7]
  .iar.init_table    const     0x800'5c44    0x20  - Linker created -
  .text              ro code   0x800'5c64    0x20  system_stm32g4xx.o [3]
  .text              ro code   0x800'5c84    0x1e  cmain.o [8]
  .text              ro code   0x800'5ca2     0x4  low_level_init.o [5]
  .text              ro code   0x800'5ca6     0x4  exit.o [5]
  .text              ro code   0x800'5cac     0xa  cexit.o [8]
  .text              ro code   0x800'5cb8    0x14  exit.o [9]
  .text              ro code   0x800'5ccc    0x1c  cstartup_M.o [8]
  .text              ro code   0x800'5ce8    0x10  startup_stm32g431xx.o [1]
  .rodata            const     0x800'5cf8     0x8  system_stm32g4xx.o [3]
  .rodata            const     0x800'5d00     0x4  serial.o [2]
  .text              ro code   0x800'5d04     0x4  startup_stm32g431xx.o [1]
  .text              ro code   0x800'5d08     0x4  startup_stm32g431xx.o [1]
  .text              ro code   0x800'5d0c     0x4  startup_stm32g431xx.o [1]
  .text              ro code   0x800'5d10     0x4  startup_stm32g431xx.o [1]
  .text              ro code   0x800'5d14     0x4  startup_stm32g431xx.o [1]
  .text              ro code   0x800'5d18     0x4  startup_stm32g431xx.o [1]
  .text              ro code   0x800'5d1c     0x4  startup_stm32g431xx.o [1]
  .text              ro code   0x800'5d20     0x4  startup_stm32g431xx.o [1]
  .text              ro code   0x800'5d24     0x4  startup_stm32g431xx.o [1]
  .text              ro code   0x800'5d28     0x4  startup_stm32g431xx.o [1]
  .text              ro code   0x800'5d2c     0x4  startup_stm32g431xx.o [1]
  .text              ro code   0x800'5d30     0x4  startup_stm32g431xx.o [1]
  .text              ro code   0x800'5d34     0x4  startup_stm32g431xx.o [1]
  .text              ro code   0x800'5d38     0x4  startup_stm32g431xx.o [1]
  .text              ro code   0x800'5d3c     0x4  startup_stm32g431xx.o [1]
  .text              ro code   0x800'5d40     0x4  startup_stm32g431xx.o [1]
  .text              ro code   0x800'5d44     0x4  startup_stm32g431xx.o [1]
  .text              ro code   0x800'5d48     0x4  startup_stm32g431xx.o [1]
  .text              ro code   0x800'5d4c     0x4  startup_stm32g431xx.o [1]
  .text              ro code   0x800'5d50     0x4  startup_stm32g431xx.o [1]
  .text              ro code   0x800'5d54     0x4  startup_stm32g431xx.o [1]
  .text              ro code   0x800'5d58     0x4  startup_stm32g431xx.o [1]
  .text              ro code   0x800'5d5c     0x4  startup_stm32g431xx.o [1]
  .text              ro code   0x800'5d60     0x4  startup_stm32g431xx.o [1]
  .text              ro code   0x800'5d64     0x4  startup_stm32g431xx.o [1]
  .text              ro code   0x800'5d68     0x4  startup_stm32g431xx.o [1]
  .text              ro code   0x800'5d6c     0x4  startup_stm32g431xx.o [1]
  .text              ro code   0x800'5d70     0x4  startup_stm32g431xx.o [1]
  .text              ro code   0x800'5d74     0x4  startup_stm32g431xx.o [1]
  .text              ro code   0x800'5d78     0x4  startup_stm32g431xx.o [1]
  .text              ro code   0x800'5d7c     0x4  startup_stm32g431xx.o [1]
  .text              ro code   0x800'5d80     0x4  startup_stm32g431xx.o [1]
  .text              ro code   0x800'5d84     0x4  startup_stm32g431xx.o [1]
  .text              ro code   0x800'5d88     0x4  startup_stm32g431xx.o [1]
  .text              ro code   0x800'5d8c     0x4  startup_stm32g431xx.o [1]
  .text              ro code   0x800'5d90     0x4  startup_stm32g431xx.o [1]
  .text              ro code   0x800'5d94     0x4  startup_stm32g431xx.o [1]
  .text              ro code   0x800'5d98     0x4  startup_stm32g431xx.o [1]
  .text              ro code   0x800'5d9c     0x4  startup_stm32g431xx.o [1]
  .text              ro code   0x800'5da0     0x4  startup_stm32g431xx.o [1]
  .text              ro code   0x800'5da4     0x4  startup_stm32g431xx.o [1]
  .text              ro code   0x800'5da8     0x4  startup_stm32g431xx.o [1]
  .text              ro code   0x800'5dac     0x4  startup_stm32g431xx.o [1]
  .text              ro code   0x800'5db0     0x4  startup_stm32g431xx.o [1]
  .text              ro code   0x800'5db4     0x4  startup_stm32g431xx.o [1]
  .text              ro code   0x800'5db8     0x4  startup_stm32g431xx.o [1]
  .text              ro code   0x800'5dbc     0x4  startup_stm32g431xx.o [1]
  .text              ro code   0x800'5dc0     0x4  startup_stm32g431xx.o [1]
  .text              ro code   0x800'5dc4     0x4  startup_stm32g431xx.o [1]
  .text              ro code   0x800'5dc8     0x4  startup_stm32g431xx.o [1]
  .text              ro code   0x800'5dcc     0x4  startup_stm32g431xx.o [1]
  .text              ro code   0x800'5dd0     0x4  startup_stm32g431xx.o [1]
  .text              ro code   0x800'5dd4     0x4  startup_stm32g431xx.o [1]
  .text              ro code   0x800'5dd8     0x4  startup_stm32g431xx.o [1]
  .text              ro code   0x800'5ddc     0x4  startup_stm32g431xx.o [1]
  .text              ro code   0x800'5de0     0x4  startup_stm32g431xx.o [1]
  .text              ro code   0x800'5de4     0x4  startup_stm32g431xx.o [1]
  .text              ro code   0x800'5de8     0x4  startup_stm32g431xx.o [1]
  .text              ro code   0x800'5dec     0x4  startup_stm32g431xx.o [1]
  .text              ro code   0x800'5df0     0x4  startup_stm32g431xx.o [1]
  .text              ro code   0x800'5df4     0x4  startup_stm32g431xx.o [1]
  .text              ro code   0x800'5df8     0x4  startup_stm32g431xx.o [1]
  .text              ro code   0x800'5dfc     0x4  startup_stm32g431xx.o [1]
  .rodata            const     0x800'5e00     0x0  zero_init3.o [8]
  .rodata            const     0x800'5e00     0x0  lz77_init_single.o [8]
  Initializer bytes  const     0x800'5e00    0x9b  <for P2-1>
                             - 0x800'5e9b  0x5cc3

"P2", part 1 of 3:                          0x32c
  P2-1                        0x2000'0000   0x32c  <Init block>
    .data            inited   0x2000'0000    0x30  fdcan.o [2]
    .data            inited   0x2000'0030    0x64  i2c.o [2]
    .data            inited   0x2000'0098    0x28  main.o [2]
    .data            inited   0x2000'00c0    0x64  main.o [2]
    .data            inited   0x2000'0128     0x8  main.o [2]
    .data            inited   0x2000'0130     0x8  main.o [2]
    .data            inited   0x2000'0138     0x8  main.o [2]
    .data            inited   0x2000'0140     0x8  main.o [2]
    .data            inited   0x2000'0148     0x8  main.o [2]
    .data            inited   0x2000'0150    0x20  main.o [2]
    .data            inited   0x2000'0170    0xfc  fdcan.o [2]
    .data            inited   0x2000'026c    0xb0  serial.o [2]
    .data            inited   0x2000'031c     0xc  stm32g4xx_hal.o [4]
    .data            inited   0x2000'0328     0x4  system_stm32g4xx.o [3]
                            - 0x2000'032c   0x32c

"P2", part 2 of 3:                          0x38c
  .bss               zero     0x2000'032c   0x100  usart.o [2]
  .bss               zero     0x2000'042c    0xc0  usart.o [2]
  .bss               zero     0x2000'04ec    0x90  usart.o [2]
  .bss               zero     0x2000'057c    0x80  usart.o [2]
  .bss               zero     0x2000'05fc    0x64  fdcan.o [2]
  .bss               zero     0x2000'0660    0x4c  i2c.o [2]
  .bss               zero     0x2000'06ac     0x4  strtok.o [5]
  .bss               zero     0x2000'06b0     0x2  fdcan.o [2]
  .bss               zero     0x2000'06b2     0x1  fdcan.o [2]
  .bss               zero     0x2000'06b3     0x1  main.o [2]
  .bss               zero     0x2000'06b4     0x1  main.o [2]
                            - 0x2000'06b5   0x389

"P2", part 3 of 3:                          0x400
  CSTACK                      0x2000'06b8   0x400  <Block>
    CSTACK           uninit   0x2000'06b8   0x400  <Block tail>
                            - 0x2000'0ab8   0x400

Unused ranges:

         From           To      Size
         ----           --      ----
   0x800'5e9b   0x801'ffff  0x1'a165
  0x2000'0ab8  0x2000'7fff    0x7548


*******************************************************************************
*** INIT TABLE
***

          Address      Size
          -------      ----
Zero (__iar_zero_init3)
    1 destination range, total size 0x389:
          0x2000'032c  0x389

Copy/lz77 (__iar_lz77_init_single3)
    1 source range, total size 0x9b (19% of destination):
           0x800'5e00   0x9b
    1 destination range, total size 0x32c:
          0x2000'0000  0x32c



*******************************************************************************
*** MODULE SUMMARY
***

    Module                   ro code  ro data  rw data
    ------                   -------  -------  -------
command line/config:
    --------------------------------------------------
    Total:

C:\Users\jaesung\MRAS\GitHub\STM32\Projects\Exoskeleton\STM32G431KB_CAN\EWARM\STM32G431KB_CAN\Obj\Application\EWARM: [1]
    startup_stm32g431xx.o        740
    --------------------------------------------------
    Total:                       740

C:\Users\jaesung\MRAS\GitHub\STM32\Projects\Exoskeleton\STM32G431KB_CAN\EWARM\STM32G431KB_CAN\Obj\Application\User\Core: [2]
    dma.o                         80
    fdcan.o                    1'896       57      403
    gpio.o                       104
    i2c.o                        564       19      176
    main.o                     1'072       42      214
    serial.o                     310       37      176
    stm32g4xx_hal_msp.o           52
    stm32g4xx_it.o               100
    usart.o                      416               720
    --------------------------------------------------
    Total:                     4'594      155    1'689

C:\Users\jaesung\MRAS\GitHub\STM32\Projects\Exoskeleton\STM32G431KB_CAN\EWARM\STM32G431KB_CAN\Obj\Drivers\CMSIS: [3]
    system_stm32g4xx.o            32        9        4
    --------------------------------------------------
    Total:                        32        9        4

C:\Users\jaesung\MRAS\GitHub\STM32\Projects\Exoskeleton\STM32G431KB_CAN\EWARM\STM32G431KB_CAN\Obj\Drivers\STM32G4xx_HAL_Driver: [4]
    stm32g4xx_hal.o              204        3       12
    stm32g4xx_hal_cortex.o       248
    stm32g4xx_hal_dma.o          948
    stm32g4xx_hal_fdcan.o      1'830
    stm32g4xx_hal_gpio.o         452
    stm32g4xx_hal_i2c.o        3'390
    stm32g4xx_hal_i2c_ex.o       164
    stm32g4xx_hal_pwr_ex.o       240
    stm32g4xx_hal_rcc.o        1'726
    stm32g4xx_hal_rcc_ex.o       616
    stm32g4xx_hal_uart.o       3'100
    stm32g4xx_hal_uart_ex.o      294
    --------------------------------------------------
    Total:                    13'212        3       12

dl7M_tlf.a: [5]
    exit.o                         4
    low_level_init.o               4
    strcspn.o                     34
    strspn.o                      34
    strtok.o                      76                 4
    --------------------------------------------------
    Total:                       152                 4

iar_cortexM4lf_math.a: [6]
    arm_common_tables.o                 2'052
    arm_sin_f32.o                140
    --------------------------------------------------
    Total:                       140    2'052

m7M_tls.a: [7]
    DblAddSub.o                  606
    DblCmpGe.o                    52
    DblDiv.o                     582
    DblMul.o                     426
    DblToFlt.o                   104
    DblToS32.o                    54
    FltToDbl.o                    72
    S32ToDbl.o                    34
    fpinit_M.o                    34
    --------------------------------------------------
    Total:                     1'964

rt7M_tl.a: [8]
    ABImemset.o                  102
    ABImemset48.o                 58
    I64DivMod.o                  560
    I64DivZer.o                    2
    cexit.o                       10
    cmain.o                       30
    cstartup_M.o                  28
    data_init.o                   40
    lz77_init_single.o           120
    strcpy.o                      24
    strlen.o                      54
    zero_init3.o                  56
    --------------------------------------------------
    Total:                     1'084

shb_l.a: [9]
    exit.o                        20
    --------------------------------------------------
    Total:                        20

    Gaps                          26        4        8
    Linker created                         32    1'024
------------------------------------------------------
    Grand Total:              21'964    2'255    2'741


*******************************************************************************
*** ENTRY LIST
***

Entry                       Address   Size  Type      Object
-----                       -------   ----  ----      ------
.iar.init_table$$Base    0x800'5c44          --   Gb  - Linker created -
.iar.init_table$$Limit   0x800'5c64          --   Gb  - Linker created -
?main                    0x800'5c85         Code  Gb  cmain.o [8]
AHBPrescTable            0x800'5c74   0x10  Data  Gb  system_stm32g4xx.o [3]
ANGLE_FLAG              0x2000'00c6    0x1  Data  Gb  main.o [2]
APBPrescTable            0x800'5cf8    0x8  Data  Gb  system_stm32g4xx.o [3]
BusFault_Handler         0x800'5b59    0x2  Code  Gb  stm32g4xx_it.o [2]
CLEAR_ERROR_FLAG        0x2000'00c7    0x1  Data  Gb  main.o [2]
CSTACK$$Base            0x2000'06b8          --   Gb  - Linker created -
CSTACK$$Limit           0x2000'0ab8          --   Gb  - Linker created -
Clear_Device_Errors      0x800'26d7   0x28  Code  Gb  fdcan.o [2]
DLCtoBytes               0x800'46f4   0x10  Data  Lc  stm32g4xx_hal_fdcan.o [4]
DMA1_Channel1_IRQHandler
                         0x800'5b71    0x6  Code  Gb  stm32g4xx_it.o [2]
DMA1_Channel2_IRQHandler
                         0x800'5b77    0x6  Code  Gb  stm32g4xx_it.o [2]
DMA_CalcDMAMUXChannelBaseAndMask
                         0x800'1495   0x34  Code  Lc  stm32g4xx_hal_dma.o [4]
DMA_CalcDMAMUXRequestGenBaseAndMask
                         0x800'14c9   0x1c  Code  Lc  stm32g4xx_hal_dma.o [4]
DMA_SetConfig            0x800'1453   0x42  Code  Lc  stm32g4xx_hal_dma.o [4]
DS_FLAG                 0x2000'00c3    0x1  Data  Gb  main.o [2]
DS_TRANS                 0x800'2509   0x2c  Code  Gb  fdcan.o [2]
DS_state                0x2000'00cf    0x1  Data  Gb  main.o [2]
DebugMon_Handler         0x800'5b5f    0x2  Code  Gb  stm32g4xx_it.o [2]
Error_Handler            0x800'1921    0x4  Code  Gb  main.o [2]
FDCAN1_IT0_IRQHandler    0x800'5b7d    0x6  Code  Gb  stm32g4xx_it.o [2]
FDCAN1_IT1_IRQHandler    0x800'5b83    0x6  Code  Gb  stm32g4xx_it.o [2]
FDCAN_CalcultateRamBlockAddresses
                         0x800'4611   0x54  Code  Lc  stm32g4xx_hal_fdcan.o [4]
FDCAN_CopyMessageToRAM   0x800'4685   0x70  Code  Lc  stm32g4xx_hal_fdcan.o [4]
GET_Angle                0x800'26cf    0x8  Code  Gb  fdcan.o [2]
GET_SDO                  0x800'2647   0x22  Code  Gb  fdcan.o [2]
GET_SDO_FLAG            0x2000'00c8    0x1  Data  Gb  main.o [2]
HAL_DMA_Abort            0x800'12a3   0x6c  Code  Gb  stm32g4xx_hal_dma.o [4]
HAL_DMA_Abort_IT         0x800'130f   0x7a  Code  Gb  stm32g4xx_hal_dma.o [4]
HAL_DMA_GetState         0x800'144d    0x6  Code  Gb  stm32g4xx_hal_dma.o [4]
HAL_DMA_IRQHandler       0x800'1389   0xc4  Code  Gb  stm32g4xx_hal_dma.o [4]
HAL_DMA_Init             0x800'1155   0xc2  Code  Gb  stm32g4xx_hal_dma.o [4]
HAL_DMA_Start_IT         0x800'1217   0x8c  Code  Gb  stm32g4xx_hal_dma.o [4]
HAL_Delay                0x800'1f41   0x28  Code  Gb  stm32g4xx_hal.o [4]
HAL_FDCAN_ActivateNotification
                         0x800'4397   0xec  Code  Gb  stm32g4xx_hal_fdcan.o [4]
HAL_FDCAN_AddMessageToTxFifoQ
                         0x800'422b   0x52  Code  Gb  stm32g4xx_hal_fdcan.o [4]
HAL_FDCAN_ConfigFilter   0x800'41a9   0x58  Code  Gb  stm32g4xx_hal_fdcan.o [4]
HAL_FDCAN_ErrorCallback
                         0x800'5181    0x2  Code  Gb  stm32g4xx_hal_fdcan.o [4]
HAL_FDCAN_ErrorStatusCallback
                         0x800'517f    0x2  Code  Gb  stm32g4xx_hal_fdcan.o [4]
HAL_FDCAN_GetRxFifoFillLevel
                         0x800'4373   0x18  Code  Gb  stm32g4xx_hal_fdcan.o [4]
HAL_FDCAN_GetRxMessage   0x800'427d   0xf6  Code  Gb  stm32g4xx_hal_fdcan.o [4]
HAL_FDCAN_GetTxFifoFreeLevel
                         0x800'438b    0xc  Code  Gb  stm32g4xx_hal_fdcan.o [4]
HAL_FDCAN_HighPriorityMessageCallback
                         0x800'5171    0x2  Code  Gb  stm32g4xx_hal_fdcan.o [4]
HAL_FDCAN_IRQHandler     0x800'4483  0x18e  Code  Gb  stm32g4xx_hal_fdcan.o [4]
HAL_FDCAN_Init           0x800'3ff1  0x1b0  Code  Gb  stm32g4xx_hal_fdcan.o [4]
HAL_FDCAN_MspInit        0x800'23a9   0xaa  Code  Gb  fdcan.o [2]
HAL_FDCAN_RxFifo0Callback
                         0x800'17f1   0xfe  Code  Gb  main.o [2]
HAL_FDCAN_RxFifo1Callback
                         0x800'5177    0x2  Code  Gb  stm32g4xx_hal_fdcan.o [4]
HAL_FDCAN_Start          0x800'4201   0x2a  Code  Gb  stm32g4xx_hal_fdcan.o [4]
HAL_FDCAN_TimeoutOccurredCallback
                         0x800'517d    0x2  Code  Gb  stm32g4xx_hal_fdcan.o [4]
HAL_FDCAN_TimestampWraparoundCallback
                         0x800'517b    0x2  Code  Gb  stm32g4xx_hal_fdcan.o [4]
HAL_FDCAN_TxBufferAbortCallback
                         0x800'5173    0x2  Code  Gb  stm32g4xx_hal_fdcan.o [4]
HAL_FDCAN_TxBufferCompleteCallback
                         0x800'5179    0x2  Code  Gb  stm32g4xx_hal_fdcan.o [4]
HAL_FDCAN_TxEventFifoCallback
                         0x800'5175    0x2  Code  Gb  stm32g4xx_hal_fdcan.o [4]
HAL_FDCAN_TxFifoEmptyCallback
                         0x800'17e7    0xa  Code  Gb  main.o [2]
HAL_GPIO_Init            0x800'1c85  0x194  Code  Gb  stm32g4xx_hal_gpio.o [4]
HAL_GPIO_ReadPin         0x800'1e19   0x10  Code  Gb  stm32g4xx_hal_gpio.o [4]
HAL_GetTick              0x800'1141    0xc  Code  Gb  stm32g4xx_hal.o [4]
HAL_I2CEx_ConfigAnalogFilter
                         0x800'193d   0x54  Code  Gb  stm32g4xx_hal_i2c_ex.o [4]
HAL_I2CEx_ConfigDigitalFilter
                         0x800'1991   0x50  Code  Gb  stm32g4xx_hal_i2c_ex.o [4]
HAL_I2C_AbortCpltCallback
                         0x800'1509    0x2  Code  Gb  stm32g4xx_hal_i2c.o [4]
HAL_I2C_AddrCallback     0x800'114d    0x2  Code  Gb  stm32g4xx_hal_i2c.o [4]
HAL_I2C_ER_IRQHandler    0x800'05d1   0x62  Code  Gb  stm32g4xx_hal_i2c.o [4]
HAL_I2C_EV_IRQHandler    0x800'05c1   0x10  Code  Gb  stm32g4xx_hal_i2c.o [4]
HAL_I2C_ErrorCallback    0x800'191f    0x2  Code  Gb  main.o [2]
HAL_I2C_GetState         0x800'0633    0x6  Code  Gb  stm32g4xx_hal_i2c.o [4]
HAL_I2C_Init             0x800'01d9   0xb2  Code  Gb  stm32g4xx_hal_i2c.o [4]
HAL_I2C_ListenCpltCallback
                         0x800'1153    0x2  Code  Gb  stm32g4xx_hal_i2c.o [4]
HAL_I2C_Mem_Read         0x800'041f  0x198  Code  Gb  stm32g4xx_hal_i2c.o [4]
HAL_I2C_Mem_Write        0x800'028b  0x194  Code  Gb  stm32g4xx_hal_i2c.o [4]
HAL_I2C_MspInit          0x800'0f61   0xd0  Code  Gb  i2c.o [2]
HAL_I2C_SlaveRxCpltCallback
                         0x800'1151    0x2  Code  Gb  stm32g4xx_hal_i2c.o [4]
HAL_I2C_SlaveTxCpltCallback
                         0x800'114f    0x2  Code  Gb  stm32g4xx_hal_i2c.o [4]
HAL_IncTick              0x800'5bb1   0x10  Code  Gb  stm32g4xx_hal.o [4]
HAL_Init                 0x800'223d   0x32  Code  Gb  stm32g4xx_hal.o [4]
HAL_InitTick             0x800'4c49   0x50  Code  Gb  stm32g4xx_hal.o [4]
HAL_MspInit              0x800'4c99   0x34  Code  Gb  stm32g4xx_hal_msp.o [2]
HAL_NVIC_EnableIRQ       0x800'1f21    0x2  Code  Gb  stm32g4xx_hal_cortex.o [4]
HAL_NVIC_SetPriority     0x800'1f03   0x1e  Code  Gb  stm32g4xx_hal_cortex.o [4]
HAL_NVIC_SetPriorityGrouping
                         0x800'1f01    0x2  Code  Gb  stm32g4xx_hal_cortex.o [4]
HAL_PWREx_ControlVoltageScaling
                         0x800'2c35   0xd0  Code  Gb  stm32g4xx_hal_pwr_ex.o [4]
HAL_PWREx_DisableUCPDDeadBattery
                         0x800'2d05    0xc  Code  Gb  stm32g4xx_hal_pwr_ex.o [4]
HAL_RCCEx_PeriphCLKConfig
                         0x800'1a1d  0x25c  Code  Gb  stm32g4xx_hal_rcc_ex.o [4]
HAL_RCC_CSSCallback      0x800'4f2d    0x2  Code  Gb  stm32g4xx_hal_rcc.o [4]
HAL_RCC_ClockConfig      0x800'30fd  0x196  Code  Gb  stm32g4xx_hal_rcc.o [4]
HAL_RCC_EnableCSS        0x800'3339    0xc  Code  Gb  stm32g4xx_hal_rcc.o [4]
HAL_RCC_GetHCLKFreq      0x800'32ff    0x6  Code  Gb  stm32g4xx_hal_rcc.o [4]
HAL_RCC_GetPCLK1Freq     0x800'3305   0x1a  Code  Gb  stm32g4xx_hal_rcc.o [4]
HAL_RCC_GetPCLK2Freq     0x800'331f   0x1a  Code  Gb  stm32g4xx_hal_rcc.o [4]
HAL_RCC_GetSysClockFreq
                         0x800'3293   0x6c  Code  Gb  stm32g4xx_hal_rcc.o [4]
HAL_RCC_NMI_IRQHandler   0x800'3345   0x16  Code  Gb  stm32g4xx_hal_rcc.o [4]
HAL_RCC_OscConfig        0x800'2d25  0x3d8  Code  Gb  stm32g4xx_hal_rcc.o [4]
HAL_SYSTICK_Callback     0x800'191d    0x2  Code  Gb  main.o [2]
HAL_SYSTICK_Config       0x800'1f23    0x2  Code  Gb  stm32g4xx_hal_cortex.o [4]
HAL_SYSTICK_IRQHandler   0x800'1f25    0x4  Code  Gb  stm32g4xx_hal_cortex.o [4]
HAL_UARTEx_DisableFifoMode
                         0x800'4e0d   0x3c  Code  Gb  stm32g4xx_hal_uart_ex.o [4]
HAL_UARTEx_RxEventCallback
                         0x800'4f31    0x2  Code  Gb  stm32g4xx_hal_uart.o [4]
HAL_UARTEx_RxFifoFullCallback
                         0x800'4f37    0x2  Code  Gb  stm32g4xx_hal_uart_ex.o [4]
HAL_UARTEx_SetRxFifoThreshold
                         0x800'4e8f   0x46  Code  Gb  stm32g4xx_hal_uart_ex.o [4]
HAL_UARTEx_SetTxFifoThreshold
                         0x800'4e49   0x46  Code  Gb  stm32g4xx_hal_uart_ex.o [4]
HAL_UARTEx_TxFifoEmptyCallback
                         0x800'4f35    0x2  Code  Gb  stm32g4xx_hal_uart_ex.o [4]
HAL_UARTEx_WakeupCallback
                         0x800'4f33    0x2  Code  Gb  stm32g4xx_hal_uart_ex.o [4]
HAL_UART_ErrorCallback   0x800'4f2f    0x2  Code  Gb  stm32g4xx_hal_uart.o [4]
HAL_UART_IRQHandler      0x800'354d  0x2e8  Code  Gb  stm32g4xx_hal_uart.o [4]
HAL_UART_Init            0x800'33e1   0x6a  Code  Gb  stm32g4xx_hal_uart.o [4]
HAL_UART_MspInit         0x800'2b01  0x11e  Code  Gb  usart.o [2]
HAL_UART_Receive_DMA     0x800'34f3   0x5a  Code  Gb  stm32g4xx_hal_uart.o [4]
HAL_UART_RxCpltCallback
                         0x800'516d    0x2  Code  Gb  stm32g4xx_hal_uart.o [4]
HAL_UART_RxHalfCpltCallback
                         0x800'516f    0x2  Code  Gb  stm32g4xx_hal_uart.o [4]
HAL_UART_Transmit_DMA    0x800'344b   0xa8  Code  Gb  stm32g4xx_hal_uart.o [4]
HAL_UART_TxCpltCallback
                         0x800'5169    0x2  Code  Gb  stm32g4xx_hal_uart.o [4]
HAL_UART_TxHalfCpltCallback
                         0x800'516b    0x2  Code  Gb  stm32g4xx_hal_uart.o [4]
HardFault_Handler        0x800'5b55    0x2  Code  Gb  stm32g4xx_it.o [2]
I2C1_ER_IRQHandler       0x800'5b8f    0x6  Code  Gb  stm32g4xx_it.o [2]
I2C1_EV_IRQHandler       0x800'5b89    0x6  Code  Gb  stm32g4xx_it.o [2]
I2C_COMM                 0x800'1031   0xf4  Code  Gb  i2c.o [2]
I2C_COMM::coef          0x2000'0080    0x8  Data  Lc  i2c.o [2]
I2C_DMAAbort             0x800'0c5d   0x18  Code  Lc  stm32g4xx_hal_i2c.o [4]
I2C_Disable_IRQ          0x800'0eb1   0x5c  Code  Lc  stm32g4xx_hal_i2c.o [4]
I2C_FLAG                0x2000'00ca    0x1  Data  Gb  main.o [2]
I2C_Flush_TXDR           0x800'0c3b   0x1e  Code  Lc  stm32g4xx_hal_i2c.o [4]
I2C_ITAddrCplt           0x800'085b   0xb4  Code  Lc  stm32g4xx_hal_i2c.o [4]
I2C_ITError              0x800'0b29   0xf0  Code  Lc  stm32g4xx_hal_i2c.o [4]
I2C_ITListenCplt         0x800'0ac7   0x62  Code  Lc  stm32g4xx_hal_i2c.o [4]
I2C_ITSlaveCplt          0x800'0987  0x140  Code  Lc  stm32g4xx_hal_i2c.o [4]
I2C_ITSlaveSeqCplt       0x800'090f   0x78  Code  Lc  stm32g4xx_hal_i2c.o [4]
I2C_IsErrorOccurred      0x800'0d75  0x104  Code  Lc  stm32g4xx_hal_i2c.o [4]
I2C_RequestMemoryRead    0x800'07e7   0x72  Code  Lc  stm32g4xx_hal_i2c.o [4]
I2C_RequestMemoryWrite   0x800'0771   0x74  Code  Lc  stm32g4xx_hal_i2c.o [4]
I2C_Slave_ISR_IT         0x800'0639  0x138  Code  Lc  stm32g4xx_hal_i2c.o [4]
I2C_TransferConfig       0x800'0e79   0x28  Code  Lc  stm32g4xx_hal_i2c.o [4]
I2C_TreatErrorCallback   0x800'0c19   0x22  Code  Lc  stm32g4xx_hal_i2c.o [4]
I2C_WaitOnFlagUntilTimeout
                         0x800'0c75   0x5c  Code  Lc  stm32g4xx_hal_i2c.o [4]
I2C_WaitOnSTOPFlagUntilTimeout
                         0x800'0d25   0x50  Code  Lc  stm32g4xx_hal_i2c.o [4]
I2C_WaitOnTXISFlagUntilTimeout
                         0x800'0cd1   0x54  Code  Lc  stm32g4xx_hal_i2c.o [4]
INIT_CAN                 0x800'29db   0x54  Code  Gb  fdcan.o [2]
MX_DMA_Init              0x800'22dd   0x50  Code  Gb  dma.o [2]
MX_FDCAN1_Init           0x800'232d   0x7c  Code  Gb  fdcan.o [2]
MX_GPIO_Init             0x800'2275   0x68  Code  Gb  gpio.o [2]
MX_I2C1_Init             0x800'0f0d   0x54  Code  Gb  i2c.o [2]
MX_USART2_UART_Init      0x800'2a95   0x6c  Code  Gb  usart.o [2]
MemManage_Handler        0x800'5b57    0x2  Code  Gb  stm32g4xx_it.o [2]
NMI_Handler              0x800'5b4d    0x8  Code  Gb  stm32g4xx_it.o [2]
NMT_FLAG                0x2000'00c2    0x1  Data  Gb  main.o [2]
NMT_TRANS                0x800'24e3   0x26  Code  Gb  fdcan.o [2]
NMT_state               0x2000'00ce    0x1  Data  Gb  main.o [2]
NVIC_EncodePriority      0x800'1e9d   0x36  Code  Lc  stm32g4xx_hal_cortex.o [4]
Parsing_PDO              0x800'25a9   0x46  Code  Gb  fdcan.o [2]
Parsing_SDO              0x800'2535   0x74  Code  Gb  fdcan.o [2]
Parsing_SDO::error_index
                        0x2000'06b2    0x1  Data  Lc  fdcan.o [2]
PendSV_Handler           0x800'5b61    0x2  Code  Gb  stm32g4xx_it.o [2]
QS_flag                 0x2000'00c1    0x1  Data  Gb  main.o [2]
RCC_GetSysClockFreqFromPLLSource
                         0x800'335b   0x42  Code  Lc  stm32g4xx_hal_rcc.o [4]
READ_STATUS              0x800'2669   0x66  Code  Gb  fdcan.o [2]
Region$$Table$$Base      0x800'5c44          --   Gb  - Linker created -
Region$$Table$$Limit     0x800'5c64          --   Gb  - Linker created -
SEND_FRAME               0x800'260d   0x3a  Code  Gb  fdcan.o [2]
SET_ANGLE_ZERO_FLAG     0x2000'00c5    0x1  Data  Gb  main.o [2]
SET_PDO                  0x800'24bf   0x24  Code  Gb  fdcan.o [2]
SET_SDO                  0x800'2453   0x6c  Code  Gb  fdcan.o [2]
SET_SDO_FLAG            0x2000'00c9    0x1  Data  Gb  main.o [2]
STATUS_FLAG             0x2000'00c4    0x1  Data  Gb  main.o [2]
SVC_Handler              0x800'5b5d    0x2  Code  Gb  stm32g4xx_it.o [2]
SYNC_FRAME               0x800'25ef   0x1e  Code  Gb  fdcan.o [2]
SysTick_Config           0x800'1ed3   0x2e  Code  Lc  stm32g4xx_hal_cortex.o [4]
SysTick_Handler          0x800'5b63    0xe  Code  Gb  stm32g4xx_it.o [2]
SystemClock_Config       0x800'1535   0x76  Code  Gb  main.o [2]
SystemCoreClock         0x2000'0328    0x4  Data  Gb  system_stm32g4xx.o [3]
SystemInit               0x800'5c65    0xc  Code  Gb  system_stm32g4xx.o [3]
TRQ_Calc                 0x800'2701  0x2da  Code  Gb  fdcan.o [2]
TRQ_Calc::torque        0x2000'0000   0x20  Data  Lc  fdcan.o [2]
UARTEx_SetNbDataToProcess
                         0x800'4ed5   0x46  Code  Lc  stm32g4xx_hal_uart_ex.o [4]
UARTEx_SetNbDataToProcess::denominator
                         0x800'4f24    0x8  Data  Lc  stm32g4xx_hal_uart_ex.o [4]
UARTEx_SetNbDataToProcess::numerator
                         0x800'4f1c    0x8  Data  Lc  stm32g4xx_hal_uart_ex.o [4]
UARTPrescTable           0x800'3ae0   0x18  Data  Gb  stm32g4xx_hal_uart.o [4]
UART_AdvFeatureConfig    0x800'3af9   0xc8  Code  Gb  stm32g4xx_hal_uart.o [4]
UART_CheckIdleState      0x800'3bc1   0x64  Code  Gb  stm32g4xx_hal_uart.o [4]
UART_DMAAbortOnError     0x800'3fb5   0x10  Code  Lc  stm32g4xx_hal_uart.o [4]
UART_DMAError            0x800'3f65   0x50  Code  Lc  stm32g4xx_hal_uart.o [4]
UART_DMAReceiveCplt      0x800'3eb9   0x92  Code  Lc  stm32g4xx_hal_uart.o [4]
UART_DMARxHalfCplt       0x800'3f4d   0x18  Code  Lc  stm32g4xx_hal_uart.o [4]
UART_DMATransmitCplt     0x800'3e6d   0x46  Code  Lc  stm32g4xx_hal_uart.o [4]
UART_DMATxHalfCplt       0x800'3eb3    0x6  Code  Lc  stm32g4xx_hal_uart.o [4]
UART_EndRxTransfer       0x800'3de5   0x58  Code  Lc  stm32g4xx_hal_uart.o [4]
UART_EndTransmit_IT      0x800'3fc5   0x22  Code  Lc  stm32g4xx_hal_uart.o [4]
UART_EndTxTransfer       0x800'3daf   0x36  Code  Lc  stm32g4xx_hal_uart.o [4]
UART_FLAG               0x2000'00c0    0x1  Data  Gb  main.o [2]
UART_SetConfig           0x800'3845  0x296  Code  Gb  stm32g4xx_hal_uart.o [4]
UART_Start_Receive_DMA   0x800'3cfb   0xb4  Code  Gb  stm32g4xx_hal_uart.o [4]
UART_WaitOnFlagUntilTimeout
                         0x800'3c25   0xd6  Code  Gb  stm32g4xx_hal_uart.o [4]
USART2_IRQHandler        0x800'5b95    0x6  Code  Gb  stm32g4xx_it.o [2]
UsageFault_Handler       0x800'5b5b    0x2  Code  Gb  stm32g4xx_it.o [2]
_Strtok_ssave           0x2000'06ac    0x4  Data  Lc  strtok.o [5]
__NVIC_EnableIRQ         0x800'1e6d   0x16  Code  Lc  stm32g4xx_hal_cortex.o [4]
__NVIC_GetPriorityGrouping
                         0x800'1e63    0xa  Code  Lc  stm32g4xx_hal_cortex.o [4]
__NVIC_SetPriority       0x800'1e83   0x1a  Code  Lc  stm32g4xx_hal_cortex.o [4]
__NVIC_SetPriorityGrouping
                         0x800'1e49   0x1a  Code  Lc  stm32g4xx_hal_cortex.o [4]
__aeabi_cdrcmple         0x800'4dd9         Code  Gb  DblCmpGe.o [7]
__aeabi_d2f              0x800'21d5         Code  Gb  DblToFlt.o [7]
__aeabi_d2iz             0x800'4da1         Code  Gb  DblToS32.o [7]
__aeabi_dadd             0x800'483d         Code  Gb  DblAddSub.o [7]
__aeabi_ddiv             0x800'1f8d         Code  Gb  DblDiv.o [7]
__aeabi_dmul             0x800'4a9d         Code  Gb  DblMul.o [7]
__aeabi_dsub             0x800'49b9         Code  Gb  DblAddSub.o [7]
__aeabi_f2d              0x800'4d59         Code  Gb  FltToDbl.o [7]
__aeabi_i2d              0x800'1f69         Code  Gb  S32ToDbl.o [7]
__aeabi_ldiv0            0x800'5289         Code  Gb  I64DivZer.o [8]
__aeabi_memset           0x800'5221         Code  Gb  ABImemset.o [8]
__aeabi_memset4          0x800'19e1         Code  Gb  ABImemset48.o [8]
__aeabi_memset8          0x800'19e1         Code  Gb  ABImemset48.o [8]
__aeabi_uldivmod         0x800'4f39         Code  Gb  I64DivMod.o [8]
__cmain                  0x800'5c85         Code  Gb  cmain.o [8]
__exit                   0x800'5cb9   0x14  Code  Gb  exit.o [9]
__iar_Memset             0x800'5221         Code  Gb  ABImemset.o [8]
__iar_Memset4_word       0x800'19e9         Code  Gb  ABImemset48.o [8]
__iar_Memset8_word       0x800'19e9         Code  Gb  ABImemset48.o [8]
__iar_Memset_word        0x800'5229         Code  Gb  ABImemset.o [8]
__iar_data_init3         0x800'5bf9   0x28  Code  Gb  data_init.o [8]
__iar_init_vfp           0x800'5c21         Code  Gb  fpinit_M.o [7]
__iar_lz77_init_single3
                         0x800'5ad5   0x78  Code  Gb  lz77_init_single.o [8]
__iar_program_start      0x800'5ccd         Code  Gb  cstartup_M.o [8]
__iar_zero_init3         0x800'5bc1   0x38  Code  Gb  zero_init3.o [8]
__low_level_init         0x800'5ca3    0x4  Code  Gb  low_level_init.o [5]
__vector_table           0x800'0000         Data  Gb  startup_stm32g431xx.o [1]
_call_main               0x800'5c91         Code  Gb  cmain.o [8]
_exit                    0x800'5cad         Code  Gb  cexit.o [8]
angle                   0x2000'00f8   0x20  Data  Gb  main.o [2]
angle_addr              0x2000'0048    0x2  Data  Gb  i2c.o [2]
angle_i2c               0x2000'004c   0x30  Data  Gb  i2c.o [2]
arm_sin_f32              0x800'4ccd   0x8c  Code  Gb  arm_sin_f32.o [6]
data_temp               0x2000'011c    0x4  Data  Gb  main.o [2]
exit                     0x800'5ca7    0x4  Code  Gb  exit.o [5]
gear_ratio              0x2000'00a0   0x20  Data  Gb  main.o [2]
hcan                    0x2000'0170   0x6c  Data  Gb  fdcan.o [2]
hdma_usart2_rx          0x2000'042c   0x60  Data  Gb  usart.o [2]
hdma_usart2_tx          0x2000'048c   0x60  Data  Gb  usart.o [2]
hfdcan1                 0x2000'05fc   0x64  Data  Gb  fdcan.o [2]
hi2c1                   0x2000'0660   0x4c  Data  Gb  i2c.o [2]
huart2                  0x2000'04ec   0x90  Data  Gb  usart.o [2]
id_cnt                  0x2000'00d1    0x1  Data  Gb  main.o [2]
id_sum                  0x2000'00d0    0x1  Data  Gb  main.o [2]
id_temp                 0x2000'00cc    0x1  Data  Gb  main.o [2]
init_vcp                 0x800'4779   0x16  Code  Gb  serial.o [2]
kk                      0x2000'06b0    0x2  Data  Gb  fdcan.o [2]
l1                      0x2000'0128    0x8  Data  Gb  main.o [2]
l2                      0x2000'0130    0x8  Data  Gb  main.o [2]
length_temp             0x2000'00cd    0x1  Data  Gb  main.o [2]
limit_angle             0x2000'0020   0x10  Data  Gb  fdcan.o [2]
loop_async               0x800'1661  0x186  Code  Gb  main.o [2]
loop_sync                0x800'1639   0x28  Code  Gb  main.o [2]
loop_sync::cnt          0x2000'0120    0x4  Data  Lc  main.o [2]
main                     0x800'150d   0x28  Code  Gb  main.o [2]
max_timeout             0x2000'004a    0x2  Data  Gb  i2c.o [2]
motor                   0x2000'01dc   0x90  Data  Gb  fdcan.o [2]
motor_offset            0x2000'0150   0x20  Data  Gb  main.o [2]
node_id                 0x2000'0098    0x1  Data  Gb  main.o [2]
object                  0x2000'00d4    0x2  Data  Gb  main.o [2]
object_sub              0x2000'00d2    0x2  Data  Gb  main.o [2]
pin_state               0x2000'06b3    0x1  Data  Gb  main.o [2]
prot_info               0x2000'009a    0x2  Data  Gb  main.o [2]
rated_torque            0x2000'0148    0x8  Data  Gb  main.o [2]
run_vcp                  0x800'47a5   0x96  Code  Gb  serial.o [2]
rx_buf                  0x2000'0030   0x18  Data  Gb  i2c.o [2]
serial_available         0x800'4743   0x18  Code  Gb  serial.o [2]
serial_print             0x800'475b   0x1e  Code  Gb  serial.o [2]
serial_read              0x800'4719   0x2a  Code  Gb  serial.o [2]
serial_write             0x800'4705   0x14  Code  Gb  serial.o [2]
setup                    0x800'15ab   0x8e  Code  Gb  main.o [2]
sinTable_f32             0x800'52d0  0x804  Data  Gb  arm_common_tables.o [6]
strcpy                   0x800'5185         Code  Gb  strcpy.o [8]
strcspn                  0x800'52ad   0x22  Code  Gb  strcspn.o [5]
strlen                   0x800'519d         Code  Gb  strlen.o [8]
strspn                   0x800'528b   0x22  Code  Gb  strspn.o [5]
strtok                   0x800'51d5   0x4c  Code  Gb  strtok.o [5]
tick                    0x2000'0118    0x4  Data  Gb  main.o [2]
timer                   0x2000'00cb    0x1  Data  Gb  main.o [2]
tx_buf                  0x2000'0088    0xc  Data  Gb  i2c.o [2]
txfifoemptycheck        0x2000'06b4    0x1  Data  Gb  main.o [2]
uart2_rx_buffer         0x2000'032c  0x100  Data  Gb  usart.o [2]
uart2_tx_buffer         0x2000'057c   0x80  Data  Gb  usart.o [2]
uwTick                  0x2000'031c    0x4  Data  Gb  stm32g4xx_hal.o [4]
uwTickFreq              0x2000'0324    0x4  Data  Gb  stm32g4xx_hal.o [4]
uwTickPrio              0x2000'0320    0x4  Data  Gb  stm32g4xx_hal.o [4]
vcp                     0x2000'026c   0xb0  Data  Gb  serial.o [2]
weight                  0x2000'0138    0x8  Data  Gb  main.o [2]
weight2                 0x2000'0140    0x8  Data  Gb  main.o [2]
zero_angle              0x2000'00d8   0x20  Data  Gb  main.o [2]


[1] = C:\Users\jaesung\MRAS\GitHub\STM32\Projects\Exoskeleton\STM32G431KB_CAN\EWARM\STM32G431KB_CAN\Obj\Application\EWARM
[2] = C:\Users\jaesung\MRAS\GitHub\STM32\Projects\Exoskeleton\STM32G431KB_CAN\EWARM\STM32G431KB_CAN\Obj\Application\User\Core
[3] = C:\Users\jaesung\MRAS\GitHub\STM32\Projects\Exoskeleton\STM32G431KB_CAN\EWARM\STM32G431KB_CAN\Obj\Drivers\CMSIS
[4] = C:\Users\jaesung\MRAS\GitHub\STM32\Projects\Exoskeleton\STM32G431KB_CAN\EWARM\STM32G431KB_CAN\Obj\Drivers\STM32G4xx_HAL_Driver
[5] = dl7M_tlf.a
[6] = iar_cortexM4lf_math.a
[7] = m7M_tls.a
[8] = rt7M_tl.a
[9] = shb_l.a

  21'964 bytes of readonly  code memory
   2'255 bytes of readonly  data memory
   2'741 bytes of readwrite data memory

Errors: none
Warnings: none
