###############################################################################
#
# IAR ELF Linker V9.10.2.313/W64 for ARM                  07/Nov/2023  22:01:55
# Copyright 2007-2021 IAR Systems AB.
#
#    Output file  =
#        C:\Users\jaesung\MRAS\GitHub\STM32\Projects\Exoskeleton\STM32G431KB_CAN\EWARM\STM32G431KB_CAN\Exe\STM32G431KB_CAN.out
#    Map file     =
#        C:\Users\jaesung\MRAS\GitHub\STM32\Projects\Exoskeleton\STM32G431KB_CAN\EWARM\STM32G431KB_CAN\List\STM32G431KB_CAN.map
#    Command line =
#        -f
#        C:\Users\jaesung\MRAS\GitHub\STM32\Projects\Exoskeleton\STM32G431KB_CAN\EWARM\STM32G431KB_CAN\Exe\STM32G431KB_CAN.out.rsp
#        (C:\Users\jaesung\MRAS\GitHub\STM32\Projects\Exoskeleton\STM32G431KB_CAN\EWARM\STM32G431KB_CAN\Obj\Application\EWARM\dlib_lock_glue.o
#        C:\Users\jaesung\MRAS\GitHub\STM32\Projects\Exoskeleton\STM32G431KB_CAN\EWARM\STM32G431KB_CAN\Obj\Application\User\Core\dma.o
#        C:\Users\jaesung\MRAS\GitHub\STM32\Projects\Exoskeleton\STM32G431KB_CAN\EWARM\STM32G431KB_CAN\Obj\Application\User\Core\fdcan.o
#        C:\Users\jaesung\MRAS\GitHub\STM32\Projects\Exoskeleton\STM32G431KB_CAN\EWARM\STM32G431KB_CAN\Obj\Application\User\Core\gpio.o
#        C:\Users\jaesung\MRAS\GitHub\STM32\Projects\Exoskeleton\STM32G431KB_CAN\EWARM\STM32G431KB_CAN\Obj\Application\User\Core\i2c.o
#        C:\Users\jaesung\MRAS\GitHub\STM32\Projects\Exoskeleton\STM32G431KB_CAN\EWARM\STM32G431KB_CAN\Obj\Application\User\Core\main.o
#        C:\Users\jaesung\MRAS\GitHub\STM32\Projects\Exoskeleton\STM32G431KB_CAN\EWARM\STM32G431KB_CAN\Obj\Application\User\Core\serial.o
#        C:\Users\jaesung\MRAS\GitHub\STM32\Projects\Exoskeleton\STM32G431KB_CAN\EWARM\STM32G431KB_CAN\Obj\Application\EWARM\startup_stm32g431xx.o
#        C:\Users\jaesung\MRAS\GitHub\STM32\Projects\Exoskeleton\STM32G431KB_CAN\EWARM\STM32G431KB_CAN\Obj\Drivers\STM32G4xx_HAL_Driver\stm32g4xx_hal.o
#        C:\Users\jaesung\MRAS\GitHub\STM32\Projects\Exoskeleton\STM32G431KB_CAN\EWARM\STM32G431KB_CAN\Obj\Drivers\STM32G4xx_HAL_Driver\stm32g4xx_hal_cortex.o
#        C:\Users\jaesung\MRAS\GitHub\STM32\Projects\Exoskeleton\STM32G431KB_CAN\EWARM\STM32G431KB_CAN\Obj\Drivers\STM32G4xx_HAL_Driver\stm32g4xx_hal_dma.o
#        C:\Users\jaesung\MRAS\GitHub\STM32\Projects\Exoskeleton\STM32G431KB_CAN\EWARM\STM32G431KB_CAN\Obj\Drivers\STM32G4xx_HAL_Driver\stm32g4xx_hal_dma_ex.o
#        C:\Users\jaesung\MRAS\GitHub\STM32\Projects\Exoskeleton\STM32G431KB_CAN\EWARM\STM32G431KB_CAN\Obj\Drivers\STM32G4xx_HAL_Driver\stm32g4xx_hal_exti.o
#        C:\Users\jaesung\MRAS\GitHub\STM32\Projects\Exoskeleton\STM32G431KB_CAN\EWARM\STM32G431KB_CAN\Obj\Drivers\STM32G4xx_HAL_Driver\stm32g4xx_hal_fdcan.o
#        C:\Users\jaesung\MRAS\GitHub\STM32\Projects\Exoskeleton\STM32G431KB_CAN\EWARM\STM32G431KB_CAN\Obj\Drivers\STM32G4xx_HAL_Driver\stm32g4xx_hal_flash.o
#        C:\Users\jaesung\MRAS\GitHub\STM32\Projects\Exoskeleton\STM32G431KB_CAN\EWARM\STM32G431KB_CAN\Obj\Drivers\STM32G4xx_HAL_Driver\stm32g4xx_hal_flash_ex.o
#        C:\Users\jaesung\MRAS\GitHub\STM32\Projects\Exoskeleton\STM32G431KB_CAN\EWARM\STM32G431KB_CAN\Obj\Drivers\STM32G4xx_HAL_Driver\stm32g4xx_hal_flash_ramfunc.o
#        C:\Users\jaesung\MRAS\GitHub\STM32\Projects\Exoskeleton\STM32G431KB_CAN\EWARM\STM32G431KB_CAN\Obj\Drivers\STM32G4xx_HAL_Driver\stm32g4xx_hal_gpio.o
#        C:\Users\jaesung\MRAS\GitHub\STM32\Projects\Exoskeleton\STM32G431KB_CAN\EWARM\STM32G431KB_CAN\Obj\Drivers\STM32G4xx_HAL_Driver\stm32g4xx_hal_i2c.o
#        C:\Users\jaesung\MRAS\GitHub\STM32\Projects\Exoskeleton\STM32G431KB_CAN\EWARM\STM32G431KB_CAN\Obj\Drivers\STM32G4xx_HAL_Driver\stm32g4xx_hal_i2c_ex.o
#        C:\Users\jaesung\MRAS\GitHub\STM32\Projects\Exoskeleton\STM32G431KB_CAN\EWARM\STM32G431KB_CAN\Obj\Application\User\Core\stm32g4xx_hal_msp.o
#        C:\Users\jaesung\MRAS\GitHub\STM32\Projects\Exoskeleton\STM32G431KB_CAN\EWARM\STM32G431KB_CAN\Obj\Drivers\STM32G4xx_HAL_Driver\stm32g4xx_hal_pwr.o
#        C:\Users\jaesung\MRAS\GitHub\STM32\Projects\Exoskeleton\STM32G431KB_CAN\EWARM\STM32G431KB_CAN\Obj\Drivers\STM32G4xx_HAL_Driver\stm32g4xx_hal_pwr_ex.o
#        C:\Users\jaesung\MRAS\GitHub\STM32\Projects\Exoskeleton\STM32G431KB_CAN\EWARM\STM32G431KB_CAN\Obj\Drivers\STM32G4xx_HAL_Driver\stm32g4xx_hal_rcc.o
#        C:\Users\jaesung\MRAS\GitHub\STM32\Projects\Exoskeleton\STM32G431KB_CAN\EWARM\STM32G431KB_CAN\Obj\Drivers\STM32G4xx_HAL_Driver\stm32g4xx_hal_rcc_ex.o
#        C:\Users\jaesung\MRAS\GitHub\STM32\Projects\Exoskeleton\STM32G431KB_CAN\EWARM\STM32G431KB_CAN\Obj\Drivers\STM32G4xx_HAL_Driver\stm32g4xx_hal_tim.o
#        C:\Users\jaesung\MRAS\GitHub\STM32\Projects\Exoskeleton\STM32G431KB_CAN\EWARM\STM32G431KB_CAN\Obj\Drivers\STM32G4xx_HAL_Driver\stm32g4xx_hal_tim_ex.o
#        C:\Users\jaesung\MRAS\GitHub\STM32\Projects\Exoskeleton\STM32G431KB_CAN\EWARM\STM32G431KB_CAN\Obj\Drivers\STM32G4xx_HAL_Driver\stm32g4xx_hal_uart.o
#        C:\Users\jaesung\MRAS\GitHub\STM32\Projects\Exoskeleton\STM32G431KB_CAN\EWARM\STM32G431KB_CAN\Obj\Drivers\STM32G4xx_HAL_Driver\stm32g4xx_hal_uart_ex.o
#        C:\Users\jaesung\MRAS\GitHub\STM32\Projects\Exoskeleton\STM32G431KB_CAN\EWARM\STM32G431KB_CAN\Obj\Application\User\Core\stm32g4xx_it.o
#        C:\Users\jaesung\MRAS\GitHub\STM32\Projects\Exoskeleton\STM32G431KB_CAN\EWARM\STM32G431KB_CAN\Obj\Drivers\CMSIS\system_stm32g4xx.o
#        C:\Users\jaesung\MRAS\GitHub\STM32\Projects\Exoskeleton\STM32G431KB_CAN\EWARM\STM32G431KB_CAN\Obj\Application\User\Core\usart.o
#        C:\Users\jaesung\MRAS\GitHub\STM32\Projects\Exoskeleton\STM32G431KB_CAN\EWARM\STM32G431KB_CAN\Obj\Application\User\Core\utility.o
#        --no_out_extension -o
#        C:\Users\jaesung\MRAS\GitHub\STM32\Projects\Exoskeleton\STM32G431KB_CAN\EWARM\STM32G431KB_CAN\Exe\STM32G431KB_CAN.out
#        --redirect _Printf=_PrintfFullNoMb --redirect _Scanf=_ScanfFullNoMb
#        --map
#        C:\Users\jaesung\MRAS\GitHub\STM32\Projects\Exoskeleton\STM32G431KB_CAN\EWARM\STM32G431KB_CAN\List\STM32G431KB_CAN.map
#        --config
#        C:\Users\jaesung\MRAS\GitHub\STM32\Projects\Exoskeleton\STM32G431KB_CAN\EWARM/stm32g431xx_flash.icf
#        --semihosting --entry __iar_program_start "C:\Program Files\IAR
#        Systems\Embedded Workbench
#        9.0\arm\CMSIS\Lib\IAR\iar_cortexM4lf_math.a" --vfe --threaded_lib
#        --text_out locale)
#
###############################################################################

*******************************************************************************
*** RUNTIME MODEL ATTRIBUTES
***

CppFlavor                     = *
__Heap_Handler                = DLMalloc
__SystemLibrary               = DLib
__dlib_dynamic_initialization = normal
__dlib_version                = 6


*******************************************************************************
*** HEAP SELECTION
***

The advanced heap was selected because the application calls memory
allocation functions outside of system library functions, and there
are calls to deallocation functions in the application.


*******************************************************************************
*** PLACEMENT SUMMARY
***

"A0":  place at address 0x800'0000 { ro section .intvec };
"P1":  place in [from 0x800'0000 to 0x801'ffff] { ro };
define block CSTACK with size = 1'536, alignment = 8 { };
define block HEAP with size = 1K, alignment = 8 { };
"P2":  place in [from 0x2000'0000 to 0x2000'7fff] {
          rw, block CSTACK, block HEAP };
initialize by copy { rw };

  Section                Kind         Address    Size  Object
  -------                ----         -------    ----  ------
"A0":                                           0x1d8
  .intvec                ro code   0x800'0000   0x1d8  startup_stm32g431xx.o [1]
                                 - 0x800'01d8   0x1d8

"P1":                                          0x8b58
  .text                  ro code   0x800'01d8  0x10ec  stm32g4xx_hal_i2c.o [4]
  .text                  ro code   0x800'12c4   0x1b4  i2c.o [2]
  .text                  ro code   0x800'1478     0xc  stm32g4xx_hal.o [4]
  .text                  ro code   0x800'1484   0x3b4  stm32g4xx_hal_dma.o [4]
  .text                  ro code   0x800'1838     0x2  stm32g4xx_hal_i2c.o [4]
  .text                  ro code   0x800'183a     0x2  stm32g4xx_hal_i2c.o [4]
  .text                  ro code   0x800'183c     0x2  stm32g4xx_hal_i2c.o [4]
  .text                  ro code   0x800'183e     0x2  stm32g4xx_hal_i2c.o [4]
  .text                  ro code   0x800'1840     0x2  stm32g4xx_hal_i2c.o [4]
  .text                  ro code   0x800'1842     0x2  stm32g4xx_hal_i2c.o [4]
  .text                  ro code   0x800'1844     0x2  stm32g4xx_hal_i2c.o [4]
  .text                  ro code   0x800'1846     0x2  stm32g4xx_hal_i2c.o [4]
  .text                  ro code   0x800'1848     0x2  stm32g4xx_hal_i2c.o [4]
  .text                  ro code   0x800'184a     0x2  stm32g4xx_hal_i2c.o [4]
  .text                  ro code   0x800'184c   0xa78  main.o [2]
  .text                  ro code   0x800'22c4    0xa4  stm32g4xx_hal_i2c_ex.o [4]
  .text                  ro code   0x800'2368    0x3a  ABImemset48.o [8]
  .text                  ro code   0x800'23a2     0xa  xsprout.o [5]
  .text                  ro code   0x800'23ac   0x268  stm32g4xx_hal_rcc_ex.o [4]
  .text                  ro code   0x800'2614   0x1dc  stm32g4xx_hal_gpio.o [4]
  .text                  ro code   0x800'27f0    0xf8  stm32g4xx_hal_cortex.o [4]
  .text                  ro code   0x800'28e8    0x38  stm32g4xx_hal.o [4]
  .text                  ro code   0x800'2920    0xa0  gpio.o [2]
  .text                  ro code   0x800'29c0    0x70  dma.o [2]
  .text                  ro code   0x800'2a30   0x948  fdcan.o [2]
  .text                  ro code   0x800'3378   0x19c  usart.o [2]
  .text                  ro code   0x800'3514    0xf0  stm32g4xx_hal_pwr_ex.o [4]
  .text                  ro code   0x800'3604   0x6bc  stm32g4xx_hal_rcc.o [4]
  .text                  ro code   0x800'3cc0   0xc10  stm32g4xx_hal_uart.o [4]
  .text                  ro code   0x800'48d0   0x714  stm32g4xx_hal_fdcan.o [4]
  .text                  ro code   0x800'4fe4   0x274  strto32.o [7]
  .text                  ro code   0x800'5258    0x48  FltToDbl.o [7]
  .text                  ro code   0x800'52a0   0x1aa  DblMul.o [7]
  .rodata                const     0x800'544a     0x2  xlocale_c.o [5]
  .text                  ro code   0x800'544c   0x14c  iar_Stoulx.o [5]
  .text                  ro code   0x800'5598   0x25e  DblAddSub.o [7]
  .rodata                const     0x800'57f6     0x2  xlocale_c.o [5]
  .text                  ro code   0x800'57f8    0x68  DblToFlt.o [7]
  .text                  ro code   0x800'5860    0x90  arm_cos_f32.o [6]
  .text                  ro code   0x800'58f0    0x40  sprintf.o [5]
  .text                  ro code   0x800'5930    0x36  strlen.o [8]
  .rodata                const     0x800'5966     0x1  xlocale_c.o [5]
  .text                  ro code   0x800'5968   0x120  serial.o [2]
  .text                  ro code   0x800'5a88    0x28  stm32g4xx_hal.o [4]
  .text                  ro code   0x800'5ab0    0x22  S32ToDbl.o [7]
  .text                  ro code   0x800'5ad4    0x50  stm32g4xx_hal.o [4]
  .text                  ro code   0x800'5b24    0x64  stm32g4xx_hal_msp.o [2]
  .text                  ro code   0x800'5b88   0x246  DblDiv.o [7]
  .text                  ro code   0x800'5dd0    0x80  arm_max_no_idx_f32.o [6]
  .text                  ro code   0x800'5e50    0x34  DblCmpLe.o [7]
  .text                  ro code   0x800'5e84    0x36  DblToS32.o [7]
  .text                  ro code   0x800'5ebc   0x120  stm32g4xx_hal_uart_ex.o [4]
  .text                  ro code   0x800'5fdc     0x2  stm32g4xx_hal_rcc.o [4]
  .text                  ro code   0x800'5fde     0x2  stm32g4xx_hal_uart.o [4]
  .text                  ro code   0x800'5fe0     0x2  stm32g4xx_hal_uart.o [4]
  .text                  ro code   0x800'5fe2     0x2  stm32g4xx_hal_uart_ex.o [4]
  .text                  ro code   0x800'5fe4     0x2  stm32g4xx_hal_uart_ex.o [4]
  .text                  ro code   0x800'5fe6     0x2  stm32g4xx_hal_uart_ex.o [4]
  .text                  ro code   0x800'5fe8   0x230  I64DivMod.o [8]
  .text                  ro code   0x800'6218     0x2  stm32g4xx_hal_uart.o [4]
  .text                  ro code   0x800'621a     0x2  stm32g4xx_hal_uart.o [4]
  .text                  ro code   0x800'621c     0x2  stm32g4xx_hal_uart.o [4]
  .text                  ro code   0x800'621e     0x2  stm32g4xx_hal_uart.o [4]
  .text                  ro code   0x800'6220     0x2  stm32g4xx_hal_fdcan.o [4]
  .text                  ro code   0x800'6222     0x2  stm32g4xx_hal_fdcan.o [4]
  .text                  ro code   0x800'6224     0x2  stm32g4xx_hal_fdcan.o [4]
  .text                  ro code   0x800'6226     0x2  stm32g4xx_hal_fdcan.o [4]
  .text                  ro code   0x800'6228     0x2  stm32g4xx_hal_fdcan.o [4]
  .text                  ro code   0x800'622a     0x2  stm32g4xx_hal_fdcan.o [4]
  .text                  ro code   0x800'622c     0x2  stm32g4xx_hal_fdcan.o [4]
  .text                  ro code   0x800'622e     0x2  stm32g4xx_hal_fdcan.o [4]
  .text                  ro code   0x800'6230     0x2  stm32g4xx_hal_fdcan.o [4]
  .text                  ro code   0x800'6234    0x48  frexpf.o [7]
  .text                  ro code   0x800'627c    0xc4  ldexpf.o [7]
  .text                  ro code   0x800'6340   0x122  iar_Stopfx.o [5]
  .text                  ro code   0x800'6464   0x1b8  iar_Stoflt.o [5]
  .text                  ro code   0x800'661c   0x208  iar_Stoxflt.o [5]
  .text                  ro code   0x800'6824    0x14  isspace.o [5]
  .text                  ro code   0x800'6838    0x14  tolower.o [5]
  .text                  ro code   0x800'684c    0x58  memchr.o [8]
  .text                  ro code   0x800'68a4   0xf2e  xprintffull_nomb.o [5]
  .text                  ro code   0x800'77d4    0x4c  strtok.o [5]
  .text                  ro code   0x800'7820    0x66  ABImemset.o [8]
  .text                  ro code   0x800'7888     0x2  I64DivZer.o [8]
  .text                  ro code   0x800'788a    0x14  isalpha.o [5]
  .text                  ro code   0x800'78a0    0x4c  xlocale_c.o [5]
  .text                  ro code   0x800'78ec    0x16  strchr.o [8]
  .text                  ro code   0x800'7904    0x40  xfail_s.o [5]
  .text                  ro code   0x800'7944    0xa6  ABImemcpy.o [8]
  .text                  ro code   0x800'79ec    0x70  frexp.o [7]
  .text                  ro code   0x800'7a5c    0x34  DblCmpGe.o [7]
  .text                  ro code   0x800'7a90   0x13a  ldexp.o [7]
  .text                  ro code   0x800'7bcc    0x22  DblToU32.o [7]
  .text                  ro code   0x800'7bf0    0x1c  U32ToDbl.o [7]
  .text                  ro code   0x800'7c0c    0x22  strspn.o [5]
  .text                  ro code   0x800'7c2e    0x22  strcspn.o [5]
  .text                  ro code   0x800'7c50     0x6  abort.o [5]
  .text                  ro code   0x800'7c58    0x14  exit.o [9]
  .rodata                const     0x800'7c6c   0x804  arm_common_tables.o [6]
  .text                  ro code   0x800'8470   0x1d4  dlib_lock_glue.o [1]
  .text                  ro code   0x800'8644    0x84  xsyslock_mtx.o [10]
  .text                  ro code   0x800'86c8     0x4  xfiles.o [5]
  .text                  ro code   0x800'86cc    0x14  xlockref.o [5]
  .text                  ro code   0x800'86e0    0xec  stm32g4xx_hal_flash.o [4]
  .text                  ro code   0x800'87cc    0x8c  stm32g4xx_hal_flash_ex.o [4]
  .text                  ro code   0x800'8858     0x2  stm32g4xx_hal_flash.o [4]
  .text                  ro code   0x800'885a     0x2  stm32g4xx_hal_flash.o [4]
  .text                  ro code   0x800'885c    0x8e  stm32g4xx_it.o [2]
  .text                  ro code   0x800'88ec    0x10  stm32g4xx_hal.o [4]
  .text                  ro code   0x800'88fc    0x78  lz77_init_single.o [8]
  .rodata                const     0x800'8974    0x50  iar_Stoulx.o [5]
  .text                  ro code   0x800'89c4    0x38  zero_init3.o [8]
  .text                  ro code   0x800'89fc    0x28  data_init.o [8]
  .text                  ro code   0x800'8a24    0x22  fpinit_M.o [7]
  .iar.init_table        const     0x800'8a48    0x24  - Linker created -
  .text                  ro code   0x800'8a6c    0x20  system_stm32g4xx.o [3]
  .text                  ro code   0x800'8a8c    0x20  cmain_call_ctors.o [8]
  .text                  ro code   0x800'8aac    0x18  cppinit.o [5]
  .text                  ro code   0x800'8ac4    0x1e  cmain.o [8]
  .text                  ro code   0x800'8ae2     0x4  low_level_init.o [5]
  .text                  ro code   0x800'8ae6     0x4  exit.o [5]
  .text                  ro code   0x800'8aec     0xe  cexit.o [8]
  .text                  ro code   0x800'8afc    0x1c  cstartup_M.o [8]
  .text                  ro code   0x800'8b18    0x10  startup_stm32g431xx.o [1]
  .rodata                const     0x800'8b28     0x8  system_stm32g4xx.o [3]
  .rodata                const     0x800'8b30     0x4  serial.o [2]
  .text                  ro code   0x800'8b34     0x4  startup_stm32g431xx.o [1]
  .text                  ro code   0x800'8b38     0x4  startup_stm32g431xx.o [1]
  .text                  ro code   0x800'8b3c     0x4  startup_stm32g431xx.o [1]
  .text                  ro code   0x800'8b40     0x4  startup_stm32g431xx.o [1]
  .text                  ro code   0x800'8b44     0x4  startup_stm32g431xx.o [1]
  .text                  ro code   0x800'8b48     0x4  startup_stm32g431xx.o [1]
  .text                  ro code   0x800'8b4c     0x4  startup_stm32g431xx.o [1]
  .text                  ro code   0x800'8b50     0x4  startup_stm32g431xx.o [1]
  .text                  ro code   0x800'8b54     0x4  startup_stm32g431xx.o [1]
  .text                  ro code   0x800'8b58     0x4  startup_stm32g431xx.o [1]
  .text                  ro code   0x800'8b5c     0x4  startup_stm32g431xx.o [1]
  .text                  ro code   0x800'8b60     0x4  startup_stm32g431xx.o [1]
  .text                  ro code   0x800'8b64     0x4  startup_stm32g431xx.o [1]
  .text                  ro code   0x800'8b68     0x4  startup_stm32g431xx.o [1]
  .text                  ro code   0x800'8b6c     0x4  startup_stm32g431xx.o [1]
  .text                  ro code   0x800'8b70     0x4  startup_stm32g431xx.o [1]
  .text                  ro code   0x800'8b74     0x4  startup_stm32g431xx.o [1]
  .text                  ro code   0x800'8b78     0x4  startup_stm32g431xx.o [1]
  .text                  ro code   0x800'8b7c     0x4  startup_stm32g431xx.o [1]
  .text                  ro code   0x800'8b80     0x4  startup_stm32g431xx.o [1]
  .text                  ro code   0x800'8b84     0x4  startup_stm32g431xx.o [1]
  .text                  ro code   0x800'8b88     0x4  startup_stm32g431xx.o [1]
  .text                  ro code   0x800'8b8c     0x4  startup_stm32g431xx.o [1]
  .text                  ro code   0x800'8b90     0x4  startup_stm32g431xx.o [1]
  .text                  ro code   0x800'8b94     0x4  startup_stm32g431xx.o [1]
  .text                  ro code   0x800'8b98     0x4  startup_stm32g431xx.o [1]
  .text                  ro code   0x800'8b9c     0x4  startup_stm32g431xx.o [1]
  .text                  ro code   0x800'8ba0     0x4  startup_stm32g431xx.o [1]
  .text                  ro code   0x800'8ba4     0x4  startup_stm32g431xx.o [1]
  .text                  ro code   0x800'8ba8     0x4  startup_stm32g431xx.o [1]
  .text                  ro code   0x800'8bac     0x4  startup_stm32g431xx.o [1]
  .text                  ro code   0x800'8bb0     0x4  startup_stm32g431xx.o [1]
  .text                  ro code   0x800'8bb4     0x4  startup_stm32g431xx.o [1]
  .text                  ro code   0x800'8bb8     0x4  startup_stm32g431xx.o [1]
  .text                  ro code   0x800'8bbc     0x4  startup_stm32g431xx.o [1]
  .text                  ro code   0x800'8bc0     0x4  startup_stm32g431xx.o [1]
  .text                  ro code   0x800'8bc4     0x4  startup_stm32g431xx.o [1]
  .text                  ro code   0x800'8bc8     0x4  startup_stm32g431xx.o [1]
  .text                  ro code   0x800'8bcc     0x4  startup_stm32g431xx.o [1]
  .text                  ro code   0x800'8bd0     0x4  startup_stm32g431xx.o [1]
  .text                  ro code   0x800'8bd4     0x4  startup_stm32g431xx.o [1]
  .text                  ro code   0x800'8bd8     0x4  startup_stm32g431xx.o [1]
  .text                  ro code   0x800'8bdc     0x4  startup_stm32g431xx.o [1]
  .text                  ro code   0x800'8be0     0x4  startup_stm32g431xx.o [1]
  .text                  ro code   0x800'8be4     0x4  startup_stm32g431xx.o [1]
  .text                  ro code   0x800'8be8     0x4  startup_stm32g431xx.o [1]
  .text                  ro code   0x800'8bec     0x4  startup_stm32g431xx.o [1]
  .text                  ro code   0x800'8bf0     0x4  startup_stm32g431xx.o [1]
  .text                  ro code   0x800'8bf4     0x4  startup_stm32g431xx.o [1]
  .text                  ro code   0x800'8bf8     0x4  startup_stm32g431xx.o [1]
  .text                  ro code   0x800'8bfc     0x4  startup_stm32g431xx.o [1]
  .text                  ro code   0x800'8c00     0x4  startup_stm32g431xx.o [1]
  .text                  ro code   0x800'8c04     0x4  startup_stm32g431xx.o [1]
  .text                  ro code   0x800'8c08     0x4  startup_stm32g431xx.o [1]
  .text                  ro code   0x800'8c0c     0x4  startup_stm32g431xx.o [1]
  .text                  ro code   0x800'8c10     0x4  startup_stm32g431xx.o [1]
  SHT$$PREINIT_ARRAY               0x800'8c14     0x0  <Block>
  SHT$$INIT_ARRAY                  0x800'8c14     0x4  <Block>
    .init_array          const     0x800'8c14     0x4  dlib_lock_glue.o [1]
  __iar_tls$$INIT_ARRAY            0x800'8c18     0x0  <Block>
  .text                  ro code   0x800'8c18     0x0  cstart_clearlocks.o [8]
  .rodata                const     0x800'8c18     0x0  zero_init3.o [8]
  .rodata                const     0x800'8c18     0x0  lz77_init_single.o [8]
  Initializer bytes      const     0x800'8c18   0x118  <for P2-1>
                                 - 0x800'8d30  0x8b58

"P2", part 1 of 3:                              0x5a0
  P2-1                            0x2000'0000   0x5a0  <Init block>
    .data                inited   0x2000'0000   0x16c  fdcan.o [2]
    .data                inited   0x2000'0170    0x80  fdcan.o [2]
    .data                inited   0x2000'01f0    0x14  fdcan.o [2]
    .data                inited   0x2000'0208    0x84  main.o [2]
    .data                inited   0x2000'0290     0x8  main.o [2]
    .data                inited   0x2000'0298    0x20  main.o [2]
    .data                inited   0x2000'02b8    0x20  main.o [2]
    .data                inited   0x2000'02d8    0x70  main.o [2]
    .data                inited   0x2000'0348    0x81  main.o [2]
    .data                inited   0x2000'03cc     0x4  fdcan.o [2]
    .data                inited   0x2000'03d0    0x10  fdcan.o [2]
    .data                inited   0x2000'03e0    0x60  i2c.o [2]
    .data                inited   0x2000'0440    0xb0  serial.o [2]
    .data                inited   0x2000'04f0     0xc  stm32g4xx_hal.o [4]
    .data                inited   0x2000'04fc    0x20  stm32g4xx_hal_flash.o [4]
    .data                inited   0x2000'051c     0x4  system_stm32g4xx.o [3]
    .data                inited   0x2000'0520    0x38  xlocale_c.o [5]
    .data                inited   0x2000'0558    0x48  xlocale_c.o [5]
                                - 0x2000'05a0   0x5a0

"P2", part 2 of 3:                              0x434
  .bss                   zero     0x2000'05a0   0x100  usart.o [2]
  .bss                   zero     0x2000'06a0    0xc0  i2c.o [2]
  .bss                   zero     0x2000'0760    0xc0  usart.o [2]
  .bss                   zero     0x2000'0820    0x90  usart.o [2]
  .bss                   zero     0x2000'08b0    0x80  usart.o [2]
  .bss                   zero     0x2000'0930    0x64  fdcan.o [2]
  .bss                   zero     0x2000'0994    0x20  xfiles.o [5]
  .bss                   zero     0x2000'09b4    0x10  xsyslock_mtx.o [10]
  .bss                   zero     0x2000'09c4     0x4  dlib_lock_glue.o [1]
  .bss                   zero     0x2000'09c8     0x4  strtok.o [5]
  .bss                   zero     0x2000'09cc     0x4  xfail_s.o [5]
  .bss                   zero     0x2000'09d0     0x1  main.o [2]
                                - 0x2000'09d1   0x431

"P2", part 3 of 3:                              0x624
  .noinit                uninit   0x2000'09d4    0x18  dlib_lock_glue.o [1]
  .noinit                uninit   0x2000'09ec     0xc  dlib_lock_glue.o [1]
  CSTACK                          0x2000'09f8   0x600  <Block>
    CSTACK               uninit   0x2000'09f8   0x600  <Block tail>
                                - 0x2000'0ff8   0x624

Unused ranges:

         From           To      Size
         ----           --      ----
   0x800'8d30   0x801'ffff  0x1'72d0
  0x2000'0ff8  0x2000'7fff    0x7008


*******************************************************************************
*** INIT TABLE
***

          Address      Size
          -------      ----
Zero (__iar_zero_init3)
    1 destination range, total size 0x431:
          0x2000'05a0  0x431

Copy/lz77 (__iar_lz77_init_single3)
    1 source range, total size 0x118 (19% of destination):
           0x800'8c18  0x118
    1 destination range, total size 0x5a0:
          0x2000'0000  0x5a0

Extra (__iar_cstart_call_ctors)



*******************************************************************************
*** MODULE SUMMARY
***

    Module                    ro code  ro data  rw data
    ------                    -------  -------  -------
command line/config:
    ---------------------------------------------------
    Total:

C:\Users\jaesung\MRAS\GitHub\STM32\Projects\Exoskeleton\STM32G431KB_CAN\EWARM\STM32G431KB_CAN\Obj\Application\EWARM: [1]
    dlib_lock_glue.o              468        4       40
    startup_stm32g431xx.o         712
    ---------------------------------------------------
    Total:                      1'180        4       40

C:\Users\jaesung\MRAS\GitHub\STM32\Projects\Exoskeleton\STM32G431KB_CAN\EWARM\STM32G431KB_CAN\Obj\Application\User\Core: [2]
    dma.o                         112
    fdcan.o                     2'376      104      632
    gpio.o                        160
    i2c.o                         436       19      288
    main.o                      2'680       88      446
    serial.o                      288       38      176
    stm32g4xx_hal_msp.o           100
    stm32g4xx_it.o                142
    usart.o                       412               720
    ---------------------------------------------------
    Total:                      6'706      249    2'262

C:\Users\jaesung\MRAS\GitHub\STM32\Projects\Exoskeleton\STM32G431KB_CAN\EWARM\STM32G431KB_CAN\Obj\Drivers\CMSIS: [3]
    system_stm32g4xx.o             32        9        4
    ---------------------------------------------------
    Total:                         32        9        4

C:\Users\jaesung\MRAS\GitHub\STM32\Projects\Exoskeleton\STM32G431KB_CAN\EWARM\STM32G431KB_CAN\Obj\Drivers\STM32G4xx_HAL_Driver: [4]
    stm32g4xx_hal.o               204        3       12
    stm32g4xx_hal_cortex.o        248
    stm32g4xx_hal_dma.o           948
    stm32g4xx_hal_fdcan.o       1'830
    stm32g4xx_hal_flash.o         240        6       32
    stm32g4xx_hal_flash_ex.o      140
    stm32g4xx_hal_gpio.o          476
    stm32g4xx_hal_i2c.o         4'352
    stm32g4xx_hal_i2c_ex.o        164
    stm32g4xx_hal_pwr_ex.o        240
    stm32g4xx_hal_rcc.o         1'726
    stm32g4xx_hal_rcc_ex.o        616
    stm32g4xx_hal_uart.o        3'100
    stm32g4xx_hal_uart_ex.o       294
    ---------------------------------------------------
    Total:                     14'578        9       44

dl7M_tlf.a: [5]
    abort.o                         6
    cppinit.o                      24
    exit.o                          4
    iar_Stoflt.o                  440
    iar_Stopfx.o                  290
    iar_Stoulx.o                  332       80
    iar_Stoxflt.o                 520
    isalpha.o                      20
    isspace.o                      20
    low_level_init.o                4
    sprintf.o                      64
    strcspn.o                      34
    strspn.o                       34
    strtok.o                       76                 4
    tolower.o                      20
    xfail_s.o                      64                 4
    xfiles.o                        4                32
    xlocale_c.o                    76       30      128
    xlockref.o                     20
    xprintffull_nomb.o          3'886
    xsprout.o                      10
    ---------------------------------------------------
    Total:                      5'948      110      168

iar_cortexM4lf_math.a: [6]
    arm_common_tables.o                  2'052
    arm_cos_f32.o                 144
    arm_max_no_idx_f32.o          128
    ---------------------------------------------------
    Total:                        272    2'052

m7M_tls.a: [7]
    DblAddSub.o                   606
    DblCmpGe.o                     52
    DblCmpLe.o                     52
    DblDiv.o                      582
    DblMul.o                      426
    DblToFlt.o                    104
    DblToS32.o                     54
    DblToU32.o                     34
    FltToDbl.o                     72
    S32ToDbl.o                     34
    U32ToDbl.o                     28
    fpinit_M.o                     34
    frexp.o                       112
    frexpf.o                       72
    ldexp.o                       314
    ldexpf.o                      196
    strto32.o                     628
    ---------------------------------------------------
    Total:                      3'400

rt7M_tl.a: [8]
    ABImemcpy.o                   166
    ABImemset.o                   102
    ABImemset48.o                  58
    I64DivMod.o                   560
    I64DivZer.o                     2
    cexit.o                        14
    cmain.o                        30
    cmain_call_ctors.o             32
    cstart_clearlocks.o
    cstartup_M.o                   28
    data_init.o                    40
    lz77_init_single.o            120
    memchr.o                       88
    strchr.o                       22
    strlen.o                       54
    zero_init3.o                   56
    ---------------------------------------------------
    Total:                      1'372

shb_l.a: [9]
    exit.o                         20
    ---------------------------------------------------
    Total:                         20

th7M_tlf.a: [10]
    xsyslock_mtx.o                132                16
    ---------------------------------------------------
    Total:                        132                16

    Gaps                           33        2       15
    Linker created                          36    1'536
-------------------------------------------------------
    Grand Total:               33'673    2'471    4'085


*******************************************************************************
*** ENTRY LIST
***

Entry                       Address   Size  Type      Object
-----                       -------   ----  ----      ------
.iar.init_table$$Base    0x800'8a48          --   Gb  - Linker created -
.iar.init_table$$Limit   0x800'8a6c          --   Gb  - Linker created -
?main                    0x800'8ac5         Code  Gb  cmain.o [8]
AHBPrescTable            0x800'8a7c   0x10  Data  Gb  system_stm32g4xx.o [3]
ANGLE_FLAG              0x2000'020f    0x1  Data  Gb  main.o [2]
APBPrescTable            0x800'8b28    0x8  Data  Gb  system_stm32g4xx.o [3]
BusFault_Handler         0x800'8869    0x2  Code  Gb  stm32g4xx_it.o [2]
CAN_cnt                 0x2000'0284    0x4  Data  Gb  main.o [2]
CLEAR_ERROR_FLAG        0x2000'0210    0x1  Data  Gb  main.o [2]
CSTACK$$Base            0x2000'09f8          --   Gb  - Linker created -
CSTACK$$Limit           0x2000'0ff8          --   Gb  - Linker created -
CST_mode                0x2000'03cc    0x4  Data  Gb  fdcan.o [2]
Check_status             0x800'32c1   0x8a  Code  Gb  fdcan.o [2]
Clear_Device_Errors      0x800'305b   0x2e  Code  Gb  fdcan.o [2]
DLCtoBytes               0x800'4fd4   0x10  Data  Lc  stm32g4xx_hal_fdcan.o [4]
DMA1_Channel1_IRQHandler
                         0x800'8887    0x6  Code  Gb  stm32g4xx_it.o [2]
DMA1_Channel2_IRQHandler
                         0x800'888d    0x6  Code  Gb  stm32g4xx_it.o [2]
DMA1_Channel3_IRQHandler
                         0x800'8893    0x6  Code  Gb  stm32g4xx_it.o [2]
DMA1_Channel4_IRQHandler
                         0x800'8899    0x6  Code  Gb  stm32g4xx_it.o [2]
DMA_CalcDMAMUXChannelBaseAndMask
                         0x800'17c5   0x34  Code  Lc  stm32g4xx_hal_dma.o [4]
DMA_CalcDMAMUXRequestGenBaseAndMask
                         0x800'17f9   0x1c  Code  Lc  stm32g4xx_hal_dma.o [4]
DMA_SetConfig            0x800'1783   0x42  Code  Lc  stm32g4xx_hal_dma.o [4]
DS_FLAG                 0x2000'020c    0x1  Data  Gb  main.o [2]
DS_TRANS                 0x800'2c3f   0x74  Code  Gb  fdcan.o [2]
DS_state                0x2000'021b    0x1  Data  Gb  main.o [2]
DebugMon_Handler         0x800'886f    0x2  Code  Gb  stm32g4xx_it.o [2]
Dtentox                  0x800'4fe5  0x14a  Code  Lc  strto32.o [7]
ERROR_FLAG              0x2000'0214    0x1  Data  Gb  main.o [2]
EXTI15_10_IRQHandler     0x800'88e1    0x8  Code  Gb  stm32g4xx_it.o [2]
EXTI9_5_IRQHandler       0x800'88ab    0x8  Code  Gb  stm32g4xx_it.o [2]
Error_Handler            0x800'2253   0x28  Code  Gb  main.o [2]
FA_limit_angle          0x2000'01a0   0x10  Data  Gb  fdcan.o [2]
FDCAN1_IT0_IRQHandler    0x800'889f    0x6  Code  Gb  stm32g4xx_it.o [2]
FDCAN1_IT1_IRQHandler    0x800'88a5    0x6  Code  Gb  stm32g4xx_it.o [2]
FDCAN_CalcultateRamBlockAddresses
                         0x800'4ef1   0x54  Code  Lc  stm32g4xx_hal_fdcan.o [4]
FDCAN_CopyMessageToRAM   0x800'4f65   0x70  Code  Lc  stm32g4xx_hal_fdcan.o [4]
FLASH_FlushCaches        0x800'87f3   0x58  Code  Gb  stm32g4xx_hal_flash_ex.o [4]
FLASH_IRQHandler         0x800'8881    0x4  Code  Gb  stm32g4xx_it.o [2]
FLASH_PageErase          0x800'87cd   0x26  Code  Gb  stm32g4xx_hal_flash_ex.o [4]
FPU_IRQHandler           0x800'88e9    0x2  Code  Gb  stm32g4xx_it.o [2]
GET_Angle                0x800'2feb   0x70  Code  Gb  fdcan.o [2]
GET_SDO                  0x800'2f03   0x24  Code  Gb  fdcan.o [2]
GET_SDO_FLAG            0x2000'0211    0x1  Data  Gb  main.o [2]
HAL_DMA_Abort            0x800'15d3   0x6c  Code  Gb  stm32g4xx_hal_dma.o [4]
HAL_DMA_Abort_IT         0x800'163f   0x7a  Code  Gb  stm32g4xx_hal_dma.o [4]
HAL_DMA_GetState         0x800'177d    0x6  Code  Gb  stm32g4xx_hal_dma.o [4]
HAL_DMA_IRQHandler       0x800'16b9   0xc4  Code  Gb  stm32g4xx_hal_dma.o [4]
HAL_DMA_Init             0x800'1485   0xc2  Code  Gb  stm32g4xx_hal_dma.o [4]
HAL_DMA_Start_IT         0x800'1547   0x8c  Code  Gb  stm32g4xx_hal_dma.o [4]
HAL_Delay                0x800'5a89   0x28  Code  Gb  stm32g4xx_hal.o [4]
HAL_FDCAN_ActivateNotification
                         0x800'4c77   0xec  Code  Gb  stm32g4xx_hal_fdcan.o [4]
HAL_FDCAN_AddMessageToTxFifoQ
                         0x800'4b0b   0x52  Code  Gb  stm32g4xx_hal_fdcan.o [4]
HAL_FDCAN_ConfigFilter   0x800'4a89   0x58  Code  Gb  stm32g4xx_hal_fdcan.o [4]
HAL_FDCAN_ErrorCallback
                         0x800'6231    0x2  Code  Gb  stm32g4xx_hal_fdcan.o [4]
HAL_FDCAN_ErrorStatusCallback
                         0x800'622f    0x2  Code  Gb  stm32g4xx_hal_fdcan.o [4]
HAL_FDCAN_GetRxFifoFillLevel
                         0x800'4c53   0x18  Code  Gb  stm32g4xx_hal_fdcan.o [4]
HAL_FDCAN_GetRxMessage   0x800'4b5d   0xf6  Code  Gb  stm32g4xx_hal_fdcan.o [4]
HAL_FDCAN_GetTxFifoFreeLevel
                         0x800'4c6b    0xc  Code  Gb  stm32g4xx_hal_fdcan.o [4]
HAL_FDCAN_HighPriorityMessageCallback
                         0x800'6221    0x2  Code  Gb  stm32g4xx_hal_fdcan.o [4]
HAL_FDCAN_IRQHandler     0x800'4d63  0x18e  Code  Gb  stm32g4xx_hal_fdcan.o [4]
HAL_FDCAN_Init           0x800'48d1  0x1b0  Code  Gb  stm32g4xx_hal_fdcan.o [4]
HAL_FDCAN_MspInit        0x800'2aad   0xaa  Code  Gb  fdcan.o [2]
HAL_FDCAN_RxFifo0Callback
                         0x800'1ed3   0xb6  Code  Gb  main.o [2]
HAL_FDCAN_RxFifo1Callback
                         0x800'6227    0x2  Code  Gb  stm32g4xx_hal_fdcan.o [4]
HAL_FDCAN_Start          0x800'4ae1   0x2a  Code  Gb  stm32g4xx_hal_fdcan.o [4]
HAL_FDCAN_TimeoutOccurredCallback
                         0x800'622d    0x2  Code  Gb  stm32g4xx_hal_fdcan.o [4]
HAL_FDCAN_TimestampWraparoundCallback
                         0x800'622b    0x2  Code  Gb  stm32g4xx_hal_fdcan.o [4]
HAL_FDCAN_TxBufferAbortCallback
                         0x800'6223    0x2  Code  Gb  stm32g4xx_hal_fdcan.o [4]
HAL_FDCAN_TxBufferCompleteCallback
                         0x800'6229    0x2  Code  Gb  stm32g4xx_hal_fdcan.o [4]
HAL_FDCAN_TxEventFifoCallback
                         0x800'6225    0x2  Code  Gb  stm32g4xx_hal_fdcan.o [4]
HAL_FDCAN_TxFifoEmptyCallback
                         0x800'1ec7    0xc  Code  Gb  main.o [2]
HAL_FLASH_EndOfOperationCallback
                         0x800'885b    0x2  Code  Gb  stm32g4xx_hal_flash.o [4]
HAL_FLASH_IRQHandler     0x800'86e1   0xe2  Code  Gb  stm32g4xx_hal_flash.o [4]
HAL_FLASH_OperationErrorCallback
                         0x800'8859    0x2  Code  Gb  stm32g4xx_hal_flash.o [4]
HAL_GPIO_EXTI_Callback   0x800'1f8b   0xa8  Code  Gb  main.o [2]
HAL_GPIO_EXTI_IRQHandler
                         0x800'27b9   0x12  Code  Gb  stm32g4xx_hal_gpio.o [4]
HAL_GPIO_Init            0x800'2615  0x194  Code  Gb  stm32g4xx_hal_gpio.o [4]
HAL_GPIO_ReadPin         0x800'27a9   0x10  Code  Gb  stm32g4xx_hal_gpio.o [4]
HAL_GetTick              0x800'1479    0xc  Code  Gb  stm32g4xx_hal.o [4]
HAL_I2CEx_ConfigAnalogFilter
                         0x800'22c5   0x54  Code  Gb  stm32g4xx_hal_i2c_ex.o [4]
HAL_I2CEx_ConfigDigitalFilter
                         0x800'2319   0x50  Code  Gb  stm32g4xx_hal_i2c_ex.o [4]
HAL_I2C_AbortCpltCallback
                         0x800'1849    0x2  Code  Gb  stm32g4xx_hal_i2c.o [4]
HAL_I2C_AddrCallback     0x800'1839    0x2  Code  Gb  stm32g4xx_hal_i2c.o [4]
HAL_I2C_ER_IRQHandler    0x800'0521   0x62  Code  Gb  stm32g4xx_hal_i2c.o [4]
HAL_I2C_EV_IRQHandler    0x800'0511   0x10  Code  Gb  stm32g4xx_hal_i2c.o [4]
HAL_I2C_ErrorCallback    0x800'184b    0x2  Code  Gb  stm32g4xx_hal_i2c.o [4]
HAL_I2C_GetError         0x800'0589    0x4  Code  Gb  stm32g4xx_hal_i2c.o [4]
HAL_I2C_GetState         0x800'0583    0x6  Code  Gb  stm32g4xx_hal_i2c.o [4]
HAL_I2C_Init             0x800'01d9   0xb2  Code  Gb  stm32g4xx_hal_i2c.o [4]
HAL_I2C_ListenCpltCallback
                         0x800'1847    0x2  Code  Gb  stm32g4xx_hal_i2c.o [4]
HAL_I2C_MasterRxCpltCallback
                         0x800'183d    0x2  Code  Gb  stm32g4xx_hal_i2c.o [4]
HAL_I2C_MasterTxCpltCallback
                         0x800'183b    0x2  Code  Gb  stm32g4xx_hal_i2c.o [4]
HAL_I2C_MemRxCpltCallback
                         0x800'1845    0x2  Code  Gb  stm32g4xx_hal_i2c.o [4]
HAL_I2C_MemTxCpltCallback
                         0x800'1843    0x2  Code  Gb  stm32g4xx_hal_i2c.o [4]
HAL_I2C_Mem_Read_DMA     0x800'03c1  0x136  Code  Gb  stm32g4xx_hal_i2c.o [4]
HAL_I2C_Mem_Write_DMA    0x800'028b  0x132  Code  Gb  stm32g4xx_hal_i2c.o [4]
HAL_I2C_MspInit          0x800'1319  0x142  Code  Gb  i2c.o [2]
HAL_I2C_SlaveRxCpltCallback
                         0x800'1841    0x2  Code  Gb  stm32g4xx_hal_i2c.o [4]
HAL_I2C_SlaveTxCpltCallback
                         0x800'183f    0x2  Code  Gb  stm32g4xx_hal_i2c.o [4]
HAL_IncTick              0x800'88ed   0x10  Code  Gb  stm32g4xx_hal.o [4]
HAL_Init                 0x800'28e9   0x32  Code  Gb  stm32g4xx_hal.o [4]
HAL_InitTick             0x800'5ad5   0x50  Code  Gb  stm32g4xx_hal.o [4]
HAL_MspInit              0x800'5b25   0x64  Code  Gb  stm32g4xx_hal_msp.o [2]
HAL_NVIC_EnableIRQ       0x800'28c9    0x2  Code  Gb  stm32g4xx_hal_cortex.o [4]
HAL_NVIC_SetPriority     0x800'28ab   0x1e  Code  Gb  stm32g4xx_hal_cortex.o [4]
HAL_NVIC_SetPriorityGrouping
                         0x800'28a9    0x2  Code  Gb  stm32g4xx_hal_cortex.o [4]
HAL_PWREx_ControlVoltageScaling
                         0x800'3515   0xd0  Code  Gb  stm32g4xx_hal_pwr_ex.o [4]
HAL_PWREx_DisableUCPDDeadBattery
                         0x800'35e5    0xc  Code  Gb  stm32g4xx_hal_pwr_ex.o [4]
HAL_RCCEx_PeriphCLKConfig
                         0x800'23ad  0x25c  Code  Gb  stm32g4xx_hal_rcc_ex.o [4]
HAL_RCC_CSSCallback      0x800'5fdd    0x2  Code  Gb  stm32g4xx_hal_rcc.o [4]
HAL_RCC_ClockConfig      0x800'39dd  0x196  Code  Gb  stm32g4xx_hal_rcc.o [4]
HAL_RCC_EnableCSS        0x800'3c19    0xc  Code  Gb  stm32g4xx_hal_rcc.o [4]
HAL_RCC_GetHCLKFreq      0x800'3bdf    0x6  Code  Gb  stm32g4xx_hal_rcc.o [4]
HAL_RCC_GetPCLK1Freq     0x800'3be5   0x1a  Code  Gb  stm32g4xx_hal_rcc.o [4]
HAL_RCC_GetPCLK2Freq     0x800'3bff   0x1a  Code  Gb  stm32g4xx_hal_rcc.o [4]
HAL_RCC_GetSysClockFreq
                         0x800'3b73   0x6c  Code  Gb  stm32g4xx_hal_rcc.o [4]
HAL_RCC_NMI_IRQHandler   0x800'3c25   0x16  Code  Gb  stm32g4xx_hal_rcc.o [4]
HAL_RCC_OscConfig        0x800'3605  0x3d8  Code  Gb  stm32g4xx_hal_rcc.o [4]
HAL_SYSTICK_Callback     0x800'1f89    0x2  Code  Gb  main.o [2]
HAL_SYSTICK_Config       0x800'28cb    0x2  Code  Gb  stm32g4xx_hal_cortex.o [4]
HAL_SYSTICK_IRQHandler   0x800'28cd    0x4  Code  Gb  stm32g4xx_hal_cortex.o [4]
HAL_UARTEx_DisableFifoMode
                         0x800'5ebd   0x3c  Code  Gb  stm32g4xx_hal_uart_ex.o [4]
HAL_UARTEx_RxEventCallback
                         0x800'5fe1    0x2  Code  Gb  stm32g4xx_hal_uart.o [4]
HAL_UARTEx_RxFifoFullCallback
                         0x800'5fe7    0x2  Code  Gb  stm32g4xx_hal_uart_ex.o [4]
HAL_UARTEx_SetRxFifoThreshold
                         0x800'5f3f   0x46  Code  Gb  stm32g4xx_hal_uart_ex.o [4]
HAL_UARTEx_SetTxFifoThreshold
                         0x800'5ef9   0x46  Code  Gb  stm32g4xx_hal_uart_ex.o [4]
HAL_UARTEx_TxFifoEmptyCallback
                         0x800'5fe5    0x2  Code  Gb  stm32g4xx_hal_uart_ex.o [4]
HAL_UARTEx_WakeupCallback
                         0x800'5fe3    0x2  Code  Gb  stm32g4xx_hal_uart_ex.o [4]
HAL_UART_ErrorCallback   0x800'5fdf    0x2  Code  Gb  stm32g4xx_hal_uart.o [4]
HAL_UART_IRQHandler      0x800'3e2d  0x2e8  Code  Gb  stm32g4xx_hal_uart.o [4]
HAL_UART_Init            0x800'3cc1   0x6a  Code  Gb  stm32g4xx_hal_uart.o [4]
HAL_UART_MspInit         0x800'33e1  0x11e  Code  Gb  usart.o [2]
HAL_UART_Receive_DMA     0x800'3dd3   0x5a  Code  Gb  stm32g4xx_hal_uart.o [4]
HAL_UART_RxCpltCallback
                         0x800'621d    0x2  Code  Gb  stm32g4xx_hal_uart.o [4]
HAL_UART_RxHalfCpltCallback
                         0x800'621f    0x2  Code  Gb  stm32g4xx_hal_uart.o [4]
HAL_UART_Transmit_DMA    0x800'3d2b   0xa8  Code  Gb  stm32g4xx_hal_uart.o [4]
HAL_UART_TxCpltCallback
                         0x800'6219    0x2  Code  Gb  stm32g4xx_hal_uart.o [4]
HAL_UART_TxHalfCpltCallback
                         0x800'621b    0x2  Code  Gb  stm32g4xx_hal_uart.o [4]
HardFault_Handler        0x800'8865    0x2  Code  Gb  stm32g4xx_it.o [2]
I2C1_ER_IRQHandler       0x800'88b9    0x6  Code  Gb  stm32g4xx_it.o [2]
I2C1_EV_IRQHandler       0x800'88b3    0x6  Code  Gb  stm32g4xx_it.o [2]
I2C_DMAAbort             0x800'0ffd   0x18  Code  Lc  stm32g4xx_hal_i2c.o [4]
I2C_DMAError             0x800'0fed   0x10  Code  Lc  stm32g4xx_hal_i2c.o [4]
I2C_DMAMasterReceiveCplt
                         0x800'0f89   0x60  Code  Lc  stm32g4xx_hal_i2c.o [4]
I2C_DMAMasterTransmitCplt
                         0x800'0f29   0x60  Code  Lc  stm32g4xx_hal_i2c.o [4]
I2C_DMA_COMM             0x800'2033  0x220  Code  Gb  main.o [2]
I2C_DMA_COMM::coef1     0x2000'03b8    0x8  Data  Lc  main.o [2]
I2C_DMA_COMM::coef2     0x2000'03c0    0x8  Data  Lc  main.o [2]
I2C_Disable_IRQ          0x800'1269   0x5c  Code  Lc  stm32g4xx_hal_i2c.o [4]
I2C_Enable_IRQ           0x800'11f1   0x60  Code  Lc  stm32g4xx_hal_i2c.o [4]
I2C_FLAG                0x2000'0215    0x1  Data  Gb  main.o [2]
I2C_Flush_TXDR           0x800'0f0b   0x1e  Code  Lc  stm32g4xx_hal_i2c.o [4]
I2C_ITAddrCplt           0x800'09dd   0xb4  Code  Lc  stm32g4xx_hal_i2c.o [4]
I2C_ITError              0x800'0df9   0xf0  Code  Lc  stm32g4xx_hal_i2c.o [4]
I2C_ITListenCplt         0x800'0d97   0x62  Code  Lc  stm32g4xx_hal_i2c.o [4]
I2C_ITMasterCplt         0x800'0b5f   0xf8  Code  Lc  stm32g4xx_hal_i2c.o [4]
I2C_ITMasterSeqCplt      0x800'0a91   0x56  Code  Lc  stm32g4xx_hal_i2c.o [4]
I2C_ITSlaveCplt          0x800'0c57  0x140  Code  Lc  stm32g4xx_hal_i2c.o [4]
I2C_ITSlaveSeqCplt       0x800'0ae7   0x78  Code  Lc  stm32g4xx_hal_i2c.o [4]
I2C_IsErrorOccurred      0x800'10c5  0x104  Code  Lc  stm32g4xx_hal_i2c.o [4]
I2C_Master_ISR_DMA       0x800'06c9  0x11c  Code  Lc  stm32g4xx_hal_i2c.o [4]
I2C_RequestMemoryRead    0x800'0969   0x72  Code  Lc  stm32g4xx_hal_i2c.o [4]
I2C_RequestMemoryWrite   0x800'08f3   0x74  Code  Lc  stm32g4xx_hal_i2c.o [4]
I2C_Slave_ISR_DMA        0x800'07e5  0x10e  Code  Lc  stm32g4xx_hal_i2c.o [4]
I2C_Slave_ISR_IT         0x800'0591  0x138  Code  Lc  stm32g4xx_hal_i2c.o [4]
I2C_TRQ_FLAG            0x2000'0213    0x1  Data  Gb  main.o [2]
I2C_TransferConfig       0x800'11c9   0x28  Code  Lc  stm32g4xx_hal_i2c.o [4]
I2C_TreatErrorCallback   0x800'0ee9   0x22  Code  Lc  stm32g4xx_hal_i2c.o [4]
I2C_WaitOnFlagUntilTimeout
                         0x800'1015   0x5c  Code  Lc  stm32g4xx_hal_i2c.o [4]
I2C_WaitOnTXISFlagUntilTimeout
                         0x800'1071   0x54  Code  Lc  stm32g4xx_hal_i2c.o [4]
INIT_CAN                 0x800'31a5  0x110  Code  Gb  fdcan.o [2]
MX_DMA_Init              0x800'29c1   0x70  Code  Gb  dma.o [2]
MX_FDCAN1_Init           0x800'2a31   0x7c  Code  Gb  fdcan.o [2]
MX_GPIO_Init             0x800'2921   0xa0  Code  Gb  gpio.o [2]
MX_I2C1_Init             0x800'12c5   0x54  Code  Gb  i2c.o [2]
MX_USART2_UART_Init      0x800'3379   0x68  Code  Gb  usart.o [2]
MemManage_Handler        0x800'8867    0x2  Code  Gb  stm32g4xx_it.o [2]
NMI_Handler              0x800'885d    0x8  Code  Gb  stm32g4xx_it.o [2]
NMT_FLAG                0x2000'020b    0x1  Data  Gb  main.o [2]
NMT_TRANS                0x800'2c15   0x2a  Code  Gb  fdcan.o [2]
NMT_state               0x2000'021a    0x1  Data  Gb  main.o [2]
NVIC_EncodePriority      0x800'2845   0x36  Code  Lc  stm32g4xx_hal_cortex.o [4]
Parsing_PDO              0x800'2d9d   0x76  Code  Gb  fdcan.o [2]
Parsing_SDO              0x800'2cb3   0xea  Code  Gb  fdcan.o [2]
PendSV_Handler           0x800'8871    0x2  Code  Gb  stm32g4xx_it.o [2]
QS_flag                 0x2000'020a    0x1  Data  Gb  main.o [2]
RCC_GetSysClockFreqFromPLLSource
                         0x800'3c3b   0x42  Code  Lc  stm32g4xx_hal_rcc.o [4]
RCC_IRQHandler           0x800'8885    0x2  Code  Gb  stm32g4xx_it.o [2]
READ_STATUS              0x800'2f27   0xc4  Code  Gb  fdcan.o [2]
RECV_FLAG               0x2000'03d0    0x1  Data  Gb  fdcan.o [2]
Region$$Table$$Base      0x800'8a48          --   Gb  - Linker created -
Region$$Table$$Limit     0x800'8a6c          --   Gb  - Linker created -
SEND_FRAME               0x800'2e31   0xd2  Code  Gb  fdcan.o [2]
SET_ANGLE_ZERO_FLAG     0x2000'020e    0x1  Data  Gb  main.o [2]
SET_PDO                  0x800'2bc7   0x4e  Code  Gb  fdcan.o [2]
SET_SDO                  0x800'2b57   0x70  Code  Gb  fdcan.o [2]
SET_SDO_FLAG            0x2000'0212    0x1  Data  Gb  main.o [2]
SET_ZERO_BTN            0x2000'021f    0x1  Data  Gb  main.o [2]
SHT$$INIT_ARRAY$$Base    0x800'8c14          --   Gb  - Linker created -
SHT$$INIT_ARRAY$$Limit   0x800'8c18          --   Gb  - Linker created -
SHT$$PREINIT_ARRAY$$Base
                         0x800'8c14          --   Gb  - Linker created -
SHT$$PREINIT_ARRAY$$Limit
                         0x800'8c14          --   Gb  - Linker created -
STATUS_FLAG             0x2000'020d    0x1  Data  Gb  main.o [2]
SVC_Handler              0x800'886d    0x2  Code  Gb  stm32g4xx_it.o [2]
SYNC_FRAME               0x800'2e13   0x1e  Code  Gb  fdcan.o [2]
SysTick_Config           0x800'287b   0x2e  Code  Lc  stm32g4xx_hal_cortex.o [4]
SysTick_Handler          0x800'8873    0xe  Code  Gb  stm32g4xx_it.o [2]
SystemClock_Config       0x800'1875   0x76  Code  Gb  main.o [2]
SystemCoreClock         0x2000'051c    0x4  Data  Gb  system_stm32g4xx.o [3]
SystemInit               0x800'8a6d    0xc  Code  Gb  system_stm32g4xx.o [3]
TRQ_Calc_2::trq_cnt_new
                        0x2000'017a    0x2  Data  Lc  fdcan.o [2]
TRQ_Calc_2::trq_cnt_old
                        0x2000'0178    0x2  Data  Lc  fdcan.o [2]
TRQ_Calc_3               0x800'30c5   0xd6  Code  Gb  fdcan.o [2]
TRQ_Calc_3::pos_old     0x2000'0200    0x4  Data  Lc  fdcan.o [2]
TRQ_OFF_FLAG            0x2000'0171    0x1  Data  Gb  fdcan.o [2]
TRQ_ON_FLAG             0x2000'0170    0x1  Data  Gb  fdcan.o [2]
UARTEx_SetNbDataToProcess
                         0x800'5f85   0x46  Code  Lc  stm32g4xx_hal_uart_ex.o [4]
UARTEx_SetNbDataToProcess::denominator
                         0x800'5fd4    0x8  Data  Lc  stm32g4xx_hal_uart_ex.o [4]
UARTEx_SetNbDataToProcess::numerator
                         0x800'5fcc    0x8  Data  Lc  stm32g4xx_hal_uart_ex.o [4]
UARTPrescTable           0x800'43c0   0x18  Data  Gb  stm32g4xx_hal_uart.o [4]
UART_AdvFeatureConfig    0x800'43d9   0xc8  Code  Gb  stm32g4xx_hal_uart.o [4]
UART_CheckIdleState      0x800'44a1   0x64  Code  Gb  stm32g4xx_hal_uart.o [4]
UART_DMAAbortOnError     0x800'4895   0x10  Code  Lc  stm32g4xx_hal_uart.o [4]
UART_DMAError            0x800'4845   0x50  Code  Lc  stm32g4xx_hal_uart.o [4]
UART_DMAReceiveCplt      0x800'4799   0x92  Code  Lc  stm32g4xx_hal_uart.o [4]
UART_DMARxHalfCplt       0x800'482d   0x18  Code  Lc  stm32g4xx_hal_uart.o [4]
UART_DMATransmitCplt     0x800'474d   0x46  Code  Lc  stm32g4xx_hal_uart.o [4]
UART_DMATxHalfCplt       0x800'4793    0x6  Code  Lc  stm32g4xx_hal_uart.o [4]
UART_EndRxTransfer       0x800'46c5   0x58  Code  Lc  stm32g4xx_hal_uart.o [4]
UART_EndTransmit_IT      0x800'48a5   0x22  Code  Lc  stm32g4xx_hal_uart.o [4]
UART_EndTxTransfer       0x800'468f   0x36  Code  Lc  stm32g4xx_hal_uart.o [4]
UART_FLAG               0x2000'0209    0x1  Data  Gb  main.o [2]
UART_SetConfig           0x800'4125  0x296  Code  Gb  stm32g4xx_hal_uart.o [4]
UART_Start_Receive_DMA   0x800'45db   0xb4  Code  Gb  stm32g4xx_hal_uart.o [4]
UART_WaitOnFlagUntilTimeout
                         0x800'4505   0xd6  Code  Gb  stm32g4xx_hal_uart.o [4]
UART_cnt                0x2000'0288    0x4  Data  Gb  main.o [2]
UA_limit_angle          0x2000'01b0   0x10  Data  Gb  fdcan.o [2]
USART2_IRQHandler        0x800'88bf    0x6  Code  Gb  stm32g4xx_it.o [2]
UsageFault_Handler       0x800'886b    0x2  Code  Gb  stm32g4xx_it.o [2]
_LitobFullNoMb           0x800'75d9  0x10c  Code  Lc  xprintffull_nomb.o [5]
_LocaleC_isalpha         0x800'78a7    0xc  Code  Gb  xlocale_c.o [5]
_LocaleC_islower         0x800'78a1    0x4  Code  Gb  xlocale_c.o [5]
_LocaleC_isspace         0x800'78bd   0x14  Code  Gb  xlocale_c.o [5]
_LocaleC_isupper         0x800'78a5    0x2  Code  Gb  xlocale_c.o [5]
_LocaleC_tolower         0x800'78d1    0xc  Code  Gb  xlocale_c.o [5]
_Locale_lconv           0x2000'0520   0x38  Data  Lc  xlocale_c.o [5]
_PrintfFullNoMb          0x800'68a5  0xd06  Code  Gb  xprintffull_nomb.o [5]
_PutcharFullNoMb         0x800'773d   0x20  Code  Lc  xprintffull_nomb.o [5]
_PutcharsFullNoMb        0x800'775d   0x2e  Code  Lc  xprintffull_nomb.o [5]
_SProut                  0x800'23a3    0xa  Code  Gb  xsprout.o [5]
_Strtok_ssave           0x2000'09c8    0x4  Data  Lc  strtok.o [5]
__NVIC_EnableIRQ         0x800'2815   0x16  Code  Lc  stm32g4xx_hal_cortex.o [4]
__NVIC_GetPriorityGrouping
                         0x800'280b    0xa  Code  Lc  stm32g4xx_hal_cortex.o [4]
__NVIC_SetPriority       0x800'282b   0x1a  Code  Lc  stm32g4xx_hal_cortex.o [4]
__NVIC_SetPriorityGrouping
                         0x800'27f1   0x1a  Code  Lc  stm32g4xx_hal_cortex.o [4]
__aeabi_cdcmple          0x800'5e51         Code  Gb  DblCmpLe.o [7]
__aeabi_cdrcmple         0x800'7a5d         Code  Gb  DblCmpGe.o [7]
__aeabi_d2f              0x800'57f9         Code  Gb  DblToFlt.o [7]
__aeabi_d2iz             0x800'5e85         Code  Gb  DblToS32.o [7]
__aeabi_d2uiz            0x800'7bcd         Code  Gb  DblToU32.o [7]
__aeabi_dadd             0x800'5599         Code  Gb  DblAddSub.o [7]
__aeabi_ddiv             0x800'5b89         Code  Gb  DblDiv.o [7]
__aeabi_dmul             0x800'52a1         Code  Gb  DblMul.o [7]
__aeabi_dsub             0x800'5715         Code  Gb  DblAddSub.o [7]
__aeabi_f2d              0x800'5259         Code  Gb  FltToDbl.o [7]
__aeabi_i2d              0x800'5ab1         Code  Gb  S32ToDbl.o [7]
__aeabi_ldiv0            0x800'7889         Code  Gb  I64DivZer.o [8]
__aeabi_memcpy           0x800'7945         Code  Gb  ABImemcpy.o [8]
__aeabi_memcpy4          0x800'7965         Code  Gb  ABImemcpy.o [8]
__aeabi_memcpy8          0x800'7965         Code  Gb  ABImemcpy.o [8]
__aeabi_memset           0x800'7821         Code  Gb  ABImemset.o [8]
__aeabi_memset4          0x800'2369         Code  Gb  ABImemset48.o [8]
__aeabi_memset8          0x800'2369         Code  Gb  ABImemset48.o [8]
__aeabi_ui2d             0x800'7bf1         Code  Gb  U32ToDbl.o [7]
__aeabi_uldivmod         0x800'5fe9         Code  Gb  I64DivMod.o [8]
__call_ctors             0x800'8aad   0x18  Code  Gb  cppinit.o [5]
__cexit_clearlocks       0x800'8aef         Code  Gb  cexit.o [8]
__cmain                  0x800'8ac5         Code  Gb  cmain.o [8]
__cstart_clearlocks      0x800'8c18         Data  Gb  cstart_clearlocks.o [8]
__dlib_thread_safety_init
                         0x800'84f1   0x4c  Code  Gb  dlib_lock_glue.o [1]
__exit                   0x800'7c59   0x14  Code  Gb  exit.o [9]
__iar_Fail_s             0x800'7905   0x1c  Code  Gb  xfail_s.o [5]
__iar_Initlocks          0x800'868d   0x36  Code  Gb  xsyslock_mtx.o [10]
__iar_Memchr             0x800'684d         Code  Gb  memchr.o [8]
__iar_Memset             0x800'7821         Code  Gb  ABImemset.o [8]
__iar_Memset4_word       0x800'2371         Code  Gb  ABImemset48.o [8]
__iar_Memset8_word       0x800'2371         Code  Gb  ABImemset48.o [8]
__iar_Memset_word        0x800'7829         Code  Gb  ABImemset.o [8]
__iar_Sto32              0x800'5131   0xec  Code  Gb  strto32.o [7]
__iar_Stoflt             0x800'6465  0x1b8  Code  Gb  iar_Stoflt.o [5]
__iar_Stopfx             0x800'6341  0x122  Code  Gb  iar_Stopfx.o [5]
__iar_Stoulx             0x800'544d  0x13a  Code  Gb  iar_Stoulx.o [5]
__iar_Stoxflt            0x800'661d  0x1d2  Code  Gb  iar_Stoxflt.o [5]
__iar_Stoxflt::digits    0x800'67f4   0x18  Data  Lc  iar_Stoxflt.o [5]
__iar_Stoxflt::vals      0x800'680c   0x18  Data  Lc  iar_Stoxflt.o [5]
__iar_Strchr             0x800'78ed         Code  Gb  strchr.o [8]
__iar_clearlocks         0x800'8645   0x48  Code  Gb  xsyslock_mtx.o [10]
__iar_cstart_call_ctors
                         0x800'8a8d   0x20  Code  Gb  cmain_call_ctors.o [8]
__iar_data_init3         0x800'89fd   0x28  Code  Gb  data_init.o [8]
__iar_file_FOPEN_MAX     0x800'86c9    0x4  Code  Gb  xfiles.o [5]
__iar_file_LockRef       0x800'86cd   0x14  Code  Gb  xlockref.o [5]
__iar_file_Mtxdst        0x800'8607   0x32  Code  Gb  dlib_lock_glue.o [1]
__iar_file_Mtxinit       0x800'85bb   0x4c  Code  Gb  dlib_lock_glue.o [1]
__iar_file_mtx          0x2000'0994   0x20  Data  Gb  xfiles.o [5]
__iar_frexp              0x800'79f9         Code  Gb  frexp.o [7]
__iar_frexp32            0x800'6235         Code  Gb  frexpf.o [7]
__iar_frexpf             0x800'6249         Code  Gb  frexpf.o [7]
__iar_frexpl             0x800'79f9         Code  Gb  frexp.o [7]
__iar_globLocale        0x2000'0558   0x48  Data  Lc  xlocale_c.o [5]
__iar_global_Locale      0x800'78dd    0x4  Code  Gb  xlocale_c.o [5]
__iar_init_vfp           0x800'8a25         Code  Gb  fpinit_M.o [7]
__iar_ldexp32            0x800'627d         Code  Gb  ldexpf.o [7]
__iar_ldexp64            0x800'7a91         Code  Gb  ldexp.o [7]
__iar_lz77_init_single3
                         0x800'88fd   0x78  Code  Gb  lz77_init_single.o [8]
__iar_program_start      0x800'8afd         Code  Gb  cstartup_M.o [8]
__iar_scalbln32          0x800'627d         Code  Gb  ldexpf.o [7]
__iar_scalbln64          0x800'7a91         Code  Gb  ldexp.o [7]
__iar_scalbn32           0x800'627d         Code  Gb  ldexpf.o [7]
__iar_scalbn64           0x800'7a91         Code  Gb  ldexp.o [7]
__iar_softfp___iar_frexp64
                         0x800'79ed         Code  Gb  frexp.o [7]
__iar_softfp_frexp       0x800'79ed         Code  Gb  frexp.o [7]
__iar_softfp_frexpl      0x800'79ed         Code  Gb  frexp.o [7]
__iar_system_Mtxdst      0x800'8589   0x32  Code  Gb  dlib_lock_glue.o [1]
__iar_system_Mtxinit     0x800'853d   0x4c  Code  Gb  dlib_lock_glue.o [1]
__iar_tls$$INIT_ARRAY$$Base
                         0x800'8c18          --   Gb  - Linker created -
__iar_tls$$INIT_ARRAY$$Limit
                         0x800'8c18          --   Gb  - Linker created -
__iar_zero_init3         0x800'89c5   0x38  Code  Gb  zero_init3.o [8]
__low_level_init         0x800'8ae3    0x4  Code  Gb  low_level_init.o [5]
__vector_table           0x800'0000         Data  Gb  startup_stm32g431xx.o [1]
_call_main               0x800'8ad1         Code  Gb  cmain.o [8]
_exit                    0x800'8aed         Code  Gb  cexit.o [8]
abort                    0x800'7c51    0x6  Code  Gb  abort.o [5]
angle_addr              0x2000'03e2    0x2  Data  Gb  i2c.o [2]
angle_i2c               0x2000'0358   0x60  Data  Gb  main.o [2]
angles                  0x2000'0248   0x10  Data  Gb  main.o [2]
arm_cos_f32              0x800'5861   0x90  Code  Gb  arm_cos_f32.o [6]
arm_max_no_idx_f32       0x800'5dd1   0x80  Code  Gb  arm_max_no_idx_f32.o [6]
atoi                     0x800'558d    0x2  Code  Gb  iar_Stoulx.o [5]
cnt_max                 0x2000'0176    0x2  Data  Gb  fdcan.o [2]
data_temp               0x2000'0278    0x4  Data  Gb  main.o [2]
deg2rad_5               0x2000'01e0    0x8  Data  Gb  fdcan.o [2]
digits                   0x800'899c   0x28  Data  Lc  iar_Stoulx.o [5]
error_res               0x2000'027c    0x8  Data  Gb  main.o [2]
exit                     0x800'8ae7    0x4  Code  Gb  exit.o [5]
f1                      0x2000'01c0   0x10  Data  Gb  fdcan.o [2]
f2                      0x2000'01d0   0x10  Data  Gb  fdcan.o [2]
frexpf                   0x800'6235         Code  Gb  frexpf.o [7]
gear_efficiency         0x2000'02b8   0x20  Data  Gb  main.o [2]
gear_ratio              0x2000'0298   0x20  Data  Gb  main.o [2]
hcan                    0x2000'0100   0x6c  Data  Gb  fdcan.o [2]
hdma_i2c1_rx            0x2000'06a0   0x60  Data  Gb  i2c.o [2]
hdma_i2c1_tx            0x2000'0700   0x60  Data  Gb  i2c.o [2]
hdma_usart2_rx          0x2000'0760   0x60  Data  Gb  usart.o [2]
hdma_usart2_tx          0x2000'07c0   0x60  Data  Gb  usart.o [2]
hfdcan1                 0x2000'0930   0x64  Data  Gb  fdcan.o [2]
hi2c1                   0x2000'03e4   0x4c  Data  Gb  i2c.o [2]
huart2                  0x2000'0820   0x90  Data  Gb  usart.o [2]
id_cnt                  0x2000'021d    0x1  Data  Gb  main.o [2]
id_sum                  0x2000'021c    0x1  Data  Gb  main.o [2]
id_temp                 0x2000'0218    0x1  Data  Gb  main.o [2]
inc1                    0x2000'01e8    0x4  Data  Gb  fdcan.o [2]
inc2                    0x2000'01ec    0x4  Data  Gb  fdcan.o [2]
init_vcp                 0x800'59bf   0x16  Code  Gb  serial.o [2]
isalpha                  0x800'788b   0x14  Code  Gb  isalpha.o [5]
isspace                  0x800'6825   0x14  Code  Gb  isspace.o [5]
ldexp                    0x800'7a91         Code  Gb  ldexp.o [7]
ldexpf                   0x800'627d         Code  Gb  ldexpf.o [7]
ldexpl                   0x800'7a91         Code  Gb  ldexp.o [7]
length_temp             0x2000'0219    0x1  Data  Gb  main.o [2]
localeconv               0x800'78e1    0x4  Code  Gb  xlocale_c.o [5]
loop_async               0x800'1c9d  0x22a  Code  Gb  main.o [2]
loop_sync                0x800'1a5d  0x238  Code  Gb  main.o [2]
loop_sync::angles_old   0x2000'0258   0x10  Data  Lc  main.o [2]
main                     0x800'184d   0x28  Code  Gb  main.o [2]
max_timeout             0x2000'03e0    0x2  Data  Gb  i2c.o [2]
max_timeout_cnt         0x2000'03dc    0x4  Data  Gb  fdcan.o [2]
mem_addr                0x2000'0354    0x2  Data  Gb  main.o [2]
memchr                   0x800'684d         Code  Gb  memchr.o [8]
motor                   0x2000'0000  0x100  Data  Gb  fdcan.o [2]
mtx                     0x2000'09b4   0x10  Data  Lc  xsyslock_mtx.o [10]
ndigs                    0x800'8974   0x28  Data  Lc  iar_Stoulx.o [5]
node_id                 0x2000'0208    0x1  Data  Gb  main.o [2]
object                  0x2000'0268    0x2  Data  Gb  main.o [2]
object_sub              0x2000'0222    0x2  Data  Gb  main.o [2]
pFlash                  0x2000'04fc   0x20  Data  Gb  stm32g4xx_hal_flash.o [4]
parse_vcp                0x800'19b5   0xa8  Code  Gb  main.o [2]
parse_vcp::deg2rad      0x2000'0340    0x8  Data  Lc  main.o [2]
pin_state               0x2000'0216    0x1  Data  Gb  main.o [2]
pin_state_old           0x2000'0172    0x1  Data  Gb  fdcan.o [2]
pos_thld                0x2000'01f8    0x8  Data  Gb  fdcan.o [2]
pows                     0x800'5240   0x18  Data  Lc  strto32.o [7]
prot_info               0x2000'0220    0x2  Data  Gb  main.o [2]
rad_i2c                 0x2000'02e0   0x60  Data  Gb  main.o [2]
rated_torque            0x2000'0290    0x8  Data  Gb  main.o [2]
run_vcp                  0x800'59ed   0x9c  Code  Gb  serial.o [2]
rx_buf                  0x2000'0434    0xc  Data  Gb  i2c.o [2]
rx_buff                 0x2000'0348    0xc  Data  Gb  main.o [2]
scalbln                  0x800'7a91         Code  Gb  ldexp.o [7]
scalblnf                 0x800'627d         Code  Gb  ldexpf.o [7]
scalblnl                 0x800'7a91         Code  Gb  ldexp.o [7]
scalbn                   0x800'7a91         Code  Gb  ldexp.o [7]
scalbnf                  0x800'627d         Code  Gb  ldexpf.o [7]
scalbnl                  0x800'7a91         Code  Gb  ldexp.o [7]
scale                    0x800'76e5   0x46  Code  Lc  xprintffull_nomb.o [5]
sec_hand                0x2000'09cc    0x4  Data  Lc  xfail_s.o [5]
serial_available         0x800'59a7   0x18  Code  Gb  serial.o [2]
serial_read              0x800'597d   0x2a  Code  Gb  serial.o [2]
serial_write             0x800'5969   0x14  Code  Gb  serial.o [2]
setup                    0x800'18eb   0xca  Code  Gb  main.o [2]
sign1_flag              0x2000'0173    0x1  Data  Gb  fdcan.o [2]
sign3_flag              0x2000'0174    0x1  Data  Gb  fdcan.o [2]
sinTable_f32             0x800'7c6c  0x804  Data  Gb  arm_common_tables.o [6]
sprintf                  0x800'58f1   0x40  Code  Gb  sprintf.o [5]
static_file_list_lock   0x2000'09c6    0x2  Data  Lc  dlib_lock_glue.o [1]
static_file_lock        0x2000'09d4   0x18  Data  Lc  dlib_lock_glue.o [1]
static_system_list_lock
                        0x2000'09c4    0x2  Data  Lc  dlib_lock_glue.o [1]
static_system_lock      0x2000'09ec    0xc  Data  Lc  dlib_lock_glue.o [1]
status                  0x2000'021e    0x1  Data  Gb  main.o [2]
stm32_lock_acquire       0x800'8487   0x3a  Code  Lc  dlib_lock_glue.o [1]
stm32_lock_init          0x800'8471   0x16  Code  Lc  dlib_lock_glue.o [1]
stm32_lock_release       0x800'84c1   0x30  Code  Lc  dlib_lock_glue.o [1]
strchr                   0x800'78ed         Code  Gb  strchr.o [8]
strcspn                  0x800'7c2f   0x22  Code  Gb  strcspn.o [5]
stretch_btn             0x2000'02d8    0x1  Data  Gb  main.o [2]
strlen                   0x800'5931         Code  Gb  strlen.o [8]
strspn                   0x800'7c0d   0x22  Code  Gb  strspn.o [5]
strtof                   0x800'5239    0x6  Code  Gb  strto32.o [7]
strtok                   0x800'77d5   0x4c  Code  Gb  strtok.o [5]
tick                    0x2000'0274    0x4  Data  Gb  main.o [2]
timeout                 0x2000'03d4    0x8  Data  Gb  fdcan.o [2]
timer                   0x2000'0217    0x1  Data  Gb  main.o [2]
tolower                  0x800'6839   0x14  Code  Gb  tolower.o [5]
torque                  0x2000'0180   0x20  Data  Gb  fdcan.o [2]
tp                      0x2000'026c    0x8  Data  Gb  main.o [2]
trq_offset              0x2000'0228   0x20  Data  Gb  main.o [2]
trq_target              0x2000'01f0    0x8  Data  Gb  fdcan.o [2]
tx_buf                  0x2000'0430    0x1  Data  Gb  i2c.o [2]
tx_buff                 0x2000'03c8    0x1  Data  Gb  main.o [2]
txfifoemptycheck        0x2000'09d0    0x1  Data  Gb  main.o [2]
uart2_rx_buffer         0x2000'05a0  0x100  Data  Gb  usart.o [2]
uart2_tx_buffer         0x2000'08b0   0x80  Data  Gb  usart.o [2]
uwTick                  0x2000'04f0    0x4  Data  Gb  stm32g4xx_hal.o [4]
uwTickFreq              0x2000'04f8    0x4  Data  Gb  stm32g4xx_hal.o [4]
uwTickPrio              0x2000'04f4    0x4  Data  Gb  stm32g4xx_hal.o [4]
vcp                     0x2000'0440   0xb0  Data  Gb  serial.o [2]


[1] = C:\Users\jaesung\MRAS\GitHub\STM32\Projects\Exoskeleton\STM32G431KB_CAN\EWARM\STM32G431KB_CAN\Obj\Application\EWARM
[2] = C:\Users\jaesung\MRAS\GitHub\STM32\Projects\Exoskeleton\STM32G431KB_CAN\EWARM\STM32G431KB_CAN\Obj\Application\User\Core
[3] = C:\Users\jaesung\MRAS\GitHub\STM32\Projects\Exoskeleton\STM32G431KB_CAN\EWARM\STM32G431KB_CAN\Obj\Drivers\CMSIS
[4] = C:\Users\jaesung\MRAS\GitHub\STM32\Projects\Exoskeleton\STM32G431KB_CAN\EWARM\STM32G431KB_CAN\Obj\Drivers\STM32G4xx_HAL_Driver
[5] = dl7M_tlf.a
[6] = iar_cortexM4lf_math.a
[7] = m7M_tls.a
[8] = rt7M_tl.a
[9] = shb_l.a
[10] = th7M_tlf.a

  33'673 bytes of readonly  code memory
   2'471 bytes of readonly  data memory
   4'085 bytes of readwrite data memory

Errors: none
Warnings: none
