###############################################################################
#
# IAR ELF Linker V9.10.2.313/W64 for ARM                  23/Oct/2023  15:44:05
# Copyright 2007-2021 IAR Systems AB.
#
#    Output file  =
#        C:\Users\jaesung\MRAS\GitHub\STM32\Projects\Exoskeleton\STM32G431KB_CAN\EWARM\STM32G431KB_CAN\Exe\STM32G431KB_CAN.out
#    Map file     =
#        C:\Users\jaesung\MRAS\GitHub\STM32\Projects\Exoskeleton\STM32G431KB_CAN\EWARM\STM32G431KB_CAN\List\STM32G431KB_CAN.map
#    Command line =
#        -f
#        C:\Users\jaesung\MRAS\GitHub\STM32\Projects\Exoskeleton\STM32G431KB_CAN\EWARM\STM32G431KB_CAN\List\STM32G431KB_CAN.map.rsp
#        (C:\Users\jaesung\MRAS\GitHub\STM32\Projects\Exoskeleton\STM32G431KB_CAN\EWARM\STM32G431KB_CAN\Obj\Application\EWARM\dlib_lock_glue.o
#        C:\Users\jaesung\MRAS\GitHub\STM32\Projects\Exoskeleton\STM32G431KB_CAN\EWARM\STM32G431KB_CAN\Obj\Application\User\Core\dma.o
#        C:\Users\jaesung\MRAS\GitHub\STM32\Projects\Exoskeleton\STM32G431KB_CAN\EWARM\STM32G431KB_CAN\Obj\Application\User\Core\fdcan.o
#        C:\Users\jaesung\MRAS\GitHub\STM32\Projects\Exoskeleton\STM32G431KB_CAN\EWARM\STM32G431KB_CAN\Obj\Application\User\Core\gpio.o
#        C:\Users\jaesung\MRAS\GitHub\STM32\Projects\Exoskeleton\STM32G431KB_CAN\EWARM\STM32G431KB_CAN\Obj\Application\User\Core\i2c.o
#        C:\Users\jaesung\MRAS\GitHub\STM32\Projects\Exoskeleton\STM32G431KB_CAN\EWARM\STM32G431KB_CAN\Obj\Application\User\Core\main.o
#        C:\Users\jaesung\MRAS\GitHub\STM32\Projects\Exoskeleton\STM32G431KB_CAN\EWARM\STM32G431KB_CAN\Obj\Application\User\Core\serial.o
#        C:\Users\jaesung\MRAS\GitHub\STM32\Projects\Exoskeleton\STM32G431KB_CAN\EWARM\STM32G431KB_CAN\Obj\Application\EWARM\startup_stm32g431xx.o
#        C:\Users\jaesung\MRAS\GitHub\STM32\Projects\Exoskeleton\STM32G431KB_CAN\EWARM\STM32G431KB_CAN\Obj\Drivers\STM32G4xx_HAL_Driver\stm32g4xx_hal.o
#        C:\Users\jaesung\MRAS\GitHub\STM32\Projects\Exoskeleton\STM32G431KB_CAN\EWARM\STM32G431KB_CAN\Obj\Drivers\STM32G4xx_HAL_Driver\stm32g4xx_hal_cortex.o
#        C:\Users\jaesung\MRAS\GitHub\STM32\Projects\Exoskeleton\STM32G431KB_CAN\EWARM\STM32G431KB_CAN\Obj\Drivers\STM32G4xx_HAL_Driver\stm32g4xx_hal_dma.o
#        C:\Users\jaesung\MRAS\GitHub\STM32\Projects\Exoskeleton\STM32G431KB_CAN\EWARM\STM32G431KB_CAN\Obj\Drivers\STM32G4xx_HAL_Driver\stm32g4xx_hal_dma_ex.o
#        C:\Users\jaesung\MRAS\GitHub\STM32\Projects\Exoskeleton\STM32G431KB_CAN\EWARM\STM32G431KB_CAN\Obj\Drivers\STM32G4xx_HAL_Driver\stm32g4xx_hal_exti.o
#        C:\Users\jaesung\MRAS\GitHub\STM32\Projects\Exoskeleton\STM32G431KB_CAN\EWARM\STM32G431KB_CAN\Obj\Drivers\STM32G4xx_HAL_Driver\stm32g4xx_hal_fdcan.o
#        C:\Users\jaesung\MRAS\GitHub\STM32\Projects\Exoskeleton\STM32G431KB_CAN\EWARM\STM32G431KB_CAN\Obj\Drivers\STM32G4xx_HAL_Driver\stm32g4xx_hal_flash.o
#        C:\Users\jaesung\MRAS\GitHub\STM32\Projects\Exoskeleton\STM32G431KB_CAN\EWARM\STM32G431KB_CAN\Obj\Drivers\STM32G4xx_HAL_Driver\stm32g4xx_hal_flash_ex.o
#        C:\Users\jaesung\MRAS\GitHub\STM32\Projects\Exoskeleton\STM32G431KB_CAN\EWARM\STM32G431KB_CAN\Obj\Drivers\STM32G4xx_HAL_Driver\stm32g4xx_hal_flash_ramfunc.o
#        C:\Users\jaesung\MRAS\GitHub\STM32\Projects\Exoskeleton\STM32G431KB_CAN\EWARM\STM32G431KB_CAN\Obj\Drivers\STM32G4xx_HAL_Driver\stm32g4xx_hal_gpio.o
#        C:\Users\jaesung\MRAS\GitHub\STM32\Projects\Exoskeleton\STM32G431KB_CAN\EWARM\STM32G431KB_CAN\Obj\Drivers\STM32G4xx_HAL_Driver\stm32g4xx_hal_i2c.o
#        C:\Users\jaesung\MRAS\GitHub\STM32\Projects\Exoskeleton\STM32G431KB_CAN\EWARM\STM32G431KB_CAN\Obj\Drivers\STM32G4xx_HAL_Driver\stm32g4xx_hal_i2c_ex.o
#        C:\Users\jaesung\MRAS\GitHub\STM32\Projects\Exoskeleton\STM32G431KB_CAN\EWARM\STM32G431KB_CAN\Obj\Application\User\Core\stm32g4xx_hal_msp.o
#        C:\Users\jaesung\MRAS\GitHub\STM32\Projects\Exoskeleton\STM32G431KB_CAN\EWARM\STM32G431KB_CAN\Obj\Drivers\STM32G4xx_HAL_Driver\stm32g4xx_hal_pwr.o
#        C:\Users\jaesung\MRAS\GitHub\STM32\Projects\Exoskeleton\STM32G431KB_CAN\EWARM\STM32G431KB_CAN\Obj\Drivers\STM32G4xx_HAL_Driver\stm32g4xx_hal_pwr_ex.o
#        C:\Users\jaesung\MRAS\GitHub\STM32\Projects\Exoskeleton\STM32G431KB_CAN\EWARM\STM32G431KB_CAN\Obj\Drivers\STM32G4xx_HAL_Driver\stm32g4xx_hal_rcc.o
#        C:\Users\jaesung\MRAS\GitHub\STM32\Projects\Exoskeleton\STM32G431KB_CAN\EWARM\STM32G431KB_CAN\Obj\Drivers\STM32G4xx_HAL_Driver\stm32g4xx_hal_rcc_ex.o
#        C:\Users\jaesung\MRAS\GitHub\STM32\Projects\Exoskeleton\STM32G431KB_CAN\EWARM\STM32G431KB_CAN\Obj\Drivers\STM32G4xx_HAL_Driver\stm32g4xx_hal_tim.o
#        C:\Users\jaesung\MRAS\GitHub\STM32\Projects\Exoskeleton\STM32G431KB_CAN\EWARM\STM32G431KB_CAN\Obj\Drivers\STM32G4xx_HAL_Driver\stm32g4xx_hal_tim_ex.o
#        C:\Users\jaesung\MRAS\GitHub\STM32\Projects\Exoskeleton\STM32G431KB_CAN\EWARM\STM32G431KB_CAN\Obj\Drivers\STM32G4xx_HAL_Driver\stm32g4xx_hal_uart.o
#        C:\Users\jaesung\MRAS\GitHub\STM32\Projects\Exoskeleton\STM32G431KB_CAN\EWARM\STM32G431KB_CAN\Obj\Drivers\STM32G4xx_HAL_Driver\stm32g4xx_hal_uart_ex.o
#        C:\Users\jaesung\MRAS\GitHub\STM32\Projects\Exoskeleton\STM32G431KB_CAN\EWARM\STM32G431KB_CAN\Obj\Application\User\Core\stm32g4xx_it.o
#        C:\Users\jaesung\MRAS\GitHub\STM32\Projects\Exoskeleton\STM32G431KB_CAN\EWARM\STM32G431KB_CAN\Obj\Drivers\CMSIS\system_stm32g4xx.o
#        C:\Users\jaesung\MRAS\GitHub\STM32\Projects\Exoskeleton\STM32G431KB_CAN\EWARM\STM32G431KB_CAN\Obj\Application\User\Core\usart.o
#        C:\Users\jaesung\MRAS\GitHub\STM32\Projects\Exoskeleton\STM32G431KB_CAN\EWARM\STM32G431KB_CAN\Obj\Application\User\Core\utility.o
#        --no_out_extension -o
#        C:\Users\jaesung\MRAS\GitHub\STM32\Projects\Exoskeleton\STM32G431KB_CAN\EWARM\STM32G431KB_CAN\Exe\STM32G431KB_CAN.out
#        --redirect _Printf=_PrintfFullNoMb --redirect _Scanf=_ScanfFullNoMb
#        --map
#        C:\Users\jaesung\MRAS\GitHub\STM32\Projects\Exoskeleton\STM32G431KB_CAN\EWARM\STM32G431KB_CAN\List\STM32G431KB_CAN.map
#        --config
#        C:\Users\jaesung\MRAS\GitHub\STM32\Projects\Exoskeleton\STM32G431KB_CAN\EWARM/stm32g431xx_flash.icf
#        --semihosting --entry __iar_program_start "C:\Program Files\IAR
#        Systems\Embedded Workbench
#        9.0\arm\CMSIS\Lib\IAR\iar_cortexM4lf_math.a" --vfe --threaded_lib
#        --text_out locale)
#
###############################################################################

*******************************************************************************
*** RUNTIME MODEL ATTRIBUTES
***

CppFlavor                     = *
__Heap_Handler                = DLMalloc
__SystemLibrary               = DLib
__dlib_dynamic_initialization = normal
__dlib_version                = 6


*******************************************************************************
*** HEAP SELECTION
***

The advanced heap was selected because the application calls memory
allocation functions outside of system library functions, and there
are calls to deallocation functions in the application.


*******************************************************************************
*** PLACEMENT SUMMARY
***

"A0":  place at address 0x800'0000 { ro section .intvec };
"P1":  place in [from 0x800'0000 to 0x801'ffff] { ro };
define block CSTACK with size = 1'280, alignment = 8 { };
define block HEAP with size = 768, alignment = 8 { };
"P2":  place in [from 0x2000'0000 to 0x2000'7fff] {
          rw, block CSTACK, block HEAP };
initialize by copy { rw };

  Section                Kind         Address    Size  Object
  -------                ----         -------    ----  ------
"A0":                                           0x1d8
  .intvec                ro code   0x800'0000   0x1d8  startup_stm32g431xx.o [1]
                                 - 0x800'01d8   0x1d8

"P1":                                          0x99de
  .text                  ro code   0x800'01d8  0x1720  fdcan.o [2]
  .text                  ro code   0x800'18f8   0x714  stm32g4xx_hal_fdcan.o [4]
  .text                  ro code   0x800'200c   0xa6c  main.o [2]
  .text                  ro code   0x800'2a78    0x3a  ABImemset48.o [8]
  .text                  ro code   0x800'2ab2     0xa  xsprout.o [5]
  .text                  ro code   0x800'2abc   0x268  stm32g4xx_hal_rcc_ex.o [4]
  .text                  ro code   0x800'2d24   0x1dc  stm32g4xx_hal_gpio.o [4]
  .text                  ro code   0x800'2f00    0xf8  stm32g4xx_hal_cortex.o [4]
  .text                  ro code   0x800'2ff8    0x22  S32ToDbl.o [7]
  .rodata                const     0x800'301a     0x2  xlocale_c.o [5]
  .text                  ro code   0x800'301c   0x1aa  DblMul.o [7]
  .rodata                const     0x800'31c6     0x2  xlocale_c.o [5]
  .text                  ro code   0x800'31c8   0x246  DblDiv.o [7]
  .rodata                const     0x800'340e     0x1  xlocale_c.o [5]
  .text                  ro code   0x800'3410    0x80  arm_max_no_idx_f32.o [6]
  .text                  ro code   0x800'3490   0x25e  DblAddSub.o [7]
  .text                  ro code   0x800'36f0     0xc  stm32g4xx_hal.o [4]
  .text                  ro code   0x800'36fc    0x68  DblToFlt.o [7]
  .text                  ro code   0x800'3764    0x8c  arm_sin_f32.o [6]
  .text                  ro code   0x800'37f0    0x48  FltToDbl.o [7]
  .text                  ro code   0x800'3838    0x34  DblCmpGe.o [7]
  .text                  ro code   0x800'386c    0x1c  U32ToDbl.o [7]
  .text                  ro code   0x800'3888    0x34  DblCmpLe.o [7]
  .text                  ro code   0x800'38bc    0x36  DblToS32.o [7]
  .text                  ro code   0x800'38f4    0x28  stm32g4xx_hal.o [4]
  .text                  ro code   0x800'391c     0x2  stm32g4xx_hal_fdcan.o [4]
  .text                  ro code   0x800'391e     0x2  stm32g4xx_hal_fdcan.o [4]
  .text                  ro code   0x800'3920     0x2  stm32g4xx_hal_fdcan.o [4]
  .text                  ro code   0x800'3922     0x2  stm32g4xx_hal_fdcan.o [4]
  .text                  ro code   0x800'3924     0x2  stm32g4xx_hal_fdcan.o [4]
  .text                  ro code   0x800'3926     0x2  stm32g4xx_hal_fdcan.o [4]
  .text                  ro code   0x800'3928     0x2  stm32g4xx_hal_fdcan.o [4]
  .text                  ro code   0x800'392a     0x2  stm32g4xx_hal_fdcan.o [4]
  .text                  ro code   0x800'392c     0x2  stm32g4xx_hal_fdcan.o [4]
  .text                  ro code   0x800'3930    0x38  stm32g4xx_hal.o [4]
  .text                  ro code   0x800'3968    0xa0  gpio.o [2]
  .text                  ro code   0x800'3a08    0x70  dma.o [2]
  .text                  ro code   0x800'3a78   0x1b4  i2c.o [2]
  .text                  ro code   0x800'3c2c   0x19c  usart.o [2]
  .text                  ro code   0x800'3dc8    0xf0  stm32g4xx_hal_pwr_ex.o [4]
  .text                  ro code   0x800'3eb8   0x6bc  stm32g4xx_hal_rcc.o [4]
  .text                  ro code   0x800'4574   0xc10  stm32g4xx_hal_uart.o [4]
  .text                  ro code   0x800'5184   0x274  strto32.o [7]
  .text                  ro code   0x800'53f8   0x14c  iar_Stoulx.o [5]
  .text                  ro code   0x800'5544    0x90  arm_cos_f32.o [6]
  .text                  ro code   0x800'55d4    0x40  sprintf.o [5]
  .text                  ro code   0x800'5614    0x36  strlen.o [8]
  .text                  ro code   0x800'564c   0x120  serial.o [2]
  .text                  ro code   0x800'576c  0x10ec  stm32g4xx_hal_i2c.o [4]
  .text                  ro code   0x800'6858    0x50  stm32g4xx_hal.o [4]
  .text                  ro code   0x800'68a8    0x64  stm32g4xx_hal_msp.o [2]
  .text                  ro code   0x800'690c    0xa4  stm32g4xx_hal_i2c_ex.o [4]
  .text                  ro code   0x800'69b0   0x3b4  stm32g4xx_hal_dma.o [4]
  .text                  ro code   0x800'6d64   0x120  stm32g4xx_hal_uart_ex.o [4]
  .text                  ro code   0x800'6e84     0x2  stm32g4xx_hal_rcc.o [4]
  .text                  ro code   0x800'6e86     0x2  stm32g4xx_hal_uart.o [4]
  .text                  ro code   0x800'6e88     0x2  stm32g4xx_hal_uart.o [4]
  .text                  ro code   0x800'6e8a     0x2  stm32g4xx_hal_uart_ex.o [4]
  .text                  ro code   0x800'6e8c     0x2  stm32g4xx_hal_uart_ex.o [4]
  .text                  ro code   0x800'6e8e     0x2  stm32g4xx_hal_uart_ex.o [4]
  .text                  ro code   0x800'6e90   0x230  I64DivMod.o [8]
  .text                  ro code   0x800'70c0     0x2  stm32g4xx_hal_uart.o [4]
  .text                  ro code   0x800'70c2     0x2  stm32g4xx_hal_uart.o [4]
  .text                  ro code   0x800'70c4     0x2  stm32g4xx_hal_uart.o [4]
  .text                  ro code   0x800'70c6     0x2  stm32g4xx_hal_uart.o [4]
  .text                  ro code   0x800'70c8    0x48  frexpf.o [7]
  .text                  ro code   0x800'7110    0xc4  ldexpf.o [7]
  .text                  ro code   0x800'71d4   0x122  iar_Stopfx.o [5]
  .text                  ro code   0x800'72f8   0x1b8  iar_Stoflt.o [5]
  .text                  ro code   0x800'74b0   0x208  iar_Stoxflt.o [5]
  .text                  ro code   0x800'76b8    0x14  isspace.o [5]
  .text                  ro code   0x800'76cc    0x14  tolower.o [5]
  .text                  ro code   0x800'76e0    0x58  memchr.o [8]
  .text                  ro code   0x800'7738   0xf2e  xprintffull_nomb.o [5]
  .text                  ro code   0x800'8668    0x4c  strtok.o [5]
  .text                  ro code   0x800'86b4    0x66  ABImemset.o [8]
  .text                  ro code   0x800'871a     0x2  stm32g4xx_hal_i2c.o [4]
  .text                  ro code   0x800'871c     0x2  stm32g4xx_hal_i2c.o [4]
  .text                  ro code   0x800'871e     0x2  stm32g4xx_hal_i2c.o [4]
  .text                  ro code   0x800'8720     0x2  stm32g4xx_hal_i2c.o [4]
  .text                  ro code   0x800'8722     0x2  stm32g4xx_hal_i2c.o [4]
  .text                  ro code   0x800'8724     0x2  stm32g4xx_hal_i2c.o [4]
  .text                  ro code   0x800'8726     0x2  stm32g4xx_hal_i2c.o [4]
  .text                  ro code   0x800'8728     0x2  stm32g4xx_hal_i2c.o [4]
  .text                  ro code   0x800'872a     0x2  stm32g4xx_hal_i2c.o [4]
  .text                  ro code   0x800'872c     0x2  stm32g4xx_hal_i2c.o [4]
  .text                  ro code   0x800'8730     0x2  I64DivZer.o [8]
  .text                  ro code   0x800'8732    0x14  isalpha.o [5]
  .text                  ro code   0x800'8748    0x4c  xlocale_c.o [5]
  .text                  ro code   0x800'8794    0x16  strchr.o [8]
  .text                  ro code   0x800'87ac    0x40  xfail_s.o [5]
  .text                  ro code   0x800'87ec    0xa6  ABImemcpy.o [8]
  .text                  ro code   0x800'8894    0x70  frexp.o [7]
  .text                  ro code   0x800'8904   0x13a  ldexp.o [7]
  .text                  ro code   0x800'8a40    0x22  DblToU32.o [7]
  .text                  ro code   0x800'8a62    0x22  strspn.o [5]
  .text                  ro code   0x800'8a84    0x22  strcspn.o [5]
  .text                  ro code   0x800'8aa6     0x6  abort.o [5]
  .text                  ro code   0x800'8aac    0x14  exit.o [9]
  .rodata                const     0x800'8ac0   0x804  arm_common_tables.o [6]
  .text                  ro code   0x800'92c4   0x1d4  dlib_lock_glue.o [1]
  .text                  ro code   0x800'9498    0x84  xsyslock_mtx.o [10]
  .text                  ro code   0x800'951c     0x4  xfiles.o [5]
  .text                  ro code   0x800'9520    0x14  xlockref.o [5]
  .text                  ro code   0x800'9534    0xec  stm32g4xx_hal_flash.o [4]
  .text                  ro code   0x800'9620    0x8c  stm32g4xx_hal_flash_ex.o [4]
  .text                  ro code   0x800'96ac     0x2  stm32g4xx_hal_flash.o [4]
  .text                  ro code   0x800'96ae     0x2  stm32g4xx_hal_flash.o [4]
  .text                  ro code   0x800'96b0    0x8e  stm32g4xx_it.o [2]
  .text                  ro code   0x800'9740    0x10  stm32g4xx_hal.o [4]
  .text                  ro code   0x800'9750    0x78  lz77_init_single.o [8]
  .rodata                const     0x800'97c8    0x50  iar_Stoulx.o [5]
  .text                  ro code   0x800'9818    0x38  zero_init3.o [8]
  .text                  ro code   0x800'9850    0x28  data_init.o [8]
  .text                  ro code   0x800'9878    0x22  fpinit_M.o [7]
  .iar.init_table        const     0x800'989c    0x24  - Linker created -
  .text                  ro code   0x800'98c0    0x20  system_stm32g4xx.o [3]
  .text                  ro code   0x800'98e0    0x20  cmain_call_ctors.o [8]
  .text                  ro code   0x800'9900    0x18  cppinit.o [5]
  .text                  ro code   0x800'9918    0x1e  cmain.o [8]
  .text                  ro code   0x800'9936     0x4  low_level_init.o [5]
  .text                  ro code   0x800'993a     0x4  exit.o [5]
  .text                  ro code   0x800'9940     0xe  cexit.o [8]
  .text                  ro code   0x800'9950    0x1c  cstartup_M.o [8]
  .text                  ro code   0x800'996c    0x10  startup_stm32g431xx.o [1]
  .rodata                const     0x800'997c     0x8  system_stm32g4xx.o [3]
  .rodata                const     0x800'9984     0x4  serial.o [2]
  .text                  ro code   0x800'9988     0x4  startup_stm32g431xx.o [1]
  .text                  ro code   0x800'998c     0x4  startup_stm32g431xx.o [1]
  .text                  ro code   0x800'9990     0x4  startup_stm32g431xx.o [1]
  .text                  ro code   0x800'9994     0x4  startup_stm32g431xx.o [1]
  .text                  ro code   0x800'9998     0x4  startup_stm32g431xx.o [1]
  .text                  ro code   0x800'999c     0x4  startup_stm32g431xx.o [1]
  .text                  ro code   0x800'99a0     0x4  startup_stm32g431xx.o [1]
  .text                  ro code   0x800'99a4     0x4  startup_stm32g431xx.o [1]
  .text                  ro code   0x800'99a8     0x4  startup_stm32g431xx.o [1]
  .text                  ro code   0x800'99ac     0x4  startup_stm32g431xx.o [1]
  .text                  ro code   0x800'99b0     0x4  startup_stm32g431xx.o [1]
  .text                  ro code   0x800'99b4     0x4  startup_stm32g431xx.o [1]
  .text                  ro code   0x800'99b8     0x4  startup_stm32g431xx.o [1]
  .text                  ro code   0x800'99bc     0x4  startup_stm32g431xx.o [1]
  .text                  ro code   0x800'99c0     0x4  startup_stm32g431xx.o [1]
  .text                  ro code   0x800'99c4     0x4  startup_stm32g431xx.o [1]
  .text                  ro code   0x800'99c8     0x4  startup_stm32g431xx.o [1]
  .text                  ro code   0x800'99cc     0x4  startup_stm32g431xx.o [1]
  .text                  ro code   0x800'99d0     0x4  startup_stm32g431xx.o [1]
  .text                  ro code   0x800'99d4     0x4  startup_stm32g431xx.o [1]
  .text                  ro code   0x800'99d8     0x4  startup_stm32g431xx.o [1]
  .text                  ro code   0x800'99dc     0x4  startup_stm32g431xx.o [1]
  .text                  ro code   0x800'99e0     0x4  startup_stm32g431xx.o [1]
  .text                  ro code   0x800'99e4     0x4  startup_stm32g431xx.o [1]
  .text                  ro code   0x800'99e8     0x4  startup_stm32g431xx.o [1]
  .text                  ro code   0x800'99ec     0x4  startup_stm32g431xx.o [1]
  .text                  ro code   0x800'99f0     0x4  startup_stm32g431xx.o [1]
  .text                  ro code   0x800'99f4     0x4  startup_stm32g431xx.o [1]
  .text                  ro code   0x800'99f8     0x4  startup_stm32g431xx.o [1]
  .text                  ro code   0x800'99fc     0x4  startup_stm32g431xx.o [1]
  .text                  ro code   0x800'9a00     0x4  startup_stm32g431xx.o [1]
  .text                  ro code   0x800'9a04     0x4  startup_stm32g431xx.o [1]
  .text                  ro code   0x800'9a08     0x4  startup_stm32g431xx.o [1]
  .text                  ro code   0x800'9a0c     0x4  startup_stm32g431xx.o [1]
  .text                  ro code   0x800'9a10     0x4  startup_stm32g431xx.o [1]
  .text                  ro code   0x800'9a14     0x4  startup_stm32g431xx.o [1]
  .text                  ro code   0x800'9a18     0x4  startup_stm32g431xx.o [1]
  .text                  ro code   0x800'9a1c     0x4  startup_stm32g431xx.o [1]
  .text                  ro code   0x800'9a20     0x4  startup_stm32g431xx.o [1]
  .text                  ro code   0x800'9a24     0x4  startup_stm32g431xx.o [1]
  .text                  ro code   0x800'9a28     0x4  startup_stm32g431xx.o [1]
  .text                  ro code   0x800'9a2c     0x4  startup_stm32g431xx.o [1]
  .text                  ro code   0x800'9a30     0x4  startup_stm32g431xx.o [1]
  .text                  ro code   0x800'9a34     0x4  startup_stm32g431xx.o [1]
  .text                  ro code   0x800'9a38     0x4  startup_stm32g431xx.o [1]
  .text                  ro code   0x800'9a3c     0x4  startup_stm32g431xx.o [1]
  .text                  ro code   0x800'9a40     0x4  startup_stm32g431xx.o [1]
  .text                  ro code   0x800'9a44     0x4  startup_stm32g431xx.o [1]
  .text                  ro code   0x800'9a48     0x4  startup_stm32g431xx.o [1]
  .text                  ro code   0x800'9a4c     0x4  startup_stm32g431xx.o [1]
  .text                  ro code   0x800'9a50     0x4  startup_stm32g431xx.o [1]
  .text                  ro code   0x800'9a54     0x4  startup_stm32g431xx.o [1]
  .text                  ro code   0x800'9a58     0x4  startup_stm32g431xx.o [1]
  .text                  ro code   0x800'9a5c     0x4  startup_stm32g431xx.o [1]
  .text                  ro code   0x800'9a60     0x4  startup_stm32g431xx.o [1]
  .text                  ro code   0x800'9a64     0x4  startup_stm32g431xx.o [1]
  SHT$$PREINIT_ARRAY               0x800'9a68     0x0  <Block>
  SHT$$INIT_ARRAY                  0x800'9a68     0x4  <Block>
    .init_array          const     0x800'9a68     0x4  dlib_lock_glue.o [1]
  __iar_tls$$INIT_ARRAY            0x800'9a6c     0x0  <Block>
  .text                  ro code   0x800'9a6c     0x0  cstart_clearlocks.o [8]
  .rodata                const     0x800'9a6c     0x0  zero_init3.o [8]
  .rodata                const     0x800'9a6c     0x0  lz77_init_single.o [8]
  Initializer bytes      const     0x800'9a6c   0x14a  <for P2-1>
                                 - 0x800'9bb6  0x99de

"P2", part 1 of 3:                              0x5c0
  P2-1                            0x2000'0000   0x5c0  <Init block>
    .data                inited   0x2000'0000   0x16c  fdcan.o [2]
    .data                inited   0x2000'0170    0x80  fdcan.o [2]
    .data                inited   0x2000'01f0    0x84  main.o [2]
    .data                inited   0x2000'0278     0x8  main.o [2]
    .data                inited   0x2000'0280     0x8  main.o [2]
    .data                inited   0x2000'0288     0x8  main.o [2]
    .data                inited   0x2000'0290     0x8  main.o [2]
    .data                inited   0x2000'0298     0x8  main.o [2]
    .data                inited   0x2000'02a0     0x8  main.o [2]
    .data                inited   0x2000'02a8     0x8  main.o [2]
    .data                inited   0x2000'02b0     0x8  main.o [2]
    .data                inited   0x2000'02b8    0x20  main.o [2]
    .data                inited   0x2000'02d8    0x20  main.o [2]
    .data                inited   0x2000'02f8    0x70  main.o [2]
    .data                inited   0x2000'0368    0x81  main.o [2]
    .data                inited   0x2000'03ec     0x4  fdcan.o [2]
    .data                inited   0x2000'03f0    0x10  fdcan.o [2]
    .data                inited   0x2000'0400    0x60  i2c.o [2]
    .data                inited   0x2000'0460    0xb0  serial.o [2]
    .data                inited   0x2000'0510     0xc  stm32g4xx_hal.o [4]
    .data                inited   0x2000'051c    0x20  stm32g4xx_hal_flash.o [4]
    .data                inited   0x2000'053c     0x4  system_stm32g4xx.o [3]
    .data                inited   0x2000'0540    0x38  xlocale_c.o [5]
    .data                inited   0x2000'0578    0x48  xlocale_c.o [5]
                                - 0x2000'05c0   0x5c0

"P2", part 2 of 3:                              0x434
  .bss                   zero     0x2000'05c0   0x100  usart.o [2]
  .bss                   zero     0x2000'06c0    0xc0  i2c.o [2]
  .bss                   zero     0x2000'0780    0xc0  usart.o [2]
  .bss                   zero     0x2000'0840    0x90  usart.o [2]
  .bss                   zero     0x2000'08d0    0x80  usart.o [2]
  .bss                   zero     0x2000'0950    0x64  fdcan.o [2]
  .bss                   zero     0x2000'09b4    0x20  xfiles.o [5]
  .bss                   zero     0x2000'09d4    0x10  xsyslock_mtx.o [10]
  .bss                   zero     0x2000'09e4     0x4  dlib_lock_glue.o [1]
  .bss                   zero     0x2000'09e8     0x4  strtok.o [5]
  .bss                   zero     0x2000'09ec     0x4  xfail_s.o [5]
  .bss                   zero     0x2000'09f0     0x1  main.o [2]
                                - 0x2000'09f1   0x431

"P2", part 3 of 3:                              0x524
  .noinit                uninit   0x2000'09f4    0x18  dlib_lock_glue.o [1]
  .noinit                uninit   0x2000'0a0c     0xc  dlib_lock_glue.o [1]
  CSTACK                          0x2000'0a18   0x500  <Block>
    CSTACK               uninit   0x2000'0a18   0x500  <Block tail>
                                - 0x2000'0f18   0x524

Unused ranges:

         From           To      Size
         ----           --      ----
   0x800'9bb6   0x801'ffff  0x1'644a
  0x2000'0f18  0x2000'7fff    0x70e8


*******************************************************************************
*** INIT TABLE
***

          Address      Size
          -------      ----
Zero (__iar_zero_init3)
    1 destination range, total size 0x431:
          0x2000'05c0  0x431

Copy/lz77 (__iar_lz77_init_single3)
    1 source range, total size 0x14a (22% of destination):
           0x800'9a6c  0x14a
    1 destination range, total size 0x5c0:
          0x2000'0000  0x5c0

Extra (__iar_cstart_call_ctors)



*******************************************************************************
*** MODULE SUMMARY
***

    Module                    ro code  ro data  rw data
    ------                    -------  -------  -------
command line/config:
    ---------------------------------------------------
    Total:

C:\Users\jaesung\MRAS\GitHub\STM32\Projects\Exoskeleton\STM32G431KB_CAN\EWARM\STM32G431KB_CAN\Obj\Application\EWARM: [1]
    dlib_lock_glue.o              468        4       40
    startup_stm32g431xx.o         712
    ---------------------------------------------------
    Total:                      1'180        4       40

C:\Users\jaesung\MRAS\GitHub\STM32\Projects\Exoskeleton\STM32G431KB_CAN\EWARM\STM32G431KB_CAN\Obj\Application\User\Core: [2]
    dma.o                         112
    fdcan.o                     5'920      116      612
    gpio.o                        160
    i2c.o                         436       22      288
    main.o                      2'668      113      502
    serial.o                      288       43      176
    stm32g4xx_hal_msp.o           100
    stm32g4xx_it.o                142
    usart.o                       412               720
    ---------------------------------------------------
    Total:                     10'238      294    2'298

C:\Users\jaesung\MRAS\GitHub\STM32\Projects\Exoskeleton\STM32G431KB_CAN\EWARM\STM32G431KB_CAN\Obj\Drivers\CMSIS: [3]
    system_stm32g4xx.o             32        9        4
    ---------------------------------------------------
    Total:                         32        9        4

C:\Users\jaesung\MRAS\GitHub\STM32\Projects\Exoskeleton\STM32G431KB_CAN\EWARM\STM32G431KB_CAN\Obj\Drivers\STM32G4xx_HAL_Driver: [4]
    stm32g4xx_hal.o               204        3       12
    stm32g4xx_hal_cortex.o        248
    stm32g4xx_hal_dma.o           948
    stm32g4xx_hal_fdcan.o       1'830
    stm32g4xx_hal_flash.o         240        7       32
    stm32g4xx_hal_flash_ex.o      140
    stm32g4xx_hal_gpio.o          476
    stm32g4xx_hal_i2c.o         4'352
    stm32g4xx_hal_i2c_ex.o        164
    stm32g4xx_hal_pwr_ex.o        240
    stm32g4xx_hal_rcc.o         1'726
    stm32g4xx_hal_rcc_ex.o        616
    stm32g4xx_hal_uart.o        3'100
    stm32g4xx_hal_uart_ex.o       294
    ---------------------------------------------------
    Total:                     14'578       10       44

dl7M_tlf.a: [5]
    abort.o                         6
    cppinit.o                      24
    exit.o                          4
    iar_Stoflt.o                  440
    iar_Stopfx.o                  290
    iar_Stoulx.o                  332       80
    iar_Stoxflt.o                 520
    isalpha.o                      20
    isspace.o                      20
    low_level_init.o                4
    sprintf.o                      64
    strcspn.o                      34
    strspn.o                       34
    strtok.o                       76                 4
    tolower.o                      20
    xfail_s.o                      64                 4
    xfiles.o                        4                32
    xlocale_c.o                    76       34      128
    xlockref.o                     20
    xprintffull_nomb.o          3'886
    xsprout.o                      10
    ---------------------------------------------------
    Total:                      5'948      114      168

iar_cortexM4lf_math.a: [6]
    arm_common_tables.o                  2'052
    arm_cos_f32.o                 144
    arm_max_no_idx_f32.o          128
    arm_sin_f32.o                 140
    ---------------------------------------------------
    Total:                        412    2'052

m7M_tls.a: [7]
    DblAddSub.o                   606
    DblCmpGe.o                     52
    DblCmpLe.o                     52
    DblDiv.o                      582
    DblMul.o                      426
    DblToFlt.o                    104
    DblToS32.o                     54
    DblToU32.o                     34
    FltToDbl.o                     72
    S32ToDbl.o                     34
    U32ToDbl.o                     28
    fpinit_M.o                     34
    frexp.o                       112
    frexpf.o                       72
    ldexp.o                       314
    ldexpf.o                      196
    strto32.o                     628
    ---------------------------------------------------
    Total:                      3'400

rt7M_tl.a: [8]
    ABImemcpy.o                   166
    ABImemset.o                   102
    ABImemset48.o                  58
    I64DivMod.o                   560
    I64DivZer.o                     2
    cexit.o                        14
    cmain.o                        30
    cmain_call_ctors.o             32
    cstart_clearlocks.o
    cstartup_M.o                   28
    data_init.o                    40
    lz77_init_single.o            120
    memchr.o                       88
    strchr.o                       22
    strlen.o                       54
    zero_init3.o                   56
    ---------------------------------------------------
    Total:                      1'372

shb_l.a: [9]
    exit.o                         20
    ---------------------------------------------------
    Total:                         20

th7M_tlf.a: [10]
    xsyslock_mtx.o                132                16
    ---------------------------------------------------
    Total:                        132                16

    Gaps                           29        2       11
    Linker created                          36    1'280
-------------------------------------------------------
    Grand Total:               37'341    2'521    3'861


*******************************************************************************
*** ENTRY LIST
***

Entry                       Address   Size  Type      Object
-----                       -------   ----  ----      ------
.iar.init_table$$Base    0x800'989c          --   Gb  - Linker created -
.iar.init_table$$Limit   0x800'98c0          --   Gb  - Linker created -
?main                    0x800'9919         Code  Gb  cmain.o [8]
AHBPrescTable            0x800'98d0   0x10  Data  Gb  system_stm32g4xx.o [3]
ANGLE_FLAG              0x2000'01f7    0x1  Data  Gb  main.o [2]
APBPrescTable            0x800'997c    0x8  Data  Gb  system_stm32g4xx.o [3]
BusFault_Handler         0x800'96bd    0x2  Code  Gb  stm32g4xx_it.o [2]
CAN_cnt                 0x2000'026c    0x4  Data  Gb  main.o [2]
CLEAR_ERROR_FLAG        0x2000'01f8    0x1  Data  Gb  main.o [2]
CSTACK$$Base            0x2000'0a18          --   Gb  - Linker created -
CSTACK$$Limit           0x2000'0f18          --   Gb  - Linker created -
CST_mode                0x2000'03ec    0x4  Data  Gb  fdcan.o [2]
Check_status             0x800'1843   0x8a  Code  Gb  fdcan.o [2]
Clear_Device_Errors      0x800'0829   0x12  Code  Gb  fdcan.o [2]
DLCtoBytes               0x800'1ffc   0x10  Data  Lc  stm32g4xx_hal_fdcan.o [4]
DMA1_Channel1_IRQHandler
                         0x800'96db    0x6  Code  Gb  stm32g4xx_it.o [2]
DMA1_Channel2_IRQHandler
                         0x800'96e1    0x6  Code  Gb  stm32g4xx_it.o [2]
DMA1_Channel3_IRQHandler
                         0x800'96e7    0x6  Code  Gb  stm32g4xx_it.o [2]
DMA1_Channel4_IRQHandler
                         0x800'96ed    0x6  Code  Gb  stm32g4xx_it.o [2]
DMA_CalcDMAMUXChannelBaseAndMask
                         0x800'6cf1   0x34  Code  Lc  stm32g4xx_hal_dma.o [4]
DMA_CalcDMAMUXRequestGenBaseAndMask
                         0x800'6d25   0x1c  Code  Lc  stm32g4xx_hal_dma.o [4]
DMA_SetConfig            0x800'6caf   0x42  Code  Lc  stm32g4xx_hal_dma.o [4]
DS_FLAG                 0x2000'01f4    0x1  Data  Gb  main.o [2]
DS_TRANS                 0x800'03e7   0x6a  Code  Gb  fdcan.o [2]
DS_state                0x2000'0203    0x1  Data  Gb  main.o [2]
DebugMon_Handler         0x800'96c3    0x2  Code  Gb  stm32g4xx_it.o [2]
Dtentox                  0x800'5185  0x14a  Code  Lc  strto32.o [7]
ERROR_FLAG              0x2000'01fc    0x1  Data  Gb  main.o [2]
EXTI15_10_IRQHandler     0x800'9735    0x8  Code  Gb  stm32g4xx_it.o [2]
EXTI9_5_IRQHandler       0x800'96ff    0x8  Code  Gb  stm32g4xx_it.o [2]
Error_Handler            0x800'2a07   0x28  Code  Gb  main.o [2]
FA_limit_angle          0x2000'01a8   0x10  Data  Gb  fdcan.o [2]
FDCAN1_IT0_IRQHandler    0x800'96f3    0x6  Code  Gb  stm32g4xx_it.o [2]
FDCAN1_IT1_IRQHandler    0x800'96f9    0x6  Code  Gb  stm32g4xx_it.o [2]
FDCAN_CalcultateRamBlockAddresses
                         0x800'1f19   0x54  Code  Lc  stm32g4xx_hal_fdcan.o [4]
FDCAN_CopyMessageToRAM   0x800'1f8d   0x70  Code  Lc  stm32g4xx_hal_fdcan.o [4]
FLASH_FlushCaches        0x800'9647   0x58  Code  Gb  stm32g4xx_hal_flash_ex.o [4]
FLASH_IRQHandler         0x800'96d5    0x4  Code  Gb  stm32g4xx_it.o [2]
FLASH_PageErase          0x800'9621   0x26  Code  Gb  stm32g4xx_hal_flash_ex.o [4]
FPU_IRQHandler           0x800'973d    0x2  Code  Gb  stm32g4xx_it.o [2]
GET_Angle                0x800'077d   0x70  Code  Gb  fdcan.o [2]
GET_SDO                  0x800'0695   0x24  Code  Gb  fdcan.o [2]
GET_SDO_FLAG            0x2000'01f9    0x1  Data  Gb  main.o [2]
HAL_DMA_Abort            0x800'6aff   0x6c  Code  Gb  stm32g4xx_hal_dma.o [4]
HAL_DMA_Abort_IT         0x800'6b6b   0x7a  Code  Gb  stm32g4xx_hal_dma.o [4]
HAL_DMA_GetState         0x800'6ca9    0x6  Code  Gb  stm32g4xx_hal_dma.o [4]
HAL_DMA_IRQHandler       0x800'6be5   0xc4  Code  Gb  stm32g4xx_hal_dma.o [4]
HAL_DMA_Init             0x800'69b1   0xc2  Code  Gb  stm32g4xx_hal_dma.o [4]
HAL_DMA_Start_IT         0x800'6a73   0x8c  Code  Gb  stm32g4xx_hal_dma.o [4]
HAL_Delay                0x800'38f5   0x28  Code  Gb  stm32g4xx_hal.o [4]
HAL_FDCAN_ActivateNotification
                         0x800'1c9f   0xec  Code  Gb  stm32g4xx_hal_fdcan.o [4]
HAL_FDCAN_AddMessageToTxFifoQ
                         0x800'1b33   0x52  Code  Gb  stm32g4xx_hal_fdcan.o [4]
HAL_FDCAN_ConfigFilter   0x800'1ab1   0x58  Code  Gb  stm32g4xx_hal_fdcan.o [4]
HAL_FDCAN_ErrorCallback
                         0x800'392d    0x2  Code  Gb  stm32g4xx_hal_fdcan.o [4]
HAL_FDCAN_ErrorStatusCallback
                         0x800'392b    0x2  Code  Gb  stm32g4xx_hal_fdcan.o [4]
HAL_FDCAN_GetRxFifoFillLevel
                         0x800'1c7b   0x18  Code  Gb  stm32g4xx_hal_fdcan.o [4]
HAL_FDCAN_GetRxMessage   0x800'1b85   0xf6  Code  Gb  stm32g4xx_hal_fdcan.o [4]
HAL_FDCAN_GetTxFifoFreeLevel
                         0x800'1c93    0xc  Code  Gb  stm32g4xx_hal_fdcan.o [4]
HAL_FDCAN_HighPriorityMessageCallback
                         0x800'391d    0x2  Code  Gb  stm32g4xx_hal_fdcan.o [4]
HAL_FDCAN_IRQHandler     0x800'1d8b  0x18e  Code  Gb  stm32g4xx_hal_fdcan.o [4]
HAL_FDCAN_Init           0x800'18f9  0x1b0  Code  Gb  stm32g4xx_hal_fdcan.o [4]
HAL_FDCAN_MspInit        0x800'0255   0xaa  Code  Gb  fdcan.o [2]
HAL_FDCAN_RxFifo0Callback
                         0x800'2687   0xb6  Code  Gb  main.o [2]
HAL_FDCAN_RxFifo1Callback
                         0x800'3923    0x2  Code  Gb  stm32g4xx_hal_fdcan.o [4]
HAL_FDCAN_Start          0x800'1b09   0x2a  Code  Gb  stm32g4xx_hal_fdcan.o [4]
HAL_FDCAN_TimeoutOccurredCallback
                         0x800'3929    0x2  Code  Gb  stm32g4xx_hal_fdcan.o [4]
HAL_FDCAN_TimestampWraparoundCallback
                         0x800'3927    0x2  Code  Gb  stm32g4xx_hal_fdcan.o [4]
HAL_FDCAN_TxBufferAbortCallback
                         0x800'391f    0x2  Code  Gb  stm32g4xx_hal_fdcan.o [4]
HAL_FDCAN_TxBufferCompleteCallback
                         0x800'3925    0x2  Code  Gb  stm32g4xx_hal_fdcan.o [4]
HAL_FDCAN_TxEventFifoCallback
                         0x800'3921    0x2  Code  Gb  stm32g4xx_hal_fdcan.o [4]
HAL_FDCAN_TxFifoEmptyCallback
                         0x800'267b    0xc  Code  Gb  main.o [2]
HAL_FLASH_EndOfOperationCallback
                         0x800'96af    0x2  Code  Gb  stm32g4xx_hal_flash.o [4]
HAL_FLASH_IRQHandler     0x800'9535   0xe2  Code  Gb  stm32g4xx_hal_flash.o [4]
HAL_FLASH_OperationErrorCallback
                         0x800'96ad    0x2  Code  Gb  stm32g4xx_hal_flash.o [4]
HAL_GPIO_EXTI_Callback   0x800'273f   0xa8  Code  Gb  main.o [2]
HAL_GPIO_EXTI_IRQHandler
                         0x800'2ec9   0x12  Code  Gb  stm32g4xx_hal_gpio.o [4]
HAL_GPIO_Init            0x800'2d25  0x194  Code  Gb  stm32g4xx_hal_gpio.o [4]
HAL_GPIO_ReadPin         0x800'2eb9   0x10  Code  Gb  stm32g4xx_hal_gpio.o [4]
HAL_GetTick              0x800'36f1    0xc  Code  Gb  stm32g4xx_hal.o [4]
HAL_I2CEx_ConfigAnalogFilter
                         0x800'690d   0x54  Code  Gb  stm32g4xx_hal_i2c_ex.o [4]
HAL_I2CEx_ConfigDigitalFilter
                         0x800'6961   0x50  Code  Gb  stm32g4xx_hal_i2c_ex.o [4]
HAL_I2C_AbortCpltCallback
                         0x800'872b    0x2  Code  Gb  stm32g4xx_hal_i2c.o [4]
HAL_I2C_AddrCallback     0x800'871b    0x2  Code  Gb  stm32g4xx_hal_i2c.o [4]
HAL_I2C_ER_IRQHandler    0x800'5ab5   0x62  Code  Gb  stm32g4xx_hal_i2c.o [4]
HAL_I2C_EV_IRQHandler    0x800'5aa5   0x10  Code  Gb  stm32g4xx_hal_i2c.o [4]
HAL_I2C_ErrorCallback    0x800'872d    0x2  Code  Gb  stm32g4xx_hal_i2c.o [4]
HAL_I2C_GetError         0x800'5b1d    0x4  Code  Gb  stm32g4xx_hal_i2c.o [4]
HAL_I2C_GetState         0x800'5b17    0x6  Code  Gb  stm32g4xx_hal_i2c.o [4]
HAL_I2C_Init             0x800'576d   0xb2  Code  Gb  stm32g4xx_hal_i2c.o [4]
HAL_I2C_ListenCpltCallback
                         0x800'8729    0x2  Code  Gb  stm32g4xx_hal_i2c.o [4]
HAL_I2C_MasterRxCpltCallback
                         0x800'871f    0x2  Code  Gb  stm32g4xx_hal_i2c.o [4]
HAL_I2C_MasterTxCpltCallback
                         0x800'871d    0x2  Code  Gb  stm32g4xx_hal_i2c.o [4]
HAL_I2C_MemRxCpltCallback
                         0x800'8727    0x2  Code  Gb  stm32g4xx_hal_i2c.o [4]
HAL_I2C_MemTxCpltCallback
                         0x800'8725    0x2  Code  Gb  stm32g4xx_hal_i2c.o [4]
HAL_I2C_Mem_Read_DMA     0x800'5955  0x136  Code  Gb  stm32g4xx_hal_i2c.o [4]
HAL_I2C_Mem_Write_DMA    0x800'581f  0x132  Code  Gb  stm32g4xx_hal_i2c.o [4]
HAL_I2C_MspInit          0x800'3acd  0x142  Code  Gb  i2c.o [2]
HAL_I2C_SlaveRxCpltCallback
                         0x800'8723    0x2  Code  Gb  stm32g4xx_hal_i2c.o [4]
HAL_I2C_SlaveTxCpltCallback
                         0x800'8721    0x2  Code  Gb  stm32g4xx_hal_i2c.o [4]
HAL_IncTick              0x800'9741   0x10  Code  Gb  stm32g4xx_hal.o [4]
HAL_Init                 0x800'3931   0x32  Code  Gb  stm32g4xx_hal.o [4]
HAL_InitTick             0x800'6859   0x50  Code  Gb  stm32g4xx_hal.o [4]
HAL_MspInit              0x800'68a9   0x64  Code  Gb  stm32g4xx_hal_msp.o [2]
HAL_NVIC_EnableIRQ       0x800'2fd9    0x2  Code  Gb  stm32g4xx_hal_cortex.o [4]
HAL_NVIC_SetPriority     0x800'2fbb   0x1e  Code  Gb  stm32g4xx_hal_cortex.o [4]
HAL_NVIC_SetPriorityGrouping
                         0x800'2fb9    0x2  Code  Gb  stm32g4xx_hal_cortex.o [4]
HAL_PWREx_ControlVoltageScaling
                         0x800'3dc9   0xd0  Code  Gb  stm32g4xx_hal_pwr_ex.o [4]
HAL_PWREx_DisableUCPDDeadBattery
                         0x800'3e99    0xc  Code  Gb  stm32g4xx_hal_pwr_ex.o [4]
HAL_RCCEx_PeriphCLKConfig
                         0x800'2abd  0x25c  Code  Gb  stm32g4xx_hal_rcc_ex.o [4]
HAL_RCC_CSSCallback      0x800'6e85    0x2  Code  Gb  stm32g4xx_hal_rcc.o [4]
HAL_RCC_ClockConfig      0x800'4291  0x196  Code  Gb  stm32g4xx_hal_rcc.o [4]
HAL_RCC_EnableCSS        0x800'44cd    0xc  Code  Gb  stm32g4xx_hal_rcc.o [4]
HAL_RCC_GetHCLKFreq      0x800'4493    0x6  Code  Gb  stm32g4xx_hal_rcc.o [4]
HAL_RCC_GetPCLK1Freq     0x800'4499   0x1a  Code  Gb  stm32g4xx_hal_rcc.o [4]
HAL_RCC_GetPCLK2Freq     0x800'44b3   0x1a  Code  Gb  stm32g4xx_hal_rcc.o [4]
HAL_RCC_GetSysClockFreq
                         0x800'4427   0x6c  Code  Gb  stm32g4xx_hal_rcc.o [4]
HAL_RCC_NMI_IRQHandler   0x800'44d9   0x16  Code  Gb  stm32g4xx_hal_rcc.o [4]
HAL_RCC_OscConfig        0x800'3eb9  0x3d8  Code  Gb  stm32g4xx_hal_rcc.o [4]
HAL_SYSTICK_Callback     0x800'273d    0x2  Code  Gb  main.o [2]
HAL_SYSTICK_Config       0x800'2fdb    0x2  Code  Gb  stm32g4xx_hal_cortex.o [4]
HAL_SYSTICK_IRQHandler   0x800'2fdd    0x4  Code  Gb  stm32g4xx_hal_cortex.o [4]
HAL_UARTEx_DisableFifoMode
                         0x800'6d65   0x3c  Code  Gb  stm32g4xx_hal_uart_ex.o [4]
HAL_UARTEx_RxEventCallback
                         0x800'6e89    0x2  Code  Gb  stm32g4xx_hal_uart.o [4]
HAL_UARTEx_RxFifoFullCallback
                         0x800'6e8f    0x2  Code  Gb  stm32g4xx_hal_uart_ex.o [4]
HAL_UARTEx_SetRxFifoThreshold
                         0x800'6de7   0x46  Code  Gb  stm32g4xx_hal_uart_ex.o [4]
HAL_UARTEx_SetTxFifoThreshold
                         0x800'6da1   0x46  Code  Gb  stm32g4xx_hal_uart_ex.o [4]
HAL_UARTEx_TxFifoEmptyCallback
                         0x800'6e8d    0x2  Code  Gb  stm32g4xx_hal_uart_ex.o [4]
HAL_UARTEx_WakeupCallback
                         0x800'6e8b    0x2  Code  Gb  stm32g4xx_hal_uart_ex.o [4]
HAL_UART_ErrorCallback   0x800'6e87    0x2  Code  Gb  stm32g4xx_hal_uart.o [4]
HAL_UART_IRQHandler      0x800'46e1  0x2e8  Code  Gb  stm32g4xx_hal_uart.o [4]
HAL_UART_Init            0x800'4575   0x6a  Code  Gb  stm32g4xx_hal_uart.o [4]
HAL_UART_MspInit         0x800'3c95  0x11e  Code  Gb  usart.o [2]
HAL_UART_Receive_DMA     0x800'4687   0x5a  Code  Gb  stm32g4xx_hal_uart.o [4]
HAL_UART_RxCpltCallback
                         0x800'70c5    0x2  Code  Gb  stm32g4xx_hal_uart.o [4]
HAL_UART_RxHalfCpltCallback
                         0x800'70c7    0x2  Code  Gb  stm32g4xx_hal_uart.o [4]
HAL_UART_Transmit_DMA    0x800'45df   0xa8  Code  Gb  stm32g4xx_hal_uart.o [4]
HAL_UART_TxCpltCallback
                         0x800'70c1    0x2  Code  Gb  stm32g4xx_hal_uart.o [4]
HAL_UART_TxHalfCpltCallback
                         0x800'70c3    0x2  Code  Gb  stm32g4xx_hal_uart.o [4]
HardFault_Handler        0x800'96b9    0x2  Code  Gb  stm32g4xx_it.o [2]
I2C1_ER_IRQHandler       0x800'970d    0x6  Code  Gb  stm32g4xx_it.o [2]
I2C1_EV_IRQHandler       0x800'9707    0x6  Code  Gb  stm32g4xx_it.o [2]
I2C_DMAAbort             0x800'6591   0x18  Code  Lc  stm32g4xx_hal_i2c.o [4]
I2C_DMAError             0x800'6581   0x10  Code  Lc  stm32g4xx_hal_i2c.o [4]
I2C_DMAMasterReceiveCplt
                         0x800'651d   0x60  Code  Lc  stm32g4xx_hal_i2c.o [4]
I2C_DMAMasterTransmitCplt
                         0x800'64bd   0x60  Code  Lc  stm32g4xx_hal_i2c.o [4]
I2C_DMA_COMM             0x800'27e7  0x220  Code  Gb  main.o [2]
I2C_DMA_COMM::coef1     0x2000'03d8    0x8  Data  Lc  main.o [2]
I2C_DMA_COMM::coef2     0x2000'03e0    0x8  Data  Lc  main.o [2]
I2C_Disable_IRQ          0x800'67fd   0x5c  Code  Lc  stm32g4xx_hal_i2c.o [4]
I2C_Enable_IRQ           0x800'6785   0x60  Code  Lc  stm32g4xx_hal_i2c.o [4]
I2C_FLAG                0x2000'01fd    0x1  Data  Gb  main.o [2]
I2C_Flush_TXDR           0x800'649f   0x1e  Code  Lc  stm32g4xx_hal_i2c.o [4]
I2C_ITAddrCplt           0x800'5f71   0xb4  Code  Lc  stm32g4xx_hal_i2c.o [4]
I2C_ITError              0x800'638d   0xf0  Code  Lc  stm32g4xx_hal_i2c.o [4]
I2C_ITListenCplt         0x800'632b   0x62  Code  Lc  stm32g4xx_hal_i2c.o [4]
I2C_ITMasterCplt         0x800'60f3   0xf8  Code  Lc  stm32g4xx_hal_i2c.o [4]
I2C_ITMasterSeqCplt      0x800'6025   0x56  Code  Lc  stm32g4xx_hal_i2c.o [4]
I2C_ITSlaveCplt          0x800'61eb  0x140  Code  Lc  stm32g4xx_hal_i2c.o [4]
I2C_ITSlaveSeqCplt       0x800'607b   0x78  Code  Lc  stm32g4xx_hal_i2c.o [4]
I2C_IsErrorOccurred      0x800'6659  0x104  Code  Lc  stm32g4xx_hal_i2c.o [4]
I2C_Master_ISR_DMA       0x800'5c5d  0x11c  Code  Lc  stm32g4xx_hal_i2c.o [4]
I2C_RequestMemoryRead    0x800'5efd   0x72  Code  Lc  stm32g4xx_hal_i2c.o [4]
I2C_RequestMemoryWrite   0x800'5e87   0x74  Code  Lc  stm32g4xx_hal_i2c.o [4]
I2C_Slave_ISR_DMA        0x800'5d79  0x10e  Code  Lc  stm32g4xx_hal_i2c.o [4]
I2C_Slave_ISR_IT         0x800'5b25  0x138  Code  Lc  stm32g4xx_hal_i2c.o [4]
I2C_TRQ_FLAG            0x2000'01fb    0x1  Data  Gb  main.o [2]
I2C_TransferConfig       0x800'675d   0x28  Code  Lc  stm32g4xx_hal_i2c.o [4]
I2C_TreatErrorCallback   0x800'647d   0x22  Code  Lc  stm32g4xx_hal_i2c.o [4]
I2C_WaitOnFlagUntilTimeout
                         0x800'65a9   0x5c  Code  Lc  stm32g4xx_hal_i2c.o [4]
I2C_WaitOnTXISFlagUntilTimeout
                         0x800'6605   0x54  Code  Lc  stm32g4xx_hal_i2c.o [4]
INIT_CAN                 0x800'1715  0x12e  Code  Gb  fdcan.o [2]
MX_DMA_Init              0x800'3a09   0x70  Code  Gb  dma.o [2]
MX_FDCAN1_Init           0x800'01d9   0x7c  Code  Gb  fdcan.o [2]
MX_GPIO_Init             0x800'3969   0xa0  Code  Gb  gpio.o [2]
MX_I2C1_Init             0x800'3a79   0x54  Code  Gb  i2c.o [2]
MX_USART2_UART_Init      0x800'3c2d   0x68  Code  Gb  usart.o [2]
MemManage_Handler        0x800'96bb    0x2  Code  Gb  stm32g4xx_it.o [2]
NMI_Handler              0x800'96b1    0x8  Code  Gb  stm32g4xx_it.o [2]
NMT_FLAG                0x2000'01f3    0x1  Data  Gb  main.o [2]
NMT_TRANS                0x800'03bd   0x2a  Code  Gb  fdcan.o [2]
NMT_state               0x2000'0202    0x1  Data  Gb  main.o [2]
NVIC_EncodePriority      0x800'2f55   0x36  Code  Lc  stm32g4xx_hal_cortex.o [4]
POS_Calc_2::cnt         0x2000'0180    0x2  Data  Lc  fdcan.o [2]
POS_Calc_2::cnt_new     0x2000'0182    0x2  Data  Lc  fdcan.o [2]
POS_Calc_2::tp_goal     0x2000'01d8    0x8  Data  Lc  fdcan.o [2]
POS_Calc_2::tp_old      0x2000'01e0    0x8  Data  Lc  fdcan.o [2]
Parsing_PDO              0x800'0535   0x74  Code  Gb  fdcan.o [2]
Parsing_SDO              0x800'0451   0xe4  Code  Gb  fdcan.o [2]
PendSV_Handler           0x800'96c5    0x2  Code  Gb  stm32g4xx_it.o [2]
QS_flag                 0x2000'01f2    0x1  Data  Gb  main.o [2]
RCC_GetSysClockFreqFromPLLSource
                         0x800'44ef   0x42  Code  Lc  stm32g4xx_hal_rcc.o [4]
RCC_IRQHandler           0x800'96d9    0x2  Code  Gb  stm32g4xx_it.o [2]
READ_STATUS              0x800'06b9   0xc4  Code  Gb  fdcan.o [2]
RECV_FLAG               0x2000'03f0    0x1  Data  Gb  fdcan.o [2]
Region$$Table$$Base      0x800'989c          --   Gb  - Linker created -
Region$$Table$$Limit     0x800'98c0          --   Gb  - Linker created -
SEND_FRAME               0x800'05c7   0xce  Code  Gb  fdcan.o [2]
SET_ANGLE_ZERO_FLAG     0x2000'01f6    0x1  Data  Gb  main.o [2]
SET_PDO                  0x800'036f   0x4e  Code  Gb  fdcan.o [2]
SET_SDO                  0x800'02ff   0x70  Code  Gb  fdcan.o [2]
SET_SDO_FLAG            0x2000'01fa    0x1  Data  Gb  main.o [2]
SET_ZERO_BTN            0x2000'0207    0x1  Data  Gb  main.o [2]
SHT$$INIT_ARRAY$$Base    0x800'9a68          --   Gb  - Linker created -
SHT$$INIT_ARRAY$$Limit   0x800'9a6c          --   Gb  - Linker created -
SHT$$PREINIT_ARRAY$$Base
                         0x800'9a68          --   Gb  - Linker created -
SHT$$PREINIT_ARRAY$$Limit
                         0x800'9a68          --   Gb  - Linker created -
STATUS_FLAG             0x2000'01f5    0x1  Data  Gb  main.o [2]
SVC_Handler              0x800'96c1    0x2  Code  Gb  stm32g4xx_it.o [2]
SYNC_FRAME               0x800'05a9   0x1e  Code  Gb  fdcan.o [2]
SysTick_Config           0x800'2f8b   0x2e  Code  Lc  stm32g4xx_hal_cortex.o [4]
SysTick_Handler          0x800'96c7    0xe  Code  Gb  stm32g4xx_it.o [2]
SystemClock_Config       0x800'2035   0x76  Code  Gb  main.o [2]
SystemCoreClock         0x2000'053c    0x4  Data  Gb  system_stm32g4xx.o [3]
SystemInit               0x800'98c1    0xc  Code  Gb  system_stm32g4xx.o [3]
TRQ_Calc                 0x800'083d  0xeb0  Code  Gb  fdcan.o [2]
TRQ_Calc::theta2        0x2000'01c8   0x10  Data  Lc  fdcan.o [2]
TRQ_Calc::trq_cnt_new   0x2000'017a    0x2  Data  Lc  fdcan.o [2]
TRQ_Calc::trq_cnt_old   0x2000'0178    0x2  Data  Lc  fdcan.o [2]
TRQ_Calc_2::trq_cnt_new
                        0x2000'017e    0x2  Data  Lc  fdcan.o [2]
TRQ_Calc_2::trq_cnt_old
                        0x2000'017c    0x2  Data  Lc  fdcan.o [2]
TRQ_OFF_FLAG            0x2000'0173    0x1  Data  Gb  fdcan.o [2]
TRQ_ON_FLAG             0x2000'0172    0x1  Data  Gb  fdcan.o [2]
UARTEx_SetNbDataToProcess
                         0x800'6e2d   0x46  Code  Lc  stm32g4xx_hal_uart_ex.o [4]
UARTEx_SetNbDataToProcess::denominator
                         0x800'6e7c    0x8  Data  Lc  stm32g4xx_hal_uart_ex.o [4]
UARTEx_SetNbDataToProcess::numerator
                         0x800'6e74    0x8  Data  Lc  stm32g4xx_hal_uart_ex.o [4]
UARTPrescTable           0x800'4c74   0x18  Data  Gb  stm32g4xx_hal_uart.o [4]
UART_AdvFeatureConfig    0x800'4c8d   0xc8  Code  Gb  stm32g4xx_hal_uart.o [4]
UART_CheckIdleState      0x800'4d55   0x64  Code  Gb  stm32g4xx_hal_uart.o [4]
UART_DMAAbortOnError     0x800'5149   0x10  Code  Lc  stm32g4xx_hal_uart.o [4]
UART_DMAError            0x800'50f9   0x50  Code  Lc  stm32g4xx_hal_uart.o [4]
UART_DMAReceiveCplt      0x800'504d   0x92  Code  Lc  stm32g4xx_hal_uart.o [4]
UART_DMARxHalfCplt       0x800'50e1   0x18  Code  Lc  stm32g4xx_hal_uart.o [4]
UART_DMATransmitCplt     0x800'5001   0x46  Code  Lc  stm32g4xx_hal_uart.o [4]
UART_DMATxHalfCplt       0x800'5047    0x6  Code  Lc  stm32g4xx_hal_uart.o [4]
UART_EndRxTransfer       0x800'4f79   0x58  Code  Lc  stm32g4xx_hal_uart.o [4]
UART_EndTransmit_IT      0x800'5159   0x22  Code  Lc  stm32g4xx_hal_uart.o [4]
UART_EndTxTransfer       0x800'4f43   0x36  Code  Lc  stm32g4xx_hal_uart.o [4]
UART_FLAG               0x2000'01f1    0x1  Data  Gb  main.o [2]
UART_SetConfig           0x800'49d9  0x296  Code  Gb  stm32g4xx_hal_uart.o [4]
UART_Start_Receive_DMA   0x800'4e8f   0xb4  Code  Gb  stm32g4xx_hal_uart.o [4]
UART_WaitOnFlagUntilTimeout
                         0x800'4db9   0xd6  Code  Gb  stm32g4xx_hal_uart.o [4]
UART_cnt                0x2000'0270    0x4  Data  Gb  main.o [2]
UA_limit_angle          0x2000'01b8   0x10  Data  Gb  fdcan.o [2]
USART2_IRQHandler        0x800'9713    0x6  Code  Gb  stm32g4xx_it.o [2]
UsageFault_Handler       0x800'96bf    0x2  Code  Gb  stm32g4xx_it.o [2]
_LitobFullNoMb           0x800'846d  0x10c  Code  Lc  xprintffull_nomb.o [5]
_LocaleC_isalpha         0x800'874f    0xc  Code  Gb  xlocale_c.o [5]
_LocaleC_islower         0x800'8749    0x4  Code  Gb  xlocale_c.o [5]
_LocaleC_isspace         0x800'8765   0x14  Code  Gb  xlocale_c.o [5]
_LocaleC_isupper         0x800'874d    0x2  Code  Gb  xlocale_c.o [5]
_LocaleC_tolower         0x800'8779    0xc  Code  Gb  xlocale_c.o [5]
_Locale_lconv           0x2000'0540   0x38  Data  Lc  xlocale_c.o [5]
_PrintfFullNoMb          0x800'7739  0xd06  Code  Gb  xprintffull_nomb.o [5]
_PutcharFullNoMb         0x800'85d1   0x20  Code  Lc  xprintffull_nomb.o [5]
_PutcharsFullNoMb        0x800'85f1   0x2e  Code  Lc  xprintffull_nomb.o [5]
_SProut                  0x800'2ab3    0xa  Code  Gb  xsprout.o [5]
_Strtok_ssave           0x2000'09e8    0x4  Data  Lc  strtok.o [5]
__NVIC_EnableIRQ         0x800'2f25   0x16  Code  Lc  stm32g4xx_hal_cortex.o [4]
__NVIC_GetPriorityGrouping
                         0x800'2f1b    0xa  Code  Lc  stm32g4xx_hal_cortex.o [4]
__NVIC_SetPriority       0x800'2f3b   0x1a  Code  Lc  stm32g4xx_hal_cortex.o [4]
__NVIC_SetPriorityGrouping
                         0x800'2f01   0x1a  Code  Lc  stm32g4xx_hal_cortex.o [4]
__aeabi_cdcmple          0x800'3889         Code  Gb  DblCmpLe.o [7]
__aeabi_cdrcmple         0x800'3839         Code  Gb  DblCmpGe.o [7]
__aeabi_d2f              0x800'36fd         Code  Gb  DblToFlt.o [7]
__aeabi_d2iz             0x800'38bd         Code  Gb  DblToS32.o [7]
__aeabi_d2uiz            0x800'8a41         Code  Gb  DblToU32.o [7]
__aeabi_dadd             0x800'3491         Code  Gb  DblAddSub.o [7]
__aeabi_ddiv             0x800'31c9         Code  Gb  DblDiv.o [7]
__aeabi_dmul             0x800'301d         Code  Gb  DblMul.o [7]
__aeabi_dsub             0x800'360d         Code  Gb  DblAddSub.o [7]
__aeabi_f2d              0x800'37f1         Code  Gb  FltToDbl.o [7]
__aeabi_i2d              0x800'2ff9         Code  Gb  S32ToDbl.o [7]
__aeabi_ldiv0            0x800'8731         Code  Gb  I64DivZer.o [8]
__aeabi_memcpy           0x800'87ed         Code  Gb  ABImemcpy.o [8]
__aeabi_memcpy4          0x800'880d         Code  Gb  ABImemcpy.o [8]
__aeabi_memcpy8          0x800'880d         Code  Gb  ABImemcpy.o [8]
__aeabi_memset           0x800'86b5         Code  Gb  ABImemset.o [8]
__aeabi_memset4          0x800'2a79         Code  Gb  ABImemset48.o [8]
__aeabi_memset8          0x800'2a79         Code  Gb  ABImemset48.o [8]
__aeabi_ui2d             0x800'386d         Code  Gb  U32ToDbl.o [7]
__aeabi_uldivmod         0x800'6e91         Code  Gb  I64DivMod.o [8]
__call_ctors             0x800'9901   0x18  Code  Gb  cppinit.o [5]
__cexit_clearlocks       0x800'9943         Code  Gb  cexit.o [8]
__cmain                  0x800'9919         Code  Gb  cmain.o [8]
__cstart_clearlocks      0x800'9a6c         Data  Gb  cstart_clearlocks.o [8]
__dlib_thread_safety_init
                         0x800'9345   0x4c  Code  Gb  dlib_lock_glue.o [1]
__exit                   0x800'8aad   0x14  Code  Gb  exit.o [9]
__iar_Fail_s             0x800'87ad   0x1c  Code  Gb  xfail_s.o [5]
__iar_Initlocks          0x800'94e1   0x36  Code  Gb  xsyslock_mtx.o [10]
__iar_Memchr             0x800'76e1         Code  Gb  memchr.o [8]
__iar_Memset             0x800'86b5         Code  Gb  ABImemset.o [8]
__iar_Memset4_word       0x800'2a81         Code  Gb  ABImemset48.o [8]
__iar_Memset8_word       0x800'2a81         Code  Gb  ABImemset48.o [8]
__iar_Memset_word        0x800'86bd         Code  Gb  ABImemset.o [8]
__iar_Sto32              0x800'52d1   0xec  Code  Gb  strto32.o [7]
__iar_Stoflt             0x800'72f9  0x1b8  Code  Gb  iar_Stoflt.o [5]
__iar_Stopfx             0x800'71d5  0x122  Code  Gb  iar_Stopfx.o [5]
__iar_Stoulx             0x800'53f9  0x13a  Code  Gb  iar_Stoulx.o [5]
__iar_Stoxflt            0x800'74b1  0x1d2  Code  Gb  iar_Stoxflt.o [5]
__iar_Stoxflt::digits    0x800'7688   0x18  Data  Lc  iar_Stoxflt.o [5]
__iar_Stoxflt::vals      0x800'76a0   0x18  Data  Lc  iar_Stoxflt.o [5]
__iar_Strchr             0x800'8795         Code  Gb  strchr.o [8]
__iar_clearlocks         0x800'9499   0x48  Code  Gb  xsyslock_mtx.o [10]
__iar_cstart_call_ctors
                         0x800'98e1   0x20  Code  Gb  cmain_call_ctors.o [8]
__iar_data_init3         0x800'9851   0x28  Code  Gb  data_init.o [8]
__iar_file_FOPEN_MAX     0x800'951d    0x4  Code  Gb  xfiles.o [5]
__iar_file_LockRef       0x800'9521   0x14  Code  Gb  xlockref.o [5]
__iar_file_Mtxdst        0x800'945b   0x32  Code  Gb  dlib_lock_glue.o [1]
__iar_file_Mtxinit       0x800'940f   0x4c  Code  Gb  dlib_lock_glue.o [1]
__iar_file_mtx          0x2000'09b4   0x20  Data  Gb  xfiles.o [5]
__iar_frexp              0x800'88a1         Code  Gb  frexp.o [7]
__iar_frexp32            0x800'70c9         Code  Gb  frexpf.o [7]
__iar_frexpf             0x800'70dd         Code  Gb  frexpf.o [7]
__iar_frexpl             0x800'88a1         Code  Gb  frexp.o [7]
__iar_globLocale        0x2000'0578   0x48  Data  Lc  xlocale_c.o [5]
__iar_global_Locale      0x800'8785    0x4  Code  Gb  xlocale_c.o [5]
__iar_init_vfp           0x800'9879         Code  Gb  fpinit_M.o [7]
__iar_ldexp32            0x800'7111         Code  Gb  ldexpf.o [7]
__iar_ldexp64            0x800'8905         Code  Gb  ldexp.o [7]
__iar_lz77_init_single3
                         0x800'9751   0x78  Code  Gb  lz77_init_single.o [8]
__iar_program_start      0x800'9951         Code  Gb  cstartup_M.o [8]
__iar_scalbln32          0x800'7111         Code  Gb  ldexpf.o [7]
__iar_scalbln64          0x800'8905         Code  Gb  ldexp.o [7]
__iar_scalbn32           0x800'7111         Code  Gb  ldexpf.o [7]
__iar_scalbn64           0x800'8905         Code  Gb  ldexp.o [7]
__iar_softfp___iar_frexp64
                         0x800'8895         Code  Gb  frexp.o [7]
__iar_softfp_frexp       0x800'8895         Code  Gb  frexp.o [7]
__iar_softfp_frexpl      0x800'8895         Code  Gb  frexp.o [7]
__iar_system_Mtxdst      0x800'93dd   0x32  Code  Gb  dlib_lock_glue.o [1]
__iar_system_Mtxinit     0x800'9391   0x4c  Code  Gb  dlib_lock_glue.o [1]
__iar_tls$$INIT_ARRAY$$Base
                         0x800'9a6c          --   Gb  - Linker created -
__iar_tls$$INIT_ARRAY$$Limit
                         0x800'9a6c          --   Gb  - Linker created -
__iar_zero_init3         0x800'9819   0x38  Code  Gb  zero_init3.o [8]
__low_level_init         0x800'9937    0x4  Code  Gb  low_level_init.o [5]
__vector_table           0x800'0000         Data  Gb  startup_stm32g431xx.o [1]
_call_main               0x800'9925         Code  Gb  cmain.o [8]
_exit                    0x800'9941         Code  Gb  cexit.o [8]
abort                    0x800'8aa7    0x6  Code  Gb  abort.o [5]
angle_addr              0x2000'0402    0x2  Data  Gb  i2c.o [2]
angle_i2c               0x2000'0378   0x60  Data  Gb  main.o [2]
angles                  0x2000'0230   0x10  Data  Gb  main.o [2]
arm_cos_f32              0x800'5545   0x90  Code  Gb  arm_cos_f32.o [6]
arm_max_no_idx_f32       0x800'3411   0x80  Code  Gb  arm_max_no_idx_f32.o [6]
arm_sin_f32              0x800'3765   0x8c  Code  Gb  arm_sin_f32.o [6]
arms                    0x2000'0174    0x1  Data  Gb  fdcan.o [2]
atoi                     0x800'5539    0x2  Code  Gb  iar_Stoulx.o [5]
cg_forearm              0x2000'02a8    0x8  Data  Gb  main.o [2]
cg_upperarm             0x2000'0290    0x8  Data  Gb  main.o [2]
cnt_max                 0x2000'0176    0x2  Data  Gb  fdcan.o [2]
data_temp               0x2000'0260    0x4  Data  Gb  main.o [2]
deg2rad_5               0x2000'01e8    0x8  Data  Gb  fdcan.o [2]
digits                   0x800'97f0   0x28  Data  Lc  iar_Stoulx.o [5]
error_res               0x2000'0264    0x8  Data  Gb  main.o [2]
exit                     0x800'993b    0x4  Code  Gb  exit.o [5]
frexpf                   0x800'70c9         Code  Gb  frexpf.o [7]
gear_efficiency         0x2000'02d8   0x20  Data  Gb  main.o [2]
gear_ratio              0x2000'02b8   0x20  Data  Gb  main.o [2]
hcan                    0x2000'0100   0x6c  Data  Gb  fdcan.o [2]
hdma_i2c1_rx            0x2000'06c0   0x60  Data  Gb  i2c.o [2]
hdma_i2c1_tx            0x2000'0720   0x60  Data  Gb  i2c.o [2]
hdma_usart2_rx          0x2000'0780   0x60  Data  Gb  usart.o [2]
hdma_usart2_tx          0x2000'07e0   0x60  Data  Gb  usart.o [2]
hfdcan1                 0x2000'0950   0x64  Data  Gb  fdcan.o [2]
hi2c1                   0x2000'0404   0x4c  Data  Gb  i2c.o [2]
huart2                  0x2000'0840   0x90  Data  Gb  usart.o [2]
id_cnt                  0x2000'0205    0x1  Data  Gb  main.o [2]
id_sum                  0x2000'0204    0x1  Data  Gb  main.o [2]
id_temp                 0x2000'0200    0x1  Data  Gb  main.o [2]
init_vcp                 0x800'56a3   0x16  Code  Gb  serial.o [2]
isalpha                  0x800'8733   0x14  Code  Gb  isalpha.o [5]
isspace                  0x800'76b9   0x14  Code  Gb  isspace.o [5]
l1                      0x2000'0278    0x8  Data  Gb  main.o [2]
l2                      0x2000'0280    0x8  Data  Gb  main.o [2]
ldexp                    0x800'8905         Code  Gb  ldexp.o [7]
ldexpf                   0x800'7111         Code  Gb  ldexpf.o [7]
ldexpl                   0x800'8905         Code  Gb  ldexp.o [7]
length_temp             0x2000'0201    0x1  Data  Gb  main.o [2]
localeconv               0x800'8789    0x4  Code  Gb  xlocale_c.o [5]
loop_async               0x800'245d  0x21e  Code  Gb  main.o [2]
loop_sync                0x800'221d  0x238  Code  Gb  main.o [2]
loop_sync::angles_old   0x2000'0240   0x10  Data  Lc  main.o [2]
main                     0x800'200d   0x28  Code  Gb  main.o [2]
max_timeout             0x2000'0400    0x2  Data  Gb  i2c.o [2]
max_timeout_cnt         0x2000'03fc    0x4  Data  Gb  fdcan.o [2]
mem_addr                0x2000'0374    0x2  Data  Gb  main.o [2]
memchr                   0x800'76e1         Code  Gb  memchr.o [8]
motor                   0x2000'0000  0x100  Data  Gb  fdcan.o [2]
mtx                     0x2000'09d4   0x10  Data  Lc  xsyslock_mtx.o [10]
ndigs                    0x800'97c8   0x28  Data  Lc  iar_Stoulx.o [5]
node_id                 0x2000'01f0    0x1  Data  Gb  main.o [2]
object                  0x2000'0250    0x2  Data  Gb  main.o [2]
object_sub              0x2000'020a    0x2  Data  Gb  main.o [2]
pFlash                  0x2000'051c   0x20  Data  Gb  stm32g4xx_hal_flash.o [4]
parse_vcp                0x800'2175   0xa8  Code  Gb  main.o [2]
parse_vcp::deg2rad      0x2000'0360    0x8  Data  Lc  main.o [2]
pin_state               0x2000'01fe    0x1  Data  Gb  main.o [2]
pin_state_old           0x2000'0175    0x1  Data  Gb  fdcan.o [2]
pows                     0x800'53e0   0x18  Data  Lc  strto32.o [7]
prot_info               0x2000'0208    0x2  Data  Gb  main.o [2]
rad_i2c                 0x2000'0300   0x60  Data  Gb  main.o [2]
rated_torque            0x2000'02b0    0x8  Data  Gb  main.o [2]
run_vcp                  0x800'56d1   0x9c  Code  Gb  serial.o [2]
rx_buf                  0x2000'0454    0xc  Data  Gb  i2c.o [2]
rx_buff                 0x2000'0368    0xc  Data  Gb  main.o [2]
scalbln                  0x800'8905         Code  Gb  ldexp.o [7]
scalblnf                 0x800'7111         Code  Gb  ldexpf.o [7]
scalblnl                 0x800'8905         Code  Gb  ldexp.o [7]
scalbn                   0x800'8905         Code  Gb  ldexp.o [7]
scalbnf                  0x800'7111         Code  Gb  ldexpf.o [7]
scalbnl                  0x800'8905         Code  Gb  ldexp.o [7]
scale                    0x800'8579   0x46  Code  Lc  xprintffull_nomb.o [5]
sec_hand                0x2000'09ec    0x4  Data  Lc  xfail_s.o [5]
serial_available         0x800'568b   0x18  Code  Gb  serial.o [2]
serial_read              0x800'5661   0x2a  Code  Gb  serial.o [2]
serial_write             0x800'564d   0x14  Code  Gb  serial.o [2]
setup                    0x800'20ab   0xca  Code  Gb  main.o [2]
sinTable_f32             0x800'8ac0  0x804  Data  Gb  arm_common_tables.o [6]
sprintf                  0x800'55d5   0x40  Code  Gb  sprintf.o [5]
static_file_list_lock   0x2000'09e6    0x2  Data  Lc  dlib_lock_glue.o [1]
static_file_lock        0x2000'09f4   0x18  Data  Lc  dlib_lock_glue.o [1]
static_system_list_lock
                        0x2000'09e4    0x2  Data  Lc  dlib_lock_glue.o [1]
static_system_lock      0x2000'0a0c    0xc  Data  Lc  dlib_lock_glue.o [1]
status                  0x2000'0206    0x1  Data  Gb  main.o [2]
stm32_lock_acquire       0x800'92db   0x3a  Code  Lc  dlib_lock_glue.o [1]
stm32_lock_init          0x800'92c5   0x16  Code  Lc  dlib_lock_glue.o [1]
stm32_lock_release       0x800'9315   0x30  Code  Lc  dlib_lock_glue.o [1]
strchr                   0x800'8795         Code  Gb  strchr.o [8]
strcspn                  0x800'8a85   0x22  Code  Gb  strcspn.o [5]
stretch_btn             0x2000'02f8    0x1  Data  Gb  main.o [2]
strlen                   0x800'5615         Code  Gb  strlen.o [8]
strspn                   0x800'8a63   0x22  Code  Gb  strspn.o [5]
strtof                   0x800'53d9    0x6  Code  Gb  strto32.o [7]
strtok                   0x800'8669   0x4c  Code  Gb  strtok.o [5]
tick                    0x2000'025c    0x4  Data  Gb  main.o [2]
timeout                 0x2000'03f4    0x8  Data  Gb  fdcan.o [2]
timer                   0x2000'01ff    0x1  Data  Gb  main.o [2]
tolower                  0x800'76cd   0x14  Code  Gb  tolower.o [5]
torque                  0x2000'0188   0x20  Data  Gb  fdcan.o [2]
tp                      0x2000'0254    0x8  Data  Gb  main.o [2]
trq_offset              0x2000'0210   0x20  Data  Gb  main.o [2]
trq_prof                0x2000'0170    0x2  Data  Gb  fdcan.o [2]
tx_buf                  0x2000'0450    0x1  Data  Gb  i2c.o [2]
tx_buff                 0x2000'03e8    0x1  Data  Gb  main.o [2]
txfifoemptycheck        0x2000'09f0    0x1  Data  Gb  main.o [2]
uart2_rx_buffer         0x2000'05c0  0x100  Data  Gb  usart.o [2]
uart2_tx_buffer         0x2000'08d0   0x80  Data  Gb  usart.o [2]
uwTick                  0x2000'0510    0x4  Data  Gb  stm32g4xx_hal.o [4]
uwTickFreq              0x2000'0518    0x4  Data  Gb  stm32g4xx_hal.o [4]
uwTickPrio              0x2000'0514    0x4  Data  Gb  stm32g4xx_hal.o [4]
vcp                     0x2000'0460   0xb0  Data  Gb  serial.o [2]
weight                  0x2000'0288    0x8  Data  Gb  main.o [2]
weight_forearm          0x2000'02a0    0x8  Data  Gb  main.o [2]
weight_upperarm         0x2000'0298    0x8  Data  Gb  main.o [2]


[1] = C:\Users\jaesung\MRAS\GitHub\STM32\Projects\Exoskeleton\STM32G431KB_CAN\EWARM\STM32G431KB_CAN\Obj\Application\EWARM
[2] = C:\Users\jaesung\MRAS\GitHub\STM32\Projects\Exoskeleton\STM32G431KB_CAN\EWARM\STM32G431KB_CAN\Obj\Application\User\Core
[3] = C:\Users\jaesung\MRAS\GitHub\STM32\Projects\Exoskeleton\STM32G431KB_CAN\EWARM\STM32G431KB_CAN\Obj\Drivers\CMSIS
[4] = C:\Users\jaesung\MRAS\GitHub\STM32\Projects\Exoskeleton\STM32G431KB_CAN\EWARM\STM32G431KB_CAN\Obj\Drivers\STM32G4xx_HAL_Driver
[5] = dl7M_tlf.a
[6] = iar_cortexM4lf_math.a
[7] = m7M_tls.a
[8] = rt7M_tl.a
[9] = shb_l.a
[10] = th7M_tlf.a

  37'341 bytes of readonly  code memory
   2'521 bytes of readonly  data memory
   3'861 bytes of readwrite data memory

Errors: none
Warnings: none
