###############################################################################
#
# IAR ELF Linker V9.10.2.313/W64 for ARM                  03/Jul/2023  22:22:22
# Copyright 2007-2021 IAR Systems AB.
#
#    Output file  =
#        C:\Users\jaesung\MRAS\GitHub\STM32\Projects\Exoskeleton\STM32G431KB_CAN\EWARM\STM32G431KB_CAN\Exe\STM32G431KB_CAN.out
#    Map file     =
#        C:\Users\jaesung\MRAS\GitHub\STM32\Projects\Exoskeleton\STM32G431KB_CAN\EWARM\STM32G431KB_CAN\List\STM32G431KB_CAN.map
#    Command line =
#        -f
#        C:\Users\jaesung\MRAS\GitHub\STM32\Projects\Exoskeleton\STM32G431KB_CAN\EWARM\STM32G431KB_CAN\Exe\STM32G431KB_CAN.out.rsp
#        (C:\Users\jaesung\MRAS\GitHub\STM32\Projects\Exoskeleton\STM32G431KB_CAN\EWARM\STM32G431KB_CAN\Obj\Application\User\Core\dma.o
#        C:\Users\jaesung\MRAS\GitHub\STM32\Projects\Exoskeleton\STM32G431KB_CAN\EWARM\STM32G431KB_CAN\Obj\Application\User\Core\fdcan.o
#        C:\Users\jaesung\MRAS\GitHub\STM32\Projects\Exoskeleton\STM32G431KB_CAN\EWARM\STM32G431KB_CAN\Obj\Application\User\Core\gpio.o
#        C:\Users\jaesung\MRAS\GitHub\STM32\Projects\Exoskeleton\STM32G431KB_CAN\EWARM\STM32G431KB_CAN\Obj\Application\User\Core\i2c.o
#        C:\Users\jaesung\MRAS\GitHub\STM32\Projects\Exoskeleton\STM32G431KB_CAN\EWARM\STM32G431KB_CAN\Obj\Application\User\Core\main.o
#        C:\Users\jaesung\MRAS\GitHub\STM32\Projects\Exoskeleton\STM32G431KB_CAN\EWARM\STM32G431KB_CAN\Obj\Application\User\Core\serial.o
#        C:\Users\jaesung\MRAS\GitHub\STM32\Projects\Exoskeleton\STM32G431KB_CAN\EWARM\STM32G431KB_CAN\Obj\Application\EWARM\startup_stm32g431xx.o
#        C:\Users\jaesung\MRAS\GitHub\STM32\Projects\Exoskeleton\STM32G431KB_CAN\EWARM\STM32G431KB_CAN\Obj\Drivers\STM32G4xx_HAL_Driver\stm32g4xx_hal.o
#        C:\Users\jaesung\MRAS\GitHub\STM32\Projects\Exoskeleton\STM32G431KB_CAN\EWARM\STM32G431KB_CAN\Obj\Drivers\STM32G4xx_HAL_Driver\stm32g4xx_hal_cortex.o
#        C:\Users\jaesung\MRAS\GitHub\STM32\Projects\Exoskeleton\STM32G431KB_CAN\EWARM\STM32G431KB_CAN\Obj\Drivers\STM32G4xx_HAL_Driver\stm32g4xx_hal_dma.o
#        C:\Users\jaesung\MRAS\GitHub\STM32\Projects\Exoskeleton\STM32G431KB_CAN\EWARM\STM32G431KB_CAN\Obj\Drivers\STM32G4xx_HAL_Driver\stm32g4xx_hal_dma_ex.o
#        C:\Users\jaesung\MRAS\GitHub\STM32\Projects\Exoskeleton\STM32G431KB_CAN\EWARM\STM32G431KB_CAN\Obj\Drivers\STM32G4xx_HAL_Driver\stm32g4xx_hal_exti.o
#        C:\Users\jaesung\MRAS\GitHub\STM32\Projects\Exoskeleton\STM32G431KB_CAN\EWARM\STM32G431KB_CAN\Obj\Drivers\STM32G4xx_HAL_Driver\stm32g4xx_hal_fdcan.o
#        C:\Users\jaesung\MRAS\GitHub\STM32\Projects\Exoskeleton\STM32G431KB_CAN\EWARM\STM32G431KB_CAN\Obj\Drivers\STM32G4xx_HAL_Driver\stm32g4xx_hal_flash.o
#        C:\Users\jaesung\MRAS\GitHub\STM32\Projects\Exoskeleton\STM32G431KB_CAN\EWARM\STM32G431KB_CAN\Obj\Drivers\STM32G4xx_HAL_Driver\stm32g4xx_hal_flash_ex.o
#        C:\Users\jaesung\MRAS\GitHub\STM32\Projects\Exoskeleton\STM32G431KB_CAN\EWARM\STM32G431KB_CAN\Obj\Drivers\STM32G4xx_HAL_Driver\stm32g4xx_hal_flash_ramfunc.o
#        C:\Users\jaesung\MRAS\GitHub\STM32\Projects\Exoskeleton\STM32G431KB_CAN\EWARM\STM32G431KB_CAN\Obj\Drivers\STM32G4xx_HAL_Driver\stm32g4xx_hal_gpio.o
#        C:\Users\jaesung\MRAS\GitHub\STM32\Projects\Exoskeleton\STM32G431KB_CAN\EWARM\STM32G431KB_CAN\Obj\Drivers\STM32G4xx_HAL_Driver\stm32g4xx_hal_i2c.o
#        C:\Users\jaesung\MRAS\GitHub\STM32\Projects\Exoskeleton\STM32G431KB_CAN\EWARM\STM32G431KB_CAN\Obj\Drivers\STM32G4xx_HAL_Driver\stm32g4xx_hal_i2c_ex.o
#        C:\Users\jaesung\MRAS\GitHub\STM32\Projects\Exoskeleton\STM32G431KB_CAN\EWARM\STM32G431KB_CAN\Obj\Application\User\Core\stm32g4xx_hal_msp.o
#        C:\Users\jaesung\MRAS\GitHub\STM32\Projects\Exoskeleton\STM32G431KB_CAN\EWARM\STM32G431KB_CAN\Obj\Drivers\STM32G4xx_HAL_Driver\stm32g4xx_hal_pwr.o
#        C:\Users\jaesung\MRAS\GitHub\STM32\Projects\Exoskeleton\STM32G431KB_CAN\EWARM\STM32G431KB_CAN\Obj\Drivers\STM32G4xx_HAL_Driver\stm32g4xx_hal_pwr_ex.o
#        C:\Users\jaesung\MRAS\GitHub\STM32\Projects\Exoskeleton\STM32G431KB_CAN\EWARM\STM32G431KB_CAN\Obj\Drivers\STM32G4xx_HAL_Driver\stm32g4xx_hal_rcc.o
#        C:\Users\jaesung\MRAS\GitHub\STM32\Projects\Exoskeleton\STM32G431KB_CAN\EWARM\STM32G431KB_CAN\Obj\Drivers\STM32G4xx_HAL_Driver\stm32g4xx_hal_rcc_ex.o
#        C:\Users\jaesung\MRAS\GitHub\STM32\Projects\Exoskeleton\STM32G431KB_CAN\EWARM\STM32G431KB_CAN\Obj\Drivers\STM32G4xx_HAL_Driver\stm32g4xx_hal_tim.o
#        C:\Users\jaesung\MRAS\GitHub\STM32\Projects\Exoskeleton\STM32G431KB_CAN\EWARM\STM32G431KB_CAN\Obj\Drivers\STM32G4xx_HAL_Driver\stm32g4xx_hal_tim_ex.o
#        C:\Users\jaesung\MRAS\GitHub\STM32\Projects\Exoskeleton\STM32G431KB_CAN\EWARM\STM32G431KB_CAN\Obj\Drivers\STM32G4xx_HAL_Driver\stm32g4xx_hal_uart.o
#        C:\Users\jaesung\MRAS\GitHub\STM32\Projects\Exoskeleton\STM32G431KB_CAN\EWARM\STM32G431KB_CAN\Obj\Drivers\STM32G4xx_HAL_Driver\stm32g4xx_hal_uart_ex.o
#        C:\Users\jaesung\MRAS\GitHub\STM32\Projects\Exoskeleton\STM32G431KB_CAN\EWARM\STM32G431KB_CAN\Obj\Application\User\Core\stm32g4xx_it.o
#        C:\Users\jaesung\MRAS\GitHub\STM32\Projects\Exoskeleton\STM32G431KB_CAN\EWARM\STM32G431KB_CAN\Obj\Drivers\CMSIS\system_stm32g4xx.o
#        C:\Users\jaesung\MRAS\GitHub\STM32\Projects\Exoskeleton\STM32G431KB_CAN\EWARM\STM32G431KB_CAN\Obj\Application\User\Core\usart.o
#        C:\Users\jaesung\MRAS\GitHub\STM32\Projects\Exoskeleton\STM32G431KB_CAN\EWARM\STM32G431KB_CAN\Obj\Application\User\Core\utility.o
#        --no_out_extension -o
#        C:\Users\jaesung\MRAS\GitHub\STM32\Projects\Exoskeleton\STM32G431KB_CAN\EWARM\STM32G431KB_CAN\Exe\STM32G431KB_CAN.out
#        --redirect _Printf=_PrintfFullNoMb --redirect _Scanf=_ScanfFullNoMb
#        --map
#        C:\Users\jaesung\MRAS\GitHub\STM32\Projects\Exoskeleton\STM32G431KB_CAN\EWARM\STM32G431KB_CAN\List\STM32G431KB_CAN.map
#        --config
#        C:\Users\jaesung\MRAS\GitHub\STM32\Projects\Exoskeleton\STM32G431KB_CAN\EWARM/stm32g431xx_flash.icf
#        --semihosting --entry __iar_program_start "C:\Program Files\IAR
#        Systems\Embedded Workbench
#        9.0\arm\CMSIS\Lib\IAR\iar_cortexM4lf_math.a" --vfe --text_out locale)
#
###############################################################################

*******************************************************************************
*** RUNTIME MODEL ATTRIBUTES
***

CppFlavor       = *
__SystemLibrary = DLib
__dlib_version  = 6


*******************************************************************************
*** HEAP SELECTION
***

The basic heap was selected because no calls to memory allocation
functions were found in the application outside of system library
functions, and there are calls to deallocation functions in the
application.


*******************************************************************************
*** PLACEMENT SUMMARY
***

"A0":  place at address 0x800'0000 { ro section .intvec };
"P1":  place in [from 0x800'0000 to 0x801'ffff] { ro };
define block CSTACK with size = 1K, alignment = 8 { };
define block HEAP with size = 512, alignment = 8 { };
"P2":  place in [from 0x2000'0000 to 0x2000'7fff] {
          rw, block CSTACK, block HEAP };
initialize by copy { rw };

  Section            Kind         Address    Size  Object
  -------            ----         -------    ----  ------
"A0":                                       0x1d8
  .intvec            ro code   0x800'0000   0x1d8  startup_stm32g431xx.o [1]
                             - 0x800'01d8   0x1d8

"P1":                                      0x5b2c
  .text              ro code   0x800'01d8   0xd34  stm32g4xx_hal_i2c.o [4]
  .text              ro code   0x800'0f0c   0x4ac  i2c.o [2]
  .text              ro code   0x800'13b8     0xc  stm32g4xx_hal.o [4]
  .text              ro code   0x800'13c4     0x2  stm32g4xx_hal_i2c.o [4]
  .text              ro code   0x800'13c6     0x2  stm32g4xx_hal_i2c.o [4]
  .text              ro code   0x800'13c8     0x2  stm32g4xx_hal_i2c.o [4]
  .text              ro code   0x800'13ca     0x2  stm32g4xx_hal_i2c.o [4]
  .text              ro code   0x800'13cc   0x3b4  stm32g4xx_hal_dma.o [4]
  .text              ro code   0x800'1780     0x2  stm32g4xx_hal_i2c.o [4]
  .text              ro code   0x800'1784   0x420  main.o [2]
  .text              ro code   0x800'1ba4    0xa4  stm32g4xx_hal_i2c_ex.o [4]
  .text              ro code   0x800'1c48    0x3a  ABImemset48.o [8]
  .text              ro code   0x800'1c84   0x268  stm32g4xx_hal_rcc_ex.o [4]
  .text              ro code   0x800'1eec   0x1c4  stm32g4xx_hal_gpio.o [4]
  .text              ro code   0x800'20b0    0xf8  stm32g4xx_hal_cortex.o [4]
  .text              ro code   0x800'21a8    0x28  stm32g4xx_hal.o [4]
  .text              ro code   0x800'21d0    0x22  S32ToDbl.o [7]
  .text              ro code   0x800'21f4   0x246  DblDiv.o [7]
  .text              ro code   0x800'243c    0x68  DblToFlt.o [7]
  .text              ro code   0x800'24a4    0x38  stm32g4xx_hal.o [4]
  .text              ro code   0x800'24dc    0x68  gpio.o [2]
  .text              ro code   0x800'2544    0x50  dma.o [2]
  .text              ro code   0x800'2594   0xba8  fdcan.o [2]
  .text              ro code   0x800'313c   0x1a0  usart.o [2]
  .text              ro code   0x800'32dc    0xf0  stm32g4xx_hal_pwr_ex.o [4]
  .text              ro code   0x800'33cc   0x6bc  stm32g4xx_hal_rcc.o [4]
  .text              ro code   0x800'3a88   0xc10  stm32g4xx_hal_uart.o [4]
  .text              ro code   0x800'4698   0x714  stm32g4xx_hal_fdcan.o [4]
  .text              ro code   0x800'4dac   0x136  serial.o [2]
  .text              ro code   0x800'4ee4    0x50  stm32g4xx_hal.o [4]
  .text              ro code   0x800'4f34    0x34  stm32g4xx_hal_msp.o [2]
  .text              ro code   0x800'4f68   0x1aa  DblMul.o [7]
  .text              ro code   0x800'5114    0x80  arm_max_no_idx_f32.o [6]
  .text              ro code   0x800'5194   0x24e  DblAddSub.o [7]
  .text              ro code   0x800'53e4    0x34  DblCmpGe.o [7]
  .text              ro code   0x800'5418    0x36  DblToS32.o [7]
  .text              ro code   0x800'544e     0x8  abs.o [5]
  .text              ro code   0x800'5458   0x120  stm32g4xx_hal_uart_ex.o [4]
  .text              ro code   0x800'5578     0x2  stm32g4xx_hal_rcc.o [4]
  .text              ro code   0x800'557a     0x2  stm32g4xx_hal_uart.o [4]
  .text              ro code   0x800'557c     0x2  stm32g4xx_hal_uart.o [4]
  .text              ro code   0x800'557e     0x2  stm32g4xx_hal_uart_ex.o [4]
  .text              ro code   0x800'5580     0x2  stm32g4xx_hal_uart_ex.o [4]
  .text              ro code   0x800'5582     0x2  stm32g4xx_hal_uart_ex.o [4]
  .text              ro code   0x800'5584   0x230  I64DivMod.o [8]
  .text              ro code   0x800'57b4     0x2  stm32g4xx_hal_uart.o [4]
  .text              ro code   0x800'57b6     0x2  stm32g4xx_hal_uart.o [4]
  .text              ro code   0x800'57b8     0x2  stm32g4xx_hal_uart.o [4]
  .text              ro code   0x800'57ba     0x2  stm32g4xx_hal_uart.o [4]
  .text              ro code   0x800'57bc     0x2  stm32g4xx_hal_fdcan.o [4]
  .text              ro code   0x800'57be     0x2  stm32g4xx_hal_fdcan.o [4]
  .text              ro code   0x800'57c0     0x2  stm32g4xx_hal_fdcan.o [4]
  .text              ro code   0x800'57c2     0x2  stm32g4xx_hal_fdcan.o [4]
  .text              ro code   0x800'57c4     0x2  stm32g4xx_hal_fdcan.o [4]
  .text              ro code   0x800'57c6     0x2  stm32g4xx_hal_fdcan.o [4]
  .text              ro code   0x800'57c8     0x2  stm32g4xx_hal_fdcan.o [4]
  .text              ro code   0x800'57ca     0x2  stm32g4xx_hal_fdcan.o [4]
  .text              ro code   0x800'57cc     0x2  stm32g4xx_hal_fdcan.o [4]
  .text              ro code   0x800'57d0    0x18  strcpy.o [8]
  .text              ro code   0x800'57e8    0x36  strlen.o [8]
  .text              ro code   0x800'5820    0x4c  strtok.o [5]
  .text              ro code   0x800'586c    0x66  ABImemset.o [8]
  .text              ro code   0x800'58d4     0x2  I64DivZer.o [8]
  .text              ro code   0x800'58d6    0x22  strspn.o [5]
  .text              ro code   0x800'58f8    0x22  strcspn.o [5]
  .text              ro code   0x800'591a    0x78  lz77_init_single.o [8]
  .text              ro code   0x800'5994    0x64  stm32g4xx_it.o [2]
  .text              ro code   0x800'59f8    0x10  stm32g4xx_hal.o [4]
  .text              ro code   0x800'5a08    0x38  zero_init3.o [8]
  .text              ro code   0x800'5a40    0x28  data_init.o [8]
  .text              ro code   0x800'5a68    0x22  fpinit_M.o [7]
  .iar.init_table    const     0x800'5a8c    0x20  - Linker created -
  .text              ro code   0x800'5aac    0x20  system_stm32g4xx.o [3]
  .text              ro code   0x800'5acc    0x1e  cmain.o [8]
  .text              ro code   0x800'5aea     0x4  low_level_init.o [5]
  .text              ro code   0x800'5aee     0x4  exit.o [5]
  .text              ro code   0x800'5af4     0xa  cexit.o [8]
  .text              ro code   0x800'5b00    0x14  exit.o [9]
  .text              ro code   0x800'5b14    0x1c  cstartup_M.o [8]
  .text              ro code   0x800'5b30    0x10  startup_stm32g431xx.o [1]
  .rodata            const     0x800'5b40     0x8  system_stm32g4xx.o [3]
  .rodata            const     0x800'5b48     0x4  serial.o [2]
  .text              ro code   0x800'5b4c     0x4  startup_stm32g431xx.o [1]
  .text              ro code   0x800'5b50     0x4  startup_stm32g431xx.o [1]
  .text              ro code   0x800'5b54     0x4  startup_stm32g431xx.o [1]
  .text              ro code   0x800'5b58     0x4  startup_stm32g431xx.o [1]
  .text              ro code   0x800'5b5c     0x4  startup_stm32g431xx.o [1]
  .text              ro code   0x800'5b60     0x4  startup_stm32g431xx.o [1]
  .text              ro code   0x800'5b64     0x4  startup_stm32g431xx.o [1]
  .text              ro code   0x800'5b68     0x4  startup_stm32g431xx.o [1]
  .text              ro code   0x800'5b6c     0x4  startup_stm32g431xx.o [1]
  .text              ro code   0x800'5b70     0x4  startup_stm32g431xx.o [1]
  .text              ro code   0x800'5b74     0x4  startup_stm32g431xx.o [1]
  .text              ro code   0x800'5b78     0x4  startup_stm32g431xx.o [1]
  .text              ro code   0x800'5b7c     0x4  startup_stm32g431xx.o [1]
  .text              ro code   0x800'5b80     0x4  startup_stm32g431xx.o [1]
  .text              ro code   0x800'5b84     0x4  startup_stm32g431xx.o [1]
  .text              ro code   0x800'5b88     0x4  startup_stm32g431xx.o [1]
  .text              ro code   0x800'5b8c     0x4  startup_stm32g431xx.o [1]
  .text              ro code   0x800'5b90     0x4  startup_stm32g431xx.o [1]
  .text              ro code   0x800'5b94     0x4  startup_stm32g431xx.o [1]
  .text              ro code   0x800'5b98     0x4  startup_stm32g431xx.o [1]
  .text              ro code   0x800'5b9c     0x4  startup_stm32g431xx.o [1]
  .text              ro code   0x800'5ba0     0x4  startup_stm32g431xx.o [1]
  .text              ro code   0x800'5ba4     0x4  startup_stm32g431xx.o [1]
  .text              ro code   0x800'5ba8     0x4  startup_stm32g431xx.o [1]
  .text              ro code   0x800'5bac     0x4  startup_stm32g431xx.o [1]
  .text              ro code   0x800'5bb0     0x4  startup_stm32g431xx.o [1]
  .text              ro code   0x800'5bb4     0x4  startup_stm32g431xx.o [1]
  .text              ro code   0x800'5bb8     0x4  startup_stm32g431xx.o [1]
  .text              ro code   0x800'5bbc     0x4  startup_stm32g431xx.o [1]
  .text              ro code   0x800'5bc0     0x4  startup_stm32g431xx.o [1]
  .text              ro code   0x800'5bc4     0x4  startup_stm32g431xx.o [1]
  .text              ro code   0x800'5bc8     0x4  startup_stm32g431xx.o [1]
  .text              ro code   0x800'5bcc     0x4  startup_stm32g431xx.o [1]
  .text              ro code   0x800'5bd0     0x4  startup_stm32g431xx.o [1]
  .text              ro code   0x800'5bd4     0x4  startup_stm32g431xx.o [1]
  .text              ro code   0x800'5bd8     0x4  startup_stm32g431xx.o [1]
  .text              ro code   0x800'5bdc     0x4  startup_stm32g431xx.o [1]
  .text              ro code   0x800'5be0     0x4  startup_stm32g431xx.o [1]
  .text              ro code   0x800'5be4     0x4  startup_stm32g431xx.o [1]
  .text              ro code   0x800'5be8     0x4  startup_stm32g431xx.o [1]
  .text              ro code   0x800'5bec     0x4  startup_stm32g431xx.o [1]
  .text              ro code   0x800'5bf0     0x4  startup_stm32g431xx.o [1]
  .text              ro code   0x800'5bf4     0x4  startup_stm32g431xx.o [1]
  .text              ro code   0x800'5bf8     0x4  startup_stm32g431xx.o [1]
  .text              ro code   0x800'5bfc     0x4  startup_stm32g431xx.o [1]
  .text              ro code   0x800'5c00     0x4  startup_stm32g431xx.o [1]
  .text              ro code   0x800'5c04     0x4  startup_stm32g431xx.o [1]
  .text              ro code   0x800'5c08     0x4  startup_stm32g431xx.o [1]
  .text              ro code   0x800'5c0c     0x4  startup_stm32g431xx.o [1]
  .text              ro code   0x800'5c10     0x4  startup_stm32g431xx.o [1]
  .text              ro code   0x800'5c14     0x4  startup_stm32g431xx.o [1]
  .text              ro code   0x800'5c18     0x4  startup_stm32g431xx.o [1]
  .text              ro code   0x800'5c1c     0x4  startup_stm32g431xx.o [1]
  .text              ro code   0x800'5c20     0x4  startup_stm32g431xx.o [1]
  .text              ro code   0x800'5c24     0x4  startup_stm32g431xx.o [1]
  .text              ro code   0x800'5c28     0x4  startup_stm32g431xx.o [1]
  .text              ro code   0x800'5c2c     0x4  startup_stm32g431xx.o [1]
  .text              ro code   0x800'5c30     0x4  startup_stm32g431xx.o [1]
  .text              ro code   0x800'5c34     0x4  startup_stm32g431xx.o [1]
  .text              ro code   0x800'5c38     0x4  startup_stm32g431xx.o [1]
  .text              ro code   0x800'5c3c     0x4  startup_stm32g431xx.o [1]
  .text              ro code   0x800'5c40     0x4  startup_stm32g431xx.o [1]
  .text              ro code   0x800'5c44     0x4  startup_stm32g431xx.o [1]
  .rodata            const     0x800'5c48     0x0  zero_init3.o [8]
  .rodata            const     0x800'5c48     0x0  lz77_init_single.o [8]
  Initializer bytes  const     0x800'5c48    0xbc  <for P2-1>
                             - 0x800'5d04  0x5b2c

"P2", part 1 of 3:                          0x398
  P2-1                        0x2000'0000   0x398  <Init block>
    .data            inited   0x2000'0000   0x14c  fdcan.o [2]
    .data            inited   0x2000'0150    0x80  fdcan.o [2]
    .data            inited   0x2000'01d0    0x14  fdcan.o [2]
    .data            inited   0x2000'01e8    0x64  i2c.o [2]
    .data            inited   0x2000'0250     0x8  main.o [2]
    .data            inited   0x2000'0258    0x20  main.o [2]
    .data            inited   0x2000'0278    0x20  main.o [2]
    .data            inited   0x2000'0298    0x10  fdcan.o [2]
    .data            inited   0x2000'02a8    0x30  main.o [2]
    .data            inited   0x2000'02d8    0xb0  serial.o [2]
    .data            inited   0x2000'0388     0xc  stm32g4xx_hal.o [4]
    .data            inited   0x2000'0394     0x4  system_stm32g4xx.o [3]
                            - 0x2000'0398   0x398

"P2", part 2 of 3:                          0x390
  .bss               zero     0x2000'0398   0x100  usart.o [2]
  .bss               zero     0x2000'0498    0xc0  usart.o [2]
  .bss               zero     0x2000'0558    0x90  usart.o [2]
  .bss               zero     0x2000'05e8    0x80  usart.o [2]
  .bss               zero     0x2000'0668    0x64  fdcan.o [2]
  .bss               zero     0x2000'06cc    0x4c  i2c.o [2]
  .bss               zero     0x2000'0718     0x8  main.o [2]
  .bss               zero     0x2000'0720     0x4  strtok.o [5]
  .bss               zero     0x2000'0724     0x1  main.o [2]
                            - 0x2000'0725   0x38d

"P2", part 3 of 3:                          0x400
  CSTACK                      0x2000'0728   0x400  <Block>
    CSTACK           uninit   0x2000'0728   0x400  <Block tail>
                            - 0x2000'0b28   0x400

Unused ranges:

         From           To      Size
         ----           --      ----
   0x800'5d04   0x801'ffff  0x1'a2fc
  0x2000'0b28  0x2000'7fff    0x74d8


*******************************************************************************
*** INIT TABLE
***

          Address      Size
          -------      ----
Zero (__iar_zero_init3)
    1 destination range, total size 0x38d:
          0x2000'0398  0x38d

Copy/lz77 (__iar_lz77_init_single3)
    1 source range, total size 0xbc (20% of destination):
           0x800'5c48   0xbc
    1 destination range, total size 0x398:
          0x2000'0000  0x398



*******************************************************************************
*** MODULE SUMMARY
***

    Module                   ro code  ro data  rw data
    ------                   -------  -------  -------
command line/config:
    --------------------------------------------------
    Total:

C:\Users\jaesung\MRAS\GitHub\STM32\Projects\Exoskeleton\STM32G431KB_CAN\EWARM\STM32G431KB_CAN\Obj\Application\EWARM: [1]
    startup_stm32g431xx.o        740
    --------------------------------------------------
    Total:                       740

C:\Users\jaesung\MRAS\GitHub\STM32\Projects\Exoskeleton\STM32G431KB_CAN\EWARM\STM32G431KB_CAN\Obj\Application\User\Core: [2]
    dma.o                         80
    fdcan.o                    2'984      101      596
    gpio.o                       104
    i2c.o                      1'196       22      176
    main.o                     1'056       25      129
    serial.o                     310       40      176
    stm32g4xx_hal_msp.o           52
    stm32g4xx_it.o               100
    usart.o                      416               720
    --------------------------------------------------
    Total:                     6'298      188    1'797

C:\Users\jaesung\MRAS\GitHub\STM32\Projects\Exoskeleton\STM32G431KB_CAN\EWARM\STM32G431KB_CAN\Obj\Drivers\CMSIS: [3]
    system_stm32g4xx.o            32        9        4
    --------------------------------------------------
    Total:                        32        9        4

C:\Users\jaesung\MRAS\GitHub\STM32\Projects\Exoskeleton\STM32G431KB_CAN\EWARM\STM32G431KB_CAN\Obj\Drivers\STM32G4xx_HAL_Driver: [4]
    stm32g4xx_hal.o              204        3       12
    stm32g4xx_hal_cortex.o       248
    stm32g4xx_hal_dma.o          948
    stm32g4xx_hal_fdcan.o      1'830
    stm32g4xx_hal_gpio.o         452
    stm32g4xx_hal_i2c.o        3'390
    stm32g4xx_hal_i2c_ex.o       164
    stm32g4xx_hal_pwr_ex.o       240
    stm32g4xx_hal_rcc.o        1'726
    stm32g4xx_hal_rcc_ex.o       616
    stm32g4xx_hal_uart.o       3'100
    stm32g4xx_hal_uart_ex.o      294
    --------------------------------------------------
    Total:                    13'212        3       12

dl7M_tlf.a: [5]
    abs.o                          8
    exit.o                         4
    low_level_init.o               4
    strcspn.o                     34
    strspn.o                      34
    strtok.o                      76                 4
    --------------------------------------------------
    Total:                       160                 4

iar_cortexM4lf_math.a: [6]
    arm_max_no_idx_f32.o         128
    --------------------------------------------------
    Total:                       128

m7M_tls.a: [7]
    DblAddSub.o                  590
    DblCmpGe.o                    52
    DblDiv.o                     582
    DblMul.o                     426
    DblToFlt.o                   104
    DblToS32.o                    54
    S32ToDbl.o                    34
    fpinit_M.o                    34
    --------------------------------------------------
    Total:                     1'876

rt7M_tl.a: [8]
    ABImemset.o                  102
    ABImemset48.o                 58
    I64DivMod.o                  560
    I64DivZer.o                    2
    cexit.o                       10
    cmain.o                       30
    cstartup_M.o                  28
    data_init.o                   40
    lz77_init_single.o           120
    strcpy.o                      24
    strlen.o                      54
    zero_init3.o                  56
    --------------------------------------------------
    Total:                     1'084

shb_l.a: [9]
    exit.o                        20
    --------------------------------------------------
    Total:                        20

    Gaps                          28        2       12
    Linker created                         32    1'024
------------------------------------------------------
    Grand Total:              23'578      234    2'853


*******************************************************************************
*** ENTRY LIST
***

Entry                       Address   Size  Type      Object
-----                       -------   ----  ----      ------
.iar.init_table$$Base    0x800'5a8c          --   Gb  - Linker created -
.iar.init_table$$Limit   0x800'5aac          --   Gb  - Linker created -
?main                    0x800'5acd         Code  Gb  cmain.o [8]
AHBPrescTable            0x800'5abc   0x10  Data  Gb  system_stm32g4xx.o [3]
ANGLE_FLAG              0x2000'02af    0x1  Data  Gb  main.o [2]
APBPrescTable            0x800'5b40    0x8  Data  Gb  system_stm32g4xx.o [3]
BusFault_Handler         0x800'59a1    0x2  Code  Gb  stm32g4xx_it.o [2]
CLEAR_ERROR_FLAG        0x2000'02b0    0x1  Data  Gb  main.o [2]
CSTACK$$Base            0x2000'0728          --   Gb  - Linker created -
CSTACK$$Limit           0x2000'0b28          --   Gb  - Linker created -
Clear_Device_Errors      0x800'2b85   0x12  Code  Gb  fdcan.o [2]
DLCtoBytes               0x800'4d9c   0x10  Data  Lc  stm32g4xx_hal_fdcan.o [4]
DMA1_Channel1_IRQHandler
                         0x800'59b9    0x6  Code  Gb  stm32g4xx_it.o [2]
DMA1_Channel2_IRQHandler
                         0x800'59bf    0x6  Code  Gb  stm32g4xx_it.o [2]
DMA_CalcDMAMUXChannelBaseAndMask
                         0x800'170d   0x34  Code  Lc  stm32g4xx_hal_dma.o [4]
DMA_CalcDMAMUXRequestGenBaseAndMask
                         0x800'1741   0x1c  Code  Lc  stm32g4xx_hal_dma.o [4]
DMA_SetConfig            0x800'16cb   0x42  Code  Lc  stm32g4xx_hal_dma.o [4]
DS_FLAG                 0x2000'02ac    0x1  Data  Gb  main.o [2]
DS_TRANS                 0x800'279f   0x6e  Code  Gb  fdcan.o [2]
DS_state                0x2000'02ba    0x1  Data  Gb  main.o [2]
DebugMon_Handler         0x800'59a7    0x2  Code  Gb  stm32g4xx_it.o [2]
ERROR_FLAG              0x2000'02b4    0x1  Data  Gb  main.o [2]
Error_Handler            0x800'1b43   0x28  Code  Gb  main.o [2]
FA_limit_angle          0x2000'0198   0x10  Data  Gb  fdcan.o [2]
FDCAN1_IT0_IRQHandler    0x800'59c5    0x6  Code  Gb  stm32g4xx_it.o [2]
FDCAN1_IT1_IRQHandler    0x800'59cb    0x6  Code  Gb  stm32g4xx_it.o [2]
FDCAN_CalcultateRamBlockAddresses
                         0x800'4cb9   0x54  Code  Lc  stm32g4xx_hal_fdcan.o [4]
FDCAN_CopyMessageToRAM   0x800'4d2d   0x70  Code  Lc  stm32g4xx_hal_fdcan.o [4]
GET_Angle                0x800'2b07   0x7e  Code  Gb  fdcan.o [2]
GET_SDO                  0x800'2a0f   0x26  Code  Gb  fdcan.o [2]
GET_SDO_FLAG            0x2000'02b1    0x1  Data  Gb  main.o [2]
HAL_DMA_Abort            0x800'151b   0x6c  Code  Gb  stm32g4xx_hal_dma.o [4]
HAL_DMA_Abort_IT         0x800'1587   0x7a  Code  Gb  stm32g4xx_hal_dma.o [4]
HAL_DMA_GetState         0x800'16c5    0x6  Code  Gb  stm32g4xx_hal_dma.o [4]
HAL_DMA_IRQHandler       0x800'1601   0xc4  Code  Gb  stm32g4xx_hal_dma.o [4]
HAL_DMA_Init             0x800'13cd   0xc2  Code  Gb  stm32g4xx_hal_dma.o [4]
HAL_DMA_Start_IT         0x800'148f   0x8c  Code  Gb  stm32g4xx_hal_dma.o [4]
HAL_Delay                0x800'21a9   0x28  Code  Gb  stm32g4xx_hal.o [4]
HAL_FDCAN_ActivateNotification
                         0x800'4a3f   0xec  Code  Gb  stm32g4xx_hal_fdcan.o [4]
HAL_FDCAN_AddMessageToTxFifoQ
                         0x800'48d3   0x52  Code  Gb  stm32g4xx_hal_fdcan.o [4]
HAL_FDCAN_ConfigFilter   0x800'4851   0x58  Code  Gb  stm32g4xx_hal_fdcan.o [4]
HAL_FDCAN_ErrorCallback
                         0x800'57cd    0x2  Code  Gb  stm32g4xx_hal_fdcan.o [4]
HAL_FDCAN_ErrorStatusCallback
                         0x800'57cb    0x2  Code  Gb  stm32g4xx_hal_fdcan.o [4]
HAL_FDCAN_GetRxFifoFillLevel
                         0x800'4a1b   0x18  Code  Gb  stm32g4xx_hal_fdcan.o [4]
HAL_FDCAN_GetRxMessage   0x800'4925   0xf6  Code  Gb  stm32g4xx_hal_fdcan.o [4]
HAL_FDCAN_GetTxFifoFreeLevel
                         0x800'4a33    0xc  Code  Gb  stm32g4xx_hal_fdcan.o [4]
HAL_FDCAN_HighPriorityMessageCallback
                         0x800'57bd    0x2  Code  Gb  stm32g4xx_hal_fdcan.o [4]
HAL_FDCAN_IRQHandler     0x800'4b2b  0x18e  Code  Gb  stm32g4xx_hal_fdcan.o [4]
HAL_FDCAN_Init           0x800'4699  0x1b0  Code  Gb  stm32g4xx_hal_fdcan.o [4]
HAL_FDCAN_MspInit        0x800'2611   0xaa  Code  Gb  fdcan.o [2]
HAL_FDCAN_RxFifo0Callback
                         0x800'1a83   0xbc  Code  Gb  main.o [2]
HAL_FDCAN_RxFifo1Callback
                         0x800'57c3    0x2  Code  Gb  stm32g4xx_hal_fdcan.o [4]
HAL_FDCAN_Start          0x800'48a9   0x2a  Code  Gb  stm32g4xx_hal_fdcan.o [4]
HAL_FDCAN_TimeoutOccurredCallback
                         0x800'57c9    0x2  Code  Gb  stm32g4xx_hal_fdcan.o [4]
HAL_FDCAN_TimestampWraparoundCallback
                         0x800'57c7    0x2  Code  Gb  stm32g4xx_hal_fdcan.o [4]
HAL_FDCAN_TxBufferAbortCallback
                         0x800'57bf    0x2  Code  Gb  stm32g4xx_hal_fdcan.o [4]
HAL_FDCAN_TxBufferCompleteCallback
                         0x800'57c5    0x2  Code  Gb  stm32g4xx_hal_fdcan.o [4]
HAL_FDCAN_TxEventFifoCallback
                         0x800'57c1    0x2  Code  Gb  stm32g4xx_hal_fdcan.o [4]
HAL_FDCAN_TxFifoEmptyCallback
                         0x800'1a79    0xa  Code  Gb  main.o [2]
HAL_GPIO_Init            0x800'1eed  0x194  Code  Gb  stm32g4xx_hal_gpio.o [4]
HAL_GPIO_ReadPin         0x800'2081   0x10  Code  Gb  stm32g4xx_hal_gpio.o [4]
HAL_GetTick              0x800'13b9    0xc  Code  Gb  stm32g4xx_hal.o [4]
HAL_I2CEx_ConfigAnalogFilter
                         0x800'1ba5   0x54  Code  Gb  stm32g4xx_hal_i2c_ex.o [4]
HAL_I2CEx_ConfigDigitalFilter
                         0x800'1bf9   0x50  Code  Gb  stm32g4xx_hal_i2c_ex.o [4]
HAL_I2C_AbortCpltCallback
                         0x800'1781    0x2  Code  Gb  stm32g4xx_hal_i2c.o [4]
HAL_I2C_AddrCallback     0x800'13c5    0x2  Code  Gb  stm32g4xx_hal_i2c.o [4]
HAL_I2C_ER_IRQHandler    0x800'05d1   0x62  Code  Gb  stm32g4xx_hal_i2c.o [4]
HAL_I2C_EV_IRQHandler    0x800'05c1   0x10  Code  Gb  stm32g4xx_hal_i2c.o [4]
HAL_I2C_ErrorCallback    0x800'1b41    0x2  Code  Gb  main.o [2]
HAL_I2C_GetState         0x800'0633    0x6  Code  Gb  stm32g4xx_hal_i2c.o [4]
HAL_I2C_Init             0x800'01d9   0xb2  Code  Gb  stm32g4xx_hal_i2c.o [4]
HAL_I2C_ListenCpltCallback
                         0x800'13cb    0x2  Code  Gb  stm32g4xx_hal_i2c.o [4]
HAL_I2C_Mem_Read         0x800'041f  0x198  Code  Gb  stm32g4xx_hal_i2c.o [4]
HAL_I2C_Mem_Write        0x800'028b  0x194  Code  Gb  stm32g4xx_hal_i2c.o [4]
HAL_I2C_MspInit          0x800'0f67   0xd6  Code  Gb  i2c.o [2]
HAL_I2C_SlaveRxCpltCallback
                         0x800'13c9    0x2  Code  Gb  stm32g4xx_hal_i2c.o [4]
HAL_I2C_SlaveTxCpltCallback
                         0x800'13c7    0x2  Code  Gb  stm32g4xx_hal_i2c.o [4]
HAL_IncTick              0x800'59f9   0x10  Code  Gb  stm32g4xx_hal.o [4]
HAL_Init                 0x800'24a5   0x32  Code  Gb  stm32g4xx_hal.o [4]
HAL_InitTick             0x800'4ee5   0x50  Code  Gb  stm32g4xx_hal.o [4]
HAL_MspInit              0x800'4f35   0x34  Code  Gb  stm32g4xx_hal_msp.o [2]
HAL_NVIC_EnableIRQ       0x800'2189    0x2  Code  Gb  stm32g4xx_hal_cortex.o [4]
HAL_NVIC_SetPriority     0x800'216b   0x1e  Code  Gb  stm32g4xx_hal_cortex.o [4]
HAL_NVIC_SetPriorityGrouping
                         0x800'2169    0x2  Code  Gb  stm32g4xx_hal_cortex.o [4]
HAL_PWREx_ControlVoltageScaling
                         0x800'32dd   0xd0  Code  Gb  stm32g4xx_hal_pwr_ex.o [4]
HAL_PWREx_DisableUCPDDeadBattery
                         0x800'33ad    0xc  Code  Gb  stm32g4xx_hal_pwr_ex.o [4]
HAL_RCCEx_PeriphCLKConfig
                         0x800'1c85  0x25c  Code  Gb  stm32g4xx_hal_rcc_ex.o [4]
HAL_RCC_CSSCallback      0x800'5579    0x2  Code  Gb  stm32g4xx_hal_rcc.o [4]
HAL_RCC_ClockConfig      0x800'37a5  0x196  Code  Gb  stm32g4xx_hal_rcc.o [4]
HAL_RCC_EnableCSS        0x800'39e1    0xc  Code  Gb  stm32g4xx_hal_rcc.o [4]
HAL_RCC_GetHCLKFreq      0x800'39a7    0x6  Code  Gb  stm32g4xx_hal_rcc.o [4]
HAL_RCC_GetPCLK1Freq     0x800'39ad   0x1a  Code  Gb  stm32g4xx_hal_rcc.o [4]
HAL_RCC_GetPCLK2Freq     0x800'39c7   0x1a  Code  Gb  stm32g4xx_hal_rcc.o [4]
HAL_RCC_GetSysClockFreq
                         0x800'393b   0x6c  Code  Gb  stm32g4xx_hal_rcc.o [4]
HAL_RCC_NMI_IRQHandler   0x800'39ed   0x16  Code  Gb  stm32g4xx_hal_rcc.o [4]
HAL_RCC_OscConfig        0x800'33cd  0x3d8  Code  Gb  stm32g4xx_hal_rcc.o [4]
HAL_SYSTICK_Callback     0x800'1b3f    0x2  Code  Gb  main.o [2]
HAL_SYSTICK_Config       0x800'218b    0x2  Code  Gb  stm32g4xx_hal_cortex.o [4]
HAL_SYSTICK_IRQHandler   0x800'218d    0x4  Code  Gb  stm32g4xx_hal_cortex.o [4]
HAL_UARTEx_DisableFifoMode
                         0x800'5459   0x3c  Code  Gb  stm32g4xx_hal_uart_ex.o [4]
HAL_UARTEx_RxEventCallback
                         0x800'557d    0x2  Code  Gb  stm32g4xx_hal_uart.o [4]
HAL_UARTEx_RxFifoFullCallback
                         0x800'5583    0x2  Code  Gb  stm32g4xx_hal_uart_ex.o [4]
HAL_UARTEx_SetRxFifoThreshold
                         0x800'54db   0x46  Code  Gb  stm32g4xx_hal_uart_ex.o [4]
HAL_UARTEx_SetTxFifoThreshold
                         0x800'5495   0x46  Code  Gb  stm32g4xx_hal_uart_ex.o [4]
HAL_UARTEx_TxFifoEmptyCallback
                         0x800'5581    0x2  Code  Gb  stm32g4xx_hal_uart_ex.o [4]
HAL_UARTEx_WakeupCallback
                         0x800'557f    0x2  Code  Gb  stm32g4xx_hal_uart_ex.o [4]
HAL_UART_ErrorCallback   0x800'557b    0x2  Code  Gb  stm32g4xx_hal_uart.o [4]
HAL_UART_IRQHandler      0x800'3bf5  0x2e8  Code  Gb  stm32g4xx_hal_uart.o [4]
HAL_UART_Init            0x800'3a89   0x6a  Code  Gb  stm32g4xx_hal_uart.o [4]
HAL_UART_MspInit         0x800'31a9  0x11e  Code  Gb  usart.o [2]
HAL_UART_Receive_DMA     0x800'3b9b   0x5a  Code  Gb  stm32g4xx_hal_uart.o [4]
HAL_UART_RxCpltCallback
                         0x800'57b9    0x2  Code  Gb  stm32g4xx_hal_uart.o [4]
HAL_UART_RxHalfCpltCallback
                         0x800'57bb    0x2  Code  Gb  stm32g4xx_hal_uart.o [4]
HAL_UART_Transmit_DMA    0x800'3af3   0xa8  Code  Gb  stm32g4xx_hal_uart.o [4]
HAL_UART_TxCpltCallback
                         0x800'57b5    0x2  Code  Gb  stm32g4xx_hal_uart.o [4]
HAL_UART_TxHalfCpltCallback
                         0x800'57b7    0x2  Code  Gb  stm32g4xx_hal_uart.o [4]
HardFault_Handler        0x800'599d    0x2  Code  Gb  stm32g4xx_it.o [2]
I2C1_ER_IRQHandler       0x800'59d7    0x6  Code  Gb  stm32g4xx_it.o [2]
I2C1_EV_IRQHandler       0x800'59d1    0x6  Code  Gb  stm32g4xx_it.o [2]
I2C_COMM                 0x800'103d  0x362  Code  Gb  i2c.o [2]
I2C_COMM::coef          0x2000'0238    0x8  Data  Lc  i2c.o [2]
I2C_DMAAbort             0x800'0c5d   0x18  Code  Lc  stm32g4xx_hal_i2c.o [4]
I2C_Disable_IRQ          0x800'0eb1   0x5c  Code  Lc  stm32g4xx_hal_i2c.o [4]
I2C_FLAG                0x2000'02b3    0x1  Data  Gb  main.o [2]
I2C_Flush_TXDR           0x800'0c3b   0x1e  Code  Lc  stm32g4xx_hal_i2c.o [4]
I2C_ITAddrCplt           0x800'085b   0xb4  Code  Lc  stm32g4xx_hal_i2c.o [4]
I2C_ITError              0x800'0b29   0xf0  Code  Lc  stm32g4xx_hal_i2c.o [4]
I2C_ITListenCplt         0x800'0ac7   0x62  Code  Lc  stm32g4xx_hal_i2c.o [4]
I2C_ITSlaveCplt          0x800'0987  0x140  Code  Lc  stm32g4xx_hal_i2c.o [4]
I2C_ITSlaveSeqCplt       0x800'090f   0x78  Code  Lc  stm32g4xx_hal_i2c.o [4]
I2C_IsErrorOccurred      0x800'0d75  0x104  Code  Lc  stm32g4xx_hal_i2c.o [4]
I2C_RequestMemoryRead    0x800'07e7   0x72  Code  Lc  stm32g4xx_hal_i2c.o [4]
I2C_RequestMemoryWrite   0x800'0771   0x74  Code  Lc  stm32g4xx_hal_i2c.o [4]
I2C_Slave_ISR_IT         0x800'0639  0x138  Code  Lc  stm32g4xx_hal_i2c.o [4]
I2C_TransferConfig       0x800'0e79   0x28  Code  Lc  stm32g4xx_hal_i2c.o [4]
I2C_TreatErrorCallback   0x800'0c19   0x22  Code  Lc  stm32g4xx_hal_i2c.o [4]
I2C_WaitOnFlagUntilTimeout
                         0x800'0c75   0x5c  Code  Lc  stm32g4xx_hal_i2c.o [4]
I2C_WaitOnSTOPFlagUntilTimeout
                         0x800'0d25   0x50  Code  Lc  stm32g4xx_hal_i2c.o [4]
I2C_WaitOnTXISFlagUntilTimeout
                         0x800'0cd1   0x54  Code  Lc  stm32g4xx_hal_i2c.o [4]
INIT_CAN                 0x800'2fa5   0xbe  Code  Gb  fdcan.o [2]
MX_DMA_Init              0x800'2545   0x50  Code  Gb  dma.o [2]
MX_FDCAN1_Init           0x800'2595   0x7c  Code  Gb  fdcan.o [2]
MX_GPIO_Init             0x800'24dd   0x68  Code  Gb  gpio.o [2]
MX_I2C1_Init             0x800'0f0d   0x5a  Code  Gb  i2c.o [2]
MX_USART2_UART_Init      0x800'313d   0x6c  Code  Gb  usart.o [2]
MemManage_Handler        0x800'599f    0x2  Code  Gb  stm32g4xx_it.o [2]
NMI_Handler              0x800'5995    0x8  Code  Gb  stm32g4xx_it.o [2]
NMT_FLAG                0x2000'02ab    0x1  Data  Gb  main.o [2]
NMT_TRANS                0x800'2775   0x2a  Code  Gb  fdcan.o [2]
NMT_state               0x2000'02b9    0x1  Data  Gb  main.o [2]
NVIC_EncodePriority      0x800'2105   0x36  Code  Lc  stm32g4xx_hal_cortex.o [4]
POS_Calc                 0x800'2ea5   0xf8  Code  Gb  fdcan.o [2]
POS_Calc::rad90         0x2000'01d8    0x8  Data  Lc  fdcan.o [2]
Parsing_PDO              0x800'28bf   0x7c  Code  Gb  fdcan.o [2]
Parsing_SDO              0x800'280d   0xb2  Code  Gb  fdcan.o [2]
PendSV_Handler           0x800'59a9    0x2  Code  Gb  stm32g4xx_it.o [2]
QS_flag                 0x2000'02aa    0x1  Data  Gb  main.o [2]
RCC_GetSysClockFreqFromPLLSource
                         0x800'3a03   0x42  Code  Lc  stm32g4xx_hal_rcc.o [4]
READ_STATUS              0x800'2a35   0xd2  Code  Gb  fdcan.o [2]
RECV_FLAG               0x2000'0298    0x1  Data  Gb  fdcan.o [2]
Region$$Table$$Base      0x800'5a8c          --   Gb  - Linker created -
Region$$Table$$Limit     0x800'5aac          --   Gb  - Linker created -
SEND_FRAME               0x800'295b   0xb4  Code  Gb  fdcan.o [2]
SET_ANGLE_ZERO_FLAG     0x2000'02ae    0x1  Data  Gb  main.o [2]
SET_PDO                  0x800'272b   0x4a  Code  Gb  fdcan.o [2]
SET_SDO                  0x800'26bb   0x70  Code  Gb  fdcan.o [2]
SET_SDO_FLAG            0x2000'02b2    0x1  Data  Gb  main.o [2]
STATUS_FLAG             0x2000'02ad    0x1  Data  Gb  main.o [2]
SVC_Handler              0x800'59a5    0x2  Code  Gb  stm32g4xx_it.o [2]
SYNC_FRAME               0x800'293b   0x20  Code  Gb  fdcan.o [2]
SysTick_Config           0x800'213b   0x2e  Code  Lc  stm32g4xx_hal_cortex.o [4]
SysTick_Handler          0x800'59ab    0xe  Code  Gb  stm32g4xx_it.o [2]
SystemClock_Config       0x800'17ad   0x76  Code  Gb  main.o [2]
SystemCoreClock         0x2000'0394    0x4  Data  Gb  system_stm32g4xx.o [3]
SystemInit               0x800'5aad    0xc  Code  Gb  system_stm32g4xx.o [3]
TRQ_Calc                 0x800'2b99  0x30c  Code  Gb  fdcan.o [2]
TRQ_Calc::theta2        0x2000'01b8   0x10  Data  Lc  fdcan.o [2]
UARTEx_SetNbDataToProcess
                         0x800'5521   0x46  Code  Lc  stm32g4xx_hal_uart_ex.o [4]
UARTEx_SetNbDataToProcess::denominator
                         0x800'5570    0x8  Data  Lc  stm32g4xx_hal_uart_ex.o [4]
UARTEx_SetNbDataToProcess::numerator
                         0x800'5568    0x8  Data  Lc  stm32g4xx_hal_uart_ex.o [4]
UARTPrescTable           0x800'4188   0x18  Data  Gb  stm32g4xx_hal_uart.o [4]
UART_AdvFeatureConfig    0x800'41a1   0xc8  Code  Gb  stm32g4xx_hal_uart.o [4]
UART_CheckIdleState      0x800'4269   0x64  Code  Gb  stm32g4xx_hal_uart.o [4]
UART_DMAAbortOnError     0x800'465d   0x10  Code  Lc  stm32g4xx_hal_uart.o [4]
UART_DMAError            0x800'460d   0x50  Code  Lc  stm32g4xx_hal_uart.o [4]
UART_DMAReceiveCplt      0x800'4561   0x92  Code  Lc  stm32g4xx_hal_uart.o [4]
UART_DMARxHalfCplt       0x800'45f5   0x18  Code  Lc  stm32g4xx_hal_uart.o [4]
UART_DMATransmitCplt     0x800'4515   0x46  Code  Lc  stm32g4xx_hal_uart.o [4]
UART_DMATxHalfCplt       0x800'455b    0x6  Code  Lc  stm32g4xx_hal_uart.o [4]
UART_EndRxTransfer       0x800'448d   0x58  Code  Lc  stm32g4xx_hal_uart.o [4]
UART_EndTransmit_IT      0x800'466d   0x22  Code  Lc  stm32g4xx_hal_uart.o [4]
UART_EndTxTransfer       0x800'4457   0x36  Code  Lc  stm32g4xx_hal_uart.o [4]
UART_FLAG               0x2000'02a9    0x1  Data  Gb  main.o [2]
UART_SetConfig           0x800'3eed  0x296  Code  Gb  stm32g4xx_hal_uart.o [4]
UART_Start_Receive_DMA   0x800'43a3   0xb4  Code  Gb  stm32g4xx_hal_uart.o [4]
UART_WaitOnFlagUntilTimeout
                         0x800'42cd   0xd6  Code  Gb  stm32g4xx_hal_uart.o [4]
UA_limit_angle          0x2000'01a8   0x10  Data  Gb  fdcan.o [2]
USART2_IRQHandler        0x800'59dd    0x6  Code  Gb  stm32g4xx_it.o [2]
UsageFault_Handler       0x800'59a3    0x2  Code  Gb  stm32g4xx_it.o [2]
_Strtok_ssave           0x2000'0720    0x4  Data  Lc  strtok.o [5]
__NVIC_EnableIRQ         0x800'20d5   0x16  Code  Lc  stm32g4xx_hal_cortex.o [4]
__NVIC_GetPriorityGrouping
                         0x800'20cb    0xa  Code  Lc  stm32g4xx_hal_cortex.o [4]
__NVIC_SetPriority       0x800'20eb   0x1a  Code  Lc  stm32g4xx_hal_cortex.o [4]
__NVIC_SetPriorityGrouping
                         0x800'20b1   0x1a  Code  Lc  stm32g4xx_hal_cortex.o [4]
__aeabi_cdrcmple         0x800'53e5         Code  Gb  DblCmpGe.o [7]
__aeabi_d2f              0x800'243d         Code  Gb  DblToFlt.o [7]
__aeabi_d2iz             0x800'5419         Code  Gb  DblToS32.o [7]
__aeabi_dadd             0x800'5195         Code  Gb  DblAddSub.o [7]
__aeabi_ddiv             0x800'21f5         Code  Gb  DblDiv.o [7]
__aeabi_dmul             0x800'4f69         Code  Gb  DblMul.o [7]
__aeabi_i2d              0x800'21d1         Code  Gb  S32ToDbl.o [7]
__aeabi_ldiv0            0x800'58d5         Code  Gb  I64DivZer.o [8]
__aeabi_memset           0x800'586d         Code  Gb  ABImemset.o [8]
__aeabi_memset4          0x800'1c49         Code  Gb  ABImemset48.o [8]
__aeabi_memset8          0x800'1c49         Code  Gb  ABImemset48.o [8]
__aeabi_uldivmod         0x800'5585         Code  Gb  I64DivMod.o [8]
__cmain                  0x800'5acd         Code  Gb  cmain.o [8]
__exit                   0x800'5b01   0x14  Code  Gb  exit.o [9]
__iar_Memset             0x800'586d         Code  Gb  ABImemset.o [8]
__iar_Memset4_word       0x800'1c51         Code  Gb  ABImemset48.o [8]
__iar_Memset8_word       0x800'1c51         Code  Gb  ABImemset48.o [8]
__iar_Memset_word        0x800'5875         Code  Gb  ABImemset.o [8]
__iar_data_init3         0x800'5a41   0x28  Code  Gb  data_init.o [8]
__iar_init_vfp           0x800'5a69         Code  Gb  fpinit_M.o [7]
__iar_lz77_init_single3
                         0x800'591b   0x78  Code  Gb  lz77_init_single.o [8]
__iar_program_start      0x800'5b15         Code  Gb  cstartup_M.o [8]
__iar_zero_init3         0x800'5a09   0x38  Code  Gb  zero_init3.o [8]
__low_level_init         0x800'5aeb    0x4  Code  Gb  low_level_init.o [5]
__vector_table           0x800'0000         Data  Gb  startup_stm32g431xx.o [1]
_call_main               0x800'5ad9         Code  Gb  cmain.o [8]
_exit                    0x800'5af5         Code  Gb  cexit.o [8]
abs                      0x800'544f    0x8  Code  Gb  abs.o [5]
angle_addr              0x2000'0200    0x2  Data  Gb  i2c.o [2]
angle_i2c               0x2000'0204   0x30  Data  Gb  i2c.o [2]
arm_max_no_idx_f32       0x800'5115   0x80  Code  Gb  arm_max_no_idx_f32.o [6]
arms                    0x2000'0150    0x1  Data  Gb  fdcan.o [2]
data_temp               0x2000'02c8    0x4  Data  Gb  main.o [2]
deg2rad_5               0x2000'01c8    0x8  Data  Gb  fdcan.o [2]
error_res               0x2000'02cc    0x8  Data  Gb  main.o [2]
exit                     0x800'5aef    0x4  Code  Gb  exit.o [5]
gear_efficiency         0x2000'0278   0x20  Data  Gb  main.o [2]
gear_ratio              0x2000'0258   0x20  Data  Gb  main.o [2]
hcan                    0x2000'00e0   0x6c  Data  Gb  fdcan.o [2]
hdma_usart2_rx          0x2000'0498   0x60  Data  Gb  usart.o [2]
hdma_usart2_tx          0x2000'04f8   0x60  Data  Gb  usart.o [2]
hfdcan1                 0x2000'0668   0x64  Data  Gb  fdcan.o [2]
hi2c1                   0x2000'06cc   0x4c  Data  Gb  i2c.o [2]
huart2                  0x2000'0558   0x90  Data  Gb  usart.o [2]
id_cnt                  0x2000'02bc    0x1  Data  Gb  main.o [2]
id_sum                  0x2000'02bb    0x1  Data  Gb  main.o [2]
id_temp                 0x2000'02b7    0x1  Data  Gb  main.o [2]
init_vcp                 0x800'4e21   0x16  Code  Gb  serial.o [2]
length_temp             0x2000'02b8    0x1  Data  Gb  main.o [2]
loop_async               0x800'18f9  0x180  Code  Gb  main.o [2]
loop_sync                0x800'18cf   0x28  Code  Gb  main.o [2]
loop_sync::cnt          0x2000'02d4    0x4  Data  Lc  main.o [2]
main                     0x800'1785   0x28  Code  Gb  main.o [2]
max_timeout             0x2000'0202    0x2  Data  Gb  i2c.o [2]
max_timeout_cnt         0x2000'02a4    0x4  Data  Gb  fdcan.o [2]
motor                   0x2000'0000   0xe0  Data  Gb  fdcan.o [2]
motor1_flag1            0x2000'01d2    0x1  Data  Gb  fdcan.o [2]
motor1_flag2            0x2000'01d3    0x1  Data  Gb  fdcan.o [2]
node_id                 0x2000'02a8    0x1  Data  Gb  main.o [2]
object                  0x2000'02c2    0x2  Data  Gb  main.o [2]
object_sub              0x2000'02c0    0x2  Data  Gb  main.o [2]
pin_state               0x2000'02b5    0x1  Data  Gb  main.o [2]
pin_state_old           0x2000'01d1    0x1  Data  Gb  fdcan.o [2]
prot_info               0x2000'02be    0x2  Data  Gb  main.o [2]
rated_torque            0x2000'0250    0x8  Data  Gb  main.o [2]
run_vcp                  0x800'4e4d   0x96  Code  Gb  serial.o [2]
rx_buf                  0x2000'01e8   0x18  Data  Gb  i2c.o [2]
serial_available         0x800'4deb   0x18  Code  Gb  serial.o [2]
serial_print             0x800'4e03   0x1e  Code  Gb  serial.o [2]
serial_read              0x800'4dc1   0x2a  Code  Gb  serial.o [2]
serial_write             0x800'4dad   0x14  Code  Gb  serial.o [2]
setup                    0x800'1823   0xac  Code  Gb  main.o [2]
sign_                   0x2000'01e0    0x4  Data  Gb  fdcan.o [2]
sign_flag               0x2000'01d0    0x1  Data  Gb  fdcan.o [2]
strcpy                   0x800'57d1         Code  Gb  strcpy.o [8]
strcspn                  0x800'58f9   0x22  Code  Gb  strcspn.o [5]
strlen                   0x800'57e9         Code  Gb  strlen.o [8]
strspn                   0x800'58d7   0x22  Code  Gb  strspn.o [5]
strtok                   0x800'5821   0x4c  Code  Gb  strtok.o [5]
tick                    0x2000'02c4    0x4  Data  Gb  main.o [2]
timeout                 0x2000'029c    0x8  Data  Gb  fdcan.o [2]
timer                   0x2000'02b6    0x1  Data  Gb  main.o [2]
torque                  0x2000'0158   0x20  Data  Gb  fdcan.o [2]
tp                      0x2000'0718    0x8  Data  Gb  main.o [2]
trq_offset              0x2000'0178   0x20  Data  Gb  fdcan.o [2]
trq_prof                0x2000'0151    0x1  Data  Gb  fdcan.o [2]
tx_buf                  0x2000'0240    0xc  Data  Gb  i2c.o [2]
txfifoemptycheck        0x2000'0724    0x1  Data  Gb  main.o [2]
uart2_rx_buffer         0x2000'0398  0x100  Data  Gb  usart.o [2]
uart2_tx_buffer         0x2000'05e8   0x80  Data  Gb  usart.o [2]
uwTick                  0x2000'0388    0x4  Data  Gb  stm32g4xx_hal.o [4]
uwTickFreq              0x2000'0390    0x4  Data  Gb  stm32g4xx_hal.o [4]
uwTickPrio              0x2000'038c    0x4  Data  Gb  stm32g4xx_hal.o [4]
vcp                     0x2000'02d8   0xb0  Data  Gb  serial.o [2]


[1] = C:\Users\jaesung\MRAS\GitHub\STM32\Projects\Exoskeleton\STM32G431KB_CAN\EWARM\STM32G431KB_CAN\Obj\Application\EWARM
[2] = C:\Users\jaesung\MRAS\GitHub\STM32\Projects\Exoskeleton\STM32G431KB_CAN\EWARM\STM32G431KB_CAN\Obj\Application\User\Core
[3] = C:\Users\jaesung\MRAS\GitHub\STM32\Projects\Exoskeleton\STM32G431KB_CAN\EWARM\STM32G431KB_CAN\Obj\Drivers\CMSIS
[4] = C:\Users\jaesung\MRAS\GitHub\STM32\Projects\Exoskeleton\STM32G431KB_CAN\EWARM\STM32G431KB_CAN\Obj\Drivers\STM32G4xx_HAL_Driver
[5] = dl7M_tlf.a
[6] = iar_cortexM4lf_math.a
[7] = m7M_tls.a
[8] = rt7M_tl.a
[9] = shb_l.a

  23'578 bytes of readonly  code memory
     234 bytes of readonly  data memory
   2'853 bytes of readwrite data memory

Errors: none
Warnings: none
