###############################################################################
#
# IAR ELF Linker V9.10.2.313/W64 for ARM                  04/Jun/2023  00:01:04
# Copyright 2007-2021 IAR Systems AB.
#
#    Output file  =
#        C:\Users\jaesung\MRAS\GitHub\STM32\Projects\Exoskeleton\STM32G431KB_CAN\EWARM\STM32G431KB_CAN\Exe\STM32G431KB_CAN.out
#    Map file     =
#        C:\Users\jaesung\MRAS\GitHub\STM32\Projects\Exoskeleton\STM32G431KB_CAN\EWARM\STM32G431KB_CAN\List\STM32G431KB_CAN.map
#    Command line =
#        -f
#        C:\Users\jaesung\MRAS\GitHub\STM32\Projects\Exoskeleton\STM32G431KB_CAN\EWARM\STM32G431KB_CAN\Exe\STM32G431KB_CAN.out.rsp
#        (C:\Users\jaesung\MRAS\GitHub\STM32\Projects\Exoskeleton\STM32G431KB_CAN\EWARM\STM32G431KB_CAN\Obj\Application\User\Core\dma.o
#        C:\Users\jaesung\MRAS\GitHub\STM32\Projects\Exoskeleton\STM32G431KB_CAN\EWARM\STM32G431KB_CAN\Obj\Application\User\Core\fdcan.o
#        C:\Users\jaesung\MRAS\GitHub\STM32\Projects\Exoskeleton\STM32G431KB_CAN\EWARM\STM32G431KB_CAN\Obj\Application\User\Core\gpio.o
#        C:\Users\jaesung\MRAS\GitHub\STM32\Projects\Exoskeleton\STM32G431KB_CAN\EWARM\STM32G431KB_CAN\Obj\Application\User\Core\i2c.o
#        C:\Users\jaesung\MRAS\GitHub\STM32\Projects\Exoskeleton\STM32G431KB_CAN\EWARM\STM32G431KB_CAN\Obj\Application\User\Core\main.o
#        C:\Users\jaesung\MRAS\GitHub\STM32\Projects\Exoskeleton\STM32G431KB_CAN\EWARM\STM32G431KB_CAN\Obj\Application\User\Core\serial.o
#        C:\Users\jaesung\MRAS\GitHub\STM32\Projects\Exoskeleton\STM32G431KB_CAN\EWARM\STM32G431KB_CAN\Obj\Application\EWARM\startup_stm32g431xx.o
#        C:\Users\jaesung\MRAS\GitHub\STM32\Projects\Exoskeleton\STM32G431KB_CAN\EWARM\STM32G431KB_CAN\Obj\Drivers\STM32G4xx_HAL_Driver\stm32g4xx_hal.o
#        C:\Users\jaesung\MRAS\GitHub\STM32\Projects\Exoskeleton\STM32G431KB_CAN\EWARM\STM32G431KB_CAN\Obj\Drivers\STM32G4xx_HAL_Driver\stm32g4xx_hal_cortex.o
#        C:\Users\jaesung\MRAS\GitHub\STM32\Projects\Exoskeleton\STM32G431KB_CAN\EWARM\STM32G431KB_CAN\Obj\Drivers\STM32G4xx_HAL_Driver\stm32g4xx_hal_dma.o
#        C:\Users\jaesung\MRAS\GitHub\STM32\Projects\Exoskeleton\STM32G431KB_CAN\EWARM\STM32G431KB_CAN\Obj\Drivers\STM32G4xx_HAL_Driver\stm32g4xx_hal_dma_ex.o
#        C:\Users\jaesung\MRAS\GitHub\STM32\Projects\Exoskeleton\STM32G431KB_CAN\EWARM\STM32G431KB_CAN\Obj\Drivers\STM32G4xx_HAL_Driver\stm32g4xx_hal_exti.o
#        C:\Users\jaesung\MRAS\GitHub\STM32\Projects\Exoskeleton\STM32G431KB_CAN\EWARM\STM32G431KB_CAN\Obj\Drivers\STM32G4xx_HAL_Driver\stm32g4xx_hal_fdcan.o
#        C:\Users\jaesung\MRAS\GitHub\STM32\Projects\Exoskeleton\STM32G431KB_CAN\EWARM\STM32G431KB_CAN\Obj\Drivers\STM32G4xx_HAL_Driver\stm32g4xx_hal_flash.o
#        C:\Users\jaesung\MRAS\GitHub\STM32\Projects\Exoskeleton\STM32G431KB_CAN\EWARM\STM32G431KB_CAN\Obj\Drivers\STM32G4xx_HAL_Driver\stm32g4xx_hal_flash_ex.o
#        C:\Users\jaesung\MRAS\GitHub\STM32\Projects\Exoskeleton\STM32G431KB_CAN\EWARM\STM32G431KB_CAN\Obj\Drivers\STM32G4xx_HAL_Driver\stm32g4xx_hal_flash_ramfunc.o
#        C:\Users\jaesung\MRAS\GitHub\STM32\Projects\Exoskeleton\STM32G431KB_CAN\EWARM\STM32G431KB_CAN\Obj\Drivers\STM32G4xx_HAL_Driver\stm32g4xx_hal_gpio.o
#        C:\Users\jaesung\MRAS\GitHub\STM32\Projects\Exoskeleton\STM32G431KB_CAN\EWARM\STM32G431KB_CAN\Obj\Drivers\STM32G4xx_HAL_Driver\stm32g4xx_hal_i2c.o
#        C:\Users\jaesung\MRAS\GitHub\STM32\Projects\Exoskeleton\STM32G431KB_CAN\EWARM\STM32G431KB_CAN\Obj\Drivers\STM32G4xx_HAL_Driver\stm32g4xx_hal_i2c_ex.o
#        C:\Users\jaesung\MRAS\GitHub\STM32\Projects\Exoskeleton\STM32G431KB_CAN\EWARM\STM32G431KB_CAN\Obj\Application\User\Core\stm32g4xx_hal_msp.o
#        C:\Users\jaesung\MRAS\GitHub\STM32\Projects\Exoskeleton\STM32G431KB_CAN\EWARM\STM32G431KB_CAN\Obj\Drivers\STM32G4xx_HAL_Driver\stm32g4xx_hal_pwr.o
#        C:\Users\jaesung\MRAS\GitHub\STM32\Projects\Exoskeleton\STM32G431KB_CAN\EWARM\STM32G431KB_CAN\Obj\Drivers\STM32G4xx_HAL_Driver\stm32g4xx_hal_pwr_ex.o
#        C:\Users\jaesung\MRAS\GitHub\STM32\Projects\Exoskeleton\STM32G431KB_CAN\EWARM\STM32G431KB_CAN\Obj\Drivers\STM32G4xx_HAL_Driver\stm32g4xx_hal_rcc.o
#        C:\Users\jaesung\MRAS\GitHub\STM32\Projects\Exoskeleton\STM32G431KB_CAN\EWARM\STM32G431KB_CAN\Obj\Drivers\STM32G4xx_HAL_Driver\stm32g4xx_hal_rcc_ex.o
#        C:\Users\jaesung\MRAS\GitHub\STM32\Projects\Exoskeleton\STM32G431KB_CAN\EWARM\STM32G431KB_CAN\Obj\Drivers\STM32G4xx_HAL_Driver\stm32g4xx_hal_tim.o
#        C:\Users\jaesung\MRAS\GitHub\STM32\Projects\Exoskeleton\STM32G431KB_CAN\EWARM\STM32G431KB_CAN\Obj\Drivers\STM32G4xx_HAL_Driver\stm32g4xx_hal_tim_ex.o
#        C:\Users\jaesung\MRAS\GitHub\STM32\Projects\Exoskeleton\STM32G431KB_CAN\EWARM\STM32G431KB_CAN\Obj\Drivers\STM32G4xx_HAL_Driver\stm32g4xx_hal_uart.o
#        C:\Users\jaesung\MRAS\GitHub\STM32\Projects\Exoskeleton\STM32G431KB_CAN\EWARM\STM32G431KB_CAN\Obj\Drivers\STM32G4xx_HAL_Driver\stm32g4xx_hal_uart_ex.o
#        C:\Users\jaesung\MRAS\GitHub\STM32\Projects\Exoskeleton\STM32G431KB_CAN\EWARM\STM32G431KB_CAN\Obj\Application\User\Core\stm32g4xx_it.o
#        C:\Users\jaesung\MRAS\GitHub\STM32\Projects\Exoskeleton\STM32G431KB_CAN\EWARM\STM32G431KB_CAN\Obj\Drivers\CMSIS\system_stm32g4xx.o
#        C:\Users\jaesung\MRAS\GitHub\STM32\Projects\Exoskeleton\STM32G431KB_CAN\EWARM\STM32G431KB_CAN\Obj\Application\User\Core\usart.o
#        C:\Users\jaesung\MRAS\GitHub\STM32\Projects\Exoskeleton\STM32G431KB_CAN\EWARM\STM32G431KB_CAN\Obj\Application\User\Core\utility.o
#        --no_out_extension -o
#        C:\Users\jaesung\MRAS\GitHub\STM32\Projects\Exoskeleton\STM32G431KB_CAN\EWARM\STM32G431KB_CAN\Exe\STM32G431KB_CAN.out
#        --redirect _Printf=_PrintfFullNoMb --redirect _Scanf=_ScanfFullNoMb
#        --map
#        C:\Users\jaesung\MRAS\GitHub\STM32\Projects\Exoskeleton\STM32G431KB_CAN\EWARM\STM32G431KB_CAN\List\STM32G431KB_CAN.map
#        --config
#        C:\Users\jaesung\MRAS\GitHub\STM32\Projects\Exoskeleton\STM32G431KB_CAN\EWARM/stm32g431xx_flash.icf
#        --semihosting --entry __iar_program_start "C:\Program Files\IAR
#        Systems\Embedded Workbench
#        9.0\arm\CMSIS\Lib\IAR\iar_cortexM4lf_math.a" --vfe --text_out locale)
#
###############################################################################

*******************************************************************************
*** RUNTIME MODEL ATTRIBUTES
***

CppFlavor       = *
__SystemLibrary = DLib
__dlib_version  = 6


*******************************************************************************
*** HEAP SELECTION
***

The basic heap was selected because no calls to memory allocation
functions were found in the application outside of system library
functions, and there are calls to deallocation functions in the
application.


*******************************************************************************
*** PLACEMENT SUMMARY
***

"A0":  place at address 0x800'0000 { ro section .intvec };
"P1":  place in [from 0x800'0000 to 0x801'ffff] { ro };
define block CSTACK with size = 1K, alignment = 8 { };
define block HEAP with size = 512, alignment = 8 { };
"P2":  place in [from 0x2000'0000 to 0x2000'7fff] {
          rw, block CSTACK, block HEAP };
initialize by copy { rw };

  Section            Kind         Address    Size  Object
  -------            ----         -------    ----  ------
"A0":                                       0x1d8
  .intvec            ro code   0x800'0000   0x1d8  startup_stm32g431xx.o [1]
                             - 0x800'01d8   0x1d8

"P1":                                      0x56f5
  .text              ro code   0x800'01d8   0xc10  stm32g4xx_hal_uart.o [4]
  .text              ro code   0x800'0de8   0x180  usart.o [2]
  .text              ro code   0x800'0f68   0x3b0  stm32g4xx_hal_dma.o [4]
  .text              ro code   0x800'1318     0x2  stm32g4xx_hal_uart.o [4]
  .text              ro code   0x800'131a     0x2  stm32g4xx_hal_uart.o [4]
  .text              ro code   0x800'131c     0x2  stm32g4xx_hal_uart_ex.o [4]
  .text              ro code   0x800'131e     0x2  stm32g4xx_hal_uart_ex.o [4]
  .text              ro code   0x800'1320     0x2  stm32g4xx_hal_uart_ex.o [4]
  .text              ro code   0x800'1322    0x3a  packbits_init_single.o [8]
  .text              ro code   0x800'135c   0x6bc  stm32g4xx_hal_rcc.o [4]
  .text              ro code   0x800'1a18   0x230  I64DivMod.o [8]
  .text              ro code   0x800'1c48     0xc  stm32g4xx_hal.o [4]
  .text              ro code   0x800'1c54     0x2  stm32g4xx_hal_uart.o [4]
  .text              ro code   0x800'1c56     0x2  stm32g4xx_hal_uart.o [4]
  .text              ro code   0x800'1c58     0x2  stm32g4xx_hal_uart.o [4]
  .text              ro code   0x800'1c5a     0x2  stm32g4xx_hal_uart.o [4]
  .text              ro code   0x800'1c5c   0x77c  main.o [2]
  .text              ro code   0x800'23d8   0x120  stm32g4xx_hal_uart_ex.o [4]
  .text              ro code   0x800'24f8    0x3a  ABImemset48.o [8]
  .text              ro code   0x800'2534   0x268  stm32g4xx_hal_rcc_ex.o [4]
  .text              ro code   0x800'279c   0x1c4  stm32g4xx_hal_gpio.o [4]
  .text              ro code   0x800'2960    0xf8  stm32g4xx_hal_cortex.o [4]
  .text              ro code   0x800'2a58    0x50  stm32g4xx_hal.o [4]
  .text              ro code   0x800'2aa8     0x2  stm32g4xx_hal_rcc.o [4]
  .text              ro code   0x800'2aac     0x2  I64DivZer.o [8]
  .text              ro code   0x800'2ab0    0x38  stm32g4xx_hal.o [4]
  .text              ro code   0x800'2ae8    0x68  gpio.o [2]
  .text              ro code   0x800'2b50    0x50  dma.o [2]
  .text              ro code   0x800'2ba0   0x424  fdcan.o [2]
  .text              ro code   0x800'2fc4   0x294  i2c.o [2]
  .text              ro code   0x800'3258    0xf0  stm32g4xx_hal_pwr_ex.o [4]
  .text              ro code   0x800'3348   0x714  stm32g4xx_hal_fdcan.o [4]
  .text              ro code   0x800'3a5c    0x1c  U32ToDbl.o [7]
  .text              ro code   0x800'3a78   0x1aa  DblMul.o [7]
  .text              ro code   0x800'3c24    0x34  DblCmpGe.o [7]
  .text              ro code   0x800'3c58    0x36  DblToS32.o [7]
  .text              ro code   0x800'3c90   0x246  DblDiv.o [7]
  .text              ro code   0x800'3ed8    0x68  DblToFlt.o [7]
  .text              ro code   0x800'3f40    0x8c  arm_sin_f32.o [6]
  .text              ro code   0x800'3fcc    0x48  FltToDbl.o [7]
  .text              ro code   0x800'4014   0x25e  DblAddSub.o [7]
  .text              ro code   0x800'4274   0x13c  serial.o [2]
  .text              ro code   0x800'43b0    0x22  S32ToDbl.o [7]
  .text              ro code   0x800'43d4    0x28  stm32g4xx_hal.o [4]
  .text              ro code   0x800'43fc    0x34  stm32g4xx_hal_msp.o [2]
  .text              ro code   0x800'4430   0x728  stm32g4xx_hal_i2c.o [4]
  .text              ro code   0x800'4b58    0xa4  stm32g4xx_hal_i2c_ex.o [4]
  .text              ro code   0x800'4bfc     0x2  stm32g4xx_hal_fdcan.o [4]
  .text              ro code   0x800'4bfe     0x2  stm32g4xx_hal_fdcan.o [4]
  .text              ro code   0x800'4c00     0x2  stm32g4xx_hal_fdcan.o [4]
  .text              ro code   0x800'4c02     0x2  stm32g4xx_hal_fdcan.o [4]
  .text              ro code   0x800'4c04     0x2  stm32g4xx_hal_fdcan.o [4]
  .text              ro code   0x800'4c06     0x2  stm32g4xx_hal_fdcan.o [4]
  .text              ro code   0x800'4c08     0x2  stm32g4xx_hal_fdcan.o [4]
  .text              ro code   0x800'4c0a     0x2  stm32g4xx_hal_fdcan.o [4]
  .text              ro code   0x800'4c0c     0x2  stm32g4xx_hal_fdcan.o [4]
  .text              ro code   0x800'4c10    0x18  strcpy.o [8]
  .text              ro code   0x800'4c28    0x36  strlen.o [8]
  .text              ro code   0x800'4c60    0x4c  strtok.o [5]
  .text              ro code   0x800'4cac     0x2  serial.o [2]
  .text              ro code   0x800'4cb0    0x66  ABImemset.o [8]
  .text              ro code   0x800'4d16    0x22  strspn.o [5]
  .text              ro code   0x800'4d38    0x22  strcspn.o [5]
  .rodata            const     0x800'4d5c   0x804  arm_common_tables.o [6]
  .text              ro code   0x800'5560    0x54  stm32g4xx_it.o [2]
  .text              ro code   0x800'55b4    0x10  stm32g4xx_hal.o [4]
  .text              ro code   0x800'55c4    0x38  zero_init3.o [8]
  .text              ro code   0x800'55fc    0x28  data_init.o [8]
  .text              ro code   0x800'5624    0x22  fpinit_M.o [7]
  .iar.init_table    const     0x800'5648    0x20  - Linker created -
  .text              ro code   0x800'5668    0x20  system_stm32g4xx.o [3]
  .text              ro code   0x800'5688    0x1e  cmain.o [8]
  .text              ro code   0x800'56a6     0x4  low_level_init.o [5]
  .text              ro code   0x800'56aa     0x4  exit.o [5]
  .text              ro code   0x800'56b0     0xa  cexit.o [8]
  .text              ro code   0x800'56bc    0x14  exit.o [9]
  .text              ro code   0x800'56d0    0x1c  cstartup_M.o [8]
  .text              ro code   0x800'56ec    0x10  startup_stm32g431xx.o [1]
  .rodata            const     0x800'56fc     0x8  system_stm32g4xx.o [3]
  .rodata            const     0x800'5704     0x4  serial.o [2]
  .text              ro code   0x800'5708     0x4  startup_stm32g431xx.o [1]
  .text              ro code   0x800'570c     0x4  startup_stm32g431xx.o [1]
  .text              ro code   0x800'5710     0x4  startup_stm32g431xx.o [1]
  .text              ro code   0x800'5714     0x4  startup_stm32g431xx.o [1]
  .text              ro code   0x800'5718     0x4  startup_stm32g431xx.o [1]
  .text              ro code   0x800'571c     0x4  startup_stm32g431xx.o [1]
  .text              ro code   0x800'5720     0x4  startup_stm32g431xx.o [1]
  .text              ro code   0x800'5724     0x4  startup_stm32g431xx.o [1]
  .text              ro code   0x800'5728     0x4  startup_stm32g431xx.o [1]
  .text              ro code   0x800'572c     0x4  startup_stm32g431xx.o [1]
  .text              ro code   0x800'5730     0x4  startup_stm32g431xx.o [1]
  .text              ro code   0x800'5734     0x4  startup_stm32g431xx.o [1]
  .text              ro code   0x800'5738     0x4  startup_stm32g431xx.o [1]
  .text              ro code   0x800'573c     0x4  startup_stm32g431xx.o [1]
  .text              ro code   0x800'5740     0x4  startup_stm32g431xx.o [1]
  .text              ro code   0x800'5744     0x4  startup_stm32g431xx.o [1]
  .text              ro code   0x800'5748     0x4  startup_stm32g431xx.o [1]
  .text              ro code   0x800'574c     0x4  startup_stm32g431xx.o [1]
  .text              ro code   0x800'5750     0x4  startup_stm32g431xx.o [1]
  .text              ro code   0x800'5754     0x4  startup_stm32g431xx.o [1]
  .text              ro code   0x800'5758     0x4  startup_stm32g431xx.o [1]
  .text              ro code   0x800'575c     0x4  startup_stm32g431xx.o [1]
  .text              ro code   0x800'5760     0x4  startup_stm32g431xx.o [1]
  .text              ro code   0x800'5764     0x4  startup_stm32g431xx.o [1]
  .text              ro code   0x800'5768     0x4  startup_stm32g431xx.o [1]
  .text              ro code   0x800'576c     0x4  startup_stm32g431xx.o [1]
  .text              ro code   0x800'5770     0x4  startup_stm32g431xx.o [1]
  .text              ro code   0x800'5774     0x4  startup_stm32g431xx.o [1]
  .text              ro code   0x800'5778     0x4  startup_stm32g431xx.o [1]
  .text              ro code   0x800'577c     0x4  startup_stm32g431xx.o [1]
  .text              ro code   0x800'5780     0x4  startup_stm32g431xx.o [1]
  .text              ro code   0x800'5784     0x4  startup_stm32g431xx.o [1]
  .text              ro code   0x800'5788     0x4  startup_stm32g431xx.o [1]
  .text              ro code   0x800'578c     0x4  startup_stm32g431xx.o [1]
  .text              ro code   0x800'5790     0x4  startup_stm32g431xx.o [1]
  .text              ro code   0x800'5794     0x4  startup_stm32g431xx.o [1]
  .text              ro code   0x800'5798     0x4  startup_stm32g431xx.o [1]
  .text              ro code   0x800'579c     0x4  startup_stm32g431xx.o [1]
  .text              ro code   0x800'57a0     0x4  startup_stm32g431xx.o [1]
  .text              ro code   0x800'57a4     0x4  startup_stm32g431xx.o [1]
  .text              ro code   0x800'57a8     0x4  startup_stm32g431xx.o [1]
  .text              ro code   0x800'57ac     0x4  startup_stm32g431xx.o [1]
  .text              ro code   0x800'57b0     0x4  startup_stm32g431xx.o [1]
  .text              ro code   0x800'57b4     0x4  startup_stm32g431xx.o [1]
  .text              ro code   0x800'57b8     0x4  startup_stm32g431xx.o [1]
  .text              ro code   0x800'57bc     0x4  startup_stm32g431xx.o [1]
  .text              ro code   0x800'57c0     0x4  startup_stm32g431xx.o [1]
  .text              ro code   0x800'57c4     0x4  startup_stm32g431xx.o [1]
  .text              ro code   0x800'57c8     0x4  startup_stm32g431xx.o [1]
  .text              ro code   0x800'57cc     0x4  startup_stm32g431xx.o [1]
  .text              ro code   0x800'57d0     0x4  startup_stm32g431xx.o [1]
  .text              ro code   0x800'57d4     0x4  startup_stm32g431xx.o [1]
  .text              ro code   0x800'57d8     0x4  startup_stm32g431xx.o [1]
  .text              ro code   0x800'57dc     0x4  startup_stm32g431xx.o [1]
  .text              ro code   0x800'57e0     0x4  startup_stm32g431xx.o [1]
  .text              ro code   0x800'57e4     0x4  startup_stm32g431xx.o [1]
  .text              ro code   0x800'57e8     0x4  startup_stm32g431xx.o [1]
  .text              ro code   0x800'57ec     0x4  startup_stm32g431xx.o [1]
  .text              ro code   0x800'57f0     0x4  startup_stm32g431xx.o [1]
  .text              ro code   0x800'57f4     0x4  startup_stm32g431xx.o [1]
  .text              ro code   0x800'57f8     0x4  startup_stm32g431xx.o [1]
  .text              ro code   0x800'57fc     0x4  startup_stm32g431xx.o [1]
  .text              ro code   0x800'5800     0x4  startup_stm32g431xx.o [1]
  .text              ro code   0x800'5804     0x4  startup_stm32g431xx.o [1]
  .text              ro code   0x800'5808     0x4  startup_stm32g431xx.o [1]
  .rodata            const     0x800'580c     0x0  zero_init3.o [8]
  .rodata            const     0x800'580c     0x0  packbits_init_single.o [8]
  Initializer bytes  const     0x800'580c    0xc1  <for P2-1>
                             - 0x800'58cd  0x56f5

"P2", part 1 of 3:                          0x308
  P2-1                        0x2000'0000   0x308  <Init block>
    .data            inited   0x2000'0000    0x8c  i2c.o [2]
    .data            inited   0x2000'0090    0x80  main.o [2]
    .data            inited   0x2000'0110    0x3c  main.o [2]
    .data            inited   0x2000'014c    0x6c  fdcan.o [2]
    .data            inited   0x2000'01b8    0x90  fdcan.o [2]
    .data            inited   0x2000'0248    0xb0  serial.o [2]
    .data            inited   0x2000'02f8     0xc  stm32g4xx_hal.o [4]
    .data            inited   0x2000'0304     0x4  system_stm32g4xx.o [3]
                            - 0x2000'0308   0x308

"P2", part 2 of 3:                          0x33c
  .bss               zero     0x2000'0308   0x100  usart.o [2]
  .bss               zero     0x2000'0408    0xc0  usart.o [2]
  .bss               zero     0x2000'04c8    0x90  usart.o [2]
  .bss               zero     0x2000'0558    0x80  usart.o [2]
  .bss               zero     0x2000'05d8    0x64  fdcan.o [2]
  .bss               zero     0x2000'063c     0x4  strtok.o [5]
  .bss               zero     0x2000'0640     0x2  fdcan.o [2]
  .bss               zero     0x2000'0642     0x1  fdcan.o [2]
  .bss               zero     0x2000'0643     0x1  main.o [2]
                            - 0x2000'0644   0x33c

"P2", part 3 of 3:                          0x400
  CSTACK                      0x2000'0648   0x400  <Block>
    CSTACK           uninit   0x2000'0648   0x400  <Block tail>
                            - 0x2000'0a48   0x400

Unused ranges:

         From           To      Size
         ----           --      ----
   0x800'58cd   0x801'ffff  0x1'a733
  0x2000'0644  0x2000'0647       0x4
  0x2000'0a48  0x2000'7fff    0x75b8


*******************************************************************************
*** INIT TABLE
***

          Address      Size
          -------      ----
Zero (__iar_zero_init3)
    1 destination range, total size 0x33c:
          0x2000'0308  0x33c

Copy/packbits (__iar_packbits_init_single3)
    1 source range, total size 0xc1 (24% of destination):
           0x800'580c   0xc1
    1 destination range, total size 0x308:
          0x2000'0000  0x308



*******************************************************************************
*** MODULE SUMMARY
***

    Module                   ro code  ro data  rw data
    ------                   -------  -------  -------
command line/config:
    --------------------------------------------------
    Total:

C:\Users\jaesung\MRAS\GitHub\STM32\Projects\Exoskeleton\STM32G431KB_CAN\EWARM\STM32G431KB_CAN\Obj\Application\EWARM: [1]
    startup_stm32g431xx.o        748
    --------------------------------------------------
    Total:                       748

C:\Users\jaesung\MRAS\GitHub\STM32\Projects\Exoskeleton\STM32G431KB_CAN\EWARM\STM32G431KB_CAN\Obj\Application\User\Core: [2]
    dma.o                         80
    fdcan.o                    1'060       63      355
    gpio.o                       104
    i2c.o                        660       34      140
    main.o                     1'916       48      189
    serial.o                     318       48      176
    stm32g4xx_hal_msp.o           52
    stm32g4xx_it.o                84
    usart.o                      384               720
    --------------------------------------------------
    Total:                     4'658      193    1'580

C:\Users\jaesung\MRAS\GitHub\STM32\Projects\Exoskeleton\STM32G431KB_CAN\EWARM\STM32G431KB_CAN\Obj\Drivers\CMSIS: [3]
    system_stm32g4xx.o            32        9        4
    --------------------------------------------------
    Total:                        32        9        4

C:\Users\jaesung\MRAS\GitHub\STM32\Projects\Exoskeleton\STM32G431KB_CAN\EWARM\STM32G431KB_CAN\Obj\Drivers\STM32G4xx_HAL_Driver: [4]
    stm32g4xx_hal.o              204        3       12
    stm32g4xx_hal_cortex.o       248
    stm32g4xx_hal_dma.o          944
    stm32g4xx_hal_fdcan.o      1'830
    stm32g4xx_hal_gpio.o         452
    stm32g4xx_hal_i2c.o        1'832
    stm32g4xx_hal_i2c_ex.o       164
    stm32g4xx_hal_pwr_ex.o       240
    stm32g4xx_hal_rcc.o        1'726
    stm32g4xx_hal_rcc_ex.o       616
    stm32g4xx_hal_uart.o       3'100
    stm32g4xx_hal_uart_ex.o      294
    --------------------------------------------------
    Total:                    11'650        3       12

dl7M_tlf.a: [5]
    exit.o                         4
    low_level_init.o               4
    strcspn.o                     34
    strspn.o                      34
    strtok.o                      76                 4
    --------------------------------------------------
    Total:                       152                 4

iar_cortexM4lf_math.a: [6]
    arm_common_tables.o                 2'052
    arm_sin_f32.o                140
    --------------------------------------------------
    Total:                       140    2'052

m7M_tls.a: [7]
    DblAddSub.o                  606
    DblCmpGe.o                    52
    DblDiv.o                     582
    DblMul.o                     426
    DblToFlt.o                   104
    DblToS32.o                    54
    FltToDbl.o                    72
    S32ToDbl.o                    34
    U32ToDbl.o                    28
    fpinit_M.o                    34
    --------------------------------------------------
    Total:                     1'992

rt7M_tl.a: [8]
    ABImemset.o                  102
    ABImemset48.o                 58
    I64DivMod.o                  560
    I64DivZer.o                    2
    cexit.o                       10
    cmain.o                       30
    cstartup_M.o                  28
    data_init.o                   40
    packbits_init_single.o        58
    strcpy.o                      24
    strlen.o                      54
    zero_init3.o                  56
    --------------------------------------------------
    Total:                     1'022

shb_l.a: [9]
    exit.o                        20
    --------------------------------------------------
    Total:                        20

    Gaps                          26        4        4
    Linker created                         32    1'024
------------------------------------------------------
    Grand Total:              20'440    2'293    2'628


*******************************************************************************
*** ENTRY LIST
***

Entry                       Address   Size  Type      Object
-----                       -------   ----  ----      ------
.iar.init_table$$Base    0x800'5648          --   Gb  - Linker created -
.iar.init_table$$Limit   0x800'5668          --   Gb  - Linker created -
?main                    0x800'5689         Code  Gb  cmain.o [8]
AHBPrescTable            0x800'5678   0x10  Data  Gb  system_stm32g4xx.o [3]
ANGLE_FLAG              0x2000'0116    0x1  Data  Gb  main.o [2]
APBPrescTable            0x800'56fc    0x8  Data  Gb  system_stm32g4xx.o [3]
BusFault_Handler         0x800'556d    0x2  Code  Gb  stm32g4xx_it.o [2]
CLEAR_ERROR_FLAG        0x2000'011a    0x1  Data  Gb  main.o [2]
CSTACK$$Base            0x2000'0648          --   Gb  - Linker created -
CSTACK$$Limit           0x2000'0a48          --   Gb  - Linker created -
Clear_Device_Errors      0x800'2f25   0x28  Code  Gb  fdcan.o [2]
DLCtoBytes               0x800'3a4c   0x10  Data  Lc  stm32g4xx_hal_fdcan.o [4]
DMA1_Channel1_IRQHandler
                         0x800'5585    0x6  Code  Gb  stm32g4xx_it.o [2]
DMA1_Channel2_IRQHandler
                         0x800'558b    0x6  Code  Gb  stm32g4xx_it.o [2]
DMA_CalcDMAMUXChannelBaseAndMask
                         0x800'12a3   0x34  Code  Lc  stm32g4xx_hal_dma.o [4]
DMA_CalcDMAMUXRequestGenBaseAndMask
                         0x800'12d7   0x1c  Code  Lc  stm32g4xx_hal_dma.o [4]
DMA_SetConfig            0x800'1261   0x42  Code  Lc  stm32g4xx_hal_dma.o [4]
DS_FLAG                 0x2000'0113    0x1  Data  Gb  main.o [2]
DS_TRANS                 0x800'2d79   0x2a  Code  Gb  fdcan.o [2]
DS_state                0x2000'0096    0x1  Data  Gb  main.o [2]
DebugMon_Handler         0x800'5573    0x2  Code  Gb  stm32g4xx_it.o [2]
Error_Handler            0x800'23bb    0x4  Code  Gb  main.o [2]
FDCAN1_IT0_IRQHandler    0x800'5591    0x6  Code  Gb  stm32g4xx_it.o [2]
FDCAN1_IT1_IRQHandler    0x800'5597    0x6  Code  Gb  stm32g4xx_it.o [2]
FDCAN_CalcultateRamBlockAddresses
                         0x800'3969   0x54  Code  Lc  stm32g4xx_hal_fdcan.o [4]
FDCAN_CopyMessageToRAM   0x800'39dd   0x70  Code  Lc  stm32g4xx_hal_fdcan.o [4]
GET_Angle                0x800'2f1d    0x8  Code  Gb  fdcan.o [2]
GET_SDO                  0x800'2ead   0x20  Code  Gb  fdcan.o [2]
HAL_DMA_Abort            0x800'10b7   0x6c  Code  Gb  stm32g4xx_hal_dma.o [4]
HAL_DMA_Abort_IT         0x800'1123   0x7a  Code  Gb  stm32g4xx_hal_dma.o [4]
HAL_DMA_IRQHandler       0x800'119d   0xc4  Code  Gb  stm32g4xx_hal_dma.o [4]
HAL_DMA_Init             0x800'0f69   0xc2  Code  Gb  stm32g4xx_hal_dma.o [4]
HAL_DMA_Start_IT         0x800'102b   0x8c  Code  Gb  stm32g4xx_hal_dma.o [4]
HAL_Delay                0x800'43d5   0x28  Code  Gb  stm32g4xx_hal.o [4]
HAL_FDCAN_ActivateNotification
                         0x800'36ef   0xec  Code  Gb  stm32g4xx_hal_fdcan.o [4]
HAL_FDCAN_AddMessageToTxFifoQ
                         0x800'3583   0x52  Code  Gb  stm32g4xx_hal_fdcan.o [4]
HAL_FDCAN_ConfigFilter   0x800'3501   0x58  Code  Gb  stm32g4xx_hal_fdcan.o [4]
HAL_FDCAN_ErrorCallback
                         0x800'4c0d    0x2  Code  Gb  stm32g4xx_hal_fdcan.o [4]
HAL_FDCAN_ErrorStatusCallback
                         0x800'4c0b    0x2  Code  Gb  stm32g4xx_hal_fdcan.o [4]
HAL_FDCAN_GetRxFifoFillLevel
                         0x800'36cb   0x18  Code  Gb  stm32g4xx_hal_fdcan.o [4]
HAL_FDCAN_GetRxMessage   0x800'35d5   0xf6  Code  Gb  stm32g4xx_hal_fdcan.o [4]
HAL_FDCAN_GetTxFifoFreeLevel
                         0x800'36e3    0xc  Code  Gb  stm32g4xx_hal_fdcan.o [4]
HAL_FDCAN_HighPriorityMessageCallback
                         0x800'4bfd    0x2  Code  Gb  stm32g4xx_hal_fdcan.o [4]
HAL_FDCAN_IRQHandler     0x800'37db  0x18e  Code  Gb  stm32g4xx_hal_fdcan.o [4]
HAL_FDCAN_Init           0x800'3349  0x1b0  Code  Gb  stm32g4xx_hal_fdcan.o [4]
HAL_FDCAN_MspInit        0x800'2c1d   0xaa  Code  Gb  fdcan.o [2]
HAL_FDCAN_RxFifo0Callback
                         0x800'2267  0x114  Code  Gb  main.o [2]
HAL_FDCAN_RxFifo1Callback
                         0x800'4c03    0x2  Code  Gb  stm32g4xx_hal_fdcan.o [4]
HAL_FDCAN_Start          0x800'3559   0x2a  Code  Gb  stm32g4xx_hal_fdcan.o [4]
HAL_FDCAN_TimeoutOccurredCallback
                         0x800'4c09    0x2  Code  Gb  stm32g4xx_hal_fdcan.o [4]
HAL_FDCAN_TimestampWraparoundCallback
                         0x800'4c07    0x2  Code  Gb  stm32g4xx_hal_fdcan.o [4]
HAL_FDCAN_TxBufferAbortCallback
                         0x800'4bff    0x2  Code  Gb  stm32g4xx_hal_fdcan.o [4]
HAL_FDCAN_TxBufferCompleteCallback
                         0x800'4c05    0x2  Code  Gb  stm32g4xx_hal_fdcan.o [4]
HAL_FDCAN_TxEventFifoCallback
                         0x800'4c01    0x2  Code  Gb  stm32g4xx_hal_fdcan.o [4]
HAL_FDCAN_TxFifoEmptyCallback
                         0x800'225d    0xa  Code  Gb  main.o [2]
HAL_GPIO_Init            0x800'279d  0x194  Code  Gb  stm32g4xx_hal_gpio.o [4]
HAL_GPIO_ReadPin         0x800'2931   0x10  Code  Gb  stm32g4xx_hal_gpio.o [4]
HAL_GetTick              0x800'1c49    0xc  Code  Gb  stm32g4xx_hal.o [4]
HAL_I2CEx_ConfigAnalogFilter
                         0x800'4b59   0x54  Code  Gb  stm32g4xx_hal_i2c_ex.o [4]
HAL_I2CEx_ConfigDigitalFilter
                         0x800'4bad   0x50  Code  Gb  stm32g4xx_hal_i2c_ex.o [4]
HAL_I2C_Init             0x800'4431   0xb2  Code  Gb  stm32g4xx_hal_i2c.o [4]
HAL_I2C_Mem_Read         0x800'4677  0x198  Code  Gb  stm32g4xx_hal_i2c.o [4]
HAL_I2C_Mem_Write        0x800'44e3  0x194  Code  Gb  stm32g4xx_hal_i2c.o [4]
HAL_I2C_MspInit          0x800'301f   0xe6  Code  Gb  i2c.o [2]
HAL_IncTick              0x800'55b5   0x10  Code  Gb  stm32g4xx_hal.o [4]
HAL_Init                 0x800'2ab1   0x32  Code  Gb  stm32g4xx_hal.o [4]
HAL_InitTick             0x800'2a59   0x50  Code  Gb  stm32g4xx_hal.o [4]
HAL_MspInit              0x800'43fd   0x34  Code  Gb  stm32g4xx_hal_msp.o [2]
HAL_NVIC_EnableIRQ       0x800'2a39    0x2  Code  Gb  stm32g4xx_hal_cortex.o [4]
HAL_NVIC_SetPriority     0x800'2a1b   0x1e  Code  Gb  stm32g4xx_hal_cortex.o [4]
HAL_NVIC_SetPriorityGrouping
                         0x800'2a19    0x2  Code  Gb  stm32g4xx_hal_cortex.o [4]
HAL_PWREx_ControlVoltageScaling
                         0x800'3259   0xd0  Code  Gb  stm32g4xx_hal_pwr_ex.o [4]
HAL_PWREx_DisableUCPDDeadBattery
                         0x800'3329    0xc  Code  Gb  stm32g4xx_hal_pwr_ex.o [4]
HAL_RCCEx_PeriphCLKConfig
                         0x800'2535  0x25c  Code  Gb  stm32g4xx_hal_rcc_ex.o [4]
HAL_RCC_CSSCallback      0x800'2aa9    0x2  Code  Gb  stm32g4xx_hal_rcc.o [4]
HAL_RCC_ClockConfig      0x800'1735  0x196  Code  Gb  stm32g4xx_hal_rcc.o [4]
HAL_RCC_EnableCSS        0x800'1971    0xc  Code  Gb  stm32g4xx_hal_rcc.o [4]
HAL_RCC_GetHCLKFreq      0x800'1937    0x6  Code  Gb  stm32g4xx_hal_rcc.o [4]
HAL_RCC_GetPCLK1Freq     0x800'193d   0x1a  Code  Gb  stm32g4xx_hal_rcc.o [4]
HAL_RCC_GetPCLK2Freq     0x800'1957   0x1a  Code  Gb  stm32g4xx_hal_rcc.o [4]
HAL_RCC_GetSysClockFreq
                         0x800'18cb   0x6c  Code  Gb  stm32g4xx_hal_rcc.o [4]
HAL_RCC_NMI_IRQHandler   0x800'197d   0x16  Code  Gb  stm32g4xx_hal_rcc.o [4]
HAL_RCC_OscConfig        0x800'135d  0x3d8  Code  Gb  stm32g4xx_hal_rcc.o [4]
HAL_SYSTICK_Callback     0x800'23b9    0x2  Code  Gb  main.o [2]
HAL_SYSTICK_Config       0x800'2a3b    0x2  Code  Gb  stm32g4xx_hal_cortex.o [4]
HAL_SYSTICK_IRQHandler   0x800'2a3d    0x4  Code  Gb  stm32g4xx_hal_cortex.o [4]
HAL_UARTEx_DisableFifoMode
                         0x800'23d9   0x3c  Code  Gb  stm32g4xx_hal_uart_ex.o [4]
HAL_UARTEx_RxEventCallback
                         0x800'131b    0x2  Code  Gb  stm32g4xx_hal_uart.o [4]
HAL_UARTEx_RxFifoFullCallback
                         0x800'1321    0x2  Code  Gb  stm32g4xx_hal_uart_ex.o [4]
HAL_UARTEx_SetRxFifoThreshold
                         0x800'245b   0x46  Code  Gb  stm32g4xx_hal_uart_ex.o [4]
HAL_UARTEx_SetTxFifoThreshold
                         0x800'2415   0x46  Code  Gb  stm32g4xx_hal_uart_ex.o [4]
HAL_UARTEx_TxFifoEmptyCallback
                         0x800'131f    0x2  Code  Gb  stm32g4xx_hal_uart_ex.o [4]
HAL_UARTEx_WakeupCallback
                         0x800'131d    0x2  Code  Gb  stm32g4xx_hal_uart_ex.o [4]
HAL_UART_ErrorCallback   0x800'1319    0x2  Code  Gb  stm32g4xx_hal_uart.o [4]
HAL_UART_IRQHandler      0x800'0345  0x2e8  Code  Gb  stm32g4xx_hal_uart.o [4]
HAL_UART_Init            0x800'01d9   0x6a  Code  Gb  stm32g4xx_hal_uart.o [4]
HAL_UART_MspInit         0x800'0e55  0x100  Code  Gb  usart.o [2]
HAL_UART_Receive_DMA     0x800'02eb   0x5a  Code  Gb  stm32g4xx_hal_uart.o [4]
HAL_UART_RxCpltCallback
                         0x800'1c59    0x2  Code  Gb  stm32g4xx_hal_uart.o [4]
HAL_UART_RxHalfCpltCallback
                         0x800'1c5b    0x2  Code  Gb  stm32g4xx_hal_uart.o [4]
HAL_UART_Transmit_DMA    0x800'0243   0xa8  Code  Gb  stm32g4xx_hal_uart.o [4]
HAL_UART_TxCpltCallback
                         0x800'1c55    0x2  Code  Gb  stm32g4xx_hal_uart.o [4]
HAL_UART_TxHalfCpltCallback
                         0x800'1c57    0x2  Code  Gb  stm32g4xx_hal_uart.o [4]
HardFault_Handler        0x800'5569    0x2  Code  Gb  stm32g4xx_it.o [2]
I2C_COMM                 0x800'3105  0x13c  Code  Gb  i2c.o [2]
I2C_COMM::coef          0x2000'0078    0x8  Data  Lc  i2c.o [2]
I2C_Flush_TXDR           0x800'4903   0x1e  Code  Lc  stm32g4xx_hal_i2c.o [4]
I2C_IsErrorOccurred      0x800'4a21  0x104  Code  Lc  stm32g4xx_hal_i2c.o [4]
I2C_RequestMemoryRead    0x800'488f   0x72  Code  Lc  stm32g4xx_hal_i2c.o [4]
I2C_RequestMemoryWrite   0x800'4819   0x74  Code  Lc  stm32g4xx_hal_i2c.o [4]
I2C_TransferConfig       0x800'4b25   0x28  Code  Lc  stm32g4xx_hal_i2c.o [4]
I2C_WaitOnFlagUntilTimeout
                         0x800'4921   0x5c  Code  Lc  stm32g4xx_hal_i2c.o [4]
I2C_WaitOnSTOPFlagUntilTimeout
                         0x800'49d1   0x50  Code  Lc  stm32g4xx_hal_i2c.o [4]
I2C_WaitOnTXISFlagUntilTimeout
                         0x800'497d   0x54  Code  Lc  stm32g4xx_hal_i2c.o [4]
I2C_flag                0x2000'0118    0x1  Data  Gb  main.o [2]
INIT_CAN                 0x800'2f4d   0x54  Code  Gb  fdcan.o [2]
MX_DMA_Init              0x800'2b51   0x50  Code  Gb  dma.o [2]
MX_FDCAN1_Init           0x800'2ba1   0x7c  Code  Gb  fdcan.o [2]
MX_GPIO_Init             0x800'2ae9   0x68  Code  Gb  gpio.o [2]
MX_I2C1_Init             0x800'2fc5   0x5a  Code  Gb  i2c.o [2]
MX_USART2_UART_Init      0x800'0de9   0x6c  Code  Gb  usart.o [2]
MemManage_Handler        0x800'556b    0x2  Code  Gb  stm32g4xx_it.o [2]
NMI_Handler              0x800'5561    0x8  Code  Gb  stm32g4xx_it.o [2]
NMT_FLAG                0x2000'0112    0x1  Data  Gb  main.o [2]
NMT_TRANS                0x800'2d55   0x24  Code  Gb  fdcan.o [2]
NMT_state               0x2000'0095    0x1  Data  Gb  main.o [2]
NVIC_EncodePriority      0x800'29b5   0x36  Code  Lc  stm32g4xx_hal_cortex.o [4]
PDO_flag                0x2000'0092    0x1  Data  Gb  main.o [2]
PDO_id_cnt              0x2000'0090    0x1  Data  Gb  main.o [2]
Parsing_PDO              0x800'2e13   0x44  Code  Gb  fdcan.o [2]
Parsing_SDO              0x800'2da3   0x70  Code  Gb  fdcan.o [2]
Parsing_SDO{1}{2}::error_index
                        0x2000'0642    0x1  Data  Lc  fdcan.o [2]
PendSV_Handler           0x800'5575    0x2  Code  Gb  stm32g4xx_it.o [2]
QS_flag                 0x2000'0111    0x1  Data  Gb  main.o [2]
RCC_GetSysClockFreqFromPLLSource
                         0x800'1993   0x42  Code  Lc  stm32g4xx_hal_rcc.o [4]
READ_STATUS              0x800'2ecd   0x50  Code  Gb  fdcan.o [2]
Region$$Table$$Base      0x800'5648          --   Gb  - Linker created -
Region$$Table$$Limit     0x800'5668          --   Gb  - Linker created -
SEND_FRAME               0x800'2e73   0x3a  Code  Gb  fdcan.o [2]
SET_ANGLE_ZERO_FLAG     0x2000'0115    0x1  Data  Gb  main.o [2]
SET_PDO                  0x800'2d31   0x24  Code  Gb  fdcan.o [2]
SET_SDO                  0x800'2cc7   0x6a  Code  Gb  fdcan.o [2]
STATUS_FLAG             0x2000'0114    0x1  Data  Gb  main.o [2]
SVC_Handler              0x800'5571    0x2  Code  Gb  stm32g4xx_it.o [2]
SYNC_FRAME               0x800'2e57   0x1c  Code  Gb  fdcan.o [2]
SysTick_Config           0x800'29eb   0x2e  Code  Lc  stm32g4xx_hal_cortex.o [4]
SysTick_Handler          0x800'5577    0xe  Code  Gb  stm32g4xx_it.o [2]
SystemClock_Config       0x800'1c85   0x76  Code  Gb  main.o [2]
SystemCoreClock         0x2000'0304    0x4  Data  Gb  system_stm32g4xx.o [3]
SystemInit               0x800'5669    0xc  Code  Gb  system_stm32g4xx.o [3]
TORQUE_TEST_FLAG        0x2000'0119    0x1  Data  Gb  main.o [2]
UARTEx_SetNbDataToProcess
                         0x800'24a1   0x46  Code  Lc  stm32g4xx_hal_uart_ex.o [4]
UARTEx_SetNbDataToProcess::denominator
                         0x800'24f0    0x8  Data  Lc  stm32g4xx_hal_uart_ex.o [4]
UARTEx_SetNbDataToProcess::numerator
                         0x800'24e8    0x8  Data  Lc  stm32g4xx_hal_uart_ex.o [4]
UARTPrescTable           0x800'08d8   0x18  Data  Gb  stm32g4xx_hal_uart.o [4]
UART_AdvFeatureConfig    0x800'08f1   0xc8  Code  Gb  stm32g4xx_hal_uart.o [4]
UART_CheckIdleState      0x800'09b9   0x64  Code  Gb  stm32g4xx_hal_uart.o [4]
UART_DMAAbortOnError     0x800'0dad   0x10  Code  Lc  stm32g4xx_hal_uart.o [4]
UART_DMAError            0x800'0d5d   0x50  Code  Lc  stm32g4xx_hal_uart.o [4]
UART_DMAReceiveCplt      0x800'0cb1   0x92  Code  Lc  stm32g4xx_hal_uart.o [4]
UART_DMARxHalfCplt       0x800'0d45   0x18  Code  Lc  stm32g4xx_hal_uart.o [4]
UART_DMATransmitCplt     0x800'0c65   0x46  Code  Lc  stm32g4xx_hal_uart.o [4]
UART_DMATxHalfCplt       0x800'0cab    0x6  Code  Lc  stm32g4xx_hal_uart.o [4]
UART_EndRxTransfer       0x800'0bdd   0x58  Code  Lc  stm32g4xx_hal_uart.o [4]
UART_EndTransmit_IT      0x800'0dbd   0x22  Code  Lc  stm32g4xx_hal_uart.o [4]
UART_EndTxTransfer       0x800'0ba7   0x36  Code  Lc  stm32g4xx_hal_uart.o [4]
UART_SetConfig           0x800'063d  0x296  Code  Gb  stm32g4xx_hal_uart.o [4]
UART_Start_Receive_DMA   0x800'0af3   0xb4  Code  Gb  stm32g4xx_hal_uart.o [4]
UART_WaitOnFlagUntilTimeout
                         0x800'0a1d   0xd6  Code  Gb  stm32g4xx_hal_uart.o [4]
USART2_IRQHandler        0x800'559d    0x6  Code  Gb  stm32g4xx_it.o [2]
UsageFault_Handler       0x800'556f    0x2  Code  Gb  stm32g4xx_it.o [2]
_Strtok_ssave           0x2000'063c    0x4  Data  Lc  strtok.o [5]
__NVIC_EnableIRQ         0x800'2985   0x16  Code  Lc  stm32g4xx_hal_cortex.o [4]
__NVIC_GetPriorityGrouping
                         0x800'297b    0xa  Code  Lc  stm32g4xx_hal_cortex.o [4]
__NVIC_SetPriority       0x800'299b   0x1a  Code  Lc  stm32g4xx_hal_cortex.o [4]
__NVIC_SetPriorityGrouping
                         0x800'2961   0x1a  Code  Lc  stm32g4xx_hal_cortex.o [4]
__aeabi_cdrcmple         0x800'3c25         Code  Gb  DblCmpGe.o [7]
__aeabi_d2f              0x800'3ed9         Code  Gb  DblToFlt.o [7]
__aeabi_d2iz             0x800'3c59         Code  Gb  DblToS32.o [7]
__aeabi_dadd             0x800'4015         Code  Gb  DblAddSub.o [7]
__aeabi_ddiv             0x800'3c91         Code  Gb  DblDiv.o [7]
__aeabi_dmul             0x800'3a79         Code  Gb  DblMul.o [7]
__aeabi_dsub             0x800'4191         Code  Gb  DblAddSub.o [7]
__aeabi_f2d              0x800'3fcd         Code  Gb  FltToDbl.o [7]
__aeabi_i2d              0x800'43b1         Code  Gb  S32ToDbl.o [7]
__aeabi_ldiv0            0x800'2aad         Code  Gb  I64DivZer.o [8]
__aeabi_memset           0x800'4cb1         Code  Gb  ABImemset.o [8]
__aeabi_memset4          0x800'24f9         Code  Gb  ABImemset48.o [8]
__aeabi_memset8          0x800'24f9         Code  Gb  ABImemset48.o [8]
__aeabi_ui2d             0x800'3a5d         Code  Gb  U32ToDbl.o [7]
__aeabi_uldivmod         0x800'1a19         Code  Gb  I64DivMod.o [8]
__cmain                  0x800'5689         Code  Gb  cmain.o [8]
__exit                   0x800'56bd   0x14  Code  Gb  exit.o [9]
__iar_Memset             0x800'4cb1         Code  Gb  ABImemset.o [8]
__iar_Memset4_word       0x800'2501         Code  Gb  ABImemset48.o [8]
__iar_Memset8_word       0x800'2501         Code  Gb  ABImemset48.o [8]
__iar_Memset_word        0x800'4cb9         Code  Gb  ABImemset.o [8]
__iar_data_init3         0x800'55fd   0x28  Code  Gb  data_init.o [8]
__iar_init_vfp           0x800'5625         Code  Gb  fpinit_M.o [7]
__iar_packbits_init_single3
                         0x800'1323   0x3a  Code  Gb  packbits_init_single.o [8]
__iar_program_start      0x800'56d1         Code  Gb  cstartup_M.o [8]
__iar_zero_init3         0x800'55c5   0x38  Code  Gb  zero_init3.o [8]
__low_level_init         0x800'56a7    0x4  Code  Gb  low_level_init.o [5]
__vector_table           0x800'0000         Data  Gb  startup_stm32g431xx.o [1]
_call_main               0x800'5695         Code  Gb  cmain.o [8]
_exit                    0x800'56b1         Code  Gb  cexit.o [8]
amp                     0x2000'0138    0x8  Data  Gb  main.o [2]
angle                   0x2000'00d0   0x10  Data  Gb  main.o [2]
angle_addr              0x2000'000c    0x2  Data  Gb  i2c.o [2]
angle_i2c               0x2000'005c   0x18  Data  Gb  i2c.o [2]
arm_sin_f32              0x800'3f41   0x8c  Code  Gb  arm_sin_f32.o [6]
exit                     0x800'56ab    0x4  Code  Gb  exit.o [5]
freq_cnt                0x2000'0140    0x4  Data  Gb  main.o [2]
gear_ratio              0x2000'00e0    0x8  Data  Gb  main.o [2]
hcan                    0x2000'014c   0x6c  Data  Gb  fdcan.o [2]
hdma_usart2_rx          0x2000'0408   0x60  Data  Gb  usart.o [2]
hdma_usart2_tx          0x2000'0468   0x60  Data  Gb  usart.o [2]
hfdcan1                 0x2000'05d8   0x64  Data  Gb  fdcan.o [2]
hi2c1                   0x2000'0010   0x4c  Data  Gb  i2c.o [2]
huart2                  0x2000'04c8   0x90  Data  Gb  usart.o [2]
init_vcp                 0x800'42e9   0x16  Code  Gb  serial.o [2]
kk                      0x2000'0640    0x2  Data  Gb  fdcan.o [2]
l1                      0x2000'00f0    0x8  Data  Gb  main.o [2]
l2                      0x2000'00f8    0x8  Data  Gb  main.o [2]
limit_angle             0x2000'00c0   0x10  Data  Gb  main.o [2]
loop_async               0x800'1f89  0x2d4  Code  Gb  main.o [2]
loop_sync                0x800'1d89  0x1f8  Code  Gb  main.o [2]
loop_sync::cnt          0x2000'0148    0x4  Data  Lc  main.o [2]
main                     0x800'1c5d   0x28  Code  Gb  main.o [2]
max_timeout             0x2000'000e    0x2  Data  Gb  i2c.o [2]
motor                   0x2000'01b8   0x90  Data  Gb  fdcan.o [2]
motor_offset            0x2000'0120   0x10  Data  Gb  main.o [2]
node_id                 0x2000'0091    0x1  Data  Gb  main.o [2]
old_id                  0x2000'009a    0x2  Data  Gb  main.o [2]
parse_vcp                0x800'4cad    0x2  Code  Gb  serial.o [2]
period                  0x2000'0130    0x8  Data  Gb  main.o [2]
pin_state               0x2000'0093    0x1  Data  Gb  main.o [2]
prot_info               0x2000'0098    0x2  Data  Gb  main.o [2]
rated_torque            0x2000'0108    0x8  Data  Gb  main.o [2]
run_vcp                  0x800'4315   0x9c  Code  Gb  serial.o [2]
rx_buf                  0x2000'0000    0xc  Data  Gb  i2c.o [2]
serial_available         0x800'42b3   0x18  Code  Gb  serial.o [2]
serial_print             0x800'42cb   0x1e  Code  Gb  serial.o [2]
serial_read              0x800'4289   0x2a  Code  Gb  serial.o [2]
serial_write             0x800'4275   0x14  Code  Gb  serial.o [2]
setup                    0x800'1cfb   0x8e  Code  Gb  main.o [2]
sinTable_f32             0x800'4d5c  0x804  Data  Gb  arm_common_tables.o [6]
strcpy                   0x800'4c11         Code  Gb  strcpy.o [8]
strcspn                  0x800'4d39   0x22  Code  Gb  strcspn.o [5]
strlen                   0x800'4c29         Code  Gb  strlen.o [8]
strspn                   0x800'4d17   0x22  Code  Gb  strspn.o [5]
strtok                   0x800'4c61   0x4c  Code  Gb  strtok.o [5]
temp_                   0x2000'0643    0x1  Data  Gb  main.o [2]
temp_uint               0x2000'0094    0x1  Data  Gb  main.o [2]
tick                    0x2000'0144    0x4  Data  Gb  main.o [2]
timer                   0x2000'0117    0x1  Data  Gb  main.o [2]
torque                  0x2000'00e8    0x8  Data  Gb  main.o [2]
tx_buf                  0x2000'0080    0xc  Data  Gb  i2c.o [2]
uart2_rx_buffer         0x2000'0308  0x100  Data  Gb  usart.o [2]
uart2_tx_buffer         0x2000'0558   0x80  Data  Gb  usart.o [2]
uart_send_flag          0x2000'0110    0x1  Data  Gb  main.o [2]
uwTick                  0x2000'02f8    0x4  Data  Gb  stm32g4xx_hal.o [4]
uwTickFreq              0x2000'0300    0x4  Data  Gb  stm32g4xx_hal.o [4]
uwTickPrio              0x2000'02fc    0x4  Data  Gb  stm32g4xx_hal.o [4]
val                     0x2000'011c    0x2  Data  Gb  main.o [2]
vcp                     0x2000'0248   0xb0  Data  Gb  serial.o [2]
weight                  0x2000'0100    0x8  Data  Gb  main.o [2]
zero_angle              0x2000'00a0   0x20  Data  Gb  main.o [2]


[1] = C:\Users\jaesung\MRAS\GitHub\STM32\Projects\Exoskeleton\STM32G431KB_CAN\EWARM\STM32G431KB_CAN\Obj\Application\EWARM
[2] = C:\Users\jaesung\MRAS\GitHub\STM32\Projects\Exoskeleton\STM32G431KB_CAN\EWARM\STM32G431KB_CAN\Obj\Application\User\Core
[3] = C:\Users\jaesung\MRAS\GitHub\STM32\Projects\Exoskeleton\STM32G431KB_CAN\EWARM\STM32G431KB_CAN\Obj\Drivers\CMSIS
[4] = C:\Users\jaesung\MRAS\GitHub\STM32\Projects\Exoskeleton\STM32G431KB_CAN\EWARM\STM32G431KB_CAN\Obj\Drivers\STM32G4xx_HAL_Driver
[5] = dl7M_tlf.a
[6] = iar_cortexM4lf_math.a
[7] = m7M_tls.a
[8] = rt7M_tl.a
[9] = shb_l.a

  20'440 bytes of readonly  code memory
   2'293 bytes of readonly  data memory
   2'628 bytes of readwrite data memory

Errors: none
Warnings: none
